
> vite_react_shadcn_ts@0.0.0 test
> vitest run


 RUN  v2.1.9 /Users/ghogue/Library/CloudStorage/OneDrive-InsightfulOutcomes,LLC/IS-LTD/APPS/CaliberVault

 ❯ src/services/inventory/__tests__/BatchOperationsService.test.ts (0 test)
 ❯ src/test/integration/data-migration.test.ts (7 tests | 7 skipped) 3ms
 ❯ src/services/__tests__/inventory.service.enhanced.test.ts (5 tests | 5 failed) 6ms
   × InventoryService - Enhanced Tests > CRUD Operations > creates new inventory item 4ms
     → service.create is not a function
   × InventoryService - Enhanced Tests > CRUD Operations > retrieves inventory item by id 0ms
     → service.getById is not a function
   × InventoryService - Enhanced Tests > CRUD Operations > updates inventory item 0ms
     → service.update is not a function
   × InventoryService - Enhanced Tests > CRUD Operations > deletes inventory item 1ms
     → service.delete is not a function
   × InventoryService - Enhanced Tests > Querying > filters by category 0ms
     → service.getByCategory is not a function
stdout | src/services/category/__tests__/FirearmsService.test.ts > FirearmsService > createFirearm > should create firearm with all fields in correct tables
[firearm_detailsService] Creating: {
  baseData: {
    name: 'Test Firearm',
    manufacturer_id: 'mfg-123',
    model: 'Model X',
    quantity: 1,
    purchase_date: undefined,
    purchase_price: undefined,
    current_value: undefined,
    storage_location_id: undefined,
    notes: undefined,
    image_url: undefined
  },
  detailData: {
    firearm_type_id: 'type-123',
    serial_number: 'SN12345',
    caliber_id: 'cal-123',
    cartridge_id: 'cart-123',
    barrel_length: 16,
    overall_length: undefined,
    weight: undefined,
    capacity: undefined,
    action_id: 'act-123',
    finish: undefined,
    round_count: undefined,
    is_nfa: undefined,
    nfa_item_type: undefined,
    form_4_approved_date: undefined,
    tax_stamp_number: undefined
  }
}

stdout | src/services/category/__tests__/FirearmsService.test.ts > FirearmsService > createFirearm > should use action_id not action text
[firearm_detailsService] Creating: {
  baseData: {
    name: 'Test Firearm',
    manufacturer_id: 'mfg-123',
    model: 'Model X',
    quantity: 1,
    purchase_date: undefined,
    purchase_price: undefined,
    current_value: undefined,
    storage_location_id: undefined,
    notes: undefined,
    image_url: undefined
  },
  detailData: {
    firearm_type_id: 'type-123',
    serial_number: 'SN12345',
    caliber_id: 'cal-123',
    cartridge_id: 'cart-123',
    barrel_length: 16,
    overall_length: undefined,
    weight: undefined,
    capacity: undefined,
    action_id: 'act-123',
    finish: undefined,
    round_count: undefined,
    is_nfa: undefined,
    nfa_item_type: undefined,
    form_4_approved_date: undefined,
    tax_stamp_number: undefined
  }
}

stdout | src/services/category/__tests__/FirearmsService.test.ts > FirearmsService > createFirearm > should include cartridge_id in detail data
[firearm_detailsService] Creating: {
  baseData: {
    name: 'Test Firearm',
    manufacturer_id: 'mfg-123',
    model: 'Model X',
    quantity: 1,
    purchase_date: undefined,
    purchase_price: undefined,
    current_value: undefined,
    storage_location_id: undefined,
    notes: undefined,
    image_url: undefined
  },
  detailData: {
    firearm_type_id: 'type-123',
    serial_number: 'SN12345',
    caliber_id: 'cal-123',
    cartridge_id: 'cart-123',
    barrel_length: 16,
    overall_length: undefined,
    weight: undefined,
    capacity: undefined,
    action_id: 'act-123',
    finish: undefined,
    round_count: undefined,
    is_nfa: undefined,
    nfa_item_type: undefined,
    form_4_approved_date: undefined,
    tax_stamp_number: undefined
  }
}

 ✓ src/services/category/__tests__/FirearmsService.test.ts (3 tests) 3ms
stdout | src/services/category/__tests__/AmmunitionService.test.ts > AmmunitionService > createAmmunition > should create ammunition with correct field mapping
[ammunition_detailsService] Creating: {
  baseData: {
    name: 'Test Ammo',
    manufacturer_id: 'mfg-456',
    model: '9mm FMJ',
    quantity: 100,
    purchase_date: undefined,
    purchase_price: undefined,
    current_value: undefined,
    storage_location_id: undefined,
    notes: undefined,
    image_url: undefined
  },
  detailData: {
    caliber_id: 'cal-456',
    cartridge_id: 'cart-456',
    bullet_type_id: 'bt-456',
    bullet_weight: 115,
    muzzle_velocity: 1200,
    rounds_per_box: 50,
    is_reloaded: undefined,
    brass_condition: undefined
  }
}

stdout | src/services/category/__tests__/AmmunitionService.test.ts > AmmunitionService > createAmmunition > should use bullet_weight not grain_weight
[ammunition_detailsService] Creating: {
  baseData: {
    name: 'Test Ammo',
    manufacturer_id: 'mfg-456',
    model: '9mm FMJ',
    quantity: 100,
    purchase_date: undefined,
    purchase_price: undefined,
    current_value: undefined,
    storage_location_id: undefined,
    notes: undefined,
    image_url: undefined
  },
  detailData: {
    caliber_id: 'cal-456',
    cartridge_id: 'cart-456',
    bullet_type_id: 'bt-456',
    bullet_weight: 115,
    muzzle_velocity: 1200,
    rounds_per_box: 50,
    is_reloaded: undefined,
    brass_condition: undefined
  }
}

stdout | src/services/category/__tests__/AmmunitionService.test.ts > AmmunitionService > createAmmunition > should include cartridge_id in detail data
[ammunition_detailsService] Creating: {
  baseData: {
    name: 'Test Ammo',
    manufacturer_id: 'mfg-456',
    model: '9mm FMJ',
    quantity: 100,
    purchase_date: undefined,
    purchase_price: undefined,
    current_value: undefined,
    storage_location_id: undefined,
    notes: undefined,
    image_url: undefined
  },
  detailData: {
    caliber_id: 'cal-456',
    cartridge_id: 'cart-456',
    bullet_type_id: 'bt-456',
    bullet_weight: 115,
    muzzle_velocity: 1200,
    rounds_per_box: 50,
    is_reloaded: undefined,
    brass_condition: undefined
  }
}

 ✓ src/services/category/__tests__/AmmunitionService.test.ts (4 tests) 3ms
stdout | src/services/category/__tests__/AmmunitionService.test.ts > AmmunitionService > createAmmunition > should put manufacturer_id in base data not detail data
[ammunition_detailsService] Creating: {
  baseData: {
    name: 'Test Ammo',
    manufacturer_id: 'mfg-456',
    model: '9mm FMJ',
    quantity: 100,
    purchase_date: undefined,
    purchase_price: undefined,
    current_value: undefined,
    storage_location_id: undefined,
    notes: undefined,
    image_url: undefined
  },
  detailData: {
    caliber_id: 'cal-456',
    cartridge_id: 'cart-456',
    bullet_type_id: 'bt-456',
    bullet_weight: 115,
    muzzle_velocity: 1200,
    rounds_per_box: 50,
    is_reloaded: undefined,
    brass_condition: undefined
  }
}

(node:10601) Warning: `--localstorage-file` was provided without a valid path
(Use `node --trace-warnings ...` to show where the warning was created)
stdout | src/services/__tests__/categoryServices.comprehensive.test.ts > Category Services - Comprehensive Tests > FirearmsService > should create firearm with required fields
[firearm_detailsService] Creating: {
  baseData: { name: 'Test Rifle', user_id: 'user123' },
  detailData: 'user123'
}

stderr | src/services/__tests__/categoryServices.comprehensive.test.ts > Category Services - Comprehensive Tests > FirearmsService > should update firearm
❌ Operation Failed: {
  timestamp: '2025-10-31T02:00:36.600Z',
  operation: 'Database select on inventory',
  component: '[firearm_detailsService]',
  userId: undefined,
  error: {
    message: '__vite_ssr_import_0__.supabase.from(...).select(...).eq(...).eq is not a function',
    code: undefined,
    details: undefined,
    hint: undefined,
    stack: 'TypeError: __vite_ssr_import_0__.supabase.from(...).select(...).eq(...).eq is not a function\n' +
      '    at __vite_ssr_import_1__.withDatabaseErrorHandling.operation (/Users/ghogue/Library/CloudStorage/OneDrive-InsightfulOutcomes,LLC/IS-LTD/APPS/CaliberVault/src/services/base/BaseCategoryServiceEnhanced.ts:147:10)\n' +
      '    at __vite_ssr_import_0__.withErrorHandling (/Users/ghogue/Library/CloudStorage/OneDrive-InsightfulOutcomes,LLC/IS-LTD/APPS/CaliberVault/src/lib/databaseErrorHandler.ts:22:35)\n' +
      '    at ErrorHandler.handleOperation (/Users/ghogue/Library/CloudStorage/OneDrive-InsightfulOutcomes,LLC/IS-LTD/APPS/CaliberVault/src/lib/errorHandler.ts:40:26)\n' +
      '    at Module.withErrorHandling (/Users/ghogue/Library/CloudStorage/OneDrive-InsightfulOutcomes,LLC/IS-LTD/APPS/CaliberVault/src/lib/errorHandler.ts:153:23)\n' +
      '    at Module.withDatabaseErrorHandling (/Users/ghogue/Library/CloudStorage/OneDrive-InsightfulOutcomes,LLC/IS-LTD/APPS/CaliberVault/src/lib/databaseErrorHandler.ts:21:24)\n' +
      '    at FirearmsService.get (/Users/ghogue/Library/CloudStorage/OneDrive-InsightfulOutcomes,LLC/IS-LTD/APPS/CaliberVault/src/services/base/BaseCategoryServiceEnhanced.ts:142:26)\n' +
      '    at FirearmsService.update (/Users/ghogue/Library/CloudStorage/OneDrive-InsightfulOutcomes,LLC/IS-LTD/APPS/CaliberVault/src/services/base/BaseCategoryServiceEnhanced.ts:116:17)\n' +
      '    at processTicksAndRejections (node:internal/process/task_queues:103:5)\n' +
      '    at /Users/ghogue/Library/CloudStorage/OneDrive-InsightfulOutcomes,LLC/IS-LTD/APPS/CaliberVault/src/services/__tests__/categoryServices.comprehensive.test.ts:58:22\n' +
      '    at file:///Users/ghogue/Library/CloudStorage/OneDrive-InsightfulOutcomes,LLC/IS-LTD/APPS/CaliberVault/node_modules/@vitest/runner/dist/index.js:533:5'
  },
  dataState: undefined,
  url: 'http://localhost:3000/',
  userAgent: 'Mozilla/5.0 (darwin) AppleWebKit/537.36 (KHTML, like Gecko) jsdom/25.0.1'
}
Error occurred: {
  context: 'Database select on inventory',
  technical: TypeError: __vite_ssr_import_0__.supabase.from(...).select(...).eq(...).eq is not a function
      at __vite_ssr_import_1__.withDatabaseErrorHandling.operation (/Users/ghogue/Library/CloudStorage/OneDrive-InsightfulOutcomes,LLC/IS-LTD/APPS/CaliberVault/src/services/base/BaseCategoryServiceEnhanced.ts:147:10)
      at __vite_ssr_import_0__.withErrorHandling (/Users/ghogue/Library/CloudStorage/OneDrive-InsightfulOutcomes,LLC/IS-LTD/APPS/CaliberVault/src/lib/databaseErrorHandler.ts:22:35)
      at ErrorHandler.handleOperation (/Users/ghogue/Library/CloudStorage/OneDrive-InsightfulOutcomes,LLC/IS-LTD/APPS/CaliberVault/src/lib/errorHandler.ts:40:26)
      at Module.withErrorHandling (/Users/ghogue/Library/CloudStorage/OneDrive-InsightfulOutcomes,LLC/IS-LTD/APPS/CaliberVault/src/lib/errorHandler.ts:153:23)
      at Module.withDatabaseErrorHandling (/Users/ghogue/Library/CloudStorage/OneDrive-InsightfulOutcomes,LLC/IS-LTD/APPS/CaliberVault/src/lib/databaseErrorHandler.ts:21:24)
      at FirearmsService.get (/Users/ghogue/Library/CloudStorage/OneDrive-InsightfulOutcomes,LLC/IS-LTD/APPS/CaliberVault/src/services/base/BaseCategoryServiceEnhanced.ts:142:26)
      at FirearmsService.update (/Users/ghogue/Library/CloudStorage/OneDrive-InsightfulOutcomes,LLC/IS-LTD/APPS/CaliberVault/src/services/base/BaseCategoryServiceEnhanced.ts:116:17)
      at processTicksAndRejections (node:internal/process/task_queues:103:5)
      at /Users/ghogue/Library/CloudStorage/OneDrive-InsightfulOutcomes,LLC/IS-LTD/APPS/CaliberVault/src/services/__tests__/categoryServices.comprehensive.test.ts:58:22
      at file:///Users/ghogue/Library/CloudStorage/OneDrive-InsightfulOutcomes,LLC/IS-LTD/APPS/CaliberVault/node_modules/@vitest/runner/dist/index.js:533:5,
  userFriendly: {
    title: 'Something Went Wrong',
    message: '__vite_ssr_import_0__.supabase.from(...).select(...).eq(...).eq is not a function',
    action: 'Please try again. If the problem persists, contact support.'
  },
  timestamp: '2025-10-31T02:00:36.604Z'
}
Failed to store error log: TypeError: localStorage.getItem is not a function
    at ErrorHandler.storeErrorLog (/Users/ghogue/Library/CloudStorage/OneDrive-InsightfulOutcomes,LLC/IS-LTD/APPS/CaliberVault/src/lib/errorHandler.ts:103:44)
    at ErrorHandler.logDetailedError (/Users/ghogue/Library/CloudStorage/OneDrive-InsightfulOutcomes,LLC/IS-LTD/APPS/CaliberVault/src/lib/errorHandler.ts:95:10)
    at ErrorHandler.handleError (/Users/ghogue/Library/CloudStorage/OneDrive-InsightfulOutcomes,LLC/IS-LTD/APPS/CaliberVault/src/lib/errorHandler.ts:54:10)
    at ErrorHandler.handleOperation (/Users/ghogue/Library/CloudStorage/OneDrive-InsightfulOutcomes,LLC/IS-LTD/APPS/CaliberVault/src/lib/errorHandler.ts:43:19)
    at processTicksAndRejections (node:internal/process/task_queues:103:5)

stderr | src/services/__tests__/categoryServices.comprehensive.test.ts > Category Services - Comprehensive Tests > FirearmsService > should list firearms
❌ Operation Failed: {
  timestamp: '2025-10-31T02:00:36.607Z',
  operation: 'Database select on inventory',
  component: '[firearm_detailsService]',
  userId: undefined,
  error: {
    message: 'query.eq is not a function',
    code: undefined,
    details: undefined,
    hint: undefined,
    stack: 'TypeError: query.eq is not a function\n' +
      '    at /Users/ghogue/Library/CloudStorage/OneDrive-InsightfulOutcomes,LLC/IS-LTD/APPS/CaliberVault/src/services/base/BaseCategoryServiceEnhanced.ts:173:29\n' +
      '    at Array.forEach (<anonymous>)\n' +
      '    at __vite_ssr_import_1__.withDatabaseErrorHandling.operation (/Users/ghogue/Library/CloudStorage/OneDrive-InsightfulOutcomes,LLC/IS-LTD/APPS/CaliberVault/src/services/base/BaseCategoryServiceEnhanced.ts:171:35)\n' +
      '    at __vite_ssr_import_0__.withErrorHandling (/Users/ghogue/Library/CloudStorage/OneDrive-InsightfulOutcomes,LLC/IS-LTD/APPS/CaliberVault/src/lib/databaseErrorHandler.ts:22:35)\n' +
      '    at ErrorHandler.handleOperation (/Users/ghogue/Library/CloudStorage/OneDrive-InsightfulOutcomes,LLC/IS-LTD/APPS/CaliberVault/src/lib/errorHandler.ts:40:26)\n' +
      '    at Module.withErrorHandling (/Users/ghogue/Library/CloudStorage/OneDrive-InsightfulOutcomes,LLC/IS-LTD/APPS/CaliberVault/src/lib/errorHandler.ts:153:23)\n' +
      '    at Module.withDatabaseErrorHandling (/Users/ghogue/Library/CloudStorage/OneDrive-InsightfulOutcomes,LLC/IS-LTD/APPS/CaliberVault/src/lib/databaseErrorHandler.ts:21:24)\n' +
      '    at FirearmsService.list (/Users/ghogue/Library/CloudStorage/OneDrive-InsightfulOutcomes,LLC/IS-LTD/APPS/CaliberVault/src/services/base/BaseCategoryServiceEnhanced.ts:163:26)\n' +
      '    at /Users/ghogue/Library/CloudStorage/OneDrive-InsightfulOutcomes,LLC/IS-LTD/APPS/CaliberVault/src/services/__tests__/categoryServices.comprehensive.test.ts:67:44\n' +
      '    at file:///Users/ghogue/Library/CloudStorage/OneDrive-InsightfulOutcomes,LLC/IS-LTD/APPS/CaliberVault/node_modules/@vitest/runner/dist/index.js:146:14'
  },
  dataState: 'user123',
  url: 'http://localhost:3000/',
  userAgent: 'Mozilla/5.0 (darwin) AppleWebKit/537.36 (KHTML, like Gecko) jsdom/25.0.1'
}
Error occurred: {
  context: 'Database select on inventory',
  technical: TypeError: query.eq is not a function
      at /Users/ghogue/Library/CloudStorage/OneDrive-InsightfulOutcomes,LLC/IS-LTD/APPS/CaliberVault/src/services/base/BaseCategoryServiceEnhanced.ts:173:29
      at Array.forEach (<anonymous>)
      at __vite_ssr_import_1__.withDatabaseErrorHandling.operation (/Users/ghogue/Library/CloudStorage/OneDrive-InsightfulOutcomes,LLC/IS-LTD/APPS/CaliberVault/src/services/base/BaseCategoryServiceEnhanced.ts:171:35)
      at __vite_ssr_import_0__.withErrorHandling (/Users/ghogue/Library/CloudStorage/OneDrive-InsightfulOutcomes,LLC/IS-LTD/APPS/CaliberVault/src/lib/databaseErrorHandler.ts:22:35)
      at ErrorHandler.handleOperation (/Users/ghogue/Library/CloudStorage/OneDrive-InsightfulOutcomes,LLC/IS-LTD/APPS/CaliberVault/src/lib/errorHandler.ts:40:26)
      at Module.withErrorHandling (/Users/ghogue/Library/CloudStorage/OneDrive-InsightfulOutcomes,LLC/IS-LTD/APPS/CaliberVault/src/lib/errorHandler.ts:153:23)
      at Module.withDatabaseErrorHandling (/Users/ghogue/Library/CloudStorage/OneDrive-InsightfulOutcomes,LLC/IS-LTD/APPS/CaliberVault/src/lib/databaseErrorHandler.ts:21:24)
      at FirearmsService.list (/Users/ghogue/Library/CloudStorage/OneDrive-InsightfulOutcomes,LLC/IS-LTD/APPS/CaliberVault/src/services/base/BaseCategoryServiceEnhanced.ts:163:26)
      at /Users/ghogue/Library/CloudStorage/OneDrive-InsightfulOutcomes,LLC/IS-LTD/APPS/CaliberVault/src/services/__tests__/categoryServices.comprehensive.test.ts:67:44
      at file:///Users/ghogue/Library/CloudStorage/OneDrive-InsightfulOutcomes,LLC/IS-LTD/APPS/CaliberVault/node_modules/@vitest/runner/dist/index.js:146:14,
  userFriendly: {
    title: 'Something Went Wrong',
    message: 'query.eq is not a function',
    action: 'Please try again. If the problem persists, contact support.'
  },
  timestamp: '2025-10-31T02:00:36.607Z'
}
Failed to store error log: TypeError: localStorage.getItem is not a function
    at ErrorHandler.storeErrorLog (/Users/ghogue/Library/CloudStorage/OneDrive-InsightfulOutcomes,LLC/IS-LTD/APPS/CaliberVault/src/lib/errorHandler.ts:103:44)
    at ErrorHandler.logDetailedError (/Users/ghogue/Library/CloudStorage/OneDrive-InsightfulOutcomes,LLC/IS-LTD/APPS/CaliberVault/src/lib/errorHandler.ts:95:10)
    at ErrorHandler.handleError (/Users/ghogue/Library/CloudStorage/OneDrive-InsightfulOutcomes,LLC/IS-LTD/APPS/CaliberVault/src/lib/errorHandler.ts:54:10)
    at ErrorHandler.handleOperation (/Users/ghogue/Library/CloudStorage/OneDrive-InsightfulOutcomes,LLC/IS-LTD/APPS/CaliberVault/src/lib/errorHandler.ts:43:19)
    at processTicksAndRejections (node:internal/process/task_queues:103:5)
    at Module.withDatabaseErrorHandling (/Users/ghogue/Library/CloudStorage/OneDrive-InsightfulOutcomes,LLC/IS-LTD/APPS/CaliberVault/src/lib/databaseErrorHandler.ts:21:18)
    at FirearmsService.list (/Users/ghogue/Library/CloudStorage/OneDrive-InsightfulOutcomes,LLC/IS-LTD/APPS/CaliberVault/src/services/base/BaseCategoryServiceEnhanced.ts:163:20)
    at /Users/ghogue/Library/CloudStorage/OneDrive-InsightfulOutcomes,LLC/IS-LTD/APPS/CaliberVault/src/services/__tests__/categoryServices.comprehensive.test.ts:67:22
    at file:///Users/ghogue/Library/CloudStorage/OneDrive-InsightfulOutcomes,LLC/IS-LTD/APPS/CaliberVault/node_modules/@vitest/runner/dist/index.js:533:5
    at runTest (file:///Users/ghogue/Library/CloudStorage/OneDrive-InsightfulOutcomes,LLC/IS-LTD/APPS/CaliberVault/node_modules/@vitest/runner/dist/index.js:1056:11)

stdout | src/services/__tests__/categoryServices.comprehensive.test.ts > Category Services - Comprehensive Tests > AmmunitionService > should create ammunition
[ammunition_detailsService] Creating: {
  baseData: { name: 'Test Ammo', user_id: 'user123', caliber_id: 'cal123' },
  detailData: 'user123'
}

stdout | src/services/__tests__/categoryServices.comprehensive.test.ts > Category Services - Comprehensive Tests > OpticsService > should create optic
[optic_detailsService] Creating: {
  baseData: { name: 'Test Scope', user_id: 'user123' },
  detailData: 'user123'
}

stdout | src/services/__tests__/categoryServices.comprehensive.test.ts > Category Services - Comprehensive Tests > MagazinesService > should create magazine
[magazine_detailsService] Creating: {
  baseData: { name: 'Test Mag', user_id: 'user123' },
  detailData: 'user123'
}

stdout | src/services/__tests__/categoryServices.comprehensive.test.ts > Category Services - Comprehensive Tests > AccessoriesService > should create accessory
[accessory_detailsService] Creating: {
  baseData: { name: 'Test Accessory', user_id: 'user123' },
  detailData: 'user123'
}

stdout | src/services/__tests__/categoryServices.comprehensive.test.ts > Category Services - Comprehensive Tests > SuppressorsService > should create suppressor
[suppressor_detailsService] Creating: {
  baseData: { name: 'Test Suppressor', user_id: 'user123' },
  detailData: 'user123'
}

stdout | src/services/__tests__/categoryServices.comprehensive.test.ts > Category Services - Comprehensive Tests > ReloadingService > should create reloading component
[reloading_component_detailsService] Creating: {
  baseData: { name: 'Test Component', user_id: 'user123' },
  detailData: 'user123'
}

stdout | src/services/__tests__/categoryServices.comprehensive.test.ts > Category Services - Comprehensive Tests > CasesService > should create case
[case_detailsService] Creating: {
  baseData: { name: 'Test Case', user_id: 'user123' },
  detailData: 'user123'
}

stdout | src/services/__tests__/categoryServices.comprehensive.test.ts > Category Services - Comprehensive Tests > PrimersService > should create primer
[primer_detailsService] Creating: {
  baseData: { name: 'Test Primer', user_id: 'user123' },
  detailData: 'user123'
}

 ❯ src/services/__tests__/categoryServices.comprehensive.test.ts (13 tests | 1 failed) 11ms
   × Category Services - Comprehensive Tests > FirearmsService > should update firearm 6ms
     → Cannot read properties of null (reading 'name')
stdout | src/services/__tests__/categoryServices.comprehensive.test.ts > Category Services - Comprehensive Tests > PowderService > should create powder
[powder_detailsService] Creating: {
  baseData: { name: 'Test Powder', user_id: 'user123' },
  detailData: 'user123'
}

(node:10612) Warning: `--localstorage-file` was provided without a valid path
(Use `node --trace-warnings ...` to show where the warning was created)
stdout | src/services/category/__tests__/AllCategories.test.ts > All Category Services > FirearmsService > should create item with inventory + detail tables
[firearm_detailsService] Creating: {
  baseData: {
    name: 'Test Firearms',
    manufacturer: 'Test Mfg',
    model: 'Test Model',
    category: 'firearms'
  },
  detailData: 'test-user-123'
}

stderr | src/services/category/__tests__/AllCategories.test.ts > All Category Services > FirearmsService > should create item with inventory + detail tables
❌ Operation Failed: {
  timestamp: '2025-10-31T02:00:36.599Z',
  operation: 'Database insert on inventory',
  component: '[firearm_detailsService]',
  userId: undefined,
  error: {
    message: '__vite_ssr_import_0__.supabase.from(...).insert(...).select(...).single is not a function',
    code: undefined,
    details: undefined,
    hint: undefined,
    stack: 'TypeError: __vite_ssr_import_0__.supabase.from(...).insert(...).select(...).single is not a function\n' +
      '    at __vite_ssr_import_1__.withDatabaseErrorHandling.operation (/Users/ghogue/Library/CloudStorage/OneDrive-InsightfulOutcomes,LLC/IS-LTD/APPS/CaliberVault/src/services/base/BaseCategoryServiceEnhanced.ts:26:10)\n' +
      '    at __vite_ssr_import_0__.withErrorHandling (/Users/ghogue/Library/CloudStorage/OneDrive-InsightfulOutcomes,LLC/IS-LTD/APPS/CaliberVault/src/lib/databaseErrorHandler.ts:22:35)\n' +
      '    at ErrorHandler.handleOperation (/Users/ghogue/Library/CloudStorage/OneDrive-InsightfulOutcomes,LLC/IS-LTD/APPS/CaliberVault/src/lib/errorHandler.ts:40:26)\n' +
      '    at Module.withErrorHandling (/Users/ghogue/Library/CloudStorage/OneDrive-InsightfulOutcomes,LLC/IS-LTD/APPS/CaliberVault/src/lib/errorHandler.ts:153:23)\n' +
      '    at Module.withDatabaseErrorHandling (/Users/ghogue/Library/CloudStorage/OneDrive-InsightfulOutcomes,LLC/IS-LTD/APPS/CaliberVault/src/lib/databaseErrorHandler.ts:21:24)\n' +
      '    at FirearmsService.create (/Users/ghogue/Library/CloudStorage/OneDrive-InsightfulOutcomes,LLC/IS-LTD/APPS/CaliberVault/src/services/base/BaseCategoryServiceEnhanced.ts:21:29)\n' +
      '    at /Users/ghogue/Library/CloudStorage/OneDrive-InsightfulOutcomes,LLC/IS-LTD/APPS/CaliberVault/src/services/category/__tests__/AllCategories.test.ts:52:30\n' +
      '    at file:///Users/ghogue/Library/CloudStorage/OneDrive-InsightfulOutcomes,LLC/IS-LTD/APPS/CaliberVault/node_modules/@vitest/runner/dist/index.js:146:14\n' +
      '    at file:///Users/ghogue/Library/CloudStorage/OneDrive-InsightfulOutcomes,LLC/IS-LTD/APPS/CaliberVault/node_modules/@vitest/runner/dist/index.js:533:11\n' +
      '    at runWithTimeout (file:///Users/ghogue/Library/CloudStorage/OneDrive-InsightfulOutcomes,LLC/IS-LTD/APPS/CaliberVault/node_modules/@vitest/runner/dist/index.js:39:7)'
  },
  dataState: {
    name: 'Test Firearms',
    manufacturer: 'Test Mfg',
    model: 'Test Model',
    category: 'firearms'
  },
  url: 'http://localhost:3000/',
  userAgent: 'Mozilla/5.0 (darwin) AppleWebKit/537.36 (KHTML, like Gecko) jsdom/25.0.1'
}
Error occurred: {
  context: 'Database insert on inventory',
  technical: TypeError: __vite_ssr_import_0__.supabase.from(...).insert(...).select(...).single is not a function
      at __vite_ssr_import_1__.withDatabaseErrorHandling.operation (/Users/ghogue/Library/CloudStorage/OneDrive-InsightfulOutcomes,LLC/IS-LTD/APPS/CaliberVault/src/services/base/BaseCategoryServiceEnhanced.ts:26:10)
      at __vite_ssr_import_0__.withErrorHandling (/Users/ghogue/Library/CloudStorage/OneDrive-InsightfulOutcomes,LLC/IS-LTD/APPS/CaliberVault/src/lib/databaseErrorHandler.ts:22:35)
      at ErrorHandler.handleOperation (/Users/ghogue/Library/CloudStorage/OneDrive-InsightfulOutcomes,LLC/IS-LTD/APPS/CaliberVault/src/lib/errorHandler.ts:40:26)
      at Module.withErrorHandling (/Users/ghogue/Library/CloudStorage/OneDrive-InsightfulOutcomes,LLC/IS-LTD/APPS/CaliberVault/src/lib/errorHandler.ts:153:23)
      at Module.withDatabaseErrorHandling (/Users/ghogue/Library/CloudStorage/OneDrive-InsightfulOutcomes,LLC/IS-LTD/APPS/CaliberVault/src/lib/databaseErrorHandler.ts:21:24)
      at FirearmsService.create (/Users/ghogue/Library/CloudStorage/OneDrive-InsightfulOutcomes,LLC/IS-LTD/APPS/CaliberVault/src/services/base/BaseCategoryServiceEnhanced.ts:21:29)
      at /Users/ghogue/Library/CloudStorage/OneDrive-InsightfulOutcomes,LLC/IS-LTD/APPS/CaliberVault/src/services/category/__tests__/AllCategories.test.ts:52:30
      at file:///Users/ghogue/Library/CloudStorage/OneDrive-InsightfulOutcomes,LLC/IS-LTD/APPS/CaliberVault/node_modules/@vitest/runner/dist/index.js:146:14
      at file:///Users/ghogue/Library/CloudStorage/OneDrive-InsightfulOutcomes,LLC/IS-LTD/APPS/CaliberVault/node_modules/@vitest/runner/dist/index.js:533:11
      at runWithTimeout (file:///Users/ghogue/Library/CloudStorage/OneDrive-InsightfulOutcomes,LLC/IS-LTD/APPS/CaliberVault/node_modules/@vitest/runner/dist/index.js:39:7),
  userFriendly: {
    title: 'Something Went Wrong',
    message: '__vite_ssr_import_0__.supabase.from(...).insert(...).select(...).single is not a function',
    action: 'Please try again. If the problem persists, contact support.'
  },
  timestamp: '2025-10-31T02:00:36.603Z'
}
Failed to store error log: TypeError: localStorage.getItem is not a function
    at ErrorHandler.storeErrorLog (/Users/ghogue/Library/CloudStorage/OneDrive-InsightfulOutcomes,LLC/IS-LTD/APPS/CaliberVault/src/lib/errorHandler.ts:103:44)
    at ErrorHandler.logDetailedError (/Users/ghogue/Library/CloudStorage/OneDrive-InsightfulOutcomes,LLC/IS-LTD/APPS/CaliberVault/src/lib/errorHandler.ts:95:10)
    at ErrorHandler.handleError (/Users/ghogue/Library/CloudStorage/OneDrive-InsightfulOutcomes,LLC/IS-LTD/APPS/CaliberVault/src/lib/errorHandler.ts:54:10)
    at ErrorHandler.handleOperation (/Users/ghogue/Library/CloudStorage/OneDrive-InsightfulOutcomes,LLC/IS-LTD/APPS/CaliberVault/src/lib/errorHandler.ts:43:19)
    at processTicksAndRejections (node:internal/process/task_queues:103:5)

stderr | src/services/category/__tests__/AllCategories.test.ts > All Category Services > FirearmsService > should update item
❌ Operation Failed: {
  timestamp: '2025-10-31T02:00:36.606Z',
  operation: 'Database select on inventory',
  component: '[firearm_detailsService]',
  userId: undefined,
  error: {
    message: '__vite_ssr_import_0__.supabase.from(...).select(...).eq is not a function',
    code: undefined,
    details: undefined,
    hint: undefined,
    stack: 'TypeError: __vite_ssr_import_0__.supabase.from(...).select(...).eq is not a function\n' +
      '    at __vite_ssr_import_1__.withDatabaseErrorHandling.operation (/Users/ghogue/Library/CloudStorage/OneDrive-InsightfulOutcomes,LLC/IS-LTD/APPS/CaliberVault/src/services/base/BaseCategoryServiceEnhanced.ts:146:10)\n' +
      '    at __vite_ssr_import_0__.withErrorHandling (/Users/ghogue/Library/CloudStorage/OneDrive-InsightfulOutcomes,LLC/IS-LTD/APPS/CaliberVault/src/lib/databaseErrorHandler.ts:22:35)\n' +
      '    at ErrorHandler.handleOperation (/Users/ghogue/Library/CloudStorage/OneDrive-InsightfulOutcomes,LLC/IS-LTD/APPS/CaliberVault/src/lib/errorHandler.ts:40:26)\n' +
      '    at Module.withErrorHandling (/Users/ghogue/Library/CloudStorage/OneDrive-InsightfulOutcomes,LLC/IS-LTD/APPS/CaliberVault/src/lib/errorHandler.ts:153:23)\n' +
      '    at Module.withDatabaseErrorHandling (/Users/ghogue/Library/CloudStorage/OneDrive-InsightfulOutcomes,LLC/IS-LTD/APPS/CaliberVault/src/lib/databaseErrorHandler.ts:21:24)\n' +
      '    at FirearmsService.get (/Users/ghogue/Library/CloudStorage/OneDrive-InsightfulOutcomes,LLC/IS-LTD/APPS/CaliberVault/src/services/base/BaseCategoryServiceEnhanced.ts:142:26)\n' +
      '    at FirearmsService.update (/Users/ghogue/Library/CloudStorage/OneDrive-InsightfulOutcomes,LLC/IS-LTD/APPS/CaliberVault/src/services/base/BaseCategoryServiceEnhanced.ts:116:17)\n' +
      '    at processTicksAndRejections (node:internal/process/task_queues:103:5)\n' +
      '    at /Users/ghogue/Library/CloudStorage/OneDrive-InsightfulOutcomes,LLC/IS-LTD/APPS/CaliberVault/src/services/category/__tests__/AllCategories.test.ts:62:9\n' +
      '    at file:///Users/ghogue/Library/CloudStorage/OneDrive-InsightfulOutcomes,LLC/IS-LTD/APPS/CaliberVault/node_modules/@vitest/runner/dist/index.js:533:5'
  },
  dataState: undefined,
  url: 'http://localhost:3000/',
  userAgent: 'Mozilla/5.0 (darwin) AppleWebKit/537.36 (KHTML, like Gecko) jsdom/25.0.1'
}
Error occurred: {
  context: 'Database select on inventory',
  technical: TypeError: __vite_ssr_import_0__.supabase.from(...).select(...).eq is not a function
      at __vite_ssr_import_1__.withDatabaseErrorHandling.operation (/Users/ghogue/Library/CloudStorage/OneDrive-InsightfulOutcomes,LLC/IS-LTD/APPS/CaliberVault/src/services/base/BaseCategoryServiceEnhanced.ts:146:10)
      at __vite_ssr_import_0__.withErrorHandling (/Users/ghogue/Library/CloudStorage/OneDrive-InsightfulOutcomes,LLC/IS-LTD/APPS/CaliberVault/src/lib/databaseErrorHandler.ts:22:35)
      at ErrorHandler.handleOperation (/Users/ghogue/Library/CloudStorage/OneDrive-InsightfulOutcomes,LLC/IS-LTD/APPS/CaliberVault/src/lib/errorHandler.ts:40:26)
      at Module.withErrorHandling (/Users/ghogue/Library/CloudStorage/OneDrive-InsightfulOutcomes,LLC/IS-LTD/APPS/CaliberVault/src/lib/errorHandler.ts:153:23)
      at Module.withDatabaseErrorHandling (/Users/ghogue/Library/CloudStorage/OneDrive-InsightfulOutcomes,LLC/IS-LTD/APPS/CaliberVault/src/lib/databaseErrorHandler.ts:21:24)
      at FirearmsService.get (/Users/ghogue/Library/CloudStorage/OneDrive-InsightfulOutcomes,LLC/IS-LTD/APPS/CaliberVault/src/services/base/BaseCategoryServiceEnhanced.ts:142:26)
      at FirearmsService.update (/Users/ghogue/Library/CloudStorage/OneDrive-InsightfulOutcomes,LLC/IS-LTD/APPS/CaliberVault/src/services/base/BaseCategoryServiceEnhanced.ts:116:17)
      at processTicksAndRejections (node:internal/process/task_queues:103:5)
      at /Users/ghogue/Library/CloudStorage/OneDrive-InsightfulOutcomes,LLC/IS-LTD/APPS/CaliberVault/src/services/category/__tests__/AllCategories.test.ts:62:9
      at file:///Users/ghogue/Library/CloudStorage/OneDrive-InsightfulOutcomes,LLC/IS-LTD/APPS/CaliberVault/node_modules/@vitest/runner/dist/index.js:533:5,
  userFriendly: {
    title: 'Something Went Wrong',
    message: '__vite_ssr_import_0__.supabase.from(...).select(...).eq is not a function',
    action: 'Please try again. If the problem persists, contact support.'
  },
  timestamp: '2025-10-31T02:00:36.606Z'
}
Failed to store error log: TypeError: localStorage.getItem is not a function
    at ErrorHandler.storeErrorLog (/Users/ghogue/Library/CloudStorage/OneDrive-InsightfulOutcomes,LLC/IS-LTD/APPS/CaliberVault/src/lib/errorHandler.ts:103:44)
    at ErrorHandler.logDetailedError (/Users/ghogue/Library/CloudStorage/OneDrive-InsightfulOutcomes,LLC/IS-LTD/APPS/CaliberVault/src/lib/errorHandler.ts:95:10)
    at ErrorHandler.handleError (/Users/ghogue/Library/CloudStorage/OneDrive-InsightfulOutcomes,LLC/IS-LTD/APPS/CaliberVault/src/lib/errorHandler.ts:54:10)
    at ErrorHandler.handleOperation (/Users/ghogue/Library/CloudStorage/OneDrive-InsightfulOutcomes,LLC/IS-LTD/APPS/CaliberVault/src/lib/errorHandler.ts:43:19)
    at processTicksAndRejections (node:internal/process/task_queues:103:5)

stdout | src/services/category/__tests__/AllCategories.test.ts > All Category Services > OpticsService > should create item with inventory + detail tables
[optic_detailsService] Creating: {
  baseData: {
    name: 'Test Optics',
    manufacturer: 'Test Mfg',
    model: 'Test Model',
    category: 'optics'
  },
  detailData: 'test-user-123'
}

stderr | src/services/category/__tests__/AllCategories.test.ts > All Category Services > OpticsService > should create item with inventory + detail tables
❌ Operation Failed: {
  timestamp: '2025-10-31T02:00:36.607Z',
  operation: 'Database insert on inventory',
  component: '[optic_detailsService]',
  userId: undefined,
  error: {
    message: '__vite_ssr_import_0__.supabase.from(...).insert(...).select(...).single is not a function',
    code: undefined,
    details: undefined,
    hint: undefined,
    stack: 'TypeError: __vite_ssr_import_0__.supabase.from(...).insert(...).select(...).single is not a function\n' +
      '    at __vite_ssr_import_1__.withDatabaseErrorHandling.operation (/Users/ghogue/Library/CloudStorage/OneDrive-InsightfulOutcomes,LLC/IS-LTD/APPS/CaliberVault/src/services/base/BaseCategoryServiceEnhanced.ts:26:10)\n' +
      '    at __vite_ssr_import_0__.withErrorHandling (/Users/ghogue/Library/CloudStorage/OneDrive-InsightfulOutcomes,LLC/IS-LTD/APPS/CaliberVault/src/lib/databaseErrorHandler.ts:22:35)\n' +
      '    at ErrorHandler.handleOperation (/Users/ghogue/Library/CloudStorage/OneDrive-InsightfulOutcomes,LLC/IS-LTD/APPS/CaliberVault/src/lib/errorHandler.ts:40:26)\n' +
      '    at Module.withErrorHandling (/Users/ghogue/Library/CloudStorage/OneDrive-InsightfulOutcomes,LLC/IS-LTD/APPS/CaliberVault/src/lib/errorHandler.ts:153:23)\n' +
      '    at Module.withDatabaseErrorHandling (/Users/ghogue/Library/CloudStorage/OneDrive-InsightfulOutcomes,LLC/IS-LTD/APPS/CaliberVault/src/lib/databaseErrorHandler.ts:21:24)\n' +
      '    at OpticsService.create (/Users/ghogue/Library/CloudStorage/OneDrive-InsightfulOutcomes,LLC/IS-LTD/APPS/CaliberVault/src/services/base/BaseCategoryServiceEnhanced.ts:21:29)\n' +
      '    at /Users/ghogue/Library/CloudStorage/OneDrive-InsightfulOutcomes,LLC/IS-LTD/APPS/CaliberVault/src/services/category/__tests__/AllCategories.test.ts:52:30\n' +
      '    at file:///Users/ghogue/Library/CloudStorage/OneDrive-InsightfulOutcomes,LLC/IS-LTD/APPS/CaliberVault/node_modules/@vitest/runner/dist/index.js:146:14\n' +
      '    at file:///Users/ghogue/Library/CloudStorage/OneDrive-InsightfulOutcomes,LLC/IS-LTD/APPS/CaliberVault/node_modules/@vitest/runner/dist/index.js:533:11\n' +
      '    at runWithTimeout (file:///Users/ghogue/Library/CloudStorage/OneDrive-InsightfulOutcomes,LLC/IS-LTD/APPS/CaliberVault/node_modules/@vitest/runner/dist/index.js:39:7)'
  },
  dataState: {
    name: 'Test Optics',
    manufacturer: 'Test Mfg',
    model: 'Test Model',
    category: 'optics'
  },
  url: 'http://localhost:3000/',
  userAgent: 'Mozilla/5.0 (darwin) AppleWebKit/537.36 (KHTML, like Gecko) jsdom/25.0.1'
}
Error occurred: {
  context: 'Database insert on inventory',
  technical: TypeError: __vite_ssr_import_0__.supabase.from(...).insert(...).select(...).single is not a function
      at __vite_ssr_import_1__.withDatabaseErrorHandling.operation (/Users/ghogue/Library/CloudStorage/OneDrive-InsightfulOutcomes,LLC/IS-LTD/APPS/CaliberVault/src/services/base/BaseCategoryServiceEnhanced.ts:26:10)
      at __vite_ssr_import_0__.withErrorHandling (/Users/ghogue/Library/CloudStorage/OneDrive-InsightfulOutcomes,LLC/IS-LTD/APPS/CaliberVault/src/lib/databaseErrorHandler.ts:22:35)
      at ErrorHandler.handleOperation (/Users/ghogue/Library/CloudStorage/OneDrive-InsightfulOutcomes,LLC/IS-LTD/APPS/CaliberVault/src/lib/errorHandler.ts:40:26)
      at Module.withErrorHandling (/Users/ghogue/Library/CloudStorage/OneDrive-InsightfulOutcomes,LLC/IS-LTD/APPS/CaliberVault/src/lib/errorHandler.ts:153:23)
      at Module.withDatabaseErrorHandling (/Users/ghogue/Library/CloudStorage/OneDrive-InsightfulOutcomes,LLC/IS-LTD/APPS/CaliberVault/src/lib/databaseErrorHandler.ts:21:24)
      at OpticsService.create (/Users/ghogue/Library/CloudStorage/OneDrive-InsightfulOutcomes,LLC/IS-LTD/APPS/CaliberVault/src/services/base/BaseCategoryServiceEnhanced.ts:21:29)
      at /Users/ghogue/Library/CloudStorage/OneDrive-InsightfulOutcomes,LLC/IS-LTD/APPS/CaliberVault/src/services/category/__tests__/AllCategories.test.ts:52:30
      at file:///Users/ghogue/Library/CloudStorage/OneDrive-InsightfulOutcomes,LLC/IS-LTD/APPS/CaliberVault/node_modules/@vitest/runner/dist/index.js:146:14
      at file:///Users/ghogue/Library/CloudStorage/OneDrive-InsightfulOutcomes,LLC/IS-LTD/APPS/CaliberVault/node_modules/@vitest/runner/dist/index.js:533:11
      at runWithTimeout (file:///Users/ghogue/Library/CloudStorage/OneDrive-InsightfulOutcomes,LLC/IS-LTD/APPS/CaliberVault/node_modules/@vitest/runner/dist/index.js:39:7),
  userFriendly: {
    title: 'Something Went Wrong',
    message: '__vite_ssr_import_0__.supabase.from(...).insert(...).select(...).single is not a function',
    action: 'Please try again. If the problem persists, contact support.'
  },
  timestamp: '2025-10-31T02:00:36.607Z'
}
Failed to store error log: TypeError: localStorage.getItem is not a function
    at ErrorHandler.storeErrorLog (/Users/ghogue/Library/CloudStorage/OneDrive-InsightfulOutcomes,LLC/IS-LTD/APPS/CaliberVault/src/lib/errorHandler.ts:103:44)
    at ErrorHandler.logDetailedError (/Users/ghogue/Library/CloudStorage/OneDrive-InsightfulOutcomes,LLC/IS-LTD/APPS/CaliberVault/src/lib/errorHandler.ts:95:10)
    at ErrorHandler.handleError (/Users/ghogue/Library/CloudStorage/OneDrive-InsightfulOutcomes,LLC/IS-LTD/APPS/CaliberVault/src/lib/errorHandler.ts:54:10)
    at ErrorHandler.handleOperation (/Users/ghogue/Library/CloudStorage/OneDrive-InsightfulOutcomes,LLC/IS-LTD/APPS/CaliberVault/src/lib/errorHandler.ts:43:19)
    at processTicksAndRejections (node:internal/process/task_queues:103:5)

stderr | src/services/category/__tests__/AllCategories.test.ts > All Category Services > OpticsService > should update item
❌ Operation Failed: {
  timestamp: '2025-10-31T02:00:36.608Z',
  operation: 'Database select on inventory',
  component: '[optic_detailsService]',
  userId: undefined,
  error: {
    message: '__vite_ssr_import_0__.supabase.from(...).select(...).eq is not a function',
    code: undefined,
    details: undefined,
    hint: undefined,
    stack: 'TypeError: __vite_ssr_import_0__.supabase.from(...).select(...).eq is not a function\n' +
      '    at __vite_ssr_import_1__.withDatabaseErrorHandling.operation (/Users/ghogue/Library/CloudStorage/OneDrive-InsightfulOutcomes,LLC/IS-LTD/APPS/CaliberVault/src/services/base/BaseCategoryServiceEnhanced.ts:146:10)\n' +
      '    at __vite_ssr_import_0__.withErrorHandling (/Users/ghogue/Library/CloudStorage/OneDrive-InsightfulOutcomes,LLC/IS-LTD/APPS/CaliberVault/src/lib/databaseErrorHandler.ts:22:35)\n' +
      '    at ErrorHandler.handleOperation (/Users/ghogue/Library/CloudStorage/OneDrive-InsightfulOutcomes,LLC/IS-LTD/APPS/CaliberVault/src/lib/errorHandler.ts:40:26)\n' +
      '    at Module.withErrorHandling (/Users/ghogue/Library/CloudStorage/OneDrive-InsightfulOutcomes,LLC/IS-LTD/APPS/CaliberVault/src/lib/errorHandler.ts:153:23)\n' +
      '    at Module.withDatabaseErrorHandling (/Users/ghogue/Library/CloudStorage/OneDrive-InsightfulOutcomes,LLC/IS-LTD/APPS/CaliberVault/src/lib/databaseErrorHandler.ts:21:24)\n' +
      '    at OpticsService.get (/Users/ghogue/Library/CloudStorage/OneDrive-InsightfulOutcomes,LLC/IS-LTD/APPS/CaliberVault/src/services/base/BaseCategoryServiceEnhanced.ts:142:26)\n' +
      '    at OpticsService.update (/Users/ghogue/Library/CloudStorage/OneDrive-InsightfulOutcomes,LLC/IS-LTD/APPS/CaliberVault/src/services/base/BaseCategoryServiceEnhanced.ts:116:17)\n' +
      '    at processTicksAndRejections (node:internal/process/task_queues:103:5)\n' +
      '    at /Users/ghogue/Library/CloudStorage/OneDrive-InsightfulOutcomes,LLC/IS-LTD/APPS/CaliberVault/src/services/category/__tests__/AllCategories.test.ts:62:9\n' +
      '    at file:///Users/ghogue/Library/CloudStorage/OneDrive-InsightfulOutcomes,LLC/IS-LTD/APPS/CaliberVault/node_modules/@vitest/runner/dist/index.js:533:5'
  },
  dataState: undefined,
  url: 'http://localhost:3000/',
  userAgent: 'Mozilla/5.0 (darwin) AppleWebKit/537.36 (KHTML, like Gecko) jsdom/25.0.1'
}
Error occurred: {
  context: 'Database select on inventory',
  technical: TypeError: __vite_ssr_import_0__.supabase.from(...).select(...).eq is not a function
      at __vite_ssr_import_1__.withDatabaseErrorHandling.operation (/Users/ghogue/Library/CloudStorage/OneDrive-InsightfulOutcomes,LLC/IS-LTD/APPS/CaliberVault/src/services/base/BaseCategoryServiceEnhanced.ts:146:10)
      at __vite_ssr_import_0__.withErrorHandling (/Users/ghogue/Library/CloudStorage/OneDrive-InsightfulOutcomes,LLC/IS-LTD/APPS/CaliberVault/src/lib/databaseErrorHandler.ts:22:35)
      at ErrorHandler.handleOperation (/Users/ghogue/Library/CloudStorage/OneDrive-InsightfulOutcomes,LLC/IS-LTD/APPS/CaliberVault/src/lib/errorHandler.ts:40:26)
      at Module.withErrorHandling (/Users/ghogue/Library/CloudStorage/OneDrive-InsightfulOutcomes,LLC/IS-LTD/APPS/CaliberVault/src/lib/errorHandler.ts:153:23)
      at Module.withDatabaseErrorHandling (/Users/ghogue/Library/CloudStorage/OneDrive-InsightfulOutcomes,LLC/IS-LTD/APPS/CaliberVault/src/lib/databaseErrorHandler.ts:21:24)
      at OpticsService.get (/Users/ghogue/Library/CloudStorage/OneDrive-InsightfulOutcomes,LLC/IS-LTD/APPS/CaliberVault/src/services/base/BaseCategoryServiceEnhanced.ts:142:26)
      at OpticsService.update (/Users/ghogue/Library/CloudStorage/OneDrive-InsightfulOutcomes,LLC/IS-LTD/APPS/CaliberVault/src/services/base/BaseCategoryServiceEnhanced.ts:116:17)
      at processTicksAndRejections (node:internal/process/task_queues:103:5)
      at /Users/ghogue/Library/CloudStorage/OneDrive-InsightfulOutcomes,LLC/IS-LTD/APPS/CaliberVault/src/services/category/__tests__/AllCategories.test.ts:62:9
      at file:///Users/ghogue/Library/CloudStorage/OneDrive-InsightfulOutcomes,LLC/IS-LTD/APPS/CaliberVault/node_modules/@vitest/runner/dist/index.js:533:5,
  userFriendly: {
    title: 'Something Went Wrong',
    message: '__vite_ssr_import_0__.supabase.from(...).select(...).eq is not a function',
    action: 'Please try again. If the problem persists, contact support.'
  },
  timestamp: '2025-10-31T02:00:36.608Z'
}
Failed to store error log: TypeError: localStorage.getItem is not a function
    at ErrorHandler.storeErrorLog (/Users/ghogue/Library/CloudStorage/OneDrive-InsightfulOutcomes,LLC/IS-LTD/APPS/CaliberVault/src/lib/errorHandler.ts:103:44)
    at ErrorHandler.logDetailedError (/Users/ghogue/Library/CloudStorage/OneDrive-InsightfulOutcomes,LLC/IS-LTD/APPS/CaliberVault/src/lib/errorHandler.ts:95:10)
    at ErrorHandler.handleError (/Users/ghogue/Library/CloudStorage/OneDrive-InsightfulOutcomes,LLC/IS-LTD/APPS/CaliberVault/src/lib/errorHandler.ts:54:10)
    at ErrorHandler.handleOperation (/Users/ghogue/Library/CloudStorage/OneDrive-InsightfulOutcomes,LLC/IS-LTD/APPS/CaliberVault/src/lib/errorHandler.ts:43:19)
    at processTicksAndRejections (node:internal/process/task_queues:103:5)

stdout | src/services/category/__tests__/AllCategories.test.ts > All Category Services > SuppressorsService > should create item with inventory + detail tables
[suppressor_detailsService] Creating: {
  baseData: {
    name: 'Test Suppressors',
    manufacturer: 'Test Mfg',
    model: 'Test Model',
    category: 'suppressors'
  },
  detailData: 'test-user-123'
}

stderr | src/services/category/__tests__/AllCategories.test.ts > All Category Services > SuppressorsService > should create item with inventory + detail tables
❌ Operation Failed: {
  timestamp: '2025-10-31T02:00:36.608Z',
  operation: 'Database insert on inventory',
  component: '[suppressor_detailsService]',
  userId: undefined,
  error: {
    message: '__vite_ssr_import_0__.supabase.from(...).insert(...).select(...).single is not a function',
    code: undefined,
    details: undefined,
    hint: undefined,
    stack: 'TypeError: __vite_ssr_import_0__.supabase.from(...).insert(...).select(...).single is not a function\n' +
      '    at __vite_ssr_import_1__.withDatabaseErrorHandling.operation (/Users/ghogue/Library/CloudStorage/OneDrive-InsightfulOutcomes,LLC/IS-LTD/APPS/CaliberVault/src/services/base/BaseCategoryServiceEnhanced.ts:26:10)\n' +
      '    at __vite_ssr_import_0__.withErrorHandling (/Users/ghogue/Library/CloudStorage/OneDrive-InsightfulOutcomes,LLC/IS-LTD/APPS/CaliberVault/src/lib/databaseErrorHandler.ts:22:35)\n' +
      '    at ErrorHandler.handleOperation (/Users/ghogue/Library/CloudStorage/OneDrive-InsightfulOutcomes,LLC/IS-LTD/APPS/CaliberVault/src/lib/errorHandler.ts:40:26)\n' +
      '    at Module.withErrorHandling (/Users/ghogue/Library/CloudStorage/OneDrive-InsightfulOutcomes,LLC/IS-LTD/APPS/CaliberVault/src/lib/errorHandler.ts:153:23)\n' +
      '    at Module.withDatabaseErrorHandling (/Users/ghogue/Library/CloudStorage/OneDrive-InsightfulOutcomes,LLC/IS-LTD/APPS/CaliberVault/src/lib/databaseErrorHandler.ts:21:24)\n' +
      '    at SuppressorsService.create (/Users/ghogue/Library/CloudStorage/OneDrive-InsightfulOutcomes,LLC/IS-LTD/APPS/CaliberVault/src/services/base/BaseCategoryServiceEnhanced.ts:21:29)\n' +
      '    at /Users/ghogue/Library/CloudStorage/OneDrive-InsightfulOutcomes,LLC/IS-LTD/APPS/CaliberVault/src/services/category/__tests__/AllCategories.test.ts:52:30\n' +
      '    at file:///Users/ghogue/Library/CloudStorage/OneDrive-InsightfulOutcomes,LLC/IS-LTD/APPS/CaliberVault/node_modules/@vitest/runner/dist/index.js:146:14\n' +
      '    at file:///Users/ghogue/Library/CloudStorage/OneDrive-InsightfulOutcomes,LLC/IS-LTD/APPS/CaliberVault/node_modules/@vitest/runner/dist/index.js:533:11\n' +
      '    at runWithTimeout (file:///Users/ghogue/Library/CloudStorage/OneDrive-InsightfulOutcomes,LLC/IS-LTD/APPS/CaliberVault/node_modules/@vitest/runner/dist/index.js:39:7)'
  },
  dataState: {
    name: 'Test Suppressors',
    manufacturer: 'Test Mfg',
    model: 'Test Model',
    category: 'suppressors'
  },
  url: 'http://localhost:3000/',
  userAgent: 'Mozilla/5.0 (darwin) AppleWebKit/537.36 (KHTML, like Gecko) jsdom/25.0.1'
}
Error occurred: {
  context: 'Database insert on inventory',
  technical: TypeError: __vite_ssr_import_0__.supabase.from(...).insert(...).select(...).single is not a function
      at __vite_ssr_import_1__.withDatabaseErrorHandling.operation (/Users/ghogue/Library/CloudStorage/OneDrive-InsightfulOutcomes,LLC/IS-LTD/APPS/CaliberVault/src/services/base/BaseCategoryServiceEnhanced.ts:26:10)
      at __vite_ssr_import_0__.withErrorHandling (/Users/ghogue/Library/CloudStorage/OneDrive-InsightfulOutcomes,LLC/IS-LTD/APPS/CaliberVault/src/lib/databaseErrorHandler.ts:22:35)
      at ErrorHandler.handleOperation (/Users/ghogue/Library/CloudStorage/OneDrive-InsightfulOutcomes,LLC/IS-LTD/APPS/CaliberVault/src/lib/errorHandler.ts:40:26)
      at Module.withErrorHandling (/Users/ghogue/Library/CloudStorage/OneDrive-InsightfulOutcomes,LLC/IS-LTD/APPS/CaliberVault/src/lib/errorHandler.ts:153:23)
      at Module.withDatabaseErrorHandling (/Users/ghogue/Library/CloudStorage/OneDrive-InsightfulOutcomes,LLC/IS-LTD/APPS/CaliberVault/src/lib/databaseErrorHandler.ts:21:24)
      at SuppressorsService.create (/Users/ghogue/Library/CloudStorage/OneDrive-InsightfulOutcomes,LLC/IS-LTD/APPS/CaliberVault/src/services/base/BaseCategoryServiceEnhanced.ts:21:29)
      at /Users/ghogue/Library/CloudStorage/OneDrive-InsightfulOutcomes,LLC/IS-LTD/APPS/CaliberVault/src/services/category/__tests__/AllCategories.test.ts:52:30
      at file:///Users/ghogue/Library/CloudStorage/OneDrive-InsightfulOutcomes,LLC/IS-LTD/APPS/CaliberVault/node_modules/@vitest/runner/dist/index.js:146:14
      at file:///Users/ghogue/Library/CloudStorage/OneDrive-InsightfulOutcomes,LLC/IS-LTD/APPS/CaliberVault/node_modules/@vitest/runner/dist/index.js:533:11
      at runWithTimeout (file:///Users/ghogue/Library/CloudStorage/OneDrive-InsightfulOutcomes,LLC/IS-LTD/APPS/CaliberVault/node_modules/@vitest/runner/dist/index.js:39:7),
  userFriendly: {
    title: 'Something Went Wrong',
    message: '__vite_ssr_import_0__.supabase.from(...).insert(...).select(...).single is not a function',
    action: 'Please try again. If the problem persists, contact support.'
  },
  timestamp: '2025-10-31T02:00:36.609Z'
}
Failed to store error log: TypeError: localStorage.getItem is not a function
    at ErrorHandler.storeErrorLog (/Users/ghogue/Library/CloudStorage/OneDrive-InsightfulOutcomes,LLC/IS-LTD/APPS/CaliberVault/src/lib/errorHandler.ts:103:44)
    at ErrorHandler.logDetailedError (/Users/ghogue/Library/CloudStorage/OneDrive-InsightfulOutcomes,LLC/IS-LTD/APPS/CaliberVault/src/lib/errorHandler.ts:95:10)
    at ErrorHandler.handleError (/Users/ghogue/Library/CloudStorage/OneDrive-InsightfulOutcomes,LLC/IS-LTD/APPS/CaliberVault/src/lib/errorHandler.ts:54:10)
    at ErrorHandler.handleOperation (/Users/ghogue/Library/CloudStorage/OneDrive-InsightfulOutcomes,LLC/IS-LTD/APPS/CaliberVault/src/lib/errorHandler.ts:43:19)
    at processTicksAndRejections (node:internal/process/task_queues:103:5)

stderr | src/services/category/__tests__/AllCategories.test.ts > All Category Services > SuppressorsService > should update item
❌ Operation Failed: {
  timestamp: '2025-10-31T02:00:36.609Z',
  operation: 'Database select on inventory',
  component: '[suppressor_detailsService]',
  userId: undefined,
  error: {
    message: '__vite_ssr_import_0__.supabase.from(...).select(...).eq is not a function',
    code: undefined,
    details: undefined,
    hint: undefined,
    stack: 'TypeError: __vite_ssr_import_0__.supabase.from(...).select(...).eq is not a function\n' +
      '    at __vite_ssr_import_1__.withDatabaseErrorHandling.operation (/Users/ghogue/Library/CloudStorage/OneDrive-InsightfulOutcomes,LLC/IS-LTD/APPS/CaliberVault/src/services/base/BaseCategoryServiceEnhanced.ts:146:10)\n' +
      '    at __vite_ssr_import_0__.withErrorHandling (/Users/ghogue/Library/CloudStorage/OneDrive-InsightfulOutcomes,LLC/IS-LTD/APPS/CaliberVault/src/lib/databaseErrorHandler.ts:22:35)\n' +
      '    at ErrorHandler.handleOperation (/Users/ghogue/Library/CloudStorage/OneDrive-InsightfulOutcomes,LLC/IS-LTD/APPS/CaliberVault/src/lib/errorHandler.ts:40:26)\n' +
      '    at Module.withErrorHandling (/Users/ghogue/Library/CloudStorage/OneDrive-InsightfulOutcomes,LLC/IS-LTD/APPS/CaliberVault/src/lib/errorHandler.ts:153:23)\n' +
      '    at Module.withDatabaseErrorHandling (/Users/ghogue/Library/CloudStorage/OneDrive-InsightfulOutcomes,LLC/IS-LTD/APPS/CaliberVault/src/lib/databaseErrorHandler.ts:21:24)\n' +
      '    at SuppressorsService.get (/Users/ghogue/Library/CloudStorage/OneDrive-InsightfulOutcomes,LLC/IS-LTD/APPS/CaliberVault/src/services/base/BaseCategoryServiceEnhanced.ts:142:26)\n' +
      '    at SuppressorsService.update (/Users/ghogue/Library/CloudStorage/OneDrive-InsightfulOutcomes,LLC/IS-LTD/APPS/CaliberVault/src/services/base/BaseCategoryServiceEnhanced.ts:116:17)\n' +
      '    at processTicksAndRejections (node:internal/process/task_queues:103:5)\n' +
      '    at /Users/ghogue/Library/CloudStorage/OneDrive-InsightfulOutcomes,LLC/IS-LTD/APPS/CaliberVault/src/services/category/__tests__/AllCategories.test.ts:62:9\n' +
      '    at file:///Users/ghogue/Library/CloudStorage/OneDrive-InsightfulOutcomes,LLC/IS-LTD/APPS/CaliberVault/node_modules/@vitest/runner/dist/index.js:533:5'
  },
  dataState: undefined,
  url: 'http://localhost:3000/',
  userAgent: 'Mozilla/5.0 (darwin) AppleWebKit/537.36 (KHTML, like Gecko) jsdom/25.0.1'
}
Error occurred: {
  context: 'Database select on inventory',
  technical: TypeError: __vite_ssr_import_0__.supabase.from(...).select(...).eq is not a function
      at __vite_ssr_import_1__.withDatabaseErrorHandling.operation (/Users/ghogue/Library/CloudStorage/OneDrive-InsightfulOutcomes,LLC/IS-LTD/APPS/CaliberVault/src/services/base/BaseCategoryServiceEnhanced.ts:146:10)
      at __vite_ssr_import_0__.withErrorHandling (/Users/ghogue/Library/CloudStorage/OneDrive-InsightfulOutcomes,LLC/IS-LTD/APPS/CaliberVault/src/lib/databaseErrorHandler.ts:22:35)
      at ErrorHandler.handleOperation (/Users/ghogue/Library/CloudStorage/OneDrive-InsightfulOutcomes,LLC/IS-LTD/APPS/CaliberVault/src/lib/errorHandler.ts:40:26)
      at Module.withErrorHandling (/Users/ghogue/Library/CloudStorage/OneDrive-InsightfulOutcomes,LLC/IS-LTD/APPS/CaliberVault/src/lib/errorHandler.ts:153:23)
      at Module.withDatabaseErrorHandling (/Users/ghogue/Library/CloudStorage/OneDrive-InsightfulOutcomes,LLC/IS-LTD/APPS/CaliberVault/src/lib/databaseErrorHandler.ts:21:24)
      at SuppressorsService.get (/Users/ghogue/Library/CloudStorage/OneDrive-InsightfulOutcomes,LLC/IS-LTD/APPS/CaliberVault/src/services/base/BaseCategoryServiceEnhanced.ts:142:26)
      at SuppressorsService.update (/Users/ghogue/Library/CloudStorage/OneDrive-InsightfulOutcomes,LLC/IS-LTD/APPS/CaliberVault/src/services/base/BaseCategoryServiceEnhanced.ts:116:17)
      at processTicksAndRejections (node:internal/process/task_queues:103:5)
      at /Users/ghogue/Library/CloudStorage/OneDrive-InsightfulOutcomes,LLC/IS-LTD/APPS/CaliberVault/src/services/category/__tests__/AllCategories.test.ts:62:9
      at file:///Users/ghogue/Library/CloudStorage/OneDrive-InsightfulOutcomes,LLC/IS-LTD/APPS/CaliberVault/node_modules/@vitest/runner/dist/index.js:533:5,
  userFriendly: {
    title: 'Something Went Wrong',
    message: '__vite_ssr_import_0__.supabase.from(...).select(...).eq is not a function',
    action: 'Please try again. If the problem persists, contact support.'
  },
  timestamp: '2025-10-31T02:00:36.609Z'
}
Failed to store error log: TypeError: localStorage.getItem is not a function
    at ErrorHandler.storeErrorLog (/Users/ghogue/Library/CloudStorage/OneDrive-InsightfulOutcomes,LLC/IS-LTD/APPS/CaliberVault/src/lib/errorHandler.ts:103:44)
    at ErrorHandler.logDetailedError (/Users/ghogue/Library/CloudStorage/OneDrive-InsightfulOutcomes,LLC/IS-LTD/APPS/CaliberVault/src/lib/errorHandler.ts:95:10)
    at ErrorHandler.handleError (/Users/ghogue/Library/CloudStorage/OneDrive-InsightfulOutcomes,LLC/IS-LTD/APPS/CaliberVault/src/lib/errorHandler.ts:54:10)
    at ErrorHandler.handleOperation (/Users/ghogue/Library/CloudStorage/OneDrive-InsightfulOutcomes,LLC/IS-LTD/APPS/CaliberVault/src/lib/errorHandler.ts:43:19)
    at processTicksAndRejections (node:internal/process/task_queues:103:5)

stdout | src/services/category/__tests__/AllCategories.test.ts > All Category Services > MagazinesService > should create item with inventory + detail tables
[magazine_detailsService] Creating: {
  baseData: {
    name: 'Test Magazines',
    manufacturer: 'Test Mfg',
    model: 'Test Model',
    category: 'magazines'
  },
  detailData: 'test-user-123'
}

stderr | src/services/category/__tests__/AllCategories.test.ts > All Category Services > MagazinesService > should create item with inventory + detail tables
❌ Operation Failed: {
  timestamp: '2025-10-31T02:00:36.610Z',
  operation: 'Database insert on inventory',
  component: '[magazine_detailsService]',
  userId: undefined,
  error: {
    message: '__vite_ssr_import_0__.supabase.from(...).insert(...).select(...).single is not a function',
    code: undefined,
    details: undefined,
    hint: undefined,
    stack: 'TypeError: __vite_ssr_import_0__.supabase.from(...).insert(...).select(...).single is not a function\n' +
      '    at __vite_ssr_import_1__.withDatabaseErrorHandling.operation (/Users/ghogue/Library/CloudStorage/OneDrive-InsightfulOutcomes,LLC/IS-LTD/APPS/CaliberVault/src/services/base/BaseCategoryServiceEnhanced.ts:26:10)\n' +
      '    at __vite_ssr_import_0__.withErrorHandling (/Users/ghogue/Library/CloudStorage/OneDrive-InsightfulOutcomes,LLC/IS-LTD/APPS/CaliberVault/src/lib/databaseErrorHandler.ts:22:35)\n' +
      '    at ErrorHandler.handleOperation (/Users/ghogue/Library/CloudStorage/OneDrive-InsightfulOutcomes,LLC/IS-LTD/APPS/CaliberVault/src/lib/errorHandler.ts:40:26)\n' +
      '    at Module.withErrorHandling (/Users/ghogue/Library/CloudStorage/OneDrive-InsightfulOutcomes,LLC/IS-LTD/APPS/CaliberVault/src/lib/errorHandler.ts:153:23)\n' +
      '    at Module.withDatabaseErrorHandling (/Users/ghogue/Library/CloudStorage/OneDrive-InsightfulOutcomes,LLC/IS-LTD/APPS/CaliberVault/src/lib/databaseErrorHandler.ts:21:24)\n' +
      '    at MagazinesService.create (/Users/ghogue/Library/CloudStorage/OneDrive-InsightfulOutcomes,LLC/IS-LTD/APPS/CaliberVault/src/services/base/BaseCategoryServiceEnhanced.ts:21:29)\n' +
      '    at /Users/ghogue/Library/CloudStorage/OneDrive-InsightfulOutcomes,LLC/IS-LTD/APPS/CaliberVault/src/services/category/__tests__/AllCategories.test.ts:52:30\n' +
      '    at file:///Users/ghogue/Library/CloudStorage/OneDrive-InsightfulOutcomes,LLC/IS-LTD/APPS/CaliberVault/node_modules/@vitest/runner/dist/index.js:146:14\n' +
      '    at file:///Users/ghogue/Library/CloudStorage/OneDrive-InsightfulOutcomes,LLC/IS-LTD/APPS/CaliberVault/node_modules/@vitest/runner/dist/index.js:533:11\n' +
      '    at runWithTimeout (file:///Users/ghogue/Library/CloudStorage/OneDrive-InsightfulOutcomes,LLC/IS-LTD/APPS/CaliberVault/node_modules/@vitest/runner/dist/index.js:39:7)'
  },
  dataState: {
    name: 'Test Magazines',
    manufacturer: 'Test Mfg',
    model: 'Test Model',
    category: 'magazines'
  },
  url: 'http://localhost:3000/',
  userAgent: 'Mozilla/5.0 (darwin) AppleWebKit/537.36 (KHTML, like Gecko) jsdom/25.0.1'
}
Error occurred: {
  context: 'Database insert on inventory',
  technical: TypeError: __vite_ssr_import_0__.supabase.from(...).insert(...).select(...).single is not a function
      at __vite_ssr_import_1__.withDatabaseErrorHandling.operation (/Users/ghogue/Library/CloudStorage/OneDrive-InsightfulOutcomes,LLC/IS-LTD/APPS/CaliberVault/src/services/base/BaseCategoryServiceEnhanced.ts:26:10)
      at __vite_ssr_import_0__.withErrorHandling (/Users/ghogue/Library/CloudStorage/OneDrive-InsightfulOutcomes,LLC/IS-LTD/APPS/CaliberVault/src/lib/databaseErrorHandler.ts:22:35)
      at ErrorHandler.handleOperation (/Users/ghogue/Library/CloudStorage/OneDrive-InsightfulOutcomes,LLC/IS-LTD/APPS/CaliberVault/src/lib/errorHandler.ts:40:26)
      at Module.withErrorHandling (/Users/ghogue/Library/CloudStorage/OneDrive-InsightfulOutcomes,LLC/IS-LTD/APPS/CaliberVault/src/lib/errorHandler.ts:153:23)
      at Module.withDatabaseErrorHandling (/Users/ghogue/Library/CloudStorage/OneDrive-InsightfulOutcomes,LLC/IS-LTD/APPS/CaliberVault/src/lib/databaseErrorHandler.ts:21:24)
      at MagazinesService.create (/Users/ghogue/Library/CloudStorage/OneDrive-InsightfulOutcomes,LLC/IS-LTD/APPS/CaliberVault/src/services/base/BaseCategoryServiceEnhanced.ts:21:29)
      at /Users/ghogue/Library/CloudStorage/OneDrive-InsightfulOutcomes,LLC/IS-LTD/APPS/CaliberVault/src/services/category/__tests__/AllCategories.test.ts:52:30
      at file:///Users/ghogue/Library/CloudStorage/OneDrive-InsightfulOutcomes,LLC/IS-LTD/APPS/CaliberVault/node_modules/@vitest/runner/dist/index.js:146:14
      at file:///Users/ghogue/Library/CloudStorage/OneDrive-InsightfulOutcomes,LLC/IS-LTD/APPS/CaliberVault/node_modules/@vitest/runner/dist/index.js:533:11
      at runWithTimeout (file:///Users/ghogue/Library/CloudStorage/OneDrive-InsightfulOutcomes,LLC/IS-LTD/APPS/CaliberVault/node_modules/@vitest/runner/dist/index.js:39:7),
  userFriendly: {
    title: 'Something Went Wrong',
    message: '__vite_ssr_import_0__.supabase.from(...).insert(...).select(...).single is not a function',
    action: 'Please try again. If the problem persists, contact support.'
  },
  timestamp: '2025-10-31T02:00:36.610Z'
}
Failed to store error log: TypeError: localStorage.getItem is not a function
    at ErrorHandler.storeErrorLog (/Users/ghogue/Library/CloudStorage/OneDrive-InsightfulOutcomes,LLC/IS-LTD/APPS/CaliberVault/src/lib/errorHandler.ts:103:44)
    at ErrorHandler.logDetailedError (/Users/ghogue/Library/CloudStorage/OneDrive-InsightfulOutcomes,LLC/IS-LTD/APPS/CaliberVault/src/lib/errorHandler.ts:95:10)
    at ErrorHandler.handleError (/Users/ghogue/Library/CloudStorage/OneDrive-InsightfulOutcomes,LLC/IS-LTD/APPS/CaliberVault/src/lib/errorHandler.ts:54:10)
    at ErrorHandler.handleOperation (/Users/ghogue/Library/CloudStorage/OneDrive-InsightfulOutcomes,LLC/IS-LTD/APPS/CaliberVault/src/lib/errorHandler.ts:43:19)
    at processTicksAndRejections (node:internal/process/task_queues:103:5)

stderr | src/services/category/__tests__/AllCategories.test.ts > All Category Services > MagazinesService > should update item
❌ Operation Failed: {
  timestamp: '2025-10-31T02:00:36.610Z',
  operation: 'Database select on inventory',
  component: '[magazine_detailsService]',
  userId: undefined,
  error: {
    message: '__vite_ssr_import_0__.supabase.from(...).select(...).eq is not a function',
    code: undefined,
    details: undefined,
    hint: undefined,
    stack: 'TypeError: __vite_ssr_import_0__.supabase.from(...).select(...).eq is not a function\n' +
      '    at __vite_ssr_import_1__.withDatabaseErrorHandling.operation (/Users/ghogue/Library/CloudStorage/OneDrive-InsightfulOutcomes,LLC/IS-LTD/APPS/CaliberVault/src/services/base/BaseCategoryServiceEnhanced.ts:146:10)\n' +
      '    at __vite_ssr_import_0__.withErrorHandling (/Users/ghogue/Library/CloudStorage/OneDrive-InsightfulOutcomes,LLC/IS-LTD/APPS/CaliberVault/src/lib/databaseErrorHandler.ts:22:35)\n' +
      '    at ErrorHandler.handleOperation (/Users/ghogue/Library/CloudStorage/OneDrive-InsightfulOutcomes,LLC/IS-LTD/APPS/CaliberVault/src/lib/errorHandler.ts:40:26)\n' +
      '    at Module.withErrorHandling (/Users/ghogue/Library/CloudStorage/OneDrive-InsightfulOutcomes,LLC/IS-LTD/APPS/CaliberVault/src/lib/errorHandler.ts:153:23)\n' +
      '    at Module.withDatabaseErrorHandling (/Users/ghogue/Library/CloudStorage/OneDrive-InsightfulOutcomes,LLC/IS-LTD/APPS/CaliberVault/src/lib/databaseErrorHandler.ts:21:24)\n' +
      '    at MagazinesService.get (/Users/ghogue/Library/CloudStorage/OneDrive-InsightfulOutcomes,LLC/IS-LTD/APPS/CaliberVault/src/services/base/BaseCategoryServiceEnhanced.ts:142:26)\n' +
      '    at MagazinesService.update (/Users/ghogue/Library/CloudStorage/OneDrive-InsightfulOutcomes,LLC/IS-LTD/APPS/CaliberVault/src/services/base/BaseCategoryServiceEnhanced.ts:116:17)\n' +
      '    at processTicksAndRejections (node:internal/process/task_queues:103:5)\n' +
      '    at /Users/ghogue/Library/CloudStorage/OneDrive-InsightfulOutcomes,LLC/IS-LTD/APPS/CaliberVault/src/services/category/__tests__/AllCategories.test.ts:62:9\n' +
      '    at file:///Users/ghogue/Library/CloudStorage/OneDrive-InsightfulOutcomes,LLC/IS-LTD/APPS/CaliberVault/node_modules/@vitest/runner/dist/index.js:533:5'
  },
  dataState: undefined,
  url: 'http://localhost:3000/',
  userAgent: 'Mozilla/5.0 (darwin) AppleWebKit/537.36 (KHTML, like Gecko) jsdom/25.0.1'
}
Error occurred: {
  context: 'Database select on inventory',
  technical: TypeError: __vite_ssr_import_0__.supabase.from(...).select(...).eq is not a function
      at __vite_ssr_import_1__.withDatabaseErrorHandling.operation (/Users/ghogue/Library/CloudStorage/OneDrive-InsightfulOutcomes,LLC/IS-LTD/APPS/CaliberVault/src/services/base/BaseCategoryServiceEnhanced.ts:146:10)
      at __vite_ssr_import_0__.withErrorHandling (/Users/ghogue/Library/CloudStorage/OneDrive-InsightfulOutcomes,LLC/IS-LTD/APPS/CaliberVault/src/lib/databaseErrorHandler.ts:22:35)
      at ErrorHandler.handleOperation (/Users/ghogue/Library/CloudStorage/OneDrive-InsightfulOutcomes,LLC/IS-LTD/APPS/CaliberVault/src/lib/errorHandler.ts:40:26)
      at Module.withErrorHandling (/Users/ghogue/Library/CloudStorage/OneDrive-InsightfulOutcomes,LLC/IS-LTD/APPS/CaliberVault/src/lib/errorHandler.ts:153:23)
      at Module.withDatabaseErrorHandling (/Users/ghogue/Library/CloudStorage/OneDrive-InsightfulOutcomes,LLC/IS-LTD/APPS/CaliberVault/src/lib/databaseErrorHandler.ts:21:24)
      at MagazinesService.get (/Users/ghogue/Library/CloudStorage/OneDrive-InsightfulOutcomes,LLC/IS-LTD/APPS/CaliberVault/src/services/base/BaseCategoryServiceEnhanced.ts:142:26)
      at MagazinesService.update (/Users/ghogue/Library/CloudStorage/OneDrive-InsightfulOutcomes,LLC/IS-LTD/APPS/CaliberVault/src/services/base/BaseCategoryServiceEnhanced.ts:116:17)
      at processTicksAndRejections (node:internal/process/task_queues:103:5)
      at /Users/ghogue/Library/CloudStorage/OneDrive-InsightfulOutcomes,LLC/IS-LTD/APPS/CaliberVault/src/services/category/__tests__/AllCategories.test.ts:62:9
      at file:///Users/ghogue/Library/CloudStorage/OneDrive-InsightfulOutcomes,LLC/IS-LTD/APPS/CaliberVault/node_modules/@vitest/runner/dist/index.js:533:5,
  userFriendly: {
    title: 'Something Went Wrong',
    message: '__vite_ssr_import_0__.supabase.from(...).select(...).eq is not a function',
    action: 'Please try again. If the problem persists, contact support.'
  },
  timestamp: '2025-10-31T02:00:36.610Z'
}
Failed to store error log: TypeError: localStorage.getItem is not a function
    at ErrorHandler.storeErrorLog (/Users/ghogue/Library/CloudStorage/OneDrive-InsightfulOutcomes,LLC/IS-LTD/APPS/CaliberVault/src/lib/errorHandler.ts:103:44)
    at ErrorHandler.logDetailedError (/Users/ghogue/Library/CloudStorage/OneDrive-InsightfulOutcomes,LLC/IS-LTD/APPS/CaliberVault/src/lib/errorHandler.ts:95:10)
    at ErrorHandler.handleError (/Users/ghogue/Library/CloudStorage/OneDrive-InsightfulOutcomes,LLC/IS-LTD/APPS/CaliberVault/src/lib/errorHandler.ts:54:10)
    at ErrorHandler.handleOperation (/Users/ghogue/Library/CloudStorage/OneDrive-InsightfulOutcomes,LLC/IS-LTD/APPS/CaliberVault/src/lib/errorHandler.ts:43:19)
    at processTicksAndRejections (node:internal/process/task_queues:103:5)

stdout | src/services/category/__tests__/AllCategories.test.ts > All Category Services > AccessoriesService > should create item with inventory + detail tables
[accessory_detailsService] Creating: {
  baseData: {
    name: 'Test Accessories',
    manufacturer: 'Test Mfg',
    model: 'Test Model',
    category: 'accessories'
  },
  detailData: 'test-user-123'
}

stderr | src/services/category/__tests__/AllCategories.test.ts > All Category Services > AccessoriesService > should create item with inventory + detail tables
❌ Operation Failed: {
  timestamp: '2025-10-31T02:00:36.611Z',
  operation: 'Database insert on inventory',
  component: '[accessory_detailsService]',
  userId: undefined,
  error: {
    message: '__vite_ssr_import_0__.supabase.from(...).insert(...).select(...).single is not a function',
    code: undefined,
    details: undefined,
    hint: undefined,
    stack: 'TypeError: __vite_ssr_import_0__.supabase.from(...).insert(...).select(...).single is not a function\n' +
      '    at __vite_ssr_import_1__.withDatabaseErrorHandling.operation (/Users/ghogue/Library/CloudStorage/OneDrive-InsightfulOutcomes,LLC/IS-LTD/APPS/CaliberVault/src/services/base/BaseCategoryServiceEnhanced.ts:26:10)\n' +
      '    at __vite_ssr_import_0__.withErrorHandling (/Users/ghogue/Library/CloudStorage/OneDrive-InsightfulOutcomes,LLC/IS-LTD/APPS/CaliberVault/src/lib/databaseErrorHandler.ts:22:35)\n' +
      '    at ErrorHandler.handleOperation (/Users/ghogue/Library/CloudStorage/OneDrive-InsightfulOutcomes,LLC/IS-LTD/APPS/CaliberVault/src/lib/errorHandler.ts:40:26)\n' +
      '    at Module.withErrorHandling (/Users/ghogue/Library/CloudStorage/OneDrive-InsightfulOutcomes,LLC/IS-LTD/APPS/CaliberVault/src/lib/errorHandler.ts:153:23)\n' +
      '    at Module.withDatabaseErrorHandling (/Users/ghogue/Library/CloudStorage/OneDrive-InsightfulOutcomes,LLC/IS-LTD/APPS/CaliberVault/src/lib/databaseErrorHandler.ts:21:24)\n' +
      '    at AccessoriesService.create (/Users/ghogue/Library/CloudStorage/OneDrive-InsightfulOutcomes,LLC/IS-LTD/APPS/CaliberVault/src/services/base/BaseCategoryServiceEnhanced.ts:21:29)\n' +
      '    at /Users/ghogue/Library/CloudStorage/OneDrive-InsightfulOutcomes,LLC/IS-LTD/APPS/CaliberVault/src/services/category/__tests__/AllCategories.test.ts:52:30\n' +
      '    at file:///Users/ghogue/Library/CloudStorage/OneDrive-InsightfulOutcomes,LLC/IS-LTD/APPS/CaliberVault/node_modules/@vitest/runner/dist/index.js:146:14\n' +
      '    at file:///Users/ghogue/Library/CloudStorage/OneDrive-InsightfulOutcomes,LLC/IS-LTD/APPS/CaliberVault/node_modules/@vitest/runner/dist/index.js:533:11\n' +
      '    at runWithTimeout (file:///Users/ghogue/Library/CloudStorage/OneDrive-InsightfulOutcomes,LLC/IS-LTD/APPS/CaliberVault/node_modules/@vitest/runner/dist/index.js:39:7)'
  },
  dataState: {
    name: 'Test Accessories',
    manufacturer: 'Test Mfg',
    model: 'Test Model',
    category: 'accessories'
  },
  url: 'http://localhost:3000/',
  userAgent: 'Mozilla/5.0 (darwin) AppleWebKit/537.36 (KHTML, like Gecko) jsdom/25.0.1'
}
Error occurred: {
  context: 'Database insert on inventory',
  technical: TypeError: __vite_ssr_import_0__.supabase.from(...).insert(...).select(...).single is not a function
      at __vite_ssr_import_1__.withDatabaseErrorHandling.operation (/Users/ghogue/Library/CloudStorage/OneDrive-InsightfulOutcomes,LLC/IS-LTD/APPS/CaliberVault/src/services/base/BaseCategoryServiceEnhanced.ts:26:10)
      at __vite_ssr_import_0__.withErrorHandling (/Users/ghogue/Library/CloudStorage/OneDrive-InsightfulOutcomes,LLC/IS-LTD/APPS/CaliberVault/src/lib/databaseErrorHandler.ts:22:35)
      at ErrorHandler.handleOperation (/Users/ghogue/Library/CloudStorage/OneDrive-InsightfulOutcomes,LLC/IS-LTD/APPS/CaliberVault/src/lib/errorHandler.ts:40:26)
      at Module.withErrorHandling (/Users/ghogue/Library/CloudStorage/OneDrive-InsightfulOutcomes,LLC/IS-LTD/APPS/CaliberVault/src/lib/errorHandler.ts:153:23)
      at Module.withDatabaseErrorHandling (/Users/ghogue/Library/CloudStorage/OneDrive-InsightfulOutcomes,LLC/IS-LTD/APPS/CaliberVault/src/lib/databaseErrorHandler.ts:21:24)
      at AccessoriesService.create (/Users/ghogue/Library/CloudStorage/OneDrive-InsightfulOutcomes,LLC/IS-LTD/APPS/CaliberVault/src/services/base/BaseCategoryServiceEnhanced.ts:21:29)
      at /Users/ghogue/Library/CloudStorage/OneDrive-InsightfulOutcomes,LLC/IS-LTD/APPS/CaliberVault/src/services/category/__tests__/AllCategories.test.ts:52:30
      at file:///Users/ghogue/Library/CloudStorage/OneDrive-InsightfulOutcomes,LLC/IS-LTD/APPS/CaliberVault/node_modules/@vitest/runner/dist/index.js:146:14
      at file:///Users/ghogue/Library/CloudStorage/OneDrive-InsightfulOutcomes,LLC/IS-LTD/APPS/CaliberVault/node_modules/@vitest/runner/dist/index.js:533:11
      at runWithTimeout (file:///Users/ghogue/Library/CloudStorage/OneDrive-InsightfulOutcomes,LLC/IS-LTD/APPS/CaliberVault/node_modules/@vitest/runner/dist/index.js:39:7),
  userFriendly: {
    title: 'Something Went Wrong',
    message: '__vite_ssr_import_0__.supabase.from(...).insert(...).select(...).single is not a function',
    action: 'Please try again. If the problem persists, contact support.'
  },
  timestamp: '2025-10-31T02:00:36.611Z'
}
Failed to store error log: TypeError: localStorage.getItem is not a function
    at ErrorHandler.storeErrorLog (/Users/ghogue/Library/CloudStorage/OneDrive-InsightfulOutcomes,LLC/IS-LTD/APPS/CaliberVault/src/lib/errorHandler.ts:103:44)
    at ErrorHandler.logDetailedError (/Users/ghogue/Library/CloudStorage/OneDrive-InsightfulOutcomes,LLC/IS-LTD/APPS/CaliberVault/src/lib/errorHandler.ts:95:10)
    at ErrorHandler.handleError (/Users/ghogue/Library/CloudStorage/OneDrive-InsightfulOutcomes,LLC/IS-LTD/APPS/CaliberVault/src/lib/errorHandler.ts:54:10)
    at ErrorHandler.handleOperation (/Users/ghogue/Library/CloudStorage/OneDrive-InsightfulOutcomes,LLC/IS-LTD/APPS/CaliberVault/src/lib/errorHandler.ts:43:19)
    at processTicksAndRejections (node:internal/process/task_queues:103:5)

stderr | src/services/category/__tests__/AllCategories.test.ts > All Category Services > AccessoriesService > should update item
❌ Operation Failed: {
  timestamp: '2025-10-31T02:00:36.612Z',
  operation: 'Database select on inventory',
  component: '[accessory_detailsService]',
  userId: undefined,
  error: {
    message: '__vite_ssr_import_0__.supabase.from(...).select(...).eq is not a function',
    code: undefined,
    details: undefined,
    hint: undefined,
    stack: 'TypeError: __vite_ssr_import_0__.supabase.from(...).select(...).eq is not a function\n' +
      '    at __vite_ssr_import_1__.withDatabaseErrorHandling.operation (/Users/ghogue/Library/CloudStorage/OneDrive-InsightfulOutcomes,LLC/IS-LTD/APPS/CaliberVault/src/services/base/BaseCategoryServiceEnhanced.ts:146:10)\n' +
      '    at __vite_ssr_import_0__.withErrorHandling (/Users/ghogue/Library/CloudStorage/OneDrive-InsightfulOutcomes,LLC/IS-LTD/APPS/CaliberVault/src/lib/databaseErrorHandler.ts:22:35)\n' +
      '    at ErrorHandler.handleOperation (/Users/ghogue/Library/CloudStorage/OneDrive-InsightfulOutcomes,LLC/IS-LTD/APPS/CaliberVault/src/lib/errorHandler.ts:40:26)\n' +
      '    at Module.withErrorHandling (/Users/ghogue/Library/CloudStorage/OneDrive-InsightfulOutcomes,LLC/IS-LTD/APPS/CaliberVault/src/lib/errorHandler.ts:153:23)\n' +
      '    at Module.withDatabaseErrorHandling (/Users/ghogue/Library/CloudStorage/OneDrive-InsightfulOutcomes,LLC/IS-LTD/APPS/CaliberVault/src/lib/databaseErrorHandler.ts:21:24)\n' +
      '    at AccessoriesService.get (/Users/ghogue/Library/CloudStorage/OneDrive-InsightfulOutcomes,LLC/IS-LTD/APPS/CaliberVault/src/services/base/BaseCategoryServiceEnhanced.ts:142:26)\n' +
      '    at AccessoriesService.update (/Users/ghogue/Library/CloudStorage/OneDrive-InsightfulOutcomes,LLC/IS-LTD/APPS/CaliberVault/src/services/base/BaseCategoryServiceEnhanced.ts:116:17)\n' +
      '    at processTicksAndRejections (node:internal/process/task_queues:103:5)\n' +
      '    at /Users/ghogue/Library/CloudStorage/OneDrive-InsightfulOutcomes,LLC/IS-LTD/APPS/CaliberVault/src/services/category/__tests__/AllCategories.test.ts:62:9\n' +
      '    at file:///Users/ghogue/Library/CloudStorage/OneDrive-InsightfulOutcomes,LLC/IS-LTD/APPS/CaliberVault/node_modules/@vitest/runner/dist/index.js:533:5'
  },
  dataState: undefined,
  url: 'http://localhost:3000/',
  userAgent: 'Mozilla/5.0 (darwin) AppleWebKit/537.36 (KHTML, like Gecko) jsdom/25.0.1'
}
Error occurred: {
  context: 'Database select on inventory',
  technical: TypeError: __vite_ssr_import_0__.supabase.from(...).select(...).eq is not a function
      at __vite_ssr_import_1__.withDatabaseErrorHandling.operation (/Users/ghogue/Library/CloudStorage/OneDrive-InsightfulOutcomes,LLC/IS-LTD/APPS/CaliberVault/src/services/base/BaseCategoryServiceEnhanced.ts:146:10)
      at __vite_ssr_import_0__.withErrorHandling (/Users/ghogue/Library/CloudStorage/OneDrive-InsightfulOutcomes,LLC/IS-LTD/APPS/CaliberVault/src/lib/databaseErrorHandler.ts:22:35)
      at ErrorHandler.handleOperation (/Users/ghogue/Library/CloudStorage/OneDrive-InsightfulOutcomes,LLC/IS-LTD/APPS/CaliberVault/src/lib/errorHandler.ts:40:26)
      at Module.withErrorHandling (/Users/ghogue/Library/CloudStorage/OneDrive-InsightfulOutcomes,LLC/IS-LTD/APPS/CaliberVault/src/lib/errorHandler.ts:153:23)
      at Module.withDatabaseErrorHandling (/Users/ghogue/Library/CloudStorage/OneDrive-InsightfulOutcomes,LLC/IS-LTD/APPS/CaliberVault/src/lib/databaseErrorHandler.ts:21:24)
      at AccessoriesService.get (/Users/ghogue/Library/CloudStorage/OneDrive-InsightfulOutcomes,LLC/IS-LTD/APPS/CaliberVault/src/services/base/BaseCategoryServiceEnhanced.ts:142:26)
      at AccessoriesService.update (/Users/ghogue/Library/CloudStorage/OneDrive-InsightfulOutcomes,LLC/IS-LTD/APPS/CaliberVault/src/services/base/BaseCategoryServiceEnhanced.ts:116:17)
      at processTicksAndRejections (node:internal/process/task_queues:103:5)
      at /Users/ghogue/Library/CloudStorage/OneDrive-InsightfulOutcomes,LLC/IS-LTD/APPS/CaliberVault/src/services/category/__tests__/AllCategories.test.ts:62:9
      at file:///Users/ghogue/Library/CloudStorage/OneDrive-InsightfulOutcomes,LLC/IS-LTD/APPS/CaliberVault/node_modules/@vitest/runner/dist/index.js:533:5,
  userFriendly: {
    title: 'Something Went Wrong',
    message: '__vite_ssr_import_0__.supabase.from(...).select(...).eq is not a function',
    action: 'Please try again. If the problem persists, contact support.'
  },
  timestamp: '2025-10-31T02:00:36.612Z'
}
Failed to store error log: TypeError: localStorage.getItem is not a function
    at ErrorHandler.storeErrorLog (/Users/ghogue/Library/CloudStorage/OneDrive-InsightfulOutcomes,LLC/IS-LTD/APPS/CaliberVault/src/lib/errorHandler.ts:103:44)
    at ErrorHandler.logDetailedError (/Users/ghogue/Library/CloudStorage/OneDrive-InsightfulOutcomes,LLC/IS-LTD/APPS/CaliberVault/src/lib/errorHandler.ts:95:10)
    at ErrorHandler.handleError (/Users/ghogue/Library/CloudStorage/OneDrive-InsightfulOutcomes,LLC/IS-LTD/APPS/CaliberVault/src/lib/errorHandler.ts:54:10)
    at ErrorHandler.handleOperation (/Users/ghogue/Library/CloudStorage/OneDrive-InsightfulOutcomes,LLC/IS-LTD/APPS/CaliberVault/src/lib/errorHandler.ts:43:19)
    at processTicksAndRejections (node:internal/process/task_queues:103:5)

stdout | src/services/category/__tests__/AllCategories.test.ts > All Category Services > AmmunitionService > should create item with inventory + detail tables
[ammunition_detailsService] Creating: {
  baseData: {
    name: 'Test Ammunition',
    manufacturer: 'Test Mfg',
    model: 'Test Model',
    category: 'ammunition'
  },
  detailData: 'test-user-123'
}

stderr | src/services/category/__tests__/AllCategories.test.ts > All Category Services > AmmunitionService > should create item with inventory + detail tables
❌ Operation Failed: {
  timestamp: '2025-10-31T02:00:36.612Z',
  operation: 'Database insert on inventory',
  component: '[ammunition_detailsService]',
  userId: undefined,
  error: {
    message: '__vite_ssr_import_0__.supabase.from(...).insert(...).select(...).single is not a function',
    code: undefined,
    details: undefined,
    hint: undefined,
    stack: 'TypeError: __vite_ssr_import_0__.supabase.from(...).insert(...).select(...).single is not a function\n' +
      '    at __vite_ssr_import_1__.withDatabaseErrorHandling.operation (/Users/ghogue/Library/CloudStorage/OneDrive-InsightfulOutcomes,LLC/IS-LTD/APPS/CaliberVault/src/services/base/BaseCategoryServiceEnhanced.ts:26:10)\n' +
      '    at __vite_ssr_import_0__.withErrorHandling (/Users/ghogue/Library/CloudStorage/OneDrive-InsightfulOutcomes,LLC/IS-LTD/APPS/CaliberVault/src/lib/databaseErrorHandler.ts:22:35)\n' +
      '    at ErrorHandler.handleOperation (/Users/ghogue/Library/CloudStorage/OneDrive-InsightfulOutcomes,LLC/IS-LTD/APPS/CaliberVault/src/lib/errorHandler.ts:40:26)\n' +
      '    at Module.withErrorHandling (/Users/ghogue/Library/CloudStorage/OneDrive-InsightfulOutcomes,LLC/IS-LTD/APPS/CaliberVault/src/lib/errorHandler.ts:153:23)\n' +
      '    at Module.withDatabaseErrorHandling (/Users/ghogue/Library/CloudStorage/OneDrive-InsightfulOutcomes,LLC/IS-LTD/APPS/CaliberVault/src/lib/databaseErrorHandler.ts:21:24)\n' +
      '    at AmmunitionService.create (/Users/ghogue/Library/CloudStorage/OneDrive-InsightfulOutcomes,LLC/IS-LTD/APPS/CaliberVault/src/services/base/BaseCategoryServiceEnhanced.ts:21:29)\n' +
      '    at /Users/ghogue/Library/CloudStorage/OneDrive-InsightfulOutcomes,LLC/IS-LTD/APPS/CaliberVault/src/services/category/__tests__/AllCategories.test.ts:52:30\n' +
      '    at file:///Users/ghogue/Library/CloudStorage/OneDrive-InsightfulOutcomes,LLC/IS-LTD/APPS/CaliberVault/node_modules/@vitest/runner/dist/index.js:146:14\n' +
      '    at file:///Users/ghogue/Library/CloudStorage/OneDrive-InsightfulOutcomes,LLC/IS-LTD/APPS/CaliberVault/node_modules/@vitest/runner/dist/index.js:533:11\n' +
      '    at runWithTimeout (file:///Users/ghogue/Library/CloudStorage/OneDrive-InsightfulOutcomes,LLC/IS-LTD/APPS/CaliberVault/node_modules/@vitest/runner/dist/index.js:39:7)'
  },
  dataState: {
    name: 'Test Ammunition',
    manufacturer: 'Test Mfg',
    model: 'Test Model',
    category: 'ammunition'
  },
  url: 'http://localhost:3000/',
  userAgent: 'Mozilla/5.0 (darwin) AppleWebKit/537.36 (KHTML, like Gecko) jsdom/25.0.1'
}
Error occurred: {
  context: 'Database insert on inventory',
  technical: TypeError: __vite_ssr_import_0__.supabase.from(...).insert(...).select(...).single is not a function
      at __vite_ssr_import_1__.withDatabaseErrorHandling.operation (/Users/ghogue/Library/CloudStorage/OneDrive-InsightfulOutcomes,LLC/IS-LTD/APPS/CaliberVault/src/services/base/BaseCategoryServiceEnhanced.ts:26:10)
      at __vite_ssr_import_0__.withErrorHandling (/Users/ghogue/Library/CloudStorage/OneDrive-InsightfulOutcomes,LLC/IS-LTD/APPS/CaliberVault/src/lib/databaseErrorHandler.ts:22:35)
      at ErrorHandler.handleOperation (/Users/ghogue/Library/CloudStorage/OneDrive-InsightfulOutcomes,LLC/IS-LTD/APPS/CaliberVault/src/lib/errorHandler.ts:40:26)
      at Module.withErrorHandling (/Users/ghogue/Library/CloudStorage/OneDrive-InsightfulOutcomes,LLC/IS-LTD/APPS/CaliberVault/src/lib/errorHandler.ts:153:23)
      at Module.withDatabaseErrorHandling (/Users/ghogue/Library/CloudStorage/OneDrive-InsightfulOutcomes,LLC/IS-LTD/APPS/CaliberVault/src/lib/databaseErrorHandler.ts:21:24)
      at AmmunitionService.create (/Users/ghogue/Library/CloudStorage/OneDrive-InsightfulOutcomes,LLC/IS-LTD/APPS/CaliberVault/src/services/base/BaseCategoryServiceEnhanced.ts:21:29)
      at /Users/ghogue/Library/CloudStorage/OneDrive-InsightfulOutcomes,LLC/IS-LTD/APPS/CaliberVault/src/services/category/__tests__/AllCategories.test.ts:52:30
      at file:///Users/ghogue/Library/CloudStorage/OneDrive-InsightfulOutcomes,LLC/IS-LTD/APPS/CaliberVault/node_modules/@vitest/runner/dist/index.js:146:14
      at file:///Users/ghogue/Library/CloudStorage/OneDrive-InsightfulOutcomes,LLC/IS-LTD/APPS/CaliberVault/node_modules/@vitest/runner/dist/index.js:533:11
      at runWithTimeout (file:///Users/ghogue/Library/CloudStorage/OneDrive-InsightfulOutcomes,LLC/IS-LTD/APPS/CaliberVault/node_modules/@vitest/runner/dist/index.js:39:7),
  userFriendly: {
    title: 'Something Went Wrong',
    message: '__vite_ssr_import_0__.supabase.from(...).insert(...).select(...).single is not a function',
    action: 'Please try again. If the problem persists, contact support.'
  },
  timestamp: '2025-10-31T02:00:36.612Z'
}
Failed to store error log: TypeError: localStorage.getItem is not a function
    at ErrorHandler.storeErrorLog (/Users/ghogue/Library/CloudStorage/OneDrive-InsightfulOutcomes,LLC/IS-LTD/APPS/CaliberVault/src/lib/errorHandler.ts:103:44)
    at ErrorHandler.logDetailedError (/Users/ghogue/Library/CloudStorage/OneDrive-InsightfulOutcomes,LLC/IS-LTD/APPS/CaliberVault/src/lib/errorHandler.ts:95:10)
    at ErrorHandler.handleError (/Users/ghogue/Library/CloudStorage/OneDrive-InsightfulOutcomes,LLC/IS-LTD/APPS/CaliberVault/src/lib/errorHandler.ts:54:10)
    at ErrorHandler.handleOperation (/Users/ghogue/Library/CloudStorage/OneDrive-InsightfulOutcomes,LLC/IS-LTD/APPS/CaliberVault/src/lib/errorHandler.ts:43:19)
    at processTicksAndRejections (node:internal/process/task_queues:103:5)

stderr | src/services/category/__tests__/AllCategories.test.ts > All Category Services > AmmunitionService > should update item
❌ Operation Failed: {
  timestamp: '2025-10-31T02:00:36.613Z',
  operation: 'Database select on inventory',
  component: '[ammunition_detailsService]',
  userId: undefined,
  error: {
    message: '__vite_ssr_import_0__.supabase.from(...).select(...).eq is not a function',
    code: undefined,
    details: undefined,
    hint: undefined,
    stack: 'TypeError: __vite_ssr_import_0__.supabase.from(...).select(...).eq is not a function\n' +
      '    at __vite_ssr_import_1__.withDatabaseErrorHandling.operation (/Users/ghogue/Library/CloudStorage/OneDrive-InsightfulOutcomes,LLC/IS-LTD/APPS/CaliberVault/src/services/base/BaseCategoryServiceEnhanced.ts:146:10)\n' +
      '    at __vite_ssr_import_0__.withErrorHandling (/Users/ghogue/Library/CloudStorage/OneDrive-InsightfulOutcomes,LLC/IS-LTD/APPS/CaliberVault/src/lib/databaseErrorHandler.ts:22:35)\n' +
      '    at ErrorHandler.handleOperation (/Users/ghogue/Library/CloudStorage/OneDrive-InsightfulOutcomes,LLC/IS-LTD/APPS/CaliberVault/src/lib/errorHandler.ts:40:26)\n' +
      '    at Module.withErrorHandling (/Users/ghogue/Library/CloudStorage/OneDrive-InsightfulOutcomes,LLC/IS-LTD/APPS/CaliberVault/src/lib/errorHandler.ts:153:23)\n' +
      '    at Module.withDatabaseErrorHandling (/Users/ghogue/Library/CloudStorage/OneDrive-InsightfulOutcomes,LLC/IS-LTD/APPS/CaliberVault/src/lib/databaseErrorHandler.ts:21:24)\n' +
      '    at AmmunitionService.get (/Users/ghogue/Library/CloudStorage/OneDrive-InsightfulOutcomes,LLC/IS-LTD/APPS/CaliberVault/src/services/base/BaseCategoryServiceEnhanced.ts:142:26)\n' +
      '    at AmmunitionService.update (/Users/ghogue/Library/CloudStorage/OneDrive-InsightfulOutcomes,LLC/IS-LTD/APPS/CaliberVault/src/services/base/BaseCategoryServiceEnhanced.ts:116:17)\n' +
      '    at processTicksAndRejections (node:internal/process/task_queues:103:5)\n' +
      '    at /Users/ghogue/Library/CloudStorage/OneDrive-InsightfulOutcomes,LLC/IS-LTD/APPS/CaliberVault/src/services/category/__tests__/AllCategories.test.ts:62:9\n' +
      '    at file:///Users/ghogue/Library/CloudStorage/OneDrive-InsightfulOutcomes,LLC/IS-LTD/APPS/CaliberVault/node_modules/@vitest/runner/dist/index.js:533:5'
  },
  dataState: undefined,
  url: 'http://localhost:3000/',
  userAgent: 'Mozilla/5.0 (darwin) AppleWebKit/537.36 (KHTML, like Gecko) jsdom/25.0.1'
}
Error occurred: {
  context: 'Database select on inventory',
  technical: TypeError: __vite_ssr_import_0__.supabase.from(...).select(...).eq is not a function
      at __vite_ssr_import_1__.withDatabaseErrorHandling.operation (/Users/ghogue/Library/CloudStorage/OneDrive-InsightfulOutcomes,LLC/IS-LTD/APPS/CaliberVault/src/services/base/BaseCategoryServiceEnhanced.ts:146:10)
      at __vite_ssr_import_0__.withErrorHandling (/Users/ghogue/Library/CloudStorage/OneDrive-InsightfulOutcomes,LLC/IS-LTD/APPS/CaliberVault/src/lib/databaseErrorHandler.ts:22:35)
      at ErrorHandler.handleOperation (/Users/ghogue/Library/CloudStorage/OneDrive-InsightfulOutcomes,LLC/IS-LTD/APPS/CaliberVault/src/lib/errorHandler.ts:40:26)
      at Module.withErrorHandling (/Users/ghogue/Library/CloudStorage/OneDrive-InsightfulOutcomes,LLC/IS-LTD/APPS/CaliberVault/src/lib/errorHandler.ts:153:23)
      at Module.withDatabaseErrorHandling (/Users/ghogue/Library/CloudStorage/OneDrive-InsightfulOutcomes,LLC/IS-LTD/APPS/CaliberVault/src/lib/databaseErrorHandler.ts:21:24)
      at AmmunitionService.get (/Users/ghogue/Library/CloudStorage/OneDrive-InsightfulOutcomes,LLC/IS-LTD/APPS/CaliberVault/src/services/base/BaseCategoryServiceEnhanced.ts:142:26)
      at AmmunitionService.update (/Users/ghogue/Library/CloudStorage/OneDrive-InsightfulOutcomes,LLC/IS-LTD/APPS/CaliberVault/src/services/base/BaseCategoryServiceEnhanced.ts:116:17)
      at processTicksAndRejections (node:internal/process/task_queues:103:5)
      at /Users/ghogue/Library/CloudStorage/OneDrive-InsightfulOutcomes,LLC/IS-LTD/APPS/CaliberVault/src/services/category/__tests__/AllCategories.test.ts:62:9
      at file:///Users/ghogue/Library/CloudStorage/OneDrive-InsightfulOutcomes,LLC/IS-LTD/APPS/CaliberVault/node_modules/@vitest/runner/dist/index.js:533:5,
  userFriendly: {
    title: 'Something Went Wrong',
    message: '__vite_ssr_import_0__.supabase.from(...).select(...).eq is not a function',
    action: 'Please try again. If the problem persists, contact support.'
  },
  timestamp: '2025-10-31T02:00:36.613Z'
}
Failed to store error log: TypeError: localStorage.getItem is not a function
    at ErrorHandler.storeErrorLog (/Users/ghogue/Library/CloudStorage/OneDrive-InsightfulOutcomes,LLC/IS-LTD/APPS/CaliberVault/src/lib/errorHandler.ts:103:44)
    at ErrorHandler.logDetailedError (/Users/ghogue/Library/CloudStorage/OneDrive-InsightfulOutcomes,LLC/IS-LTD/APPS/CaliberVault/src/lib/errorHandler.ts:95:10)
    at ErrorHandler.handleError (/Users/ghogue/Library/CloudStorage/OneDrive-InsightfulOutcomes,LLC/IS-LTD/APPS/CaliberVault/src/lib/errorHandler.ts:54:10)
    at ErrorHandler.handleOperation (/Users/ghogue/Library/CloudStorage/OneDrive-InsightfulOutcomes,LLC/IS-LTD/APPS/CaliberVault/src/lib/errorHandler.ts:43:19)
    at processTicksAndRejections (node:internal/process/task_queues:103:5)

stdout | src/services/category/__tests__/AllCategories.test.ts > All Category Services > CasesService > should create item with inventory + detail tables
[case_detailsService] Creating: {
  baseData: {
    name: 'Test Cases',
    manufacturer: 'Test Mfg',
    model: 'Test Model',
    category: 'cases'
  },
  detailData: 'test-user-123'
}

stderr | src/services/category/__tests__/AllCategories.test.ts > All Category Services > CasesService > should create item with inventory + detail tables
❌ Operation Failed: {
  timestamp: '2025-10-31T02:00:36.613Z',
  operation: 'Database insert on inventory',
  component: '[case_detailsService]',
  userId: undefined,
  error: {
    message: '__vite_ssr_import_0__.supabase.from(...).insert(...).select(...).single is not a function',
    code: undefined,
    details: undefined,
    hint: undefined,
    stack: 'TypeError: __vite_ssr_import_0__.supabase.from(...).insert(...).select(...).single is not a function\n' +
      '    at __vite_ssr_import_1__.withDatabaseErrorHandling.operation (/Users/ghogue/Library/CloudStorage/OneDrive-InsightfulOutcomes,LLC/IS-LTD/APPS/CaliberVault/src/services/base/BaseCategoryServiceEnhanced.ts:26:10)\n' +
      '    at __vite_ssr_import_0__.withErrorHandling (/Users/ghogue/Library/CloudStorage/OneDrive-InsightfulOutcomes,LLC/IS-LTD/APPS/CaliberVault/src/lib/databaseErrorHandler.ts:22:35)\n' +
      '    at ErrorHandler.handleOperation (/Users/ghogue/Library/CloudStorage/OneDrive-InsightfulOutcomes,LLC/IS-LTD/APPS/CaliberVault/src/lib/errorHandler.ts:40:26)\n' +
      '    at Module.withErrorHandling (/Users/ghogue/Library/CloudStorage/OneDrive-InsightfulOutcomes,LLC/IS-LTD/APPS/CaliberVault/src/lib/errorHandler.ts:153:23)\n' +
      '    at Module.withDatabaseErrorHandling (/Users/ghogue/Library/CloudStorage/OneDrive-InsightfulOutcomes,LLC/IS-LTD/APPS/CaliberVault/src/lib/databaseErrorHandler.ts:21:24)\n' +
      '    at CasesService.create (/Users/ghogue/Library/CloudStorage/OneDrive-InsightfulOutcomes,LLC/IS-LTD/APPS/CaliberVault/src/services/base/BaseCategoryServiceEnhanced.ts:21:29)\n' +
      '    at /Users/ghogue/Library/CloudStorage/OneDrive-InsightfulOutcomes,LLC/IS-LTD/APPS/CaliberVault/src/services/category/__tests__/AllCategories.test.ts:52:30\n' +
      '    at file:///Users/ghogue/Library/CloudStorage/OneDrive-InsightfulOutcomes,LLC/IS-LTD/APPS/CaliberVault/node_modules/@vitest/runner/dist/index.js:146:14\n' +
      '    at file:///Users/ghogue/Library/CloudStorage/OneDrive-InsightfulOutcomes,LLC/IS-LTD/APPS/CaliberVault/node_modules/@vitest/runner/dist/index.js:533:11\n' +
      '    at runWithTimeout (file:///Users/ghogue/Library/CloudStorage/OneDrive-InsightfulOutcomes,LLC/IS-LTD/APPS/CaliberVault/node_modules/@vitest/runner/dist/index.js:39:7)'
  },
  dataState: {
    name: 'Test Cases',
    manufacturer: 'Test Mfg',
    model: 'Test Model',
    category: 'cases'
  },
  url: 'http://localhost:3000/',
  userAgent: 'Mozilla/5.0 (darwin) AppleWebKit/537.36 (KHTML, like Gecko) jsdom/25.0.1'
}
Error occurred: {
  context: 'Database insert on inventory',
  technical: TypeError: __vite_ssr_import_0__.supabase.from(...).insert(...).select(...).single is not a function
      at __vite_ssr_import_1__.withDatabaseErrorHandling.operation (/Users/ghogue/Library/CloudStorage/OneDrive-InsightfulOutcomes,LLC/IS-LTD/APPS/CaliberVault/src/services/base/BaseCategoryServiceEnhanced.ts:26:10)
      at __vite_ssr_import_0__.withErrorHandling (/Users/ghogue/Library/CloudStorage/OneDrive-InsightfulOutcomes,LLC/IS-LTD/APPS/CaliberVault/src/lib/databaseErrorHandler.ts:22:35)
      at ErrorHandler.handleOperation (/Users/ghogue/Library/CloudStorage/OneDrive-InsightfulOutcomes,LLC/IS-LTD/APPS/CaliberVault/src/lib/errorHandler.ts:40:26)
      at Module.withErrorHandling (/Users/ghogue/Library/CloudStorage/OneDrive-InsightfulOutcomes,LLC/IS-LTD/APPS/CaliberVault/src/lib/errorHandler.ts:153:23)
      at Module.withDatabaseErrorHandling (/Users/ghogue/Library/CloudStorage/OneDrive-InsightfulOutcomes,LLC/IS-LTD/APPS/CaliberVault/src/lib/databaseErrorHandler.ts:21:24)
      at CasesService.create (/Users/ghogue/Library/CloudStorage/OneDrive-InsightfulOutcomes,LLC/IS-LTD/APPS/CaliberVault/src/services/base/BaseCategoryServiceEnhanced.ts:21:29)
      at /Users/ghogue/Library/CloudStorage/OneDrive-InsightfulOutcomes,LLC/IS-LTD/APPS/CaliberVault/src/services/category/__tests__/AllCategories.test.ts:52:30
      at file:///Users/ghogue/Library/CloudStorage/OneDrive-InsightfulOutcomes,LLC/IS-LTD/APPS/CaliberVault/node_modules/@vitest/runner/dist/index.js:146:14
      at file:///Users/ghogue/Library/CloudStorage/OneDrive-InsightfulOutcomes,LLC/IS-LTD/APPS/CaliberVault/node_modules/@vitest/runner/dist/index.js:533:11
      at runWithTimeout (file:///Users/ghogue/Library/CloudStorage/OneDrive-InsightfulOutcomes,LLC/IS-LTD/APPS/CaliberVault/node_modules/@vitest/runner/dist/index.js:39:7),
  userFriendly: {
    title: 'Something Went Wrong',
    message: '__vite_ssr_import_0__.supabase.from(...).insert(...).select(...).single is not a function',
    action: 'Please try again. If the problem persists, contact support.'
  },
  timestamp: '2025-10-31T02:00:36.613Z'
}
Failed to store error log: TypeError: localStorage.getItem is not a function
    at ErrorHandler.storeErrorLog (/Users/ghogue/Library/CloudStorage/OneDrive-InsightfulOutcomes,LLC/IS-LTD/APPS/CaliberVault/src/lib/errorHandler.ts:103:44)
    at ErrorHandler.logDetailedError (/Users/ghogue/Library/CloudStorage/OneDrive-InsightfulOutcomes,LLC/IS-LTD/APPS/CaliberVault/src/lib/errorHandler.ts:95:10)
    at ErrorHandler.handleError (/Users/ghogue/Library/CloudStorage/OneDrive-InsightfulOutcomes,LLC/IS-LTD/APPS/CaliberVault/src/lib/errorHandler.ts:54:10)
    at ErrorHandler.handleOperation (/Users/ghogue/Library/CloudStorage/OneDrive-InsightfulOutcomes,LLC/IS-LTD/APPS/CaliberVault/src/lib/errorHandler.ts:43:19)
    at processTicksAndRejections (node:internal/process/task_queues:103:5)

stderr | src/services/category/__tests__/AllCategories.test.ts > All Category Services > CasesService > should update item
❌ Operation Failed: {
  timestamp: '2025-10-31T02:00:36.614Z',
  operation: 'Database select on inventory',
  component: '[case_detailsService]',
  userId: undefined,
  error: {
    message: '__vite_ssr_import_0__.supabase.from(...).select(...).eq is not a function',
    code: undefined,
    details: undefined,
    hint: undefined,
    stack: 'TypeError: __vite_ssr_import_0__.supabase.from(...).select(...).eq is not a function\n' +
      '    at __vite_ssr_import_1__.withDatabaseErrorHandling.operation (/Users/ghogue/Library/CloudStorage/OneDrive-InsightfulOutcomes,LLC/IS-LTD/APPS/CaliberVault/src/services/base/BaseCategoryServiceEnhanced.ts:146:10)\n' +
      '    at __vite_ssr_import_0__.withErrorHandling (/Users/ghogue/Library/CloudStorage/OneDrive-InsightfulOutcomes,LLC/IS-LTD/APPS/CaliberVault/src/lib/databaseErrorHandler.ts:22:35)\n' +
      '    at ErrorHandler.handleOperation (/Users/ghogue/Library/CloudStorage/OneDrive-InsightfulOutcomes,LLC/IS-LTD/APPS/CaliberVault/src/lib/errorHandler.ts:40:26)\n' +
      '    at Module.withErrorHandling (/Users/ghogue/Library/CloudStorage/OneDrive-InsightfulOutcomes,LLC/IS-LTD/APPS/CaliberVault/src/lib/errorHandler.ts:153:23)\n' +
      '    at Module.withDatabaseErrorHandling (/Users/ghogue/Library/CloudStorage/OneDrive-InsightfulOutcomes,LLC/IS-LTD/APPS/CaliberVault/src/lib/databaseErrorHandler.ts:21:24)\n' +
      '    at CasesService.get (/Users/ghogue/Library/CloudStorage/OneDrive-InsightfulOutcomes,LLC/IS-LTD/APPS/CaliberVault/src/services/base/BaseCategoryServiceEnhanced.ts:142:26)\n' +
      '    at CasesService.update (/Users/ghogue/Library/CloudStorage/OneDrive-InsightfulOutcomes,LLC/IS-LTD/APPS/CaliberVault/src/services/base/BaseCategoryServiceEnhanced.ts:116:17)\n' +
      '    at processTicksAndRejections (node:internal/process/task_queues:103:5)\n' +
      '    at /Users/ghogue/Library/CloudStorage/OneDrive-InsightfulOutcomes,LLC/IS-LTD/APPS/CaliberVault/src/services/category/__tests__/AllCategories.test.ts:62:9\n' +
      '    at file:///Users/ghogue/Library/CloudStorage/OneDrive-InsightfulOutcomes,LLC/IS-LTD/APPS/CaliberVault/node_modules/@vitest/runner/dist/index.js:533:5'
  },
  dataState: undefined,
  url: 'http://localhost:3000/',
  userAgent: 'Mozilla/5.0 (darwin) AppleWebKit/537.36 (KHTML, like Gecko) jsdom/25.0.1'
}
Error occurred: {
  context: 'Database select on inventory',
  technical: TypeError: __vite_ssr_import_0__.supabase.from(...).select(...).eq is not a function
      at __vite_ssr_import_1__.withDatabaseErrorHandling.operation (/Users/ghogue/Library/CloudStorage/OneDrive-InsightfulOutcomes,LLC/IS-LTD/APPS/CaliberVault/src/services/base/BaseCategoryServiceEnhanced.ts:146:10)
      at __vite_ssr_import_0__.withErrorHandling (/Users/ghogue/Library/CloudStorage/OneDrive-InsightfulOutcomes,LLC/IS-LTD/APPS/CaliberVault/src/lib/databaseErrorHandler.ts:22:35)
      at ErrorHandler.handleOperation (/Users/ghogue/Library/CloudStorage/OneDrive-InsightfulOutcomes,LLC/IS-LTD/APPS/CaliberVault/src/lib/errorHandler.ts:40:26)
      at Module.withErrorHandling (/Users/ghogue/Library/CloudStorage/OneDrive-InsightfulOutcomes,LLC/IS-LTD/APPS/CaliberVault/src/lib/errorHandler.ts:153:23)
      at Module.withDatabaseErrorHandling (/Users/ghogue/Library/CloudStorage/OneDrive-InsightfulOutcomes,LLC/IS-LTD/APPS/CaliberVault/src/lib/databaseErrorHandler.ts:21:24)
      at CasesService.get (/Users/ghogue/Library/CloudStorage/OneDrive-InsightfulOutcomes,LLC/IS-LTD/APPS/CaliberVault/src/services/base/BaseCategoryServiceEnhanced.ts:142:26)
      at CasesService.update (/Users/ghogue/Library/CloudStorage/OneDrive-InsightfulOutcomes,LLC/IS-LTD/APPS/CaliberVault/src/services/base/BaseCategoryServiceEnhanced.ts:116:17)
      at processTicksAndRejections (node:internal/process/task_queues:103:5)
      at /Users/ghogue/Library/CloudStorage/OneDrive-InsightfulOutcomes,LLC/IS-LTD/APPS/CaliberVault/src/services/category/__tests__/AllCategories.test.ts:62:9
      at file:///Users/ghogue/Library/CloudStorage/OneDrive-InsightfulOutcomes,LLC/IS-LTD/APPS/CaliberVault/node_modules/@vitest/runner/dist/index.js:533:5,
  userFriendly: {
    title: 'Something Went Wrong',
    message: '__vite_ssr_import_0__.supabase.from(...).select(...).eq is not a function',
    action: 'Please try again. If the problem persists, contact support.'
  },
  timestamp: '2025-10-31T02:00:36.614Z'
}
Failed to store error log: TypeError: localStorage.getItem is not a function
    at ErrorHandler.storeErrorLog (/Users/ghogue/Library/CloudStorage/OneDrive-InsightfulOutcomes,LLC/IS-LTD/APPS/CaliberVault/src/lib/errorHandler.ts:103:44)
    at ErrorHandler.logDetailedError (/Users/ghogue/Library/CloudStorage/OneDrive-InsightfulOutcomes,LLC/IS-LTD/APPS/CaliberVault/src/lib/errorHandler.ts:95:10)
    at ErrorHandler.handleError (/Users/ghogue/Library/CloudStorage/OneDrive-InsightfulOutcomes,LLC/IS-LTD/APPS/CaliberVault/src/lib/errorHandler.ts:54:10)
    at ErrorHandler.handleOperation (/Users/ghogue/Library/CloudStorage/OneDrive-InsightfulOutcomes,LLC/IS-LTD/APPS/CaliberVault/src/lib/errorHandler.ts:43:19)
    at processTicksAndRejections (node:internal/process/task_queues:103:5)

stdout | src/services/category/__tests__/AllCategories.test.ts > All Category Services > PowderService > should create item with inventory + detail tables
[powder_detailsService] Creating: {
  baseData: {
    name: 'Test Powder',
    manufacturer: 'Test Mfg',
    model: 'Test Model',
    category: 'powder'
  },
  detailData: 'test-user-123'
}

stderr | src/services/category/__tests__/AllCategories.test.ts > All Category Services > PowderService > should create item with inventory + detail tables
❌ Operation Failed: {
  timestamp: '2025-10-31T02:00:36.614Z',
  operation: 'Database insert on inventory',
  component: '[powder_detailsService]',
  userId: undefined,
  error: {
    message: '__vite_ssr_import_0__.supabase.from(...).insert(...).select(...).single is not a function',
    code: undefined,
    details: undefined,
    hint: undefined,
    stack: 'TypeError: __vite_ssr_import_0__.supabase.from(...).insert(...).select(...).single is not a function\n' +
      '    at __vite_ssr_import_1__.withDatabaseErrorHandling.operation (/Users/ghogue/Library/CloudStorage/OneDrive-InsightfulOutcomes,LLC/IS-LTD/APPS/CaliberVault/src/services/base/BaseCategoryServiceEnhanced.ts:26:10)\n' +
      '    at __vite_ssr_import_0__.withErrorHandling (/Users/ghogue/Library/CloudStorage/OneDrive-InsightfulOutcomes,LLC/IS-LTD/APPS/CaliberVault/src/lib/databaseErrorHandler.ts:22:35)\n' +
      '    at ErrorHandler.handleOperation (/Users/ghogue/Library/CloudStorage/OneDrive-InsightfulOutcomes,LLC/IS-LTD/APPS/CaliberVault/src/lib/errorHandler.ts:40:26)\n' +
      '    at Module.withErrorHandling (/Users/ghogue/Library/CloudStorage/OneDrive-InsightfulOutcomes,LLC/IS-LTD/APPS/CaliberVault/src/lib/errorHandler.ts:153:23)\n' +
      '    at Module.withDatabaseErrorHandling (/Users/ghogue/Library/CloudStorage/OneDrive-InsightfulOutcomes,LLC/IS-LTD/APPS/CaliberVault/src/lib/databaseErrorHandler.ts:21:24)\n' +
      '    at PowderService.create (/Users/ghogue/Library/CloudStorage/OneDrive-InsightfulOutcomes,LLC/IS-LTD/APPS/CaliberVault/src/services/base/BaseCategoryServiceEnhanced.ts:21:29)\n' +
      '    at /Users/ghogue/Library/CloudStorage/OneDrive-InsightfulOutcomes,LLC/IS-LTD/APPS/CaliberVault/src/services/category/__tests__/AllCategories.test.ts:52:30\n' +
      '    at file:///Users/ghogue/Library/CloudStorage/OneDrive-InsightfulOutcomes,LLC/IS-LTD/APPS/CaliberVault/node_modules/@vitest/runner/dist/index.js:146:14\n' +
      '    at file:///Users/ghogue/Library/CloudStorage/OneDrive-InsightfulOutcomes,LLC/IS-LTD/APPS/CaliberVault/node_modules/@vitest/runner/dist/index.js:533:11\n' +
      '    at runWithTimeout (file:///Users/ghogue/Library/CloudStorage/OneDrive-InsightfulOutcomes,LLC/IS-LTD/APPS/CaliberVault/node_modules/@vitest/runner/dist/index.js:39:7)'
  },
  dataState: {
    name: 'Test Powder',
    manufacturer: 'Test Mfg',
    model: 'Test Model',
    category: 'powder'
  },
  url: 'http://localhost:3000/',
  userAgent: 'Mozilla/5.0 (darwin) AppleWebKit/537.36 (KHTML, like Gecko) jsdom/25.0.1'
}
Error occurred: {
  context: 'Database insert on inventory',
  technical: TypeError: __vite_ssr_import_0__.supabase.from(...).insert(...).select(...).single is not a function
      at __vite_ssr_import_1__.withDatabaseErrorHandling.operation (/Users/ghogue/Library/CloudStorage/OneDrive-InsightfulOutcomes,LLC/IS-LTD/APPS/CaliberVault/src/services/base/BaseCategoryServiceEnhanced.ts:26:10)
      at __vite_ssr_import_0__.withErrorHandling (/Users/ghogue/Library/CloudStorage/OneDrive-InsightfulOutcomes,LLC/IS-LTD/APPS/CaliberVault/src/lib/databaseErrorHandler.ts:22:35)
      at ErrorHandler.handleOperation (/Users/ghogue/Library/CloudStorage/OneDrive-InsightfulOutcomes,LLC/IS-LTD/APPS/CaliberVault/src/lib/errorHandler.ts:40:26)
      at Module.withErrorHandling (/Users/ghogue/Library/CloudStorage/OneDrive-InsightfulOutcomes,LLC/IS-LTD/APPS/CaliberVault/src/lib/errorHandler.ts:153:23)
      at Module.withDatabaseErrorHandling (/Users/ghogue/Library/CloudStorage/OneDrive-InsightfulOutcomes,LLC/IS-LTD/APPS/CaliberVault/src/lib/databaseErrorHandler.ts:21:24)
      at PowderService.create (/Users/ghogue/Library/CloudStorage/OneDrive-InsightfulOutcomes,LLC/IS-LTD/APPS/CaliberVault/src/services/base/BaseCategoryServiceEnhanced.ts:21:29)
      at /Users/ghogue/Library/CloudStorage/OneDrive-InsightfulOutcomes,LLC/IS-LTD/APPS/CaliberVault/src/services/category/__tests__/AllCategories.test.ts:52:30
      at file:///Users/ghogue/Library/CloudStorage/OneDrive-InsightfulOutcomes,LLC/IS-LTD/APPS/CaliberVault/node_modules/@vitest/runner/dist/index.js:146:14
      at file:///Users/ghogue/Library/CloudStorage/OneDrive-InsightfulOutcomes,LLC/IS-LTD/APPS/CaliberVault/node_modules/@vitest/runner/dist/index.js:533:11
      at runWithTimeout (file:///Users/ghogue/Library/CloudStorage/OneDrive-InsightfulOutcomes,LLC/IS-LTD/APPS/CaliberVault/node_modules/@vitest/runner/dist/index.js:39:7),
  userFriendly: {
    title: 'Something Went Wrong',
    message: '__vite_ssr_import_0__.supabase.from(...).insert(...).select(...).single is not a function',
    action: 'Please try again. If the problem persists, contact support.'
  },
  timestamp: '2025-10-31T02:00:36.614Z'
}
Failed to store error log: TypeError: localStorage.getItem is not a function
    at ErrorHandler.storeErrorLog (/Users/ghogue/Library/CloudStorage/OneDrive-InsightfulOutcomes,LLC/IS-LTD/APPS/CaliberVault/src/lib/errorHandler.ts:103:44)
    at ErrorHandler.logDetailedError (/Users/ghogue/Library/CloudStorage/OneDrive-InsightfulOutcomes,LLC/IS-LTD/APPS/CaliberVault/src/lib/errorHandler.ts:95:10)
    at ErrorHandler.handleError (/Users/ghogue/Library/CloudStorage/OneDrive-InsightfulOutcomes,LLC/IS-LTD/APPS/CaliberVault/src/lib/errorHandler.ts:54:10)
    at ErrorHandler.handleOperation (/Users/ghogue/Library/CloudStorage/OneDrive-InsightfulOutcomes,LLC/IS-LTD/APPS/CaliberVault/src/lib/errorHandler.ts:43:19)
    at processTicksAndRejections (node:internal/process/task_queues:103:5)

stderr | src/services/category/__tests__/AllCategories.test.ts > All Category Services > PowderService > should update item
❌ Operation Failed: {
  timestamp: '2025-10-31T02:00:36.615Z',
  operation: 'Database select on inventory',
  component: '[powder_detailsService]',
  userId: undefined,
  error: {
    message: '__vite_ssr_import_0__.supabase.from(...).select(...).eq is not a function',
    code: undefined,
    details: undefined,
    hint: undefined,
    stack: 'TypeError: __vite_ssr_import_0__.supabase.from(...).select(...).eq is not a function\n' +
      '    at __vite_ssr_import_1__.withDatabaseErrorHandling.operation (/Users/ghogue/Library/CloudStorage/OneDrive-InsightfulOutcomes,LLC/IS-LTD/APPS/CaliberVault/src/services/base/BaseCategoryServiceEnhanced.ts:146:10)\n' +
      '    at __vite_ssr_import_0__.withErrorHandling (/Users/ghogue/Library/CloudStorage/OneDrive-InsightfulOutcomes,LLC/IS-LTD/APPS/CaliberVault/src/lib/databaseErrorHandler.ts:22:35)\n' +
      '    at ErrorHandler.handleOperation (/Users/ghogue/Library/CloudStorage/OneDrive-InsightfulOutcomes,LLC/IS-LTD/APPS/CaliberVault/src/lib/errorHandler.ts:40:26)\n' +
      '    at Module.withErrorHandling (/Users/ghogue/Library/CloudStorage/OneDrive-InsightfulOutcomes,LLC/IS-LTD/APPS/CaliberVault/src/lib/errorHandler.ts:153:23)\n' +
      '    at Module.withDatabaseErrorHandling (/Users/ghogue/Library/CloudStorage/OneDrive-InsightfulOutcomes,LLC/IS-LTD/APPS/CaliberVault/src/lib/databaseErrorHandler.ts:21:24)\n' +
      '    at PowderService.get (/Users/ghogue/Library/CloudStorage/OneDrive-InsightfulOutcomes,LLC/IS-LTD/APPS/CaliberVault/src/services/base/BaseCategoryServiceEnhanced.ts:142:26)\n' +
      '    at PowderService.update (/Users/ghogue/Library/CloudStorage/OneDrive-InsightfulOutcomes,LLC/IS-LTD/APPS/CaliberVault/src/services/base/BaseCategoryServiceEnhanced.ts:116:17)\n' +
      '    at processTicksAndRejections (node:internal/process/task_queues:103:5)\n' +
      '    at /Users/ghogue/Library/CloudStorage/OneDrive-InsightfulOutcomes,LLC/IS-LTD/APPS/CaliberVault/src/services/category/__tests__/AllCategories.test.ts:62:9\n' +
      '    at file:///Users/ghogue/Library/CloudStorage/OneDrive-InsightfulOutcomes,LLC/IS-LTD/APPS/CaliberVault/node_modules/@vitest/runner/dist/index.js:533:5'
  },
  dataState: undefined,
  url: 'http://localhost:3000/',
  userAgent: 'Mozilla/5.0 (darwin) AppleWebKit/537.36 (KHTML, like Gecko) jsdom/25.0.1'
}
Error occurred: {
  context: 'Database select on inventory',
  technical: TypeError: __vite_ssr_import_0__.supabase.from(...).select(...).eq is not a function
      at __vite_ssr_import_1__.withDatabaseErrorHandling.operation (/Users/ghogue/Library/CloudStorage/OneDrive-InsightfulOutcomes,LLC/IS-LTD/APPS/CaliberVault/src/services/base/BaseCategoryServiceEnhanced.ts:146:10)
      at __vite_ssr_import_0__.withErrorHandling (/Users/ghogue/Library/CloudStorage/OneDrive-InsightfulOutcomes,LLC/IS-LTD/APPS/CaliberVault/src/lib/databaseErrorHandler.ts:22:35)
      at ErrorHandler.handleOperation (/Users/ghogue/Library/CloudStorage/OneDrive-InsightfulOutcomes,LLC/IS-LTD/APPS/CaliberVault/src/lib/errorHandler.ts:40:26)
      at Module.withErrorHandling (/Users/ghogue/Library/CloudStorage/OneDrive-InsightfulOutcomes,LLC/IS-LTD/APPS/CaliberVault/src/lib/errorHandler.ts:153:23)
      at Module.withDatabaseErrorHandling (/Users/ghogue/Library/CloudStorage/OneDrive-InsightfulOutcomes,LLC/IS-LTD/APPS/CaliberVault/src/lib/databaseErrorHandler.ts:21:24)
      at PowderService.get (/Users/ghogue/Library/CloudStorage/OneDrive-InsightfulOutcomes,LLC/IS-LTD/APPS/CaliberVault/src/services/base/BaseCategoryServiceEnhanced.ts:142:26)
      at PowderService.update (/Users/ghogue/Library/CloudStorage/OneDrive-InsightfulOutcomes,LLC/IS-LTD/APPS/CaliberVault/src/services/base/BaseCategoryServiceEnhanced.ts:116:17)
      at processTicksAndRejections (node:internal/process/task_queues:103:5)
      at /Users/ghogue/Library/CloudStorage/OneDrive-InsightfulOutcomes,LLC/IS-LTD/APPS/CaliberVault/src/services/category/__tests__/AllCategories.test.ts:62:9
      at file:///Users/ghogue/Library/CloudStorage/OneDrive-InsightfulOutcomes,LLC/IS-LTD/APPS/CaliberVault/node_modules/@vitest/runner/dist/index.js:533:5,
  userFriendly: {
    title: 'Something Went Wrong',
    message: '__vite_ssr_import_0__.supabase.from(...).select(...).eq is not a function',
    action: 'Please try again. If the problem persists, contact support.'
  },
  timestamp: '2025-10-31T02:00:36.615Z'
}
Failed to store error log: TypeError: localStorage.getItem is not a function
    at ErrorHandler.storeErrorLog (/Users/ghogue/Library/CloudStorage/OneDrive-InsightfulOutcomes,LLC/IS-LTD/APPS/CaliberVault/src/lib/errorHandler.ts:103:44)
    at ErrorHandler.logDetailedError (/Users/ghogue/Library/CloudStorage/OneDrive-InsightfulOutcomes,LLC/IS-LTD/APPS/CaliberVault/src/lib/errorHandler.ts:95:10)
    at ErrorHandler.handleError (/Users/ghogue/Library/CloudStorage/OneDrive-InsightfulOutcomes,LLC/IS-LTD/APPS/CaliberVault/src/lib/errorHandler.ts:54:10)
    at ErrorHandler.handleOperation (/Users/ghogue/Library/CloudStorage/OneDrive-InsightfulOutcomes,LLC/IS-LTD/APPS/CaliberVault/src/lib/errorHandler.ts:43:19)
    at processTicksAndRejections (node:internal/process/task_queues:103:5)

stdout | src/services/category/__tests__/AllCategories.test.ts > All Category Services > PrimersService > should create item with inventory + detail tables
[primer_detailsService] Creating: {
  baseData: {
    name: 'Test Primers',
    manufacturer: 'Test Mfg',
    model: 'Test Model',
    category: 'primers'
  },
  detailData: 'test-user-123'
}

stderr | src/services/category/__tests__/AllCategories.test.ts > All Category Services > PrimersService > should create item with inventory + detail tables
❌ Operation Failed: {
  timestamp: '2025-10-31T02:00:36.615Z',
  operation: 'Database insert on inventory',
  component: '[primer_detailsService]',
  userId: undefined,
  error: {
    message: '__vite_ssr_import_0__.supabase.from(...).insert(...).select(...).single is not a function',
    code: undefined,
    details: undefined,
    hint: undefined,
    stack: 'TypeError: __vite_ssr_import_0__.supabase.from(...).insert(...).select(...).single is not a function\n' +
      '    at __vite_ssr_import_1__.withDatabaseErrorHandling.operation (/Users/ghogue/Library/CloudStorage/OneDrive-InsightfulOutcomes,LLC/IS-LTD/APPS/CaliberVault/src/services/base/BaseCategoryServiceEnhanced.ts:26:10)\n' +
      '    at __vite_ssr_import_0__.withErrorHandling (/Users/ghogue/Library/CloudStorage/OneDrive-InsightfulOutcomes,LLC/IS-LTD/APPS/CaliberVault/src/lib/databaseErrorHandler.ts:22:35)\n' +
      '    at ErrorHandler.handleOperation (/Users/ghogue/Library/CloudStorage/OneDrive-InsightfulOutcomes,LLC/IS-LTD/APPS/CaliberVault/src/lib/errorHandler.ts:40:26)\n' +
      '    at Module.withErrorHandling (/Users/ghogue/Library/CloudStorage/OneDrive-InsightfulOutcomes,LLC/IS-LTD/APPS/CaliberVault/src/lib/errorHandler.ts:153:23)\n' +
      '    at Module.withDatabaseErrorHandling (/Users/ghogue/Library/CloudStorage/OneDrive-InsightfulOutcomes,LLC/IS-LTD/APPS/CaliberVault/src/lib/databaseErrorHandler.ts:21:24)\n' +
      '    at PrimersService.create (/Users/ghogue/Library/CloudStorage/OneDrive-InsightfulOutcomes,LLC/IS-LTD/APPS/CaliberVault/src/services/base/BaseCategoryServiceEnhanced.ts:21:29)\n' +
      '    at /Users/ghogue/Library/CloudStorage/OneDrive-InsightfulOutcomes,LLC/IS-LTD/APPS/CaliberVault/src/services/category/__tests__/AllCategories.test.ts:52:30\n' +
      '    at file:///Users/ghogue/Library/CloudStorage/OneDrive-InsightfulOutcomes,LLC/IS-LTD/APPS/CaliberVault/node_modules/@vitest/runner/dist/index.js:146:14\n' +
      '    at file:///Users/ghogue/Library/CloudStorage/OneDrive-InsightfulOutcomes,LLC/IS-LTD/APPS/CaliberVault/node_modules/@vitest/runner/dist/index.js:533:11\n' +
      '    at runWithTimeout (file:///Users/ghogue/Library/CloudStorage/OneDrive-InsightfulOutcomes,LLC/IS-LTD/APPS/CaliberVault/node_modules/@vitest/runner/dist/index.js:39:7)'
  },
  dataState: {
    name: 'Test Primers',
    manufacturer: 'Test Mfg',
    model: 'Test Model',
    category: 'primers'
  },
  url: 'http://localhost:3000/',
  userAgent: 'Mozilla/5.0 (darwin) AppleWebKit/537.36 (KHTML, like Gecko) jsdom/25.0.1'
}
Error occurred: {
  context: 'Database insert on inventory',
  technical: TypeError: __vite_ssr_import_0__.supabase.from(...).insert(...).select(...).single is not a function
      at __vite_ssr_import_1__.withDatabaseErrorHandling.operation (/Users/ghogue/Library/CloudStorage/OneDrive-InsightfulOutcomes,LLC/IS-LTD/APPS/CaliberVault/src/services/base/BaseCategoryServiceEnhanced.ts:26:10)
      at __vite_ssr_import_0__.withErrorHandling (/Users/ghogue/Library/CloudStorage/OneDrive-InsightfulOutcomes,LLC/IS-LTD/APPS/CaliberVault/src/lib/databaseErrorHandler.ts:22:35)
      at ErrorHandler.handleOperation (/Users/ghogue/Library/CloudStorage/OneDrive-InsightfulOutcomes,LLC/IS-LTD/APPS/CaliberVault/src/lib/errorHandler.ts:40:26)
      at Module.withErrorHandling (/Users/ghogue/Library/CloudStorage/OneDrive-InsightfulOutcomes,LLC/IS-LTD/APPS/CaliberVault/src/lib/errorHandler.ts:153:23)
      at Module.withDatabaseErrorHandling (/Users/ghogue/Library/CloudStorage/OneDrive-InsightfulOutcomes,LLC/IS-LTD/APPS/CaliberVault/src/lib/databaseErrorHandler.ts:21:24)
      at PrimersService.create (/Users/ghogue/Library/CloudStorage/OneDrive-InsightfulOutcomes,LLC/IS-LTD/APPS/CaliberVault/src/services/base/BaseCategoryServiceEnhanced.ts:21:29)
      at /Users/ghogue/Library/CloudStorage/OneDrive-InsightfulOutcomes,LLC/IS-LTD/APPS/CaliberVault/src/services/category/__tests__/AllCategories.test.ts:52:30
      at file:///Users/ghogue/Library/CloudStorage/OneDrive-InsightfulOutcomes,LLC/IS-LTD/APPS/CaliberVault/node_modules/@vitest/runner/dist/index.js:146:14
      at file:///Users/ghogue/Library/CloudStorage/OneDrive-InsightfulOutcomes,LLC/IS-LTD/APPS/CaliberVault/node_modules/@vitest/runner/dist/index.js:533:11
      at runWithTimeout (file:///Users/ghogue/Library/CloudStorage/OneDrive-InsightfulOutcomes,LLC/IS-LTD/APPS/CaliberVault/node_modules/@vitest/runner/dist/index.js:39:7),
  userFriendly: {
    title: 'Something Went Wrong',
    message: '__vite_ssr_import_0__.supabase.from(...).insert(...).select(...).single is not a function',
    action: 'Please try again. If the problem persists, contact support.'
  },
  timestamp: '2025-10-31T02:00:36.615Z'
}
Failed to store error log: TypeError: localStorage.getItem is not a function
    at ErrorHandler.storeErrorLog (/Users/ghogue/Library/CloudStorage/OneDrive-InsightfulOutcomes,LLC/IS-LTD/APPS/CaliberVault/src/lib/errorHandler.ts:103:44)
    at ErrorHandler.logDetailedError (/Users/ghogue/Library/CloudStorage/OneDrive-InsightfulOutcomes,LLC/IS-LTD/APPS/CaliberVault/src/lib/errorHandler.ts:95:10)
    at ErrorHandler.handleError (/Users/ghogue/Library/CloudStorage/OneDrive-InsightfulOutcomes,LLC/IS-LTD/APPS/CaliberVault/src/lib/errorHandler.ts:54:10)
    at ErrorHandler.handleOperation (/Users/ghogue/Library/CloudStorage/OneDrive-InsightfulOutcomes,LLC/IS-LTD/APPS/CaliberVault/src/lib/errorHandler.ts:43:19)
    at processTicksAndRejections (node:internal/process/task_queues:103:5)

stderr | src/services/category/__tests__/AllCategories.test.ts > All Category Services > PrimersService > should update item
❌ Operation Failed: {
  timestamp: '2025-10-31T02:00:36.616Z',
  operation: 'Database select on inventory',
  component: '[primer_detailsService]',
  userId: undefined,
  error: {
    message: '__vite_ssr_import_0__.supabase.from(...).select(...).eq is not a function',
    code: undefined,
    details: undefined,
    hint: undefined,
    stack: 'TypeError: __vite_ssr_import_0__.supabase.from(...).select(...).eq is not a function\n' +
      '    at __vite_ssr_import_1__.withDatabaseErrorHandling.operation (/Users/ghogue/Library/CloudStorage/OneDrive-InsightfulOutcomes,LLC/IS-LTD/APPS/CaliberVault/src/services/base/BaseCategoryServiceEnhanced.ts:146:10)\n' +
      '    at __vite_ssr_import_0__.withErrorHandling (/Users/ghogue/Library/CloudStorage/OneDrive-InsightfulOutcomes,LLC/IS-LTD/APPS/CaliberVault/src/lib/databaseErrorHandler.ts:22:35)\n' +
      '    at ErrorHandler.handleOperation (/Users/ghogue/Library/CloudStorage/OneDrive-InsightfulOutcomes,LLC/IS-LTD/APPS/CaliberVault/src/lib/errorHandler.ts:40:26)\n' +
      '    at Module.withErrorHandling (/Users/ghogue/Library/CloudStorage/OneDrive-InsightfulOutcomes,LLC/IS-LTD/APPS/CaliberVault/src/lib/errorHandler.ts:153:23)\n' +
      '    at Module.withDatabaseErrorHandling (/Users/ghogue/Library/CloudStorage/OneDrive-InsightfulOutcomes,LLC/IS-LTD/APPS/CaliberVault/src/lib/databaseErrorHandler.ts:21:24)\n' +
      '    at PrimersService.get (/Users/ghogue/Library/CloudStorage/OneDrive-InsightfulOutcomes,LLC/IS-LTD/APPS/CaliberVault/src/services/base/BaseCategoryServiceEnhanced.ts:142:26)\n' +
      '    at PrimersService.update (/Users/ghogue/Library/CloudStorage/OneDrive-InsightfulOutcomes,LLC/IS-LTD/APPS/CaliberVault/src/services/base/BaseCategoryServiceEnhanced.ts:116:17)\n' +
      '    at processTicksAndRejections (node:internal/process/task_queues:103:5)\n' +
      '    at /Users/ghogue/Library/CloudStorage/OneDrive-InsightfulOutcomes,LLC/IS-LTD/APPS/CaliberVault/src/services/category/__tests__/AllCategories.test.ts:62:9\n' +
      '    at file:///Users/ghogue/Library/CloudStorage/OneDrive-InsightfulOutcomes,LLC/IS-LTD/APPS/CaliberVault/node_modules/@vitest/runner/dist/index.js:533:5'
  },
  dataState: undefined,
  url: 'http://localhost:3000/',
  userAgent: 'Mozilla/5.0 (darwin) AppleWebKit/537.36 (KHTML, like Gecko) jsdom/25.0.1'
}
Error occurred: {
  context: 'Database select on inventory',
  technical: TypeError: __vite_ssr_import_0__.supabase.from(...).select(...).eq is not a function
      at __vite_ssr_import_1__.withDatabaseErrorHandling.operation (/Users/ghogue/Library/CloudStorage/OneDrive-InsightfulOutcomes,LLC/IS-LTD/APPS/CaliberVault/src/services/base/BaseCategoryServiceEnhanced.ts:146:10)
      at __vite_ssr_import_0__.withErrorHandling (/Users/ghogue/Library/CloudStorage/OneDrive-InsightfulOutcomes,LLC/IS-LTD/APPS/CaliberVault/src/lib/databaseErrorHandler.ts:22:35)
      at ErrorHandler.handleOperation (/Users/ghogue/Library/CloudStorage/OneDrive-InsightfulOutcomes,LLC/IS-LTD/APPS/CaliberVault/src/lib/errorHandler.ts:40:26)
      at Module.withErrorHandling (/Users/ghogue/Library/CloudStorage/OneDrive-InsightfulOutcomes,LLC/IS-LTD/APPS/CaliberVault/src/lib/errorHandler.ts:153:23)
      at Module.withDatabaseErrorHandling (/Users/ghogue/Library/CloudStorage/OneDrive-InsightfulOutcomes,LLC/IS-LTD/APPS/CaliberVault/src/lib/databaseErrorHandler.ts:21:24)
      at PrimersService.get (/Users/ghogue/Library/CloudStorage/OneDrive-InsightfulOutcomes,LLC/IS-LTD/APPS/CaliberVault/src/services/base/BaseCategoryServiceEnhanced.ts:142:26)
      at PrimersService.update (/Users/ghogue/Library/CloudStorage/OneDrive-InsightfulOutcomes,LLC/IS-LTD/APPS/CaliberVault/src/services/base/BaseCategoryServiceEnhanced.ts:116:17)
      at processTicksAndRejections (node:internal/process/task_queues:103:5)
      at /Users/ghogue/Library/CloudStorage/OneDrive-InsightfulOutcomes,LLC/IS-LTD/APPS/CaliberVault/src/services/category/__tests__/AllCategories.test.ts:62:9
      at file:///Users/ghogue/Library/CloudStorage/OneDrive-InsightfulOutcomes,LLC/IS-LTD/APPS/CaliberVault/node_modules/@vitest/runner/dist/index.js:533:5,
  userFriendly: {
    title: 'Something Went Wrong',
    message: '__vite_ssr_import_0__.supabase.from(...).select(...).eq is not a function',
    action: 'Please try again. If the problem persists, contact support.'
  },
  timestamp: '2025-10-31T02:00:36.616Z'
}
Failed to store error log: TypeError: localStorage.getItem is not a function
    at ErrorHandler.storeErrorLog (/Users/ghogue/Library/CloudStorage/OneDrive-InsightfulOutcomes,LLC/IS-LTD/APPS/CaliberVault/src/lib/errorHandler.ts:103:44)
    at ErrorHandler.logDetailedError (/Users/ghogue/Library/CloudStorage/OneDrive-InsightfulOutcomes,LLC/IS-LTD/APPS/CaliberVault/src/lib/errorHandler.ts:95:10)
    at ErrorHandler.handleError (/Users/ghogue/Library/CloudStorage/OneDrive-InsightfulOutcomes,LLC/IS-LTD/APPS/CaliberVault/src/lib/errorHandler.ts:54:10)
    at ErrorHandler.handleOperation (/Users/ghogue/Library/CloudStorage/OneDrive-InsightfulOutcomes,LLC/IS-LTD/APPS/CaliberVault/src/lib/errorHandler.ts:43:19)
    at processTicksAndRejections (node:internal/process/task_queues:103:5)

stdout | src/services/category/__tests__/AllCategories.test.ts > All Category Services > ReloadingService > should create item with inventory + detail tables
[reloading_component_detailsService] Creating: {
  baseData: {
    name: 'Test Reloading',
    manufacturer: 'Test Mfg',
    model: 'Test Model',
    category: 'reloading'
  },
  detailData: 'test-user-123'
}

stderr | src/services/category/__tests__/AllCategories.test.ts > All Category Services > ReloadingService > should create item with inventory + detail tables
❌ Operation Failed: {
  timestamp: '2025-10-31T02:00:36.616Z',
  operation: 'Database insert on inventory',
  component: '[reloading_component_detailsService]',
  userId: undefined,
  error: {
    message: '__vite_ssr_import_0__.supabase.from(...).insert(...).select(...).single is not a function',
    code: undefined,
    details: undefined,
    hint: undefined,
    stack: 'TypeError: __vite_ssr_import_0__.supabase.from(...).insert(...).select(...).single is not a function\n' +
      '    at __vite_ssr_import_1__.withDatabaseErrorHandling.operation (/Users/ghogue/Library/CloudStorage/OneDrive-InsightfulOutcomes,LLC/IS-LTD/APPS/CaliberVault/src/services/base/BaseCategoryServiceEnhanced.ts:26:10)\n' +
      '    at __vite_ssr_import_0__.withErrorHandling (/Users/ghogue/Library/CloudStorage/OneDrive-InsightfulOutcomes,LLC/IS-LTD/APPS/CaliberVault/src/lib/databaseErrorHandler.ts:22:35)\n' +
      '    at ErrorHandler.handleOperation (/Users/ghogue/Library/CloudStorage/OneDrive-InsightfulOutcomes,LLC/IS-LTD/APPS/CaliberVault/src/lib/errorHandler.ts:40:26)\n' +
      '    at Module.withErrorHandling (/Users/ghogue/Library/CloudStorage/OneDrive-InsightfulOutcomes,LLC/IS-LTD/APPS/CaliberVault/src/lib/errorHandler.ts:153:23)\n' +
      '    at Module.withDatabaseErrorHandling (/Users/ghogue/Library/CloudStorage/OneDrive-InsightfulOutcomes,LLC/IS-LTD/APPS/CaliberVault/src/lib/databaseErrorHandler.ts:21:24)\n' +
      '    at ReloadingService.create (/Users/ghogue/Library/CloudStorage/OneDrive-InsightfulOutcomes,LLC/IS-LTD/APPS/CaliberVault/src/services/base/BaseCategoryServiceEnhanced.ts:21:29)\n' +
      '    at /Users/ghogue/Library/CloudStorage/OneDrive-InsightfulOutcomes,LLC/IS-LTD/APPS/CaliberVault/src/services/category/__tests__/AllCategories.test.ts:52:30\n' +
      '    at file:///Users/ghogue/Library/CloudStorage/OneDrive-InsightfulOutcomes,LLC/IS-LTD/APPS/CaliberVault/node_modules/@vitest/runner/dist/index.js:146:14\n' +
      '    at file:///Users/ghogue/Library/CloudStorage/OneDrive-InsightfulOutcomes,LLC/IS-LTD/APPS/CaliberVault/node_modules/@vitest/runner/dist/index.js:533:11\n' +
      '    at runWithTimeout (file:///Users/ghogue/Library/CloudStorage/OneDrive-InsightfulOutcomes,LLC/IS-LTD/APPS/CaliberVault/node_modules/@vitest/runner/dist/index.js:39:7)'
  },
  dataState: {
    name: 'Test Reloading',
    manufacturer: 'Test Mfg',
    model: 'Test Model',
    category: 'reloading'
  },
  url: 'http://localhost:3000/',
  userAgent: 'Mozilla/5.0 (darwin) AppleWebKit/537.36 (KHTML, like Gecko) jsdom/25.0.1'
}
Error occurred: {
  context: 'Database insert on inventory',
  technical: TypeError: __vite_ssr_import_0__.supabase.from(...).insert(...).select(...).single is not a function
      at __vite_ssr_import_1__.withDatabaseErrorHandling.operation (/Users/ghogue/Library/CloudStorage/OneDrive-InsightfulOutcomes,LLC/IS-LTD/APPS/CaliberVault/src/services/base/BaseCategoryServiceEnhanced.ts:26:10)
      at __vite_ssr_import_0__.withErrorHandling (/Users/ghogue/Library/CloudStorage/OneDrive-InsightfulOutcomes,LLC/IS-LTD/APPS/CaliberVault/src/lib/databaseErrorHandler.ts:22:35)
      at ErrorHandler.handleOperation (/Users/ghogue/Library/CloudStorage/OneDrive-InsightfulOutcomes,LLC/IS-LTD/APPS/CaliberVault/src/lib/errorHandler.ts:40:26)
      at Module.withErrorHandling (/Users/ghogue/Library/CloudStorage/OneDrive-InsightfulOutcomes,LLC/IS-LTD/APPS/CaliberVault/src/lib/errorHandler.ts:153:23)
      at Module.withDatabaseErrorHandling (/Users/ghogue/Library/CloudStorage/OneDrive-InsightfulOutcomes,LLC/IS-LTD/APPS/CaliberVault/src/lib/databaseErrorHandler.ts:21:24)
      at ReloadingService.create (/Users/ghogue/Library/CloudStorage/OneDrive-InsightfulOutcomes,LLC/IS-LTD/APPS/CaliberVault/src/services/base/BaseCategoryServiceEnhanced.ts:21:29)
      at /Users/ghogue/Library/CloudStorage/OneDrive-InsightfulOutcomes,LLC/IS-LTD/APPS/CaliberVault/src/services/category/__tests__/AllCategories.test.ts:52:30
      at file:///Users/ghogue/Library/CloudStorage/OneDrive-InsightfulOutcomes,LLC/IS-LTD/APPS/CaliberVault/node_modules/@vitest/runner/dist/index.js:146:14
      at file:///Users/ghogue/Library/CloudStorage/OneDrive-InsightfulOutcomes,LLC/IS-LTD/APPS/CaliberVault/node_modules/@vitest/runner/dist/index.js:533:11
      at runWithTimeout (file:///Users/ghogue/Library/CloudStorage/OneDrive-InsightfulOutcomes,LLC/IS-LTD/APPS/CaliberVault/node_modules/@vitest/runner/dist/index.js:39:7),
  userFriendly: {
    title: 'Something Went Wrong',
    message: '__vite_ssr_import_0__.supabase.from(...).insert(...).select(...).single is not a function',
    action: 'Please try again. If the problem persists, contact support.'
  },
  timestamp: '2025-10-31T02:00:36.616Z'
}
Failed to store error log: TypeError: localStorage.getItem is not a function
    at ErrorHandler.storeErrorLog (/Users/ghogue/Library/CloudStorage/OneDrive-InsightfulOutcomes,LLC/IS-LTD/APPS/CaliberVault/src/lib/errorHandler.ts:103:44)
    at ErrorHandler.logDetailedError (/Users/ghogue/Library/CloudStorage/OneDrive-InsightfulOutcomes,LLC/IS-LTD/APPS/CaliberVault/src/lib/errorHandler.ts:95:10)
    at ErrorHandler.handleError (/Users/ghogue/Library/CloudStorage/OneDrive-InsightfulOutcomes,LLC/IS-LTD/APPS/CaliberVault/src/lib/errorHandler.ts:54:10)
    at ErrorHandler.handleOperation (/Users/ghogue/Library/CloudStorage/OneDrive-InsightfulOutcomes,LLC/IS-LTD/APPS/CaliberVault/src/lib/errorHandler.ts:43:19)
    at processTicksAndRejections (node:internal/process/task_queues:103:5)

 ❯ src/services/category/__tests__/AllCategories.test.ts (40 tests | 20 failed) 20ms
   × All Category Services > FirearmsService > should create item with inventory + detail tables 8ms
     → promise rejected "Error: Failed to create inventory item: _…" instead of resolving
   × All Category Services > FirearmsService > should get items by user 0ms
     → service.getByUser is not a function
   × All Category Services > OpticsService > should create item with inventory + detail tables 1ms
     → promise rejected "Error: Failed to create inventory item: _…" instead of resolving
   × All Category Services > OpticsService > should get items by user 0ms
     → service.getByUser is not a function
   × All Category Services > SuppressorsService > should create item with inventory + detail tables 0ms
     → promise rejected "Error: Failed to create inventory item: _…" instead of resolving
   × All Category Services > SuppressorsService > should get items by user 0ms
     → service.getByUser is not a function
   × All Category Services > MagazinesService > should create item with inventory + detail tables 0ms
     → promise rejected "Error: Failed to create inventory item: _…" instead of resolving
   × All Category Services > MagazinesService > should get items by user 0ms
     → service.getByUser is not a function
   × All Category Services > AccessoriesService > should create item with inventory + detail tables 1ms
     → promise rejected "Error: Failed to create inventory item: _…" instead of resolving
   × All Category Services > AccessoriesService > should get items by user 0ms
     → service.getByUser is not a function
   × All Category Services > AmmunitionService > should create item with inventory + detail tables 0ms
     → promise rejected "Error: Failed to create inventory item: _…" instead of resolving
   × All Category Services > AmmunitionService > should get items by user 0ms
     → service.getByUser is not a function
   × All Category Services > CasesService > should create item with inventory + detail tables 0ms
     → promise rejected "Error: Failed to create inventory item: _…" instead of resolving
   × All Category Services > CasesService > should get items by user 0ms
     → service.getByUser is not a function
   × All Category Services > PowderService > should create item with inventory + detail tables 0ms
     → promise rejected "Error: Failed to create inventory item: _…" instead of resolving
   × All Category Services > PowderService > should get items by user 0ms
     → service.getByUser is not a function
   × All Category Services > PrimersService > should create item with inventory + detail tables 0ms
     → promise rejected "Error: Failed to create inventory item: _…" instead of resolving
   × All Category Services > PrimersService > should get items by user 0ms
     → service.getByUser is not a function
   × All Category Services > ReloadingService > should create item with inventory + detail tables 0ms
     → promise rejected "Error: Failed to create inventory item: _…" instead of resolving
   × All Category Services > ReloadingService > should get items by user 0ms
     → service.getByUser is not a function
stderr | src/services/category/__tests__/AllCategories.test.ts > All Category Services > ReloadingService > should update item
❌ Operation Failed: {
  timestamp: '2025-10-31T02:00:36.617Z',
  operation: 'Database select on inventory',
  component: '[reloading_component_detailsService]',
  userId: undefined,
  error: {
    message: '__vite_ssr_import_0__.supabase.from(...).select(...).eq is not a function',
    code: undefined,
    details: undefined,
    hint: undefined,
    stack: 'TypeError: __vite_ssr_import_0__.supabase.from(...).select(...).eq is not a function\n' +
      '    at __vite_ssr_import_1__.withDatabaseErrorHandling.operation (/Users/ghogue/Library/CloudStorage/OneDrive-InsightfulOutcomes,LLC/IS-LTD/APPS/CaliberVault/src/services/base/BaseCategoryServiceEnhanced.ts:146:10)\n' +
      '    at __vite_ssr_import_0__.withErrorHandling (/Users/ghogue/Library/CloudStorage/OneDrive-InsightfulOutcomes,LLC/IS-LTD/APPS/CaliberVault/src/lib/databaseErrorHandler.ts:22:35)\n' +
      '    at ErrorHandler.handleOperation (/Users/ghogue/Library/CloudStorage/OneDrive-InsightfulOutcomes,LLC/IS-LTD/APPS/CaliberVault/src/lib/errorHandler.ts:40:26)\n' +
      '    at Module.withErrorHandling (/Users/ghogue/Library/CloudStorage/OneDrive-InsightfulOutcomes,LLC/IS-LTD/APPS/CaliberVault/src/lib/errorHandler.ts:153:23)\n' +
      '    at Module.withDatabaseErrorHandling (/Users/ghogue/Library/CloudStorage/OneDrive-InsightfulOutcomes,LLC/IS-LTD/APPS/CaliberVault/src/lib/databaseErrorHandler.ts:21:24)\n' +
      '    at ReloadingService.get (/Users/ghogue/Library/CloudStorage/OneDrive-InsightfulOutcomes,LLC/IS-LTD/APPS/CaliberVault/src/services/base/BaseCategoryServiceEnhanced.ts:142:26)\n' +
      '    at ReloadingService.update (/Users/ghogue/Library/CloudStorage/OneDrive-InsightfulOutcomes,LLC/IS-LTD/APPS/CaliberVault/src/services/base/BaseCategoryServiceEnhanced.ts:116:17)\n' +
      '    at processTicksAndRejections (node:internal/process/task_queues:103:5)\n' +
      '    at /Users/ghogue/Library/CloudStorage/OneDrive-InsightfulOutcomes,LLC/IS-LTD/APPS/CaliberVault/src/services/category/__tests__/AllCategories.test.ts:62:9\n' +
      '    at file:///Users/ghogue/Library/CloudStorage/OneDrive-InsightfulOutcomes,LLC/IS-LTD/APPS/CaliberVault/node_modules/@vitest/runner/dist/index.js:533:5'
  },
  dataState: undefined,
  url: 'http://localhost:3000/',
  userAgent: 'Mozilla/5.0 (darwin) AppleWebKit/537.36 (KHTML, like Gecko) jsdom/25.0.1'
}
Error occurred: {
  context: 'Database select on inventory',
  technical: TypeError: __vite_ssr_import_0__.supabase.from(...).select(...).eq is not a function
      at __vite_ssr_import_1__.withDatabaseErrorHandling.operation (/Users/ghogue/Library/CloudStorage/OneDrive-InsightfulOutcomes,LLC/IS-LTD/APPS/CaliberVault/src/services/base/BaseCategoryServiceEnhanced.ts:146:10)
      at __vite_ssr_import_0__.withErrorHandling (/Users/ghogue/Library/CloudStorage/OneDrive-InsightfulOutcomes,LLC/IS-LTD/APPS/CaliberVault/src/lib/databaseErrorHandler.ts:22:35)
      at ErrorHandler.handleOperation (/Users/ghogue/Library/CloudStorage/OneDrive-InsightfulOutcomes,LLC/IS-LTD/APPS/CaliberVault/src/lib/errorHandler.ts:40:26)
      at Module.withErrorHandling (/Users/ghogue/Library/CloudStorage/OneDrive-InsightfulOutcomes,LLC/IS-LTD/APPS/CaliberVault/src/lib/errorHandler.ts:153:23)
      at Module.withDatabaseErrorHandling (/Users/ghogue/Library/CloudStorage/OneDrive-InsightfulOutcomes,LLC/IS-LTD/APPS/CaliberVault/src/lib/databaseErrorHandler.ts:21:24)
      at ReloadingService.get (/Users/ghogue/Library/CloudStorage/OneDrive-InsightfulOutcomes,LLC/IS-LTD/APPS/CaliberVault/src/services/base/BaseCategoryServiceEnhanced.ts:142:26)
      at ReloadingService.update (/Users/ghogue/Library/CloudStorage/OneDrive-InsightfulOutcomes,LLC/IS-LTD/APPS/CaliberVault/src/services/base/BaseCategoryServiceEnhanced.ts:116:17)
      at processTicksAndRejections (node:internal/process/task_queues:103:5)
      at /Users/ghogue/Library/CloudStorage/OneDrive-InsightfulOutcomes,LLC/IS-LTD/APPS/CaliberVault/src/services/category/__tests__/AllCategories.test.ts:62:9
      at file:///Users/ghogue/Library/CloudStorage/OneDrive-InsightfulOutcomes,LLC/IS-LTD/APPS/CaliberVault/node_modules/@vitest/runner/dist/index.js:533:5,
  userFriendly: {
    title: 'Something Went Wrong',
    message: '__vite_ssr_import_0__.supabase.from(...).select(...).eq is not a function',
    action: 'Please try again. If the problem persists, contact support.'
  },
  timestamp: '2025-10-31T02:00:36.617Z'
}
Failed to store error log: TypeError: localStorage.getItem is not a function
    at ErrorHandler.storeErrorLog (/Users/ghogue/Library/CloudStorage/OneDrive-InsightfulOutcomes,LLC/IS-LTD/APPS/CaliberVault/src/lib/errorHandler.ts:103:44)
    at ErrorHandler.logDetailedError (/Users/ghogue/Library/CloudStorage/OneDrive-InsightfulOutcomes,LLC/IS-LTD/APPS/CaliberVault/src/lib/errorHandler.ts:95:10)
    at ErrorHandler.handleError (/Users/ghogue/Library/CloudStorage/OneDrive-InsightfulOutcomes,LLC/IS-LTD/APPS/CaliberVault/src/lib/errorHandler.ts:54:10)
    at ErrorHandler.handleOperation (/Users/ghogue/Library/CloudStorage/OneDrive-InsightfulOutcomes,LLC/IS-LTD/APPS/CaliberVault/src/lib/errorHandler.ts:43:19)
    at processTicksAndRejections (node:internal/process/task_queues:103:5)

stdout | src/services/__tests__/categoryServices.test.ts > FirearmsService > should create a firearm with all fields
[firearm_detailsService] Creating: {
  baseData: {
    name: 'Test Rifle',
    manufacturer: 'Test Mfg',
    model: 'Model X',
    serialNumber: '123456',
    caliber: '.308',
    action: 'Bolt Action',
    barrelLength: '24"',
    capacity: 5
  },
  detailData: 'user123'
}

stdout | src/services/__tests__/categoryServices.test.ts > FirearmsService > should validate required fields
[firearm_detailsService] Creating: { baseData: { manufacturer: 'Test Mfg' }, detailData: 'user123' }

stdout | src/services/__tests__/categoryServices.test.ts > AmmunitionService > should create ammunition with round count
[ammunition_detailsService] Creating: {
  baseData: {
    name: 'Test Ammo',
    manufacturer: 'Federal',
    caliber: '.308',
    bulletType: 'FMJ',
    grainWeight: '150gr',
    roundCount: 500
  },
  detailData: 'user123'
}

 ❯ src/services/__tests__/categoryServices.test.ts (3 tests | 1 failed) 8ms
   × FirearmsService > should validate required fields 5ms
     → promise resolved "{ id: '123', name: 'Test Item' }" instead of rejecting
(node:10631) Warning: `--localstorage-file` was provided without a valid path
(Use `node --trace-warnings ...` to show where the warning was created)
stdout | src/test/integration/api.test.ts > API Integration Tests > REST API Endpoints > creates item via API
[firearm_detailsService] Creating: { baseData: undefined, detailData: undefined }

stderr | src/test/integration/api.test.ts > API Integration Tests > REST API Endpoints > creates item via API
❌ Operation Failed: {
  timestamp: '2025-10-31T02:00:37.666Z',
  operation: 'Database insert on inventory',
  component: '[firearm_detailsService]',
  userId: undefined,
  error: {
    message: "Cannot read properties of undefined (reading 'insert')",
    code: undefined,
    details: undefined,
    hint: undefined,
    stack: "TypeError: Cannot read properties of undefined (reading 'insert')\n" +
      '    at __vite_ssr_import_1__.withDatabaseErrorHandling.operation (/Users/ghogue/Library/CloudStorage/OneDrive-InsightfulOutcomes,LLC/IS-LTD/APPS/CaliberVault/src/services/base/BaseCategoryServiceEnhanced.ts:23:26)\n' +
      '    at __vite_ssr_import_0__.withErrorHandling (/Users/ghogue/Library/CloudStorage/OneDrive-InsightfulOutcomes,LLC/IS-LTD/APPS/CaliberVault/src/lib/databaseErrorHandler.ts:22:35)\n' +
      '    at ErrorHandler.handleOperation (/Users/ghogue/Library/CloudStorage/OneDrive-InsightfulOutcomes,LLC/IS-LTD/APPS/CaliberVault/src/lib/errorHandler.ts:40:26)\n' +
      '    at Module.withErrorHandling (/Users/ghogue/Library/CloudStorage/OneDrive-InsightfulOutcomes,LLC/IS-LTD/APPS/CaliberVault/src/lib/errorHandler.ts:153:23)\n' +
      '    at Module.withDatabaseErrorHandling (/Users/ghogue/Library/CloudStorage/OneDrive-InsightfulOutcomes,LLC/IS-LTD/APPS/CaliberVault/src/lib/databaseErrorHandler.ts:21:24)\n' +
      '    at FirearmsService.create (/Users/ghogue/Library/CloudStorage/OneDrive-InsightfulOutcomes,LLC/IS-LTD/APPS/CaliberVault/src/services/base/BaseCategoryServiceEnhanced.ts:21:29)\n' +
      '    at InventoryAPIService.create (/Users/ghogue/Library/CloudStorage/OneDrive-InsightfulOutcomes,LLC/IS-LTD/APPS/CaliberVault/src/services/api/InventoryAPIService.ts:98:34)\n' +
      '    at /Users/ghogue/Library/CloudStorage/OneDrive-InsightfulOutcomes,LLC/IS-LTD/APPS/CaliberVault/src/test/integration/api.test.ts:39:39\n' +
      '    at file:///Users/ghogue/Library/CloudStorage/OneDrive-InsightfulOutcomes,LLC/IS-LTD/APPS/CaliberVault/node_modules/@vitest/runner/dist/index.js:146:14\n' +
      '    at file:///Users/ghogue/Library/CloudStorage/OneDrive-InsightfulOutcomes,LLC/IS-LTD/APPS/CaliberVault/node_modules/@vitest/runner/dist/index.js:533:11'
  },
  dataState: undefined,
  url: 'http://localhost:3000/',
  userAgent: 'Mozilla/5.0 (darwin) AppleWebKit/537.36 (KHTML, like Gecko) jsdom/25.0.1'
}
Error occurred: {
  context: 'Database insert on inventory',
  technical: TypeError: Cannot read properties of undefined (reading 'insert')
      at __vite_ssr_import_1__.withDatabaseErrorHandling.operation (/Users/ghogue/Library/CloudStorage/OneDrive-InsightfulOutcomes,LLC/IS-LTD/APPS/CaliberVault/src/services/base/BaseCategoryServiceEnhanced.ts:23:26)
      at __vite_ssr_import_0__.withErrorHandling (/Users/ghogue/Library/CloudStorage/OneDrive-InsightfulOutcomes,LLC/IS-LTD/APPS/CaliberVault/src/lib/databaseErrorHandler.ts:22:35)
      at ErrorHandler.handleOperation (/Users/ghogue/Library/CloudStorage/OneDrive-InsightfulOutcomes,LLC/IS-LTD/APPS/CaliberVault/src/lib/errorHandler.ts:40:26)
      at Module.withErrorHandling (/Users/ghogue/Library/CloudStorage/OneDrive-InsightfulOutcomes,LLC/IS-LTD/APPS/CaliberVault/src/lib/errorHandler.ts:153:23)
      at Module.withDatabaseErrorHandling (/Users/ghogue/Library/CloudStorage/OneDrive-InsightfulOutcomes,LLC/IS-LTD/APPS/CaliberVault/src/lib/databaseErrorHandler.ts:21:24)
      at FirearmsService.create (/Users/ghogue/Library/CloudStorage/OneDrive-InsightfulOutcomes,LLC/IS-LTD/APPS/CaliberVault/src/services/base/BaseCategoryServiceEnhanced.ts:21:29)
      at InventoryAPIService.create (/Users/ghogue/Library/CloudStorage/OneDrive-InsightfulOutcomes,LLC/IS-LTD/APPS/CaliberVault/src/services/api/InventoryAPIService.ts:98:34)
      at /Users/ghogue/Library/CloudStorage/OneDrive-InsightfulOutcomes,LLC/IS-LTD/APPS/CaliberVault/src/test/integration/api.test.ts:39:39
      at file:///Users/ghogue/Library/CloudStorage/OneDrive-InsightfulOutcomes,LLC/IS-LTD/APPS/CaliberVault/node_modules/@vitest/runner/dist/index.js:146:14
      at file:///Users/ghogue/Library/CloudStorage/OneDrive-InsightfulOutcomes,LLC/IS-LTD/APPS/CaliberVault/node_modules/@vitest/runner/dist/index.js:533:11,
  userFriendly: {
    title: 'Something Went Wrong',
    message: "Cannot read properties of undefined (reading 'insert')",
    action: 'Please try again. If the problem persists, contact support.'
  },
  timestamp: '2025-10-31T02:00:37.667Z'
}
Failed to store error log: TypeError: localStorage.getItem is not a function
    at ErrorHandler.storeErrorLog (/Users/ghogue/Library/CloudStorage/OneDrive-InsightfulOutcomes,LLC/IS-LTD/APPS/CaliberVault/src/lib/errorHandler.ts:103:44)
    at ErrorHandler.logDetailedError (/Users/ghogue/Library/CloudStorage/OneDrive-InsightfulOutcomes,LLC/IS-LTD/APPS/CaliberVault/src/lib/errorHandler.ts:95:10)
    at ErrorHandler.handleError (/Users/ghogue/Library/CloudStorage/OneDrive-InsightfulOutcomes,LLC/IS-LTD/APPS/CaliberVault/src/lib/errorHandler.ts:54:10)
    at ErrorHandler.handleOperation (/Users/ghogue/Library/CloudStorage/OneDrive-InsightfulOutcomes,LLC/IS-LTD/APPS/CaliberVault/src/lib/errorHandler.ts:43:19)
    at processTicksAndRejections (node:internal/process/task_queues:103:5)

 ❯ src/test/integration/api.test.ts (5 tests | 5 failed) 9ms
   × API Integration Tests > REST API Endpoints > fetches inventory items via API 3ms
     → apiService.getAll is not a function
   × API Integration Tests > REST API Endpoints > creates item via API 5ms
     → expected { success: false, …(1) } to deeply equal { name: 'New Item', …(1) }
   × API Integration Tests > REST API Endpoints > handles API errors gracefully 0ms
     → apiService.getAll is not a function
   × API Integration Tests > Real-time Subscriptions > subscribes to inventory changes 0ms
     → Cannot read properties of undefined (reading 'mockReturnValue')
   × API Integration Tests > Batch Operations > performs batch insert 0ms
     → apiService.batchCreate is not a function
stdout | src/test/integration/comprehensive-categories.test.ts > Comprehensive Category Integration Tests > Firearms Service Integration > creates firearm with all fields
[firearm_detailsService] Creating: {
  baseData: {
    name: 'Test Rifle',
    manufacturer: 'Test Mfg',
    model: 'TR-15',
    caliber: '5.56mm',
    serial_number: 'TEST123',
    action_type: 'Semi-Auto',
    barrel_length: 16,
    overall_length: 36,
    weight: 7.5,
    capacity: 30
  },
  detailData: undefined
}

(node:10634) Warning: `--localstorage-file` was provided without a valid path
(Use `node --trace-warnings ...` to show where the warning was created)
stderr | src/test/integration/comprehensive-categories.test.ts > Comprehensive Category Integration Tests > Firearms Service Integration > creates firearm with all fields
❌ Operation Failed: {
  timestamp: '2025-10-31T02:00:37.673Z',
  operation: 'Database insert on inventory',
  component: '[firearm_detailsService]',
  userId: undefined,
  error: {
    message: "Cannot read properties of undefined (reading 'insert')",
    code: undefined,
    details: undefined,
    hint: undefined,
    stack: "TypeError: Cannot read properties of undefined (reading 'insert')\n" +
      '    at __vite_ssr_import_1__.withDatabaseErrorHandling.operation (/Users/ghogue/Library/CloudStorage/OneDrive-InsightfulOutcomes,LLC/IS-LTD/APPS/CaliberVault/src/services/base/BaseCategoryServiceEnhanced.ts:23:26)\n' +
      '    at __vite_ssr_import_0__.withErrorHandling (/Users/ghogue/Library/CloudStorage/OneDrive-InsightfulOutcomes,LLC/IS-LTD/APPS/CaliberVault/src/lib/databaseErrorHandler.ts:22:35)\n' +
      '    at ErrorHandler.handleOperation (/Users/ghogue/Library/CloudStorage/OneDrive-InsightfulOutcomes,LLC/IS-LTD/APPS/CaliberVault/src/lib/errorHandler.ts:40:26)\n' +
      '    at Module.withErrorHandling (/Users/ghogue/Library/CloudStorage/OneDrive-InsightfulOutcomes,LLC/IS-LTD/APPS/CaliberVault/src/lib/errorHandler.ts:153:23)\n' +
      '    at Module.withDatabaseErrorHandling (/Users/ghogue/Library/CloudStorage/OneDrive-InsightfulOutcomes,LLC/IS-LTD/APPS/CaliberVault/src/lib/databaseErrorHandler.ts:21:24)\n' +
      '    at FirearmsService.create (/Users/ghogue/Library/CloudStorage/OneDrive-InsightfulOutcomes,LLC/IS-LTD/APPS/CaliberVault/src/services/base/BaseCategoryServiceEnhanced.ts:21:29)\n' +
      '    at /Users/ghogue/Library/CloudStorage/OneDrive-InsightfulOutcomes,LLC/IS-LTD/APPS/CaliberVault/src/test/integration/comprehensive-categories.test.ts:37:36\n' +
      '    at file:///Users/ghogue/Library/CloudStorage/OneDrive-InsightfulOutcomes,LLC/IS-LTD/APPS/CaliberVault/node_modules/@vitest/runner/dist/index.js:146:14\n' +
      '    at file:///Users/ghogue/Library/CloudStorage/OneDrive-InsightfulOutcomes,LLC/IS-LTD/APPS/CaliberVault/node_modules/@vitest/runner/dist/index.js:533:11\n' +
      '    at runWithTimeout (file:///Users/ghogue/Library/CloudStorage/OneDrive-InsightfulOutcomes,LLC/IS-LTD/APPS/CaliberVault/node_modules/@vitest/runner/dist/index.js:39:7)'
  },
  dataState: {
    name: 'Test Rifle',
    manufacturer: 'Test Mfg',
    model: 'TR-15',
    caliber: '5.56mm',
    serial_number: 'TEST123',
    action_type: 'Semi-Auto',
    barrel_length: 16,
    overall_length: 36,
    weight: 7.5,
    capacity: 30
  },
  url: 'http://localhost:3000/',
  userAgent: 'Mozilla/5.0 (darwin) AppleWebKit/537.36 (KHTML, like Gecko) jsdom/25.0.1'
}
Error occurred: {
  context: 'Database insert on inventory',
  technical: TypeError: Cannot read properties of undefined (reading 'insert')
      at __vite_ssr_import_1__.withDatabaseErrorHandling.operation (/Users/ghogue/Library/CloudStorage/OneDrive-InsightfulOutcomes,LLC/IS-LTD/APPS/CaliberVault/src/services/base/BaseCategoryServiceEnhanced.ts:23:26)
      at __vite_ssr_import_0__.withErrorHandling (/Users/ghogue/Library/CloudStorage/OneDrive-InsightfulOutcomes,LLC/IS-LTD/APPS/CaliberVault/src/lib/databaseErrorHandler.ts:22:35)
      at ErrorHandler.handleOperation (/Users/ghogue/Library/CloudStorage/OneDrive-InsightfulOutcomes,LLC/IS-LTD/APPS/CaliberVault/src/lib/errorHandler.ts:40:26)
      at Module.withErrorHandling (/Users/ghogue/Library/CloudStorage/OneDrive-InsightfulOutcomes,LLC/IS-LTD/APPS/CaliberVault/src/lib/errorHandler.ts:153:23)
      at Module.withDatabaseErrorHandling (/Users/ghogue/Library/CloudStorage/OneDrive-InsightfulOutcomes,LLC/IS-LTD/APPS/CaliberVault/src/lib/databaseErrorHandler.ts:21:24)
      at FirearmsService.create (/Users/ghogue/Library/CloudStorage/OneDrive-InsightfulOutcomes,LLC/IS-LTD/APPS/CaliberVault/src/services/base/BaseCategoryServiceEnhanced.ts:21:29)
      at /Users/ghogue/Library/CloudStorage/OneDrive-InsightfulOutcomes,LLC/IS-LTD/APPS/CaliberVault/src/test/integration/comprehensive-categories.test.ts:37:36
      at file:///Users/ghogue/Library/CloudStorage/OneDrive-InsightfulOutcomes,LLC/IS-LTD/APPS/CaliberVault/node_modules/@vitest/runner/dist/index.js:146:14
      at file:///Users/ghogue/Library/CloudStorage/OneDrive-InsightfulOutcomes,LLC/IS-LTD/APPS/CaliberVault/node_modules/@vitest/runner/dist/index.js:533:11
      at runWithTimeout (file:///Users/ghogue/Library/CloudStorage/OneDrive-InsightfulOutcomes,LLC/IS-LTD/APPS/CaliberVault/node_modules/@vitest/runner/dist/index.js:39:7),
  userFriendly: {
    title: 'Something Went Wrong',
    message: "Cannot read properties of undefined (reading 'insert')",
    action: 'Please try again. If the problem persists, contact support.'
  },
  timestamp: '2025-10-31T02:00:37.676Z'
}
Failed to store error log: TypeError: localStorage.getItem is not a function
    at ErrorHandler.storeErrorLog (/Users/ghogue/Library/CloudStorage/OneDrive-InsightfulOutcomes,LLC/IS-LTD/APPS/CaliberVault/src/lib/errorHandler.ts:103:44)
    at ErrorHandler.logDetailedError (/Users/ghogue/Library/CloudStorage/OneDrive-InsightfulOutcomes,LLC/IS-LTD/APPS/CaliberVault/src/lib/errorHandler.ts:95:10)
    at ErrorHandler.handleError (/Users/ghogue/Library/CloudStorage/OneDrive-InsightfulOutcomes,LLC/IS-LTD/APPS/CaliberVault/src/lib/errorHandler.ts:54:10)
    at ErrorHandler.handleOperation (/Users/ghogue/Library/CloudStorage/OneDrive-InsightfulOutcomes,LLC/IS-LTD/APPS/CaliberVault/src/lib/errorHandler.ts:43:19)
    at processTicksAndRejections (node:internal/process/task_queues:103:5)

stdout | src/test/integration/comprehensive-categories.test.ts > Comprehensive Category Integration Tests > Ammunition Service Integration > creates ammunition with specifications
[ammunition_detailsService] Creating: {
  baseData: {
    name: 'Test Ammo',
    manufacturer: 'Test Ammo Co',
    caliber: '5.56mm',
    grain_weight: 55,
    bullet_type: 'FMJ',
    quantity: 1000,
    rounds_per_box: 20
  },
  detailData: undefined
}

stderr | src/test/integration/comprehensive-categories.test.ts > Comprehensive Category Integration Tests > Ammunition Service Integration > creates ammunition with specifications
❌ Operation Failed: {
  timestamp: '2025-10-31T02:00:37.677Z',
  operation: 'Database insert on inventory',
  component: '[ammunition_detailsService]',
  userId: undefined,
  error: {
    message: "Cannot read properties of undefined (reading 'insert')",
    code: undefined,
    details: undefined,
    hint: undefined,
    stack: "TypeError: Cannot read properties of undefined (reading 'insert')\n" +
      '    at __vite_ssr_import_1__.withDatabaseErrorHandling.operation (/Users/ghogue/Library/CloudStorage/OneDrive-InsightfulOutcomes,LLC/IS-LTD/APPS/CaliberVault/src/services/base/BaseCategoryServiceEnhanced.ts:23:26)\n' +
      '    at __vite_ssr_import_0__.withErrorHandling (/Users/ghogue/Library/CloudStorage/OneDrive-InsightfulOutcomes,LLC/IS-LTD/APPS/CaliberVault/src/lib/databaseErrorHandler.ts:22:35)\n' +
      '    at ErrorHandler.handleOperation (/Users/ghogue/Library/CloudStorage/OneDrive-InsightfulOutcomes,LLC/IS-LTD/APPS/CaliberVault/src/lib/errorHandler.ts:40:26)\n' +
      '    at Module.withErrorHandling (/Users/ghogue/Library/CloudStorage/OneDrive-InsightfulOutcomes,LLC/IS-LTD/APPS/CaliberVault/src/lib/errorHandler.ts:153:23)\n' +
      '    at Module.withDatabaseErrorHandling (/Users/ghogue/Library/CloudStorage/OneDrive-InsightfulOutcomes,LLC/IS-LTD/APPS/CaliberVault/src/lib/databaseErrorHandler.ts:21:24)\n' +
      '    at AmmunitionService.create (/Users/ghogue/Library/CloudStorage/OneDrive-InsightfulOutcomes,LLC/IS-LTD/APPS/CaliberVault/src/services/base/BaseCategoryServiceEnhanced.ts:21:29)\n' +
      '    at /Users/ghogue/Library/CloudStorage/OneDrive-InsightfulOutcomes,LLC/IS-LTD/APPS/CaliberVault/src/test/integration/comprehensive-categories.test.ts:61:36\n' +
      '    at file:///Users/ghogue/Library/CloudStorage/OneDrive-InsightfulOutcomes,LLC/IS-LTD/APPS/CaliberVault/node_modules/@vitest/runner/dist/index.js:146:14\n' +
      '    at file:///Users/ghogue/Library/CloudStorage/OneDrive-InsightfulOutcomes,LLC/IS-LTD/APPS/CaliberVault/node_modules/@vitest/runner/dist/index.js:533:11\n' +
      '    at runWithTimeout (file:///Users/ghogue/Library/CloudStorage/OneDrive-InsightfulOutcomes,LLC/IS-LTD/APPS/CaliberVault/node_modules/@vitest/runner/dist/index.js:39:7)'
  },
  dataState: {
    name: 'Test Ammo',
    manufacturer: 'Test Ammo Co',
    caliber: '5.56mm',
    grain_weight: 55,
    bullet_type: 'FMJ',
    quantity: 1000,
    rounds_per_box: 20
  },
  url: 'http://localhost:3000/',
  userAgent: 'Mozilla/5.0 (darwin) AppleWebKit/537.36 (KHTML, like Gecko) jsdom/25.0.1'
}
Error occurred: {
  context: 'Database insert on inventory',
  technical: TypeError: Cannot read properties of undefined (reading 'insert')
      at __vite_ssr_import_1__.withDatabaseErrorHandling.operation (/Users/ghogue/Library/CloudStorage/OneDrive-InsightfulOutcomes,LLC/IS-LTD/APPS/CaliberVault/src/services/base/BaseCategoryServiceEnhanced.ts:23:26)
      at __vite_ssr_import_0__.withErrorHandling (/Users/ghogue/Library/CloudStorage/OneDrive-InsightfulOutcomes,LLC/IS-LTD/APPS/CaliberVault/src/lib/databaseErrorHandler.ts:22:35)
      at ErrorHandler.handleOperation (/Users/ghogue/Library/CloudStorage/OneDrive-InsightfulOutcomes,LLC/IS-LTD/APPS/CaliberVault/src/lib/errorHandler.ts:40:26)
      at Module.withErrorHandling (/Users/ghogue/Library/CloudStorage/OneDrive-InsightfulOutcomes,LLC/IS-LTD/APPS/CaliberVault/src/lib/errorHandler.ts:153:23)
      at Module.withDatabaseErrorHandling (/Users/ghogue/Library/CloudStorage/OneDrive-InsightfulOutcomes,LLC/IS-LTD/APPS/CaliberVault/src/lib/databaseErrorHandler.ts:21:24)
      at AmmunitionService.create (/Users/ghogue/Library/CloudStorage/OneDrive-InsightfulOutcomes,LLC/IS-LTD/APPS/CaliberVault/src/services/base/BaseCategoryServiceEnhanced.ts:21:29)
      at /Users/ghogue/Library/CloudStorage/OneDrive-InsightfulOutcomes,LLC/IS-LTD/APPS/CaliberVault/src/test/integration/comprehensive-categories.test.ts:61:36
      at file:///Users/ghogue/Library/CloudStorage/OneDrive-InsightfulOutcomes,LLC/IS-LTD/APPS/CaliberVault/node_modules/@vitest/runner/dist/index.js:146:14
      at file:///Users/ghogue/Library/CloudStorage/OneDrive-InsightfulOutcomes,LLC/IS-LTD/APPS/CaliberVault/node_modules/@vitest/runner/dist/index.js:533:11
      at runWithTimeout (file:///Users/ghogue/Library/CloudStorage/OneDrive-InsightfulOutcomes,LLC/IS-LTD/APPS/CaliberVault/node_modules/@vitest/runner/dist/index.js:39:7),
  userFriendly: {
    title: 'Something Went Wrong',
    message: "Cannot read properties of undefined (reading 'insert')",
    action: 'Please try again. If the problem persists, contact support.'
  },
  timestamp: '2025-10-31T02:00:37.677Z'
}
Failed to store error log: TypeError: localStorage.getItem is not a function
    at ErrorHandler.storeErrorLog (/Users/ghogue/Library/CloudStorage/OneDrive-InsightfulOutcomes,LLC/IS-LTD/APPS/CaliberVault/src/lib/errorHandler.ts:103:44)
    at ErrorHandler.logDetailedError (/Users/ghogue/Library/CloudStorage/OneDrive-InsightfulOutcomes,LLC/IS-LTD/APPS/CaliberVault/src/lib/errorHandler.ts:95:10)
    at ErrorHandler.handleError (/Users/ghogue/Library/CloudStorage/OneDrive-InsightfulOutcomes,LLC/IS-LTD/APPS/CaliberVault/src/lib/errorHandler.ts:54:10)
    at ErrorHandler.handleOperation (/Users/ghogue/Library/CloudStorage/OneDrive-InsightfulOutcomes,LLC/IS-LTD/APPS/CaliberVault/src/lib/errorHandler.ts:43:19)
    at processTicksAndRejections (node:internal/process/task_queues:103:5)

 ❯ src/test/integration/comprehensive-categories.test.ts (3 tests | 2 failed) 6ms
   × Comprehensive Category Integration Tests > Firearms Service Integration > creates firearm with all fields 5ms
     → Failed to create inventory item: Cannot read properties of undefined (reading 'insert')
   × Comprehensive Category Integration Tests > Ammunition Service Integration > creates ammunition with specifications 1ms
     → Failed to create inventory item: Cannot read properties of undefined (reading 'insert')
 ❯ src/utils/__tests__/csvParser.test.ts (8 tests | 6 failed) 7ms
   × CSV Parser Tests > CSV Parsing > handles quoted fields 4ms
     → expected 'Description with quotes' to be 'Description with "quotes"' // Object.is equality
   × CSV Parser Tests > CSV Parsing > handles line breaks in quoted fields 1ms
     → expected 'Line 1' to contain '\n'
   × CSV Parser Tests > CSV Header Validation > validates required headers 0ms
     → validateCSVHeaders is not a function
   × CSV Parser Tests > CSV Header Validation > rejects missing headers 0ms
     → validateCSVHeaders is not a function
   × CSV Parser Tests > CSV Generation > converts objects to CSV 0ms
     → convertToCSV is not a function
   × CSV Parser Tests > CSV Generation > escapes special characters 0ms
     → convertToCSV is not a function
 ❯ src/test/e2e/all-11-categories-complete.spec.ts (0 test)
 ❯ src/test/e2e/comprehensive-crud-all-categories.spec.ts (0 test)
 ❯ src/test/performance/performance.spec.ts (0 test)
 ❯ src/test/security/security.spec.ts (0 test)
 ❯ src/test/e2e/filtering-and-search.spec.ts (0 test)
 ❯ src/test/visual/visual-regression.spec.ts (0 test)
 ❯ src/test/e2e/comprehensive-inventory-crud.spec.ts (0 test)
 ❯ src/utils/__tests__/csvValidator.test.ts (9 tests | 9 failed) 5ms
   × CSV Validator Tests > Row Validation > validates complete row 3ms
     → Cannot convert undefined or null to object
   × CSV Validator Tests > Row Validation > detects missing required fields 0ms
     → Cannot convert undefined or null to object
   × CSV Validator Tests > Row Validation > validates field types 0ms
     → Cannot convert undefined or null to object
   × CSV Validator Tests > Category Validation > accepts valid categories 0ms
     → validateCategory is not a function
   × CSV Validator Tests > Category Validation > rejects invalid categories 0ms
     → validateCategory is not a function
   × CSV Validator Tests > Numeric Field Validation > validates numeric values 0ms
     → validateNumericField is not a function
   × CSV Validator Tests > Numeric Field Validation > rejects non-numeric values 0ms
     → validateNumericField is not a function
   × CSV Validator Tests > Date Field Validation > validates ISO date format 0ms
     → validateDateField is not a function
   × CSV Validator Tests > Date Field Validation > rejects invalid dates 0ms
     → validateDateField is not a function
 ❯ src/test/accessibility/accessibility.spec.ts (0 test)
 ❯ src/services/api/__tests__/InventoryAPIService.test.ts (4 tests | 4 failed) 11ms
   × InventoryAPIService > list > should return success response with items 8ms
     → expected false to be true // Object.is equality
   × InventoryAPIService > list > should handle errors gracefully 2ms
     → expected '[vitest] No "ammunitionService" expor…' to be 'Database error' // Object.is equality
   × InventoryAPIService > create > should create item and return success 0ms
     → expected false to be true // Object.is equality
   × InventoryAPIService > delete > should delete item and return success 0ms
     → expected false to be true // Object.is equality
 ❯ src/services/__tests__/reports.service.test.ts (5 tests | 5 failed) 4ms
   × ReportService - Comprehensive Tests > PDF Generation > generates inventory PDF report 3ms
     → reportService.generatePDF is not a function
   × ReportService - Comprehensive Tests > PDF Generation > includes images in PDF 0ms
     → reportService.generatePDF is not a function
   × ReportService - Comprehensive Tests > PDF Generation > handles large datasets 0ms
     → reportService.generatePDF is not a function
   × ReportService - Comprehensive Tests > CSV Export > exports inventory to CSV 0ms
     → reportService.exportCSV is not a function
   × ReportService - Comprehensive Tests > CSV Export > handles special characters in CSV 0ms
     → reportService.exportCSV is not a function
 ❯ src/test/e2e/comprehensive-categories.spec.ts (0 test)
 ❯ src/test/e2e/category-filters.spec.ts (0 test)
 ✓ src/services/inventory/__tests__/ModalIntegrationService.test.ts (3 tests) 3ms
 ❯ src/test/e2e/all-categories.spec.ts (0 test)
 ❯ src/lib/__tests__/errorHandler.test.ts (6 tests | 4 failed) 5ms
   × ErrorHandler - Comprehensive Tests > Error Recovery > attempts recovery for network errors 3ms
     → ErrorHandler is not a constructor
   × ErrorHandler - Comprehensive Tests > Error Recovery > provides user-friendly error messages 0ms
     → ErrorHandler is not a constructor
   × ErrorHandler - Comprehensive Tests > Error Analytics > tracks error frequency 0ms
     → ErrorHandler is not a constructor
   × ErrorHandler - Comprehensive Tests > Error Analytics > identifies error patterns 0ms
     → ErrorHandler is not a constructor
 ❯ src/services/__tests__/team.service.test.ts (5 tests | 5 failed) 4ms
   × Team Collaboration Tests > Team Invitations > creates team invitation 3ms
     → invitationService.createInvitation is not a function
   × Team Collaboration Tests > Team Invitations > validates invitation token 0ms
     → invitationService.validateToken is not a function
   × Team Collaboration Tests > Team Invitations > accepts invitation 0ms
     → invitationService.acceptInvitation is not a function
   × Team Collaboration Tests > Permissions > checks user permissions 0ms
     → teamService.hasPermission is not a function
   × Team Collaboration Tests > Permissions > grants permissions to team member 0ms
     → teamService.grantPermission is not a function
stdout | src/services/__tests__/sync.service.test.ts > SyncService - Comprehensive Tests > Conflict Resolution > resolves conflicts using last-write-wins
[ConflictResolver] Resolving conflict: 1 Strategy: { id: '1', updated_at: '2024-01-02', value: 'B' }
[ConflictResolver] Resolving conflict: 1 Strategy: newest-wins

 ❯ src/services/__tests__/sync.service.test.ts (5 tests | 4 failed) 6ms
   × SyncService - Comprehensive Tests > Queue Management > adds items to sync queue 3ms
     → syncService.addToQueue is not a function
   × SyncService - Comprehensive Tests > Queue Management > processes queue in order 0ms
     → syncService.addToQueue is not a function
   × SyncService - Comprehensive Tests > Queue Management > retries failed operations 0ms
     → syncService.addToQueue is not a function
   × SyncService - Comprehensive Tests > Conflict Resolution > resolves conflicts using last-write-wins 1ms
     → expected undefined to be 'B' // Object.is equality
 ❯ src/hooks/__tests__/useSwipeGesture.test.ts (4 tests | 4 failed) 14ms
   × useSwipeGesture Hook Tests > detects swipe left 10ms
     → result.current.handleTouchStart is not a function
   × useSwipeGesture Hook Tests > detects swipe right 2ms
     → result.current.handleTouchStart is not a function
   × useSwipeGesture Hook Tests > requires minimum swipe distance 1ms
     → result.current.handleTouchStart is not a function
   × useSwipeGesture Hook Tests > handles vertical swipes 1ms
     → result.current.handleTouchStart is not a function
stderr | src/hooks/__tests__/useInventoryFilters.enhanced.test.ts > useInventoryFilters - Enhanced Tests > initializes with empty filters
Error: Uncaught [TypeError: Cannot destructure property 'inventory' of 'undefined' as it is undefined.]
    at reportException (/Users/ghogue/Library/CloudStorage/OneDrive-InsightfulOutcomes,LLC/IS-LTD/APPS/CaliberVault/node_modules/jsdom/lib/jsdom/living/helpers/runtime-script-errors.js:66:24)
    at innerInvokeEventListeners (/Users/ghogue/Library/CloudStorage/OneDrive-InsightfulOutcomes,LLC/IS-LTD/APPS/CaliberVault/node_modules/jsdom/lib/jsdom/living/events/EventTarget-impl.js:353:9)
    at invokeEventListeners (/Users/ghogue/Library/CloudStorage/OneDrive-InsightfulOutcomes,LLC/IS-LTD/APPS/CaliberVault/node_modules/jsdom/lib/jsdom/living/events/EventTarget-impl.js:286:3)
    at HTMLUnknownElementImpl._dispatch (/Users/ghogue/Library/CloudStorage/OneDrive-InsightfulOutcomes,LLC/IS-LTD/APPS/CaliberVault/node_modules/jsdom/lib/jsdom/living/events/EventTarget-impl.js:233:9)
    at HTMLUnknownElementImpl.dispatchEvent (/Users/ghogue/Library/CloudStorage/OneDrive-InsightfulOutcomes,LLC/IS-LTD/APPS/CaliberVault/node_modules/jsdom/lib/jsdom/living/events/EventTarget-impl.js:104:17)
    at HTMLUnknownElement.dispatchEvent (/Users/ghogue/Library/CloudStorage/OneDrive-InsightfulOutcomes,LLC/IS-LTD/APPS/CaliberVault/node_modules/jsdom/lib/jsdom/living/generated/EventTarget.js:241:34)
    at Object.invokeGuardedCallbackDev (/Users/ghogue/Library/CloudStorage/OneDrive-InsightfulOutcomes,LLC/IS-LTD/APPS/CaliberVault/node_modules/react-dom/cjs/react-dom.development.js:4213:16)
    at invokeGuardedCallback (/Users/ghogue/Library/CloudStorage/OneDrive-InsightfulOutcomes,LLC/IS-LTD/APPS/CaliberVault/node_modules/react-dom/cjs/react-dom.development.js:4277:31)
    at beginWork$1 (/Users/ghogue/Library/CloudStorage/OneDrive-InsightfulOutcomes,LLC/IS-LTD/APPS/CaliberVault/node_modules/react-dom/cjs/react-dom.development.js:27490:7)
    at performUnitOfWork (/Users/ghogue/Library/CloudStorage/OneDrive-InsightfulOutcomes,LLC/IS-LTD/APPS/CaliberVault/node_modules/react-dom/cjs/react-dom.development.js:26599:12) TypeError: Cannot destructure property 'inventory' of 'undefined' as it is undefined.
    at Module.useInventoryFilters (/Users/ghogue/Library/CloudStorage/OneDrive-InsightfulOutcomes,LLC/IS-LTD/APPS/CaliberVault/src/hooks/useInventoryFilters.ts:17:3)
    at /Users/ghogue/Library/CloudStorage/OneDrive-InsightfulOutcomes,LLC/IS-LTD/APPS/CaliberVault/src/hooks/__tests__/useInventoryFilters.enhanced.test.ts:8:41
    at TestComponent (/Users/ghogue/Library/CloudStorage/OneDrive-InsightfulOutcomes,LLC/IS-LTD/APPS/CaliberVault/node_modules/@testing-library/react/dist/pure.js:331:27)
    at renderWithHooks (/Users/ghogue/Library/CloudStorage/OneDrive-InsightfulOutcomes,LLC/IS-LTD/APPS/CaliberVault/node_modules/react-dom/cjs/react-dom.development.js:15486:18)
    at mountIndeterminateComponent (/Users/ghogue/Library/CloudStorage/OneDrive-InsightfulOutcomes,LLC/IS-LTD/APPS/CaliberVault/node_modules/react-dom/cjs/react-dom.development.js:20103:13)
    at beginWork (/Users/ghogue/Library/CloudStorage/OneDrive-InsightfulOutcomes,LLC/IS-LTD/APPS/CaliberVault/node_modules/react-dom/cjs/react-dom.development.js:21626:16)
    at HTMLUnknownElement.callCallback (/Users/ghogue/Library/CloudStorage/OneDrive-InsightfulOutcomes,LLC/IS-LTD/APPS/CaliberVault/node_modules/react-dom/cjs/react-dom.development.js:4164:14)
    at HTMLUnknownElement.callTheUserObjectsOperation (/Users/ghogue/Library/CloudStorage/OneDrive-InsightfulOutcomes,LLC/IS-LTD/APPS/CaliberVault/node_modules/jsdom/lib/jsdom/living/generated/EventListener.js:26:30)
    at innerInvokeEventListeners (/Users/ghogue/Library/CloudStorage/OneDrive-InsightfulOutcomes,LLC/IS-LTD/APPS/CaliberVault/node_modules/jsdom/lib/jsdom/living/events/EventTarget-impl.js:350:25)
    at invokeEventListeners (/Users/ghogue/Library/CloudStorage/OneDrive-InsightfulOutcomes,LLC/IS-LTD/APPS/CaliberVault/node_modules/jsdom/lib/jsdom/living/events/EventTarget-impl.js:286:3)
Error: Uncaught [TypeError: Cannot destructure property 'inventory' of 'undefined' as it is undefined.]
    at reportException (/Users/ghogue/Library/CloudStorage/OneDrive-InsightfulOutcomes,LLC/IS-LTD/APPS/CaliberVault/node_modules/jsdom/lib/jsdom/living/helpers/runtime-script-errors.js:66:24)
    at innerInvokeEventListeners (/Users/ghogue/Library/CloudStorage/OneDrive-InsightfulOutcomes,LLC/IS-LTD/APPS/CaliberVault/node_modules/jsdom/lib/jsdom/living/events/EventTarget-impl.js:353:9)
    at invokeEventListeners (/Users/ghogue/Library/CloudStorage/OneDrive-InsightfulOutcomes,LLC/IS-LTD/APPS/CaliberVault/node_modules/jsdom/lib/jsdom/living/events/EventTarget-impl.js:286:3)
    at HTMLUnknownElementImpl._dispatch (/Users/ghogue/Library/CloudStorage/OneDrive-InsightfulOutcomes,LLC/IS-LTD/APPS/CaliberVault/node_modules/jsdom/lib/jsdom/living/events/EventTarget-impl.js:233:9)
    at HTMLUnknownElementImpl.dispatchEvent (/Users/ghogue/Library/CloudStorage/OneDrive-InsightfulOutcomes,LLC/IS-LTD/APPS/CaliberVault/node_modules/jsdom/lib/jsdom/living/events/EventTarget-impl.js:104:17)
    at HTMLUnknownElement.dispatchEvent (/Users/ghogue/Library/CloudStorage/OneDrive-InsightfulOutcomes,LLC/IS-LTD/APPS/CaliberVault/node_modules/jsdom/lib/jsdom/living/generated/EventTarget.js:241:34)
    at Object.invokeGuardedCallbackDev (/Users/ghogue/Library/CloudStorage/OneDrive-InsightfulOutcomes,LLC/IS-LTD/APPS/CaliberVault/node_modules/react-dom/cjs/react-dom.development.js:4213:16)
    at invokeGuardedCallback (/Users/ghogue/Library/CloudStorage/OneDrive-InsightfulOutcomes,LLC/IS-LTD/APPS/CaliberVault/node_modules/react-dom/cjs/react-dom.development.js:4277:31)
    at beginWork$1 (/Users/ghogue/Library/CloudStorage/OneDrive-InsightfulOutcomes,LLC/IS-LTD/APPS/CaliberVault/node_modules/react-dom/cjs/react-dom.development.js:27490:7)
    at performUnitOfWork (/Users/ghogue/Library/CloudStorage/OneDrive-InsightfulOutcomes,LLC/IS-LTD/APPS/CaliberVault/node_modules/react-dom/cjs/react-dom.development.js:26599:12) TypeError: Cannot destructure property 'inventory' of 'undefined' as it is undefined.
    at Module.useInventoryFilters (/Users/ghogue/Library/CloudStorage/OneDrive-InsightfulOutcomes,LLC/IS-LTD/APPS/CaliberVault/src/hooks/useInventoryFilters.ts:17:3)
    at /Users/ghogue/Library/CloudStorage/OneDrive-InsightfulOutcomes,LLC/IS-LTD/APPS/CaliberVault/src/hooks/__tests__/useInventoryFilters.enhanced.test.ts:8:41
    at TestComponent (/Users/ghogue/Library/CloudStorage/OneDrive-InsightfulOutcomes,LLC/IS-LTD/APPS/CaliberVault/node_modules/@testing-library/react/dist/pure.js:331:27)
    at renderWithHooks (/Users/ghogue/Library/CloudStorage/OneDrive-InsightfulOutcomes,LLC/IS-LTD/APPS/CaliberVault/node_modules/react-dom/cjs/react-dom.development.js:15486:18)
    at mountIndeterminateComponent (/Users/ghogue/Library/CloudStorage/OneDrive-InsightfulOutcomes,LLC/IS-LTD/APPS/CaliberVault/node_modules/react-dom/cjs/react-dom.development.js:20103:13)
    at beginWork (/Users/ghogue/Library/CloudStorage/OneDrive-InsightfulOutcomes,LLC/IS-LTD/APPS/CaliberVault/node_modules/react-dom/cjs/react-dom.development.js:21626:16)
    at HTMLUnknownElement.callCallback (/Users/ghogue/Library/CloudStorage/OneDrive-InsightfulOutcomes,LLC/IS-LTD/APPS/CaliberVault/node_modules/react-dom/cjs/react-dom.development.js:4164:14)
    at HTMLUnknownElement.callTheUserObjectsOperation (/Users/ghogue/Library/CloudStorage/OneDrive-InsightfulOutcomes,LLC/IS-LTD/APPS/CaliberVault/node_modules/jsdom/lib/jsdom/living/generated/EventListener.js:26:30)
    at innerInvokeEventListeners (/Users/ghogue/Library/CloudStorage/OneDrive-InsightfulOutcomes,LLC/IS-LTD/APPS/CaliberVault/node_modules/jsdom/lib/jsdom/living/events/EventTarget-impl.js:350:25)
    at invokeEventListeners (/Users/ghogue/Library/CloudStorage/OneDrive-InsightfulOutcomes,LLC/IS-LTD/APPS/CaliberVault/node_modules/jsdom/lib/jsdom/living/events/EventTarget-impl.js:286:3)
The above error occurred in the <TestComponent> component:

    at TestComponent (/Users/ghogue/Library/CloudStorage/OneDrive-InsightfulOutcomes,LLC/IS-LTD/APPS/CaliberVault/node_modules/@testing-library/react/dist/pure.js:329:5)

Consider adding an error boundary to your tree to customize error handling behavior.
Visit https://reactjs.org/link/error-boundaries to learn more about error boundaries.

stderr | src/hooks/__tests__/useInventoryFilters.enhanced.test.ts > useInventoryFilters - Enhanced Tests > sets category filter
Error: Uncaught [TypeError: Cannot destructure property 'inventory' of 'undefined' as it is undefined.]
    at reportException (/Users/ghogue/Library/CloudStorage/OneDrive-InsightfulOutcomes,LLC/IS-LTD/APPS/CaliberVault/node_modules/jsdom/lib/jsdom/living/helpers/runtime-script-errors.js:66:24)
    at innerInvokeEventListeners (/Users/ghogue/Library/CloudStorage/OneDrive-InsightfulOutcomes,LLC/IS-LTD/APPS/CaliberVault/node_modules/jsdom/lib/jsdom/living/events/EventTarget-impl.js:353:9)
    at invokeEventListeners (/Users/ghogue/Library/CloudStorage/OneDrive-InsightfulOutcomes,LLC/IS-LTD/APPS/CaliberVault/node_modules/jsdom/lib/jsdom/living/events/EventTarget-impl.js:286:3)
    at HTMLUnknownElementImpl._dispatch (/Users/ghogue/Library/CloudStorage/OneDrive-InsightfulOutcomes,LLC/IS-LTD/APPS/CaliberVault/node_modules/jsdom/lib/jsdom/living/events/EventTarget-impl.js:233:9)
    at HTMLUnknownElementImpl.dispatchEvent (/Users/ghogue/Library/CloudStorage/OneDrive-InsightfulOutcomes,LLC/IS-LTD/APPS/CaliberVault/node_modules/jsdom/lib/jsdom/living/events/EventTarget-impl.js:104:17)
    at HTMLUnknownElement.dispatchEvent (/Users/ghogue/Library/CloudStorage/OneDrive-InsightfulOutcomes,LLC/IS-LTD/APPS/CaliberVault/node_modules/jsdom/lib/jsdom/living/generated/EventTarget.js:241:34)
    at Object.invokeGuardedCallbackDev (/Users/ghogue/Library/CloudStorage/OneDrive-InsightfulOutcomes,LLC/IS-LTD/APPS/CaliberVault/node_modules/react-dom/cjs/react-dom.development.js:4213:16)
    at invokeGuardedCallback (/Users/ghogue/Library/CloudStorage/OneDrive-InsightfulOutcomes,LLC/IS-LTD/APPS/CaliberVault/node_modules/react-dom/cjs/react-dom.development.js:4277:31)
    at beginWork$1 (/Users/ghogue/Library/CloudStorage/OneDrive-InsightfulOutcomes,LLC/IS-LTD/APPS/CaliberVault/node_modules/react-dom/cjs/react-dom.development.js:27490:7)
    at performUnitOfWork (/Users/ghogue/Library/CloudStorage/OneDrive-InsightfulOutcomes,LLC/IS-LTD/APPS/CaliberVault/node_modules/react-dom/cjs/react-dom.development.js:26599:12) TypeError: Cannot destructure property 'inventory' of 'undefined' as it is undefined.
    at Module.useInventoryFilters (/Users/ghogue/Library/CloudStorage/OneDrive-InsightfulOutcomes,LLC/IS-LTD/APPS/CaliberVault/src/hooks/useInventoryFilters.ts:17:3)
    at /Users/ghogue/Library/CloudStorage/OneDrive-InsightfulOutcomes,LLC/IS-LTD/APPS/CaliberVault/src/hooks/__tests__/useInventoryFilters.enhanced.test.ts:13:41
    at TestComponent (/Users/ghogue/Library/CloudStorage/OneDrive-InsightfulOutcomes,LLC/IS-LTD/APPS/CaliberVault/node_modules/@testing-library/react/dist/pure.js:331:27)
    at renderWithHooks (/Users/ghogue/Library/CloudStorage/OneDrive-InsightfulOutcomes,LLC/IS-LTD/APPS/CaliberVault/node_modules/react-dom/cjs/react-dom.development.js:15486:18)
    at mountIndeterminateComponent (/Users/ghogue/Library/CloudStorage/OneDrive-InsightfulOutcomes,LLC/IS-LTD/APPS/CaliberVault/node_modules/react-dom/cjs/react-dom.development.js:20103:13)
    at beginWork (/Users/ghogue/Library/CloudStorage/OneDrive-InsightfulOutcomes,LLC/IS-LTD/APPS/CaliberVault/node_modules/react-dom/cjs/react-dom.development.js:21626:16)
    at HTMLUnknownElement.callCallback (/Users/ghogue/Library/CloudStorage/OneDrive-InsightfulOutcomes,LLC/IS-LTD/APPS/CaliberVault/node_modules/react-dom/cjs/react-dom.development.js:4164:14)
    at HTMLUnknownElement.callTheUserObjectsOperation (/Users/ghogue/Library/CloudStorage/OneDrive-InsightfulOutcomes,LLC/IS-LTD/APPS/CaliberVault/node_modules/jsdom/lib/jsdom/living/generated/EventListener.js:26:30)
    at innerInvokeEventListeners (/Users/ghogue/Library/CloudStorage/OneDrive-InsightfulOutcomes,LLC/IS-LTD/APPS/CaliberVault/node_modules/jsdom/lib/jsdom/living/events/EventTarget-impl.js:350:25)
    at invokeEventListeners (/Users/ghogue/Library/CloudStorage/OneDrive-InsightfulOutcomes,LLC/IS-LTD/APPS/CaliberVault/node_modules/jsdom/lib/jsdom/living/events/EventTarget-impl.js:286:3)
Error: Uncaught [TypeError: Cannot destructure property 'inventory' of 'undefined' as it is undefined.]
    at reportException (/Users/ghogue/Library/CloudStorage/OneDrive-InsightfulOutcomes,LLC/IS-LTD/APPS/CaliberVault/node_modules/jsdom/lib/jsdom/living/helpers/runtime-script-errors.js:66:24)
    at innerInvokeEventListeners (/Users/ghogue/Library/CloudStorage/OneDrive-InsightfulOutcomes,LLC/IS-LTD/APPS/CaliberVault/node_modules/jsdom/lib/jsdom/living/events/EventTarget-impl.js:353:9)
    at invokeEventListeners (/Users/ghogue/Library/CloudStorage/OneDrive-InsightfulOutcomes,LLC/IS-LTD/APPS/CaliberVault/node_modules/jsdom/lib/jsdom/living/events/EventTarget-impl.js:286:3)
    at HTMLUnknownElementImpl._dispatch (/Users/ghogue/Library/CloudStorage/OneDrive-InsightfulOutcomes,LLC/IS-LTD/APPS/CaliberVault/node_modules/jsdom/lib/jsdom/living/events/EventTarget-impl.js:233:9)
    at HTMLUnknownElementImpl.dispatchEvent (/Users/ghogue/Library/CloudStorage/OneDrive-InsightfulOutcomes,LLC/IS-LTD/APPS/CaliberVault/node_modules/jsdom/lib/jsdom/living/events/EventTarget-impl.js:104:17)
    at HTMLUnknownElement.dispatchEvent (/Users/ghogue/Library/CloudStorage/OneDrive-InsightfulOutcomes,LLC/IS-LTD/APPS/CaliberVault/node_modules/jsdom/lib/jsdom/living/generated/EventTarget.js:241:34)
    at Object.invokeGuardedCallbackDev (/Users/ghogue/Library/CloudStorage/OneDrive-InsightfulOutcomes,LLC/IS-LTD/APPS/CaliberVault/node_modules/react-dom/cjs/react-dom.development.js:4213:16)
    at invokeGuardedCallback (/Users/ghogue/Library/CloudStorage/OneDrive-InsightfulOutcomes,LLC/IS-LTD/APPS/CaliberVault/node_modules/react-dom/cjs/react-dom.development.js:4277:31)
    at beginWork$1 (/Users/ghogue/Library/CloudStorage/OneDrive-InsightfulOutcomes,LLC/IS-LTD/APPS/CaliberVault/node_modules/react-dom/cjs/react-dom.development.js:27490:7)
    at performUnitOfWork (/Users/ghogue/Library/CloudStorage/OneDrive-InsightfulOutcomes,LLC/IS-LTD/APPS/CaliberVault/node_modules/react-dom/cjs/react-dom.development.js:26599:12) TypeError: Cannot destructure property 'inventory' of 'undefined' as it is undefined.
    at Module.useInventoryFilters (/Users/ghogue/Library/CloudStorage/OneDrive-InsightfulOutcomes,LLC/IS-LTD/APPS/CaliberVault/src/hooks/useInventoryFilters.ts:17:3)
    at /Users/ghogue/Library/CloudStorage/OneDrive-InsightfulOutcomes,LLC/IS-LTD/APPS/CaliberVault/src/hooks/__tests__/useInventoryFilters.enhanced.test.ts:13:41
    at TestComponent (/Users/ghogue/Library/CloudStorage/OneDrive-InsightfulOutcomes,LLC/IS-LTD/APPS/CaliberVault/node_modules/@testing-library/react/dist/pure.js:331:27)
    at renderWithHooks (/Users/ghogue/Library/CloudStorage/OneDrive-InsightfulOutcomes,LLC/IS-LTD/APPS/CaliberVault/node_modules/react-dom/cjs/react-dom.development.js:15486:18)
    at mountIndeterminateComponent (/Users/ghogue/Library/CloudStorage/OneDrive-InsightfulOutcomes,LLC/IS-LTD/APPS/CaliberVault/node_modules/react-dom/cjs/react-dom.development.js:20103:13)
    at beginWork (/Users/ghogue/Library/CloudStorage/OneDrive-InsightfulOutcomes,LLC/IS-LTD/APPS/CaliberVault/node_modules/react-dom/cjs/react-dom.development.js:21626:16)
    at HTMLUnknownElement.callCallback (/Users/ghogue/Library/CloudStorage/OneDrive-InsightfulOutcomes,LLC/IS-LTD/APPS/CaliberVault/node_modules/react-dom/cjs/react-dom.development.js:4164:14)
    at HTMLUnknownElement.callTheUserObjectsOperation (/Users/ghogue/Library/CloudStorage/OneDrive-InsightfulOutcomes,LLC/IS-LTD/APPS/CaliberVault/node_modules/jsdom/lib/jsdom/living/generated/EventListener.js:26:30)
    at innerInvokeEventListeners (/Users/ghogue/Library/CloudStorage/OneDrive-InsightfulOutcomes,LLC/IS-LTD/APPS/CaliberVault/node_modules/jsdom/lib/jsdom/living/events/EventTarget-impl.js:350:25)
    at invokeEventListeners (/Users/ghogue/Library/CloudStorage/OneDrive-InsightfulOutcomes,LLC/IS-LTD/APPS/CaliberVault/node_modules/jsdom/lib/jsdom/living/events/EventTarget-impl.js:286:3)
The above error occurred in the <TestComponent> component:

    at TestComponent (/Users/ghogue/Library/CloudStorage/OneDrive-InsightfulOutcomes,LLC/IS-LTD/APPS/CaliberVault/node_modules/@testing-library/react/dist/pure.js:329:5)

Consider adding an error boundary to your tree to customize error handling behavior.
Visit https://reactjs.org/link/error-boundaries to learn more about error boundaries.

stderr | src/hooks/__tests__/useInventoryFilters.enhanced.test.ts > useInventoryFilters - Enhanced Tests > filters items by category
Error: Uncaught [TypeError: Cannot destructure property 'inventory' of 'undefined' as it is undefined.]
    at reportException (/Users/ghogue/Library/CloudStorage/OneDrive-InsightfulOutcomes,LLC/IS-LTD/APPS/CaliberVault/node_modules/jsdom/lib/jsdom/living/helpers/runtime-script-errors.js:66:24)
    at innerInvokeEventListeners (/Users/ghogue/Library/CloudStorage/OneDrive-InsightfulOutcomes,LLC/IS-LTD/APPS/CaliberVault/node_modules/jsdom/lib/jsdom/living/events/EventTarget-impl.js:353:9)
    at invokeEventListeners (/Users/ghogue/Library/CloudStorage/OneDrive-InsightfulOutcomes,LLC/IS-LTD/APPS/CaliberVault/node_modules/jsdom/lib/jsdom/living/events/EventTarget-impl.js:286:3)
    at HTMLUnknownElementImpl._dispatch (/Users/ghogue/Library/CloudStorage/OneDrive-InsightfulOutcomes,LLC/IS-LTD/APPS/CaliberVault/node_modules/jsdom/lib/jsdom/living/events/EventTarget-impl.js:233:9)
    at HTMLUnknownElementImpl.dispatchEvent (/Users/ghogue/Library/CloudStorage/OneDrive-InsightfulOutcomes,LLC/IS-LTD/APPS/CaliberVault/node_modules/jsdom/lib/jsdom/living/events/EventTarget-impl.js:104:17)
    at HTMLUnknownElement.dispatchEvent (/Users/ghogue/Library/CloudStorage/OneDrive-InsightfulOutcomes,LLC/IS-LTD/APPS/CaliberVault/node_modules/jsdom/lib/jsdom/living/generated/EventTarget.js:241:34)
    at Object.invokeGuardedCallbackDev (/Users/ghogue/Library/CloudStorage/OneDrive-InsightfulOutcomes,LLC/IS-LTD/APPS/CaliberVault/node_modules/react-dom/cjs/react-dom.development.js:4213:16)
    at invokeGuardedCallback (/Users/ghogue/Library/CloudStorage/OneDrive-InsightfulOutcomes,LLC/IS-LTD/APPS/CaliberVault/node_modules/react-dom/cjs/react-dom.development.js:4277:31)
    at beginWork$1 (/Users/ghogue/Library/CloudStorage/OneDrive-InsightfulOutcomes,LLC/IS-LTD/APPS/CaliberVault/node_modules/react-dom/cjs/react-dom.development.js:27490:7)
    at performUnitOfWork (/Users/ghogue/Library/CloudStorage/OneDrive-InsightfulOutcomes,LLC/IS-LTD/APPS/CaliberVault/node_modules/react-dom/cjs/react-dom.development.js:26599:12) TypeError: Cannot destructure property 'inventory' of 'undefined' as it is undefined.
    at Module.useInventoryFilters (/Users/ghogue/Library/CloudStorage/OneDrive-InsightfulOutcomes,LLC/IS-LTD/APPS/CaliberVault/src/hooks/useInventoryFilters.ts:17:3)
    at /Users/ghogue/Library/CloudStorage/OneDrive-InsightfulOutcomes,LLC/IS-LTD/APPS/CaliberVault/src/hooks/__tests__/useInventoryFilters.enhanced.test.ts:24:41
    at TestComponent (/Users/ghogue/Library/CloudStorage/OneDrive-InsightfulOutcomes,LLC/IS-LTD/APPS/CaliberVault/node_modules/@testing-library/react/dist/pure.js:331:27)
    at renderWithHooks (/Users/ghogue/Library/CloudStorage/OneDrive-InsightfulOutcomes,LLC/IS-LTD/APPS/CaliberVault/node_modules/react-dom/cjs/react-dom.development.js:15486:18)
    at mountIndeterminateComponent (/Users/ghogue/Library/CloudStorage/OneDrive-InsightfulOutcomes,LLC/IS-LTD/APPS/CaliberVault/node_modules/react-dom/cjs/react-dom.development.js:20103:13)
    at beginWork (/Users/ghogue/Library/CloudStorage/OneDrive-InsightfulOutcomes,LLC/IS-LTD/APPS/CaliberVault/node_modules/react-dom/cjs/react-dom.development.js:21626:16)
    at HTMLUnknownElement.callCallback (/Users/ghogue/Library/CloudStorage/OneDrive-InsightfulOutcomes,LLC/IS-LTD/APPS/CaliberVault/node_modules/react-dom/cjs/react-dom.development.js:4164:14)
    at HTMLUnknownElement.callTheUserObjectsOperation (/Users/ghogue/Library/CloudStorage/OneDrive-InsightfulOutcomes,LLC/IS-LTD/APPS/CaliberVault/node_modules/jsdom/lib/jsdom/living/generated/EventListener.js:26:30)
    at innerInvokeEventListeners (/Users/ghogue/Library/CloudStorage/OneDrive-InsightfulOutcomes,LLC/IS-LTD/APPS/CaliberVault/node_modules/jsdom/lib/jsdom/living/events/EventTarget-impl.js:350:25)
    at invokeEventListeners (/Users/ghogue/Library/CloudStorage/OneDrive-InsightfulOutcomes,LLC/IS-LTD/APPS/CaliberVault/node_modules/jsdom/lib/jsdom/living/events/EventTarget-impl.js:286:3)
Error: Uncaught [TypeError: Cannot destructure property 'inventory' of 'undefined' as it is undefined.]
    at reportException (/Users/ghogue/Library/CloudStorage/OneDrive-InsightfulOutcomes,LLC/IS-LTD/APPS/CaliberVault/node_modules/jsdom/lib/jsdom/living/helpers/runtime-script-errors.js:66:24)
    at innerInvokeEventListeners (/Users/ghogue/Library/CloudStorage/OneDrive-InsightfulOutcomes,LLC/IS-LTD/APPS/CaliberVault/node_modules/jsdom/lib/jsdom/living/events/EventTarget-impl.js:353:9)
    at invokeEventListeners (/Users/ghogue/Library/CloudStorage/OneDrive-InsightfulOutcomes,LLC/IS-LTD/APPS/CaliberVault/node_modules/jsdom/lib/jsdom/living/events/EventTarget-impl.js:286:3)
    at HTMLUnknownElementImpl._dispatch (/Users/ghogue/Library/CloudStorage/OneDrive-InsightfulOutcomes,LLC/IS-LTD/APPS/CaliberVault/node_modules/jsdom/lib/jsdom/living/events/EventTarget-impl.js:233:9)
    at HTMLUnknownElementImpl.dispatchEvent (/Users/ghogue/Library/CloudStorage/OneDrive-InsightfulOutcomes,LLC/IS-LTD/APPS/CaliberVault/node_modules/jsdom/lib/jsdom/living/events/EventTarget-impl.js:104:17)
    at HTMLUnknownElement.dispatchEvent (/Users/ghogue/Library/CloudStorage/OneDrive-InsightfulOutcomes,LLC/IS-LTD/APPS/CaliberVault/node_modules/jsdom/lib/jsdom/living/generated/EventTarget.js:241:34)
    at Object.invokeGuardedCallbackDev (/Users/ghogue/Library/CloudStorage/OneDrive-InsightfulOutcomes,LLC/IS-LTD/APPS/CaliberVault/node_modules/react-dom/cjs/react-dom.development.js:4213:16)
    at invokeGuardedCallback (/Users/ghogue/Library/CloudStorage/OneDrive-InsightfulOutcomes,LLC/IS-LTD/APPS/CaliberVault/node_modules/react-dom/cjs/react-dom.development.js:4277:31)
    at beginWork$1 (/Users/ghogue/Library/CloudStorage/OneDrive-InsightfulOutcomes,LLC/IS-LTD/APPS/CaliberVault/node_modules/react-dom/cjs/react-dom.development.js:27490:7)
    at performUnitOfWork (/Users/ghogue/Library/CloudStorage/OneDrive-InsightfulOutcomes,LLC/IS-LTD/APPS/CaliberVault/node_modules/react-dom/cjs/react-dom.development.js:26599:12) TypeError: Cannot destructure property 'inventory' of 'undefined' as it is undefined.
    at Module.useInventoryFilters (/Users/ghogue/Library/CloudStorage/OneDrive-InsightfulOutcomes,LLC/IS-LTD/APPS/CaliberVault/src/hooks/useInventoryFilters.ts:17:3)
    at /Users/ghogue/Library/CloudStorage/OneDrive-InsightfulOutcomes,LLC/IS-LTD/APPS/CaliberVault/src/hooks/__tests__/useInventoryFilters.enhanced.test.ts:24:41
    at TestComponent (/Users/ghogue/Library/CloudStorage/OneDrive-InsightfulOutcomes,LLC/IS-LTD/APPS/CaliberVault/node_modules/@testing-library/react/dist/pure.js:331:27)
    at renderWithHooks (/Users/ghogue/Library/CloudStorage/OneDrive-InsightfulOutcomes,LLC/IS-LTD/APPS/CaliberVault/node_modules/react-dom/cjs/react-dom.development.js:15486:18)
    at mountIndeterminateComponent (/Users/ghogue/Library/CloudStorage/OneDrive-InsightfulOutcomes,LLC/IS-LTD/APPS/CaliberVault/node_modules/react-dom/cjs/react-dom.development.js:20103:13)
    at beginWork (/Users/ghogue/Library/CloudStorage/OneDrive-InsightfulOutcomes,LLC/IS-LTD/APPS/CaliberVault/node_modules/react-dom/cjs/react-dom.development.js:21626:16)
    at HTMLUnknownElement.callCallback (/Users/ghogue/Library/CloudStorage/OneDrive-InsightfulOutcomes,LLC/IS-LTD/APPS/CaliberVault/node_modules/react-dom/cjs/react-dom.development.js:4164:14)
    at HTMLUnknownElement.callTheUserObjectsOperation (/Users/ghogue/Library/CloudStorage/OneDrive-InsightfulOutcomes,LLC/IS-LTD/APPS/CaliberVault/node_modules/jsdom/lib/jsdom/living/generated/EventListener.js:26:30)
    at innerInvokeEventListeners (/Users/ghogue/Library/CloudStorage/OneDrive-InsightfulOutcomes,LLC/IS-LTD/APPS/CaliberVault/node_modules/jsdom/lib/jsdom/living/events/EventTarget-impl.js:350:25)
    at invokeEventListeners (/Users/ghogue/Library/CloudStorage/OneDrive-InsightfulOutcomes,LLC/IS-LTD/APPS/CaliberVault/node_modules/jsdom/lib/jsdom/living/events/EventTarget-impl.js:286:3)
The above error occurred in the <TestComponent> component:

    at TestComponent (/Users/ghogue/Library/CloudStorage/OneDrive-InsightfulOutcomes,LLC/IS-LTD/APPS/CaliberVault/node_modules/@testing-library/react/dist/pure.js:329:5)

Consider adding an error boundary to your tree to customize error handling behavior.
Visit https://reactjs.org/link/error-boundaries to learn more about error boundaries.

stderr | src/hooks/__tests__/useInventoryFilters.enhanced.test.ts > useInventoryFilters - Enhanced Tests > clears all filters
Error: Uncaught [TypeError: Cannot destructure property 'inventory' of 'undefined' as it is undefined.]
    at reportException (/Users/ghogue/Library/CloudStorage/OneDrive-InsightfulOutcomes,LLC/IS-LTD/APPS/CaliberVault/node_modules/jsdom/lib/jsdom/living/helpers/runtime-script-errors.js:66:24)
    at innerInvokeEventListeners (/Users/ghogue/Library/CloudStorage/OneDrive-InsightfulOutcomes,LLC/IS-LTD/APPS/CaliberVault/node_modules/jsdom/lib/jsdom/living/events/EventTarget-impl.js:353:9)
    at invokeEventListeners (/Users/ghogue/Library/CloudStorage/OneDrive-InsightfulOutcomes,LLC/IS-LTD/APPS/CaliberVault/node_modules/jsdom/lib/jsdom/living/events/EventTarget-impl.js:286:3)
    at HTMLUnknownElementImpl._dispatch (/Users/ghogue/Library/CloudStorage/OneDrive-InsightfulOutcomes,LLC/IS-LTD/APPS/CaliberVault/node_modules/jsdom/lib/jsdom/living/events/EventTarget-impl.js:233:9)
    at HTMLUnknownElementImpl.dispatchEvent (/Users/ghogue/Library/CloudStorage/OneDrive-InsightfulOutcomes,LLC/IS-LTD/APPS/CaliberVault/node_modules/jsdom/lib/jsdom/living/events/EventTarget-impl.js:104:17)
    at HTMLUnknownElement.dispatchEvent (/Users/ghogue/Library/CloudStorage/OneDrive-InsightfulOutcomes,LLC/IS-LTD/APPS/CaliberVault/node_modules/jsdom/lib/jsdom/living/generated/EventTarget.js:241:34)
    at Object.invokeGuardedCallbackDev (/Users/ghogue/Library/CloudStorage/OneDrive-InsightfulOutcomes,LLC/IS-LTD/APPS/CaliberVault/node_modules/react-dom/cjs/react-dom.development.js:4213:16)
    at invokeGuardedCallback (/Users/ghogue/Library/CloudStorage/OneDrive-InsightfulOutcomes,LLC/IS-LTD/APPS/CaliberVault/node_modules/react-dom/cjs/react-dom.development.js:4277:31)
    at beginWork$1 (/Users/ghogue/Library/CloudStorage/OneDrive-InsightfulOutcomes,LLC/IS-LTD/APPS/CaliberVault/node_modules/react-dom/cjs/react-dom.development.js:27490:7)
    at performUnitOfWork (/Users/ghogue/Library/CloudStorage/OneDrive-InsightfulOutcomes,LLC/IS-LTD/APPS/CaliberVault/node_modules/react-dom/cjs/react-dom.development.js:26599:12) TypeError: Cannot destructure property 'inventory' of 'undefined' as it is undefined.
    at Module.useInventoryFilters (/Users/ghogue/Library/CloudStorage/OneDrive-InsightfulOutcomes,LLC/IS-LTD/APPS/CaliberVault/src/hooks/useInventoryFilters.ts:17:3)
    at /Users/ghogue/Library/CloudStorage/OneDrive-InsightfulOutcomes,LLC/IS-LTD/APPS/CaliberVault/src/hooks/__tests__/useInventoryFilters.enhanced.test.ts:41:41
    at TestComponent (/Users/ghogue/Library/CloudStorage/OneDrive-InsightfulOutcomes,LLC/IS-LTD/APPS/CaliberVault/node_modules/@testing-library/react/dist/pure.js:331:27)
    at renderWithHooks (/Users/ghogue/Library/CloudStorage/OneDrive-InsightfulOutcomes,LLC/IS-LTD/APPS/CaliberVault/node_modules/react-dom/cjs/react-dom.development.js:15486:18)
    at mountIndeterminateComponent (/Users/ghogue/Library/CloudStorage/OneDrive-InsightfulOutcomes,LLC/IS-LTD/APPS/CaliberVault/node_modules/react-dom/cjs/react-dom.development.js:20103:13)
    at beginWork (/Users/ghogue/Library/CloudStorage/OneDrive-InsightfulOutcomes,LLC/IS-LTD/APPS/CaliberVault/node_modules/react-dom/cjs/react-dom.development.js:21626:16)
    at HTMLUnknownElement.callCallback (/Users/ghogue/Library/CloudStorage/OneDrive-InsightfulOutcomes,LLC/IS-LTD/APPS/CaliberVault/node_modules/react-dom/cjs/react-dom.development.js:4164:14)
    at HTMLUnknownElement.callTheUserObjectsOperation (/Users/ghogue/Library/CloudStorage/OneDrive-InsightfulOutcomes,LLC/IS-LTD/APPS/CaliberVault/node_modules/jsdom/lib/jsdom/living/generated/EventListener.js:26:30)
    at innerInvokeEventListeners (/Users/ghogue/Library/CloudStorage/OneDrive-InsightfulOutcomes,LLC/IS-LTD/APPS/CaliberVault/node_modules/jsdom/lib/jsdom/living/events/EventTarget-impl.js:350:25)
    at invokeEventListeners (/Users/ghogue/Library/CloudStorage/OneDrive-InsightfulOutcomes,LLC/IS-LTD/APPS/CaliberVault/node_modules/jsdom/lib/jsdom/living/events/EventTarget-impl.js:286:3)
Error: Uncaught [TypeError: Cannot destructure property 'inventory' of 'undefined' as it is undefined.]
    at reportException (/Users/ghogue/Library/CloudStorage/OneDrive-InsightfulOutcomes,LLC/IS-LTD/APPS/CaliberVault/node_modules/jsdom/lib/jsdom/living/helpers/runtime-script-errors.js:66:24)
    at innerInvokeEventListeners (/Users/ghogue/Library/CloudStorage/OneDrive-InsightfulOutcomes,LLC/IS-LTD/APPS/CaliberVault/node_modules/jsdom/lib/jsdom/living/events/EventTarget-impl.js:353:9)
    at invokeEventListeners (/Users/ghogue/Library/CloudStorage/OneDrive-InsightfulOutcomes,LLC/IS-LTD/APPS/CaliberVault/node_modules/jsdom/lib/jsdom/living/events/EventTarget-impl.js:286:3)
    at HTMLUnknownElementImpl._dispatch (/Users/ghogue/Library/CloudStorage/OneDrive-InsightfulOutcomes,LLC/IS-LTD/APPS/CaliberVault/node_modules/jsdom/lib/jsdom/living/events/EventTarget-impl.js:233:9)
    at HTMLUnknownElementImpl.dispatchEvent (/Users/ghogue/Library/CloudStorage/OneDrive-InsightfulOutcomes,LLC/IS-LTD/APPS/CaliberVault/node_modules/jsdom/lib/jsdom/living/events/EventTarget-impl.js:104:17)
    at HTMLUnknownElement.dispatchEvent (/Users/ghogue/Library/CloudStorage/OneDrive-InsightfulOutcomes,LLC/IS-LTD/APPS/CaliberVault/node_modules/jsdom/lib/jsdom/living/generated/EventTarget.js:241:34)
    at Object.invokeGuardedCallbackDev (/Users/ghogue/Library/CloudStorage/OneDrive-InsightfulOutcomes,LLC/IS-LTD/APPS/CaliberVault/node_modules/react-dom/cjs/react-dom.development.js:4213:16)
    at invokeGuardedCallback (/Users/ghogue/Library/CloudStorage/OneDrive-InsightfulOutcomes,LLC/IS-LTD/APPS/CaliberVault/node_modules/react-dom/cjs/react-dom.development.js:4277:31)
    at beginWork$1 (/Users/ghogue/Library/CloudStorage/OneDrive-InsightfulOutcomes,LLC/IS-LTD/APPS/CaliberVault/node_modules/react-dom/cjs/react-dom.development.js:27490:7)
    at performUnitOfWork (/Users/ghogue/Library/CloudStorage/OneDrive-InsightfulOutcomes,LLC/IS-LTD/APPS/CaliberVault/node_modules/react-dom/cjs/react-dom.development.js:26599:12) TypeError: Cannot destructure property 'inventory' of 'undefined' as it is undefined.
    at Module.useInventoryFilters (/Users/ghogue/Library/CloudStorage/OneDrive-InsightfulOutcomes,LLC/IS-LTD/APPS/CaliberVault/src/hooks/useInventoryFilters.ts:17:3)
    at /Users/ghogue/Library/CloudStorage/OneDrive-InsightfulOutcomes,LLC/IS-LTD/APPS/CaliberVault/src/hooks/__tests__/useInventoryFilters.enhanced.test.ts:41:41
    at TestComponent (/Users/ghogue/Library/CloudStorage/OneDrive-InsightfulOutcomes,LLC/IS-LTD/APPS/CaliberVault/node_modules/@testing-library/react/dist/pure.js:331:27)
    at renderWithHooks (/Users/ghogue/Library/CloudStorage/OneDrive-InsightfulOutcomes,LLC/IS-LTD/APPS/CaliberVault/node_modules/react-dom/cjs/react-dom.development.js:15486:18)
    at mountIndeterminateComponent (/Users/ghogue/Library/CloudStorage/OneDrive-InsightfulOutcomes,LLC/IS-LTD/APPS/CaliberVault/node_modules/react-dom/cjs/react-dom.development.js:20103:13)
    at beginWork (/Users/ghogue/Library/CloudStorage/OneDrive-InsightfulOutcomes,LLC/IS-LTD/APPS/CaliberVault/node_modules/react-dom/cjs/react-dom.development.js:21626:16)
    at HTMLUnknownElement.callCallback (/Users/ghogue/Library/CloudStorage/OneDrive-InsightfulOutcomes,LLC/IS-LTD/APPS/CaliberVault/node_modules/react-dom/cjs/react-dom.development.js:4164:14)
    at HTMLUnknownElement.callTheUserObjectsOperation (/Users/ghogue/Library/CloudStorage/OneDrive-InsightfulOutcomes,LLC/IS-LTD/APPS/CaliberVault/node_modules/jsdom/lib/jsdom/living/generated/EventListener.js:26:30)
    at innerInvokeEventListeners (/Users/ghogue/Library/CloudStorage/OneDrive-InsightfulOutcomes,LLC/IS-LTD/APPS/CaliberVault/node_modules/jsdom/lib/jsdom/living/events/EventTarget-impl.js:350:25)
    at invokeEventListeners (/Users/ghogue/Library/CloudStorage/OneDrive-InsightfulOutcomes,LLC/IS-LTD/APPS/CaliberVault/node_modules/jsdom/lib/jsdom/living/events/EventTarget-impl.js:286:3)
The above error occurred in the <TestComponent> component:

    at TestComponent (/Users/ghogue/Library/CloudStorage/OneDrive-InsightfulOutcomes,LLC/IS-LTD/APPS/CaliberVault/node_modules/@testing-library/react/dist/pure.js:329:5)

Consider adding an error boundary to your tree to customize error handling behavior.
Visit https://reactjs.org/link/error-boundaries to learn more about error boundaries.

stderr | src/hooks/__tests__/useInventoryFilters.enhanced.test.ts > useInventoryFilters - Enhanced Tests > applies multiple filters simultaneously
Error: Uncaught [TypeError: Cannot destructure property 'inventory' of 'undefined' as it is undefined.]
    at reportException (/Users/ghogue/Library/CloudStorage/OneDrive-InsightfulOutcomes,LLC/IS-LTD/APPS/CaliberVault/node_modules/jsdom/lib/jsdom/living/helpers/runtime-script-errors.js:66:24)
    at innerInvokeEventListeners (/Users/ghogue/Library/CloudStorage/OneDrive-InsightfulOutcomes,LLC/IS-LTD/APPS/CaliberVault/node_modules/jsdom/lib/jsdom/living/events/EventTarget-impl.js:353:9)
    at invokeEventListeners (/Users/ghogue/Library/CloudStorage/OneDrive-InsightfulOutcomes,LLC/IS-LTD/APPS/CaliberVault/node_modules/jsdom/lib/jsdom/living/events/EventTarget-impl.js:286:3)
    at HTMLUnknownElementImpl._dispatch (/Users/ghogue/Library/CloudStorage/OneDrive-InsightfulOutcomes,LLC/IS-LTD/APPS/CaliberVault/node_modules/jsdom/lib/jsdom/living/events/EventTarget-impl.js:233:9)
    at HTMLUnknownElementImpl.dispatchEvent (/Users/ghogue/Library/CloudStorage/OneDrive-InsightfulOutcomes,LLC/IS-LTD/APPS/CaliberVault/node_modules/jsdom/lib/jsdom/living/events/EventTarget-impl.js:104:17)
    at HTMLUnknownElement.dispatchEvent (/Users/ghogue/Library/CloudStorage/OneDrive-InsightfulOutcomes,LLC/IS-LTD/APPS/CaliberVault/node_modules/jsdom/lib/jsdom/living/generated/EventTarget.js:241:34)
    at Object.invokeGuardedCallbackDev (/Users/ghogue/Library/CloudStorage/OneDrive-InsightfulOutcomes,LLC/IS-LTD/APPS/CaliberVault/node_modules/react-dom/cjs/react-dom.development.js:4213:16)
    at invokeGuardedCallback (/Users/ghogue/Library/CloudStorage/OneDrive-InsightfulOutcomes,LLC/IS-LTD/APPS/CaliberVault/node_modules/react-dom/cjs/react-dom.development.js:4277:31)
    at beginWork$1 (/Users/ghogue/Library/CloudStorage/OneDrive-InsightfulOutcomes,LLC/IS-LTD/APPS/CaliberVault/node_modules/react-dom/cjs/react-dom.development.js:27490:7)
    at performUnitOfWork (/Users/ghogue/Library/CloudStorage/OneDrive-InsightfulOutcomes,LLC/IS-LTD/APPS/CaliberVault/node_modules/react-dom/cjs/react-dom.development.js:26599:12) TypeError: Cannot destructure property 'inventory' of 'undefined' as it is undefined.
    at Module.useInventoryFilters (/Users/ghogue/Library/CloudStorage/OneDrive-InsightfulOutcomes,LLC/IS-LTD/APPS/CaliberVault/src/hooks/useInventoryFilters.ts:17:3)
    at /Users/ghogue/Library/CloudStorage/OneDrive-InsightfulOutcomes,LLC/IS-LTD/APPS/CaliberVault/src/hooks/__tests__/useInventoryFilters.enhanced.test.ts:56:41
    at TestComponent (/Users/ghogue/Library/CloudStorage/OneDrive-InsightfulOutcomes,LLC/IS-LTD/APPS/CaliberVault/node_modules/@testing-library/react/dist/pure.js:331:27)
    at renderWithHooks (/Users/ghogue/Library/CloudStorage/OneDrive-InsightfulOutcomes,LLC/IS-LTD/APPS/CaliberVault/node_modules/react-dom/cjs/react-dom.development.js:15486:18)
    at mountIndeterminateComponent (/Users/ghogue/Library/CloudStorage/OneDrive-InsightfulOutcomes,LLC/IS-LTD/APPS/CaliberVault/node_modules/react-dom/cjs/react-dom.development.js:20103:13)
    at beginWork (/Users/ghogue/Library/CloudStorage/OneDrive-InsightfulOutcomes,LLC/IS-LTD/APPS/CaliberVault/node_modules/react-dom/cjs/react-dom.development.js:21626:16)
    at HTMLUnknownElement.callCallback (/Users/ghogue/Library/CloudStorage/OneDrive-InsightfulOutcomes,LLC/IS-LTD/APPS/CaliberVault/node_modules/react-dom/cjs/react-dom.development.js:4164:14)
    at HTMLUnknownElement.callTheUserObjectsOperation (/Users/ghogue/Library/CloudStorage/OneDrive-InsightfulOutcomes,LLC/IS-LTD/APPS/CaliberVault/node_modules/jsdom/lib/jsdom/living/generated/EventListener.js:26:30)
    at innerInvokeEventListeners (/Users/ghogue/Library/CloudStorage/OneDrive-InsightfulOutcomes,LLC/IS-LTD/APPS/CaliberVault/node_modules/jsdom/lib/jsdom/living/events/EventTarget-impl.js:350:25)
    at invokeEventListeners (/Users/ghogue/Library/CloudStorage/OneDrive-InsightfulOutcomes,LLC/IS-LTD/APPS/CaliberVault/node_modules/jsdom/lib/jsdom/living/events/EventTarget-impl.js:286:3)
Error: Uncaught [TypeError: Cannot destructure property 'inventory' of 'undefined' as it is undefined.]
    at reportException (/Users/ghogue/Library/CloudStorage/OneDrive-InsightfulOutcomes,LLC/IS-LTD/APPS/CaliberVault/node_modules/jsdom/lib/jsdom/living/helpers/runtime-script-errors.js:66:24)
    at innerInvokeEventListeners (/Users/ghogue/Library/CloudStorage/OneDrive-InsightfulOutcomes,LLC/IS-LTD/APPS/CaliberVault/node_modules/jsdom/lib/jsdom/living/events/EventTarget-impl.js:353:9)
    at invokeEventListeners (/Users/ghogue/Library/CloudStorage/OneDrive-InsightfulOutcomes,LLC/IS-LTD/APPS/CaliberVault/node_modules/jsdom/lib/jsdom/living/events/EventTarget-impl.js:286:3)
    at HTMLUnknownElementImpl._dispatch (/Users/ghogue/Library/CloudStorage/OneDrive-InsightfulOutcomes,LLC/IS-LTD/APPS/CaliberVault/node_modules/jsdom/lib/jsdom/living/events/EventTarget-impl.js:233:9)
    at HTMLUnknownElementImpl.dispatchEvent (/Users/ghogue/Library/CloudStorage/OneDrive-InsightfulOutcomes,LLC/IS-LTD/APPS/CaliberVault/node_modules/jsdom/lib/jsdom/living/events/EventTarget-impl.js:104:17)
    at HTMLUnknownElement.dispatchEvent (/Users/ghogue/Library/CloudStorage/OneDrive-InsightfulOutcomes,LLC/IS-LTD/APPS/CaliberVault/node_modules/jsdom/lib/jsdom/living/generated/EventTarget.js:241:34)
    at Object.invokeGuardedCallbackDev (/Users/ghogue/Library/CloudStorage/OneDrive-InsightfulOutcomes,LLC/IS-LTD/APPS/CaliberVault/node_modules/react-dom/cjs/react-dom.development.js:4213:16)
    at invokeGuardedCallback (/Users/ghogue/Library/CloudStorage/OneDrive-InsightfulOutcomes,LLC/IS-LTD/APPS/CaliberVault/node_modules/react-dom/cjs/react-dom.development.js:4277:31)
    at beginWork$1 (/Users/ghogue/Library/CloudStorage/OneDrive-InsightfulOutcomes,LLC/IS-LTD/APPS/CaliberVault/node_modules/react-dom/cjs/react-dom.development.js:27490:7)
    at performUnitOfWork (/Users/ghogue/Library/CloudStorage/OneDrive-InsightfulOutcomes,LLC/IS-LTD/APPS/CaliberVault/node_modules/react-dom/cjs/react-dom.development.js:26599:12) TypeError: Cannot destructure property 'inventory' of 'undefined' as it is undefined.
    at Module.useInventoryFilters (/Users/ghogue/Library/CloudStorage/OneDrive-InsightfulOutcomes,LLC/IS-LTD/APPS/CaliberVault/src/hooks/useInventoryFilters.ts:17:3)
    at /Users/ghogue/Library/CloudStorage/OneDrive-InsightfulOutcomes,LLC/IS-LTD/APPS/CaliberVault/src/hooks/__tests__/useInventoryFilters.enhanced.test.ts:56:41
    at TestComponent (/Users/ghogue/Library/CloudStorage/OneDrive-InsightfulOutcomes,LLC/IS-LTD/APPS/CaliberVault/node_modules/@testing-library/react/dist/pure.js:331:27)
    at renderWithHooks (/Users/ghogue/Library/CloudStorage/OneDrive-InsightfulOutcomes,LLC/IS-LTD/APPS/CaliberVault/node_modules/react-dom/cjs/react-dom.development.js:15486:18)
    at mountIndeterminateComponent (/Users/ghogue/Library/CloudStorage/OneDrive-InsightfulOutcomes,LLC/IS-LTD/APPS/CaliberVault/node_modules/react-dom/cjs/react-dom.development.js:20103:13)
    at beginWork (/Users/ghogue/Library/CloudStorage/OneDrive-InsightfulOutcomes,LLC/IS-LTD/APPS/CaliberVault/node_modules/react-dom/cjs/react-dom.development.js:21626:16)
    at HTMLUnknownElement.callCallback (/Users/ghogue/Library/CloudStorage/OneDrive-InsightfulOutcomes,LLC/IS-LTD/APPS/CaliberVault/node_modules/react-dom/cjs/react-dom.development.js:4164:14)
    at HTMLUnknownElement.callTheUserObjectsOperation (/Users/ghogue/Library/CloudStorage/OneDrive-InsightfulOutcomes,LLC/IS-LTD/APPS/CaliberVault/node_modules/jsdom/lib/jsdom/living/generated/EventListener.js:26:30)
    at innerInvokeEventListeners (/Users/ghogue/Library/CloudStorage/OneDrive-InsightfulOutcomes,LLC/IS-LTD/APPS/CaliberVault/node_modules/jsdom/lib/jsdom/living/events/EventTarget-impl.js:350:25)
    at invokeEventListeners (/Users/ghogue/Library/CloudStorage/OneDrive-InsightfulOutcomes,LLC/IS-LTD/APPS/CaliberVault/node_modules/jsdom/lib/jsdom/living/events/EventTarget-impl.js:286:3)
The above error occurred in the <TestComponent> component:

    at TestComponent (/Users/ghogue/Library/CloudStorage/OneDrive-InsightfulOutcomes,LLC/IS-LTD/APPS/CaliberVault/node_modules/@testing-library/react/dist/pure.js:329:5)

Consider adding an error boundary to your tree to customize error handling behavior.
Visit https://reactjs.org/link/error-boundaries to learn more about error boundaries.

 ❯ src/hooks/__tests__/useInventoryFilters.enhanced.test.ts (5 tests | 5 failed) 23ms
   × useInventoryFilters - Enhanced Tests > initializes with empty filters 16ms
     → Cannot destructure property 'inventory' of 'undefined' as it is undefined.
   × useInventoryFilters - Enhanced Tests > sets category filter 2ms
     → Cannot destructure property 'inventory' of 'undefined' as it is undefined.
   × useInventoryFilters - Enhanced Tests > filters items by category 1ms
     → Cannot destructure property 'inventory' of 'undefined' as it is undefined.
   × useInventoryFilters - Enhanced Tests > clears all filters 1ms
     → Cannot destructure property 'inventory' of 'undefined' as it is undefined.
   × useInventoryFilters - Enhanced Tests > applies multiple filters simultaneously 1ms
     → Cannot destructure property 'inventory' of 'undefined' as it is undefined.
 ❯ src/components/__tests__/EnhancedBulkImport.test.tsx (5 tests | 3 failed) 39ms
   × EnhancedBulkImport Tests > renders import interface 24ms
     → Found multiple elements with the text: /import/i

Here are the matching elements:

Ignored nodes: comments, script, style
[36m<h3[39m
  [33mclass[39m=[32m"text-2xl font-semibold leading-none tracking-tight text-foreground flex items-center gap-2"[39m
[36m>[39m
  [36m<svg[39m
    [33mclass[39m=[32m"lucide lucide-upload h-5 w-5"[39m
    [33mfill[39m=[32m"none"[39m
    [33mheight[39m=[32m"24"[39m
    [33mstroke[39m=[32m"currentColor"[39m
    [33mstroke-linecap[39m=[32m"round"[39m
    [33mstroke-linejoin[39m=[32m"round"[39m
    [33mstroke-width[39m=[32m"2"[39m
    [33mviewBox[39m=[32m"0 0 24 24"[39m
    [33mwidth[39m=[32m"24"[39m
    [33mxmlns[39m=[32m"http://www.w3.org/2000/svg"[39m
  [36m>[39m
    [36m<path[39m
      [33md[39m=[32m"M21 15v4a2 2 0 0 1-2 2H5a2 2 0 0 1-2-2v-4"[39m
    [36m/>[39m
    [36m<polyline[39m
      [33mpoints[39m=[32m"17 8 12 3 7 8"[39m
    [36m/>[39m
    [36m<line[39m
      [33mx1[39m=[32m"12"[39m
      [33mx2[39m=[32m"12"[39m
      [33my1[39m=[32m"3"[39m
      [33my2[39m=[32m"15"[39m
    [36m/>[39m
  [36m</svg>[39m
  [0mEnhanced Bulk Import[0m
[36m</h3>[39m

Ignored nodes: comments, script, style
[36m<p[39m
  [33mclass[39m=[32m"text-sm text-muted-foreground"[39m
[36m>[39m
  [0mImport multiple items with validation, preview, and detailed error reporting[0m
[36m</p>[39m

(If this is intentional, then use the `*AllBy*` variant of the query (like `queryAllByText`, `getAllByText`, or `findAllByText`)).

Ignored nodes: comments, script, style
[36m<body>[39m
  [36m<div>[39m
    [36m<div[39m
      [33mclass[39m=[32m"rounded-lg border border-border/40 bg-background shadow-sm"[39m
    [36m>[39m
      [36m<div[39m
        [33mclass[39m=[32m"flex flex-col space-y-1.5 p-6"[39m
      [36m>[39m
        [36m<h3[39m
          [33mclass[39m=[32m"text-2xl font-semibold leading-none tracking-tight text-foreground flex items-center gap-2"[39m
        [36m>[39m
          [36m<svg[39m
            [33mclass[39m=[32m"lucide lucide-upload h-5 w-5"[39m
            [33mfill[39m=[32m"none"[39m
            [33mheight[39m=[32m"24"[39m
            [33mstroke[39m=[32m"currentColor"[39m
            [33mstroke-linecap[39m=[32m"round"[39m
            [33mstroke-linejoin[39m=[32m"round"[39m
            [33mstroke-width[39m=[32m"2"[39m
            [33mviewBox[39m=[32m"0 0 24 24"[39m
            [33mwidth[39m=[32m"24"[39m
            [33mxmlns[39m=[32m"http://www.w3.org/2000/svg"[39m
          [36m>[39m
            [36m<path[39m
              [33md[39m=[32m"M21 15v4a2 2 0 0 1-2 2H5a2 2 0 0 1-2-2v-4"[39m
            [36m/>[39m
            [36m<polyline[39m
              [33mpoints[39m=[32m"17 8 12 3 7 8"[39m
            [36m/>[39m
            [36m<line[39m
              [33mx1[39m=[32m"12"[39m
              [33mx2[39m=[32m"12"[39m
              [33my1[39m=[32m"3"[39m
              [33my2[39m=[32m"15"[39m
            [36m/>[39m
          [36m</svg>[39m
          [0mEnhanced Bulk Import[0m
        [36m</h3>[39m
        [36m<p[39m
          [33mclass[39m=[32m"text-sm text-muted-foreground"[39m
        [36m>[39m
          [0mImport multiple items with validation, preview, and detailed error reporting[0m
        [36m</p>[39m
      [36m</div>[39m
      [36m<div[39m
        [33mclass[39m=[32m"p-6 pt-0 space-y-4"[39m
      [36m>[39m
        [36m<div[39m
          [33mclass[39m=[32m"flex gap-2"[39m
        [36m>[39m
          [36m<button[39m
            [33mclass[39m=[32m"inline-flex items-center justify-center whitespace-nowrap rounded-md text-sm font-medium ring-offset-background transition-colors focus-visible:outline-none focus-visible:ring-2 focus-visible:ring-ring focus-visible:ring-offset-2 disabled:pointer-events-none disabled:opacity-50 border border-input bg-background hover:bg-accent hover:text-accent-foreground h-10 px-4 py-2"[39m
          [36m>[39m
            [36m<svg[39m
              [33mclass[39m=[32m"lucide lucide-download mr-2 h-4 w-4"[39m
              [33mfill[39m=[32m"none"[39m
              [33mheight[39m=[32m"24"[39m
              [33mstroke[39m=[32m"currentColor"[39m
              [33mstroke-linecap[39m=[32m"round"[39m
              [33mstroke-linejoin[39m=[32m"round"[39m
              [33mstroke-width[39m=[32m"2"[39m
              [33mviewBox[39m=[32m"0 0 24 24"[39m
              [33mwidth[39m=[32m"24"[39m
              [33mxmlns[39m=[32m"http://www.w3.org/2000/svg"[39m
            [36m>[39m
              [36m<path[39m
                [33md[39m=[32m"M21 15v4a2 2 0 0 1-2 2H5a2 2 0 0 1-2-2v-4"[39m
              [36m/>[39m
              [36m<polyline[39m
                [33mpoints[39m=[32m"7 10 12 15 17 10"[39m
              [36m/>[39m
              [36m<line[39m
                [33mx1[39m=[32m"12"[39m
                [33mx2[39m=[32m"12"[39m
                [33my1[39m=[32m"15"[39m
                [33my2[39m=[32m"3"[39m
              [36m/>[39m
            [36m</svg>[39m
            [0mDownload Template[0m
          [36m</button>[39m
        [36m</div>[39m
        [36m<div[39m
          [33mclass[39m=[32m"border-2 border-dashed rounded-lg p-8 text-center"[39m
        [36m>[39m
          [36m<svg[39m
            [33mclass[39m=[32m"lucide lucide-file-text h-12 w-12 text-muted-foreground mx-auto mb-4"[39m
            [33mfill[39m=[32m"none"[39m
            [33mheight[39m=[32m"24"[39m
            [33mstroke[39m=[32m"currentColor"[39m
            [33mstroke-linecap[39m=[32m"round"[39m
            [33mstroke-linejoin[39m=[32m"round"[39m
            [33mstroke-width[39m=[32m"2"[39m
            [33mviewBox[39m=[32m"0 0 24 24"[39m
            [33mwidth[39m=[32m"24"[39m
            [33mxmlns[39m=[32m"http://www.w3.org/2000/svg"[39m
          [36m>[39m
            [36m<path[39m
              [33md[39m=[32m"M15 2H6a2 2 0 0 0-2 2v16a2 2 0 0 0 2 2h12a2 2 0 0 0 2-2V7Z"[39m
            [36m/>[39m
            [36m<path[39m
              [33md[39m=[32m"M14 2v4a2 2 0 0 0 2 2h4"[39m
            [36m/>[39m
            [36m<path[39m
              [33md[39m=[32m"M10 9H8"[39m
            [36m/>[39m
            [36m<path[39m
              [33md[39m=[32m"M16 13H8"[39m
            [36m/>[39m
            [36m<path[39m
              [33md[39m=[32m"M16 17H8"[39m
            [36m/>[39m
          [36m</svg>[39m
          [36m<input[39m
            [33maccept[39m=[32m".csv"[39m
            [33mclass[39m=[32m"hidden"[39m
            [33mid[39m=[32m"csv-upload"[39m
            [33mtype[39m=[32m"file"[39m
          [36m/>[39m
          [36m<label[39m
            [33mfor[39m=[32m"csv-upload"[39m
          [36m>[39m
            [36m<span[39m
              [33mclass[39m=[32m"inline-flex items-center justify-center whitespace-nowrap rounded-md text-sm font-medium ring-offset-background transition-colors focus-visible:outline-none focus-visible:ring-2 focus-visible:ring-ring focus-visible:ring-offset-2 disabled:pointer-events-none disabled:opacity-50 bg-primary text-primary-foreground hover:bg-primary/90 h-10 px-4 py-2"[39m
            [36m>[39m
              [0mSelect CSV File[0m
            [36m</span>[39m
          [36m</label>[39m
        [36m</div>[39m
      [36m</div>[39m
    [36m</div>[39m
  [36m</div>[39m
[36m</body>[39m
   × EnhancedBulkImport Tests > accepts CSV file upload 6ms
     → Unable to find a label with the text of: /upload/i

Ignored nodes: comments, script, style
[36m<body>[39m
  [36m<div>[39m
    [36m<div[39m
      [33mclass[39m=[32m"rounded-lg border border-border/40 bg-background shadow-sm"[39m
    [36m>[39m
      [36m<div[39m
        [33mclass[39m=[32m"flex flex-col space-y-1.5 p-6"[39m
      [36m>[39m
        [36m<h3[39m
          [33mclass[39m=[32m"text-2xl font-semibold leading-none tracking-tight text-foreground flex items-center gap-2"[39m
        [36m>[39m
          [36m<svg[39m
            [33mclass[39m=[32m"lucide lucide-upload h-5 w-5"[39m
            [33mfill[39m=[32m"none"[39m
            [33mheight[39m=[32m"24"[39m
            [33mstroke[39m=[32m"currentColor"[39m
            [33mstroke-linecap[39m=[32m"round"[39m
            [33mstroke-linejoin[39m=[32m"round"[39m
            [33mstroke-width[39m=[32m"2"[39m
            [33mviewBox[39m=[32m"0 0 24 24"[39m
            [33mwidth[39m=[32m"24"[39m
            [33mxmlns[39m=[32m"http://www.w3.org/2000/svg"[39m
          [36m>[39m
            [36m<path[39m
              [33md[39m=[32m"M21 15v4a2 2 0 0 1-2 2H5a2 2 0 0 1-2-2v-4"[39m
            [36m/>[39m
            [36m<polyline[39m
              [33mpoints[39m=[32m"17 8 12 3 7 8"[39m
            [36m/>[39m
            [36m<line[39m
              [33mx1[39m=[32m"12"[39m
              [33mx2[39m=[32m"12"[39m
              [33my1[39m=[32m"3"[39m
              [33my2[39m=[32m"15"[39m
            [36m/>[39m
          [36m</svg>[39m
          [0mEnhanced Bulk Import[0m
        [36m</h3>[39m
        [36m<p[39m
          [33mclass[39m=[32m"text-sm text-muted-foreground"[39m
        [36m>[39m
          [0mImport multiple items with validation, preview, and detailed error reporting[0m
        [36m</p>[39m
      [36m</div>[39m
      [36m<div[39m
        [33mclass[39m=[32m"p-6 pt-0 space-y-4"[39m
      [36m>[39m
        [36m<div[39m
          [33mclass[39m=[32m"flex gap-2"[39m
        [36m>[39m
          [36m<button[39m
            [33mclass[39m=[32m"inline-flex items-center justify-center whitespace-nowrap rounded-md text-sm font-medium ring-offset-background transition-colors focus-visible:outline-none focus-visible:ring-2 focus-visible:ring-ring focus-visible:ring-offset-2 disabled:pointer-events-none disabled:opacity-50 border border-input bg-background hover:bg-accent hover:text-accent-foreground h-10 px-4 py-2"[39m
          [36m>[39m
            [36m<svg[39m
              [33mclass[39m=[32m"lucide lucide-download mr-2 h-4 w-4"[39m
              [33mfill[39m=[32m"none"[39m
              [33mheight[39m=[32m"24"[39m
              [33mstroke[39m=[32m"currentColor"[39m
              [33mstroke-linecap[39m=[32m"round"[39m
              [33mstroke-linejoin[39m=[32m"round"[39m
              [33mstroke-width[39m=[32m"2"[39m
              [33mviewBox[39m=[32m"0 0 24 24"[39m
              [33mwidth[39m=[32m"24"[39m
              [33mxmlns[39m=[32m"http://www.w3.org/2000/svg"[39m
            [36m>[39m
              [36m<path[39m
                [33md[39m=[32m"M21 15v4a2 2 0 0 1-2 2H5a2 2 0 0 1-2-2v-4"[39m
              [36m/>[39m
              [36m<polyline[39m
                [33mpoints[39m=[32m"7 10 12 15 17 10"[39m
              [36m/>[39m
              [36m<line[39m
                [33mx1[39m=[32m"12"[39m
                [33mx2[39m=[32m"12"[39m
                [33my1[39m=[32m"15"[39m
                [33my2[39m=[32m"3"[39m
              [36m/>[39m
            [36m</svg>[39m
            [0mDownload Template[0m
          [36m</button>[39m
        [36m</div>[39m
        [36m<div[39m
          [33mclass[39m=[32m"border-2 border-dashed rounded-lg p-8 text-center"[39m
        [36m>[39m
          [36m<svg[39m
            [33mclass[39m=[32m"lucide lucide-file-text h-12 w-12 text-muted-foreground mx-auto mb-4"[39m
            [33mfill[39m=[32m"none"[39m
            [33mheight[39m=[32m"24"[39m
            [33mstroke[39m=[32m"currentColor"[39m
            [33mstroke-linecap[39m=[32m"round"[39m
            [33mstroke-linejoin[39m=[32m"round"[39m
            [33mstroke-width[39m=[32m"2"[39m
            [33mviewBox[39m=[32m"0 0 24 24"[39m
            [33mwidth[39m=[32m"24"[39m
            [33mxmlns[39m=[32m"http://www.w3.org/2000/svg"[39m
          [36m>[39m
            [36m<path[39m
              [33md[39m=[32m"M15 2H6a2 2 0 0 0-2 2v16a2 2 0 0 0 2 2h12a2 2 0 0 0 2-2V7Z"[39m
            [36m/>[39m
            [36m<path[39m
              [33md[39m=[32m"M14 2v4a2 2 0 0 0 2 2h4"[39m
            [36m/>[39m
            [36m<path[39m
              [33md[39m=[32m"M10 9H8"[39m
            [36m/>[39m
            [36m<path[39m
              [33md[39m=[32m"M16 13H8"[39m
            [36m/>[39m
            [36m<path[39m
              [33md[39m=[32m"M16 17H8"[39m
            [36m/>[39m
          [36m</svg>[39m
          [36m<input[39m
            [33maccept[39m=[32m".csv"[39m
            [33mclass[39m=[32m"hidden"[39m
            [33mid[39m=[32m"csv-upload"[39m
            [33mtype[39m=[32m"file"[39m
          [36m/>[39m
          [36m<label[39m
            [33mfor[39m=[32m"csv-upload"[39m
          [36m>[39m
            [36m<span[39m
              [33mclass[39m=[32m"inline-flex items-center justify-center whitespace-nowrap rounded-md text-sm font-medium ring-offset-background transition-colors focus-visible:outline-none focus-visible:ring-2 focus-visible:ring-ring focus-visible:ring-offset-2 disabled:pointer-events-none disabled:opacity-50 bg-primary text-primary-foreground hover:bg-primary/90 h-10 px-4 py-2"[39m
            [36m>[39m
              [0mSelect CSV File[0m
            [36m</span>[39m
          [36m</label>[39m
        [36m</div>[39m
      [36m</div>[39m
    [36m</div>[39m
  [36m</div>[39m
[36m</body>[39m
   × EnhancedBulkImport Tests > validates CSV format 4ms
     → Unable to find a label with the text of: /upload/i

Ignored nodes: comments, script, style
[36m<body>[39m
  [36m<div>[39m
    [36m<div[39m
      [33mclass[39m=[32m"rounded-lg border border-border/40 bg-background shadow-sm"[39m
    [36m>[39m
      [36m<div[39m
        [33mclass[39m=[32m"flex flex-col space-y-1.5 p-6"[39m
      [36m>[39m
        [36m<h3[39m
          [33mclass[39m=[32m"text-2xl font-semibold leading-none tracking-tight text-foreground flex items-center gap-2"[39m
        [36m>[39m
          [36m<svg[39m
            [33mclass[39m=[32m"lucide lucide-upload h-5 w-5"[39m
            [33mfill[39m=[32m"none"[39m
            [33mheight[39m=[32m"24"[39m
            [33mstroke[39m=[32m"currentColor"[39m
            [33mstroke-linecap[39m=[32m"round"[39m
            [33mstroke-linejoin[39m=[32m"round"[39m
            [33mstroke-width[39m=[32m"2"[39m
            [33mviewBox[39m=[32m"0 0 24 24"[39m
            [33mwidth[39m=[32m"24"[39m
            [33mxmlns[39m=[32m"http://www.w3.org/2000/svg"[39m
          [36m>[39m
            [36m<path[39m
              [33md[39m=[32m"M21 15v4a2 2 0 0 1-2 2H5a2 2 0 0 1-2-2v-4"[39m
            [36m/>[39m
            [36m<polyline[39m
              [33mpoints[39m=[32m"17 8 12 3 7 8"[39m
            [36m/>[39m
            [36m<line[39m
              [33mx1[39m=[32m"12"[39m
              [33mx2[39m=[32m"12"[39m
              [33my1[39m=[32m"3"[39m
              [33my2[39m=[32m"15"[39m
            [36m/>[39m
          [36m</svg>[39m
          [0mEnhanced Bulk Import[0m
        [36m</h3>[39m
        [36m<p[39m
          [33mclass[39m=[32m"text-sm text-muted-foreground"[39m
        [36m>[39m
          [0mImport multiple items with validation, preview, and detailed error reporting[0m
        [36m</p>[39m
      [36m</div>[39m
      [36m<div[39m
        [33mclass[39m=[32m"p-6 pt-0 space-y-4"[39m
      [36m>[39m
        [36m<div[39m
          [33mclass[39m=[32m"flex gap-2"[39m
        [36m>[39m
          [36m<button[39m
            [33mclass[39m=[32m"inline-flex items-center justify-center whitespace-nowrap rounded-md text-sm font-medium ring-offset-background transition-colors focus-visible:outline-none focus-visible:ring-2 focus-visible:ring-ring focus-visible:ring-offset-2 disabled:pointer-events-none disabled:opacity-50 border border-input bg-background hover:bg-accent hover:text-accent-foreground h-10 px-4 py-2"[39m
          [36m>[39m
            [36m<svg[39m
              [33mclass[39m=[32m"lucide lucide-download mr-2 h-4 w-4"[39m
              [33mfill[39m=[32m"none"[39m
              [33mheight[39m=[32m"24"[39m
              [33mstroke[39m=[32m"currentColor"[39m
              [33mstroke-linecap[39m=[32m"round"[39m
              [33mstroke-linejoin[39m=[32m"round"[39m
              [33mstroke-width[39m=[32m"2"[39m
              [33mviewBox[39m=[32m"0 0 24 24"[39m
              [33mwidth[39m=[32m"24"[39m
              [33mxmlns[39m=[32m"http://www.w3.org/2000/svg"[39m
            [36m>[39m
              [36m<path[39m
                [33md[39m=[32m"M21 15v4a2 2 0 0 1-2 2H5a2 2 0 0 1-2-2v-4"[39m
              [36m/>[39m
              [36m<polyline[39m
                [33mpoints[39m=[32m"7 10 12 15 17 10"[39m
              [36m/>[39m
              [36m<line[39m
                [33mx1[39m=[32m"12"[39m
                [33mx2[39m=[32m"12"[39m
                [33my1[39m=[32m"15"[39m
                [33my2[39m=[32m"3"[39m
              [36m/>[39m
            [36m</svg>[39m
            [0mDownload Template[0m
          [36m</button>[39m
        [36m</div>[39m
        [36m<div[39m
          [33mclass[39m=[32m"border-2 border-dashed rounded-lg p-8 text-center"[39m
        [36m>[39m
          [36m<svg[39m
            [33mclass[39m=[32m"lucide lucide-file-text h-12 w-12 text-muted-foreground mx-auto mb-4"[39m
            [33mfill[39m=[32m"none"[39m
            [33mheight[39m=[32m"24"[39m
            [33mstroke[39m=[32m"currentColor"[39m
            [33mstroke-linecap[39m=[32m"round"[39m
            [33mstroke-linejoin[39m=[32m"round"[39m
            [33mstroke-width[39m=[32m"2"[39m
            [33mviewBox[39m=[32m"0 0 24 24"[39m
            [33mwidth[39m=[32m"24"[39m
            [33mxmlns[39m=[32m"http://www.w3.org/2000/svg"[39m
          [36m>[39m
            [36m<path[39m
              [33md[39m=[32m"M15 2H6a2 2 0 0 0-2 2v16a2 2 0 0 0 2 2h12a2 2 0 0 0 2-2V7Z"[39m
            [36m/>[39m
            [36m<path[39m
              [33md[39m=[32m"M14 2v4a2 2 0 0 0 2 2h4"[39m
            [36m/>[39m
            [36m<path[39m
              [33md[39m=[32m"M10 9H8"[39m
            [36m/>[39m
            [36m<path[39m
              [33md[39m=[32m"M16 13H8"[39m
            [36m/>[39m
            [36m<path[39m
              [33md[39m=[32m"M16 17H8"[39m
            [36m/>[39m
          [36m</svg>[39m
          [36m<input[39m
            [33maccept[39m=[32m".csv"[39m
            [33mclass[39m=[32m"hidden"[39m
            [33mid[39m=[32m"csv-upload"[39m
            [33mtype[39m=[32m"file"[39m
          [36m/>[39m
          [36m<label[39m
            [33mfor[39m=[32m"csv-upload"[39m
          [36m>[39m
            [36m<span[39m
              [33mclass[39m=[32m"inline-flex items-center justify-center whitespace-nowrap rounded-md text-sm font-medium ring-offset-background transition-colors focus-visible:outline-none focus-visible:ring-2 focus-visible:ring-ring focus-visible:ring-offset-2 disabled:pointer-events-none disabled:opacity-50 bg-primary text-primary-foreground hover:bg-primary/90 h-10 px-4 py-2"[39m
            [36m>[39m
              [0mSelect CSV File[0m
            [36m</span>[39m
          [36m</label>[39m
        [36m</div>[39m
      [36m</div>[39m
    [36m</div>[39m
  [36m</div>[39m
[36m</body>[39m
stderr | src/components/__tests__/InventoryOperations.test.tsx > Inventory Operations > displays inventory items
Warning: React.jsx: type is invalid -- expected a string (for built-in components) or a class/function (for composite components) but got: undefined. You likely forgot to export your component from the file it's defined in, or you might have mixed up default and named imports.

Check your code at InventoryOperations.test.tsx:17.
Error: Uncaught [Error: Element type is invalid: expected a string (for built-in components) or a class/function (for composite components) but got: undefined. You likely forgot to export your component from the file it's defined in, or you might have mixed up default and named imports.]
    at reportException (/Users/ghogue/Library/CloudStorage/OneDrive-InsightfulOutcomes,LLC/IS-LTD/APPS/CaliberVault/node_modules/jsdom/lib/jsdom/living/helpers/runtime-script-errors.js:66:24)
    at innerInvokeEventListeners (/Users/ghogue/Library/CloudStorage/OneDrive-InsightfulOutcomes,LLC/IS-LTD/APPS/CaliberVault/node_modules/jsdom/lib/jsdom/living/events/EventTarget-impl.js:353:9)
    at invokeEventListeners (/Users/ghogue/Library/CloudStorage/OneDrive-InsightfulOutcomes,LLC/IS-LTD/APPS/CaliberVault/node_modules/jsdom/lib/jsdom/living/events/EventTarget-impl.js:286:3)
    at HTMLUnknownElementImpl._dispatch (/Users/ghogue/Library/CloudStorage/OneDrive-InsightfulOutcomes,LLC/IS-LTD/APPS/CaliberVault/node_modules/jsdom/lib/jsdom/living/events/EventTarget-impl.js:233:9)
    at HTMLUnknownElementImpl.dispatchEvent (/Users/ghogue/Library/CloudStorage/OneDrive-InsightfulOutcomes,LLC/IS-LTD/APPS/CaliberVault/node_modules/jsdom/lib/jsdom/living/events/EventTarget-impl.js:104:17)
    at HTMLUnknownElement.dispatchEvent (/Users/ghogue/Library/CloudStorage/OneDrive-InsightfulOutcomes,LLC/IS-LTD/APPS/CaliberVault/node_modules/jsdom/lib/jsdom/living/generated/EventTarget.js:241:34)
    at Object.invokeGuardedCallbackDev (/Users/ghogue/Library/CloudStorage/OneDrive-InsightfulOutcomes,LLC/IS-LTD/APPS/CaliberVault/node_modules/react-dom/cjs/react-dom.development.js:4213:16)
    at invokeGuardedCallback (/Users/ghogue/Library/CloudStorage/OneDrive-InsightfulOutcomes,LLC/IS-LTD/APPS/CaliberVault/node_modules/react-dom/cjs/react-dom.development.js:4277:31)
    at beginWork$1 (/Users/ghogue/Library/CloudStorage/OneDrive-InsightfulOutcomes,LLC/IS-LTD/APPS/CaliberVault/node_modules/react-dom/cjs/react-dom.development.js:27490:7)
    at performUnitOfWork (/Users/ghogue/Library/CloudStorage/OneDrive-InsightfulOutcomes,LLC/IS-LTD/APPS/CaliberVault/node_modules/react-dom/cjs/react-dom.development.js:26599:12) Error: Element type is invalid: expected a string (for built-in components) or a class/function (for composite components) but got: undefined. You likely forgot to export your component from the file it's defined in, or you might have mixed up default and named imports.
    at createFiberFromTypeAndProps (/Users/ghogue/Library/CloudStorage/OneDrive-InsightfulOutcomes,LLC/IS-LTD/APPS/CaliberVault/node_modules/react-dom/cjs/react-dom.development.js:28478:17)
    at createFiberFromElement (/Users/ghogue/Library/CloudStorage/OneDrive-InsightfulOutcomes,LLC/IS-LTD/APPS/CaliberVault/node_modules/react-dom/cjs/react-dom.development.js:28504:15)
    at reconcileSingleElement (/Users/ghogue/Library/CloudStorage/OneDrive-InsightfulOutcomes,LLC/IS-LTD/APPS/CaliberVault/node_modules/react-dom/cjs/react-dom.development.js:13986:23)
    at reconcileChildFibers (/Users/ghogue/Library/CloudStorage/OneDrive-InsightfulOutcomes,LLC/IS-LTD/APPS/CaliberVault/node_modules/react-dom/cjs/react-dom.development.js:14044:35)
    at reconcileChildren (/Users/ghogue/Library/CloudStorage/OneDrive-InsightfulOutcomes,LLC/IS-LTD/APPS/CaliberVault/node_modules/react-dom/cjs/react-dom.development.js:19186:28)
    at updateContextProvider (/Users/ghogue/Library/CloudStorage/OneDrive-InsightfulOutcomes,LLC/IS-LTD/APPS/CaliberVault/node_modules/react-dom/cjs/react-dom.development.js:21193:3)
    at beginWork (/Users/ghogue/Library/CloudStorage/OneDrive-InsightfulOutcomes,LLC/IS-LTD/APPS/CaliberVault/node_modules/react-dom/cjs/react-dom.development.js:21688:14)
    at HTMLUnknownElement.callCallback (/Users/ghogue/Library/CloudStorage/OneDrive-InsightfulOutcomes,LLC/IS-LTD/APPS/CaliberVault/node_modules/react-dom/cjs/react-dom.development.js:4164:14)
    at HTMLUnknownElement.callTheUserObjectsOperation (/Users/ghogue/Library/CloudStorage/OneDrive-InsightfulOutcomes,LLC/IS-LTD/APPS/CaliberVault/node_modules/jsdom/lib/jsdom/living/generated/EventListener.js:26:30)
    at innerInvokeEventListeners (/Users/ghogue/Library/CloudStorage/OneDrive-InsightfulOutcomes,LLC/IS-LTD/APPS/CaliberVault/node_modules/jsdom/lib/jsdom/living/events/EventTarget-impl.js:350:25)
Error: Uncaught [Error: Element type is invalid: expected a string (for built-in components) or a class/function (for composite components) but got: undefined. You likely forgot to export your component from the file it's defined in, or you might have mixed up default and named imports.]
    at reportException (/Users/ghogue/Library/CloudStorage/OneDrive-InsightfulOutcomes,LLC/IS-LTD/APPS/CaliberVault/node_modules/jsdom/lib/jsdom/living/helpers/runtime-script-errors.js:66:24)
    at innerInvokeEventListeners (/Users/ghogue/Library/CloudStorage/OneDrive-InsightfulOutcomes,LLC/IS-LTD/APPS/CaliberVault/node_modules/jsdom/lib/jsdom/living/events/EventTarget-impl.js:353:9)
    at invokeEventListeners (/Users/ghogue/Library/CloudStorage/OneDrive-InsightfulOutcomes,LLC/IS-LTD/APPS/CaliberVault/node_modules/jsdom/lib/jsdom/living/events/EventTarget-impl.js:286:3)
    at HTMLUnknownElementImpl._dispatch (/Users/ghogue/Library/CloudStorage/OneDrive-InsightfulOutcomes,LLC/IS-LTD/APPS/CaliberVault/node_modules/jsdom/lib/jsdom/living/events/EventTarget-impl.js:233:9)
    at HTMLUnknownElementImpl.dispatchEvent (/Users/ghogue/Library/CloudStorage/OneDrive-InsightfulOutcomes,LLC/IS-LTD/APPS/CaliberVault/node_modules/jsdom/lib/jsdom/living/events/EventTarget-impl.js:104:17)
    at HTMLUnknownElement.dispatchEvent (/Users/ghogue/Library/CloudStorage/OneDrive-InsightfulOutcomes,LLC/IS-LTD/APPS/CaliberVault/node_modules/jsdom/lib/jsdom/living/generated/EventTarget.js:241:34)
    at Object.invokeGuardedCallbackDev (/Users/ghogue/Library/CloudStorage/OneDrive-InsightfulOutcomes,LLC/IS-LTD/APPS/CaliberVault/node_modules/react-dom/cjs/react-dom.development.js:4213:16)
    at invokeGuardedCallback (/Users/ghogue/Library/CloudStorage/OneDrive-InsightfulOutcomes,LLC/IS-LTD/APPS/CaliberVault/node_modules/react-dom/cjs/react-dom.development.js:4277:31)
    at beginWork$1 (/Users/ghogue/Library/CloudStorage/OneDrive-InsightfulOutcomes,LLC/IS-LTD/APPS/CaliberVault/node_modules/react-dom/cjs/react-dom.development.js:27490:7)
    at performUnitOfWork (/Users/ghogue/Library/CloudStorage/OneDrive-InsightfulOutcomes,LLC/IS-LTD/APPS/CaliberVault/node_modules/react-dom/cjs/react-dom.development.js:26599:12) Error: Element type is invalid: expected a string (for built-in components) or a class/function (for composite components) but got: undefined. You likely forgot to export your component from the file it's defined in, or you might have mixed up default and named imports.
    at createFiberFromTypeAndProps (/Users/ghogue/Library/CloudStorage/OneDrive-InsightfulOutcomes,LLC/IS-LTD/APPS/CaliberVault/node_modules/react-dom/cjs/react-dom.development.js:28478:17)
    at createFiberFromElement (/Users/ghogue/Library/CloudStorage/OneDrive-InsightfulOutcomes,LLC/IS-LTD/APPS/CaliberVault/node_modules/react-dom/cjs/react-dom.development.js:28504:15)
    at reconcileSingleElement (/Users/ghogue/Library/CloudStorage/OneDrive-InsightfulOutcomes,LLC/IS-LTD/APPS/CaliberVault/node_modules/react-dom/cjs/react-dom.development.js:13986:23)
    at reconcileChildFibers (/Users/ghogue/Library/CloudStorage/OneDrive-InsightfulOutcomes,LLC/IS-LTD/APPS/CaliberVault/node_modules/react-dom/cjs/react-dom.development.js:14044:35)
    at reconcileChildren (/Users/ghogue/Library/CloudStorage/OneDrive-InsightfulOutcomes,LLC/IS-LTD/APPS/CaliberVault/node_modules/react-dom/cjs/react-dom.development.js:19186:28)
    at updateContextProvider (/Users/ghogue/Library/CloudStorage/OneDrive-InsightfulOutcomes,LLC/IS-LTD/APPS/CaliberVault/node_modules/react-dom/cjs/react-dom.development.js:21193:3)
    at beginWork (/Users/ghogue/Library/CloudStorage/OneDrive-InsightfulOutcomes,LLC/IS-LTD/APPS/CaliberVault/node_modules/react-dom/cjs/react-dom.development.js:21688:14)
    at HTMLUnknownElement.callCallback (/Users/ghogue/Library/CloudStorage/OneDrive-InsightfulOutcomes,LLC/IS-LTD/APPS/CaliberVault/node_modules/react-dom/cjs/react-dom.development.js:4164:14)
    at HTMLUnknownElement.callTheUserObjectsOperation (/Users/ghogue/Library/CloudStorage/OneDrive-InsightfulOutcomes,LLC/IS-LTD/APPS/CaliberVault/node_modules/jsdom/lib/jsdom/living/generated/EventListener.js:26:30)
    at innerInvokeEventListeners (/Users/ghogue/Library/CloudStorage/OneDrive-InsightfulOutcomes,LLC/IS-LTD/APPS/CaliberVault/node_modules/jsdom/lib/jsdom/living/events/EventTarget-impl.js:350:25)
The above error occurred in the <Context.Provider> component:

    at QueryClientProvider (file:///Users/ghogue/Library/CloudStorage/OneDrive-InsightfulOutcomes,LLC/IS-LTD/APPS/CaliberVault/node_modules/@tanstack/react-query/build/modern/QueryClientProvider.js:20:3)
    at wrapper (/Users/ghogue/Library/CloudStorage/OneDrive-InsightfulOutcomes,LLC/IS-LTD/APPS/CaliberVault/src/components/__tests__/InventoryOperations.test.tsx:14:20)

Consider adding an error boundary to your tree to customize error handling behavior.
Visit https://reactjs.org/link/error-boundaries to learn more about error boundaries.

stderr | src/components/__tests__/InventoryOperations.test.tsx > Inventory Operations > opens add item modal
Warning: React.jsx: type is invalid -- expected a string (for built-in components) or a class/function (for composite components) but got: undefined. You likely forgot to export your component from the file it's defined in, or you might have mixed up default and named imports.

Check your code at InventoryOperations.test.tsx:25.
Error: Uncaught [Error: Element type is invalid: expected a string (for built-in components) or a class/function (for composite components) but got: undefined. You likely forgot to export your component from the file it's defined in, or you might have mixed up default and named imports.]
    at reportException (/Users/ghogue/Library/CloudStorage/OneDrive-InsightfulOutcomes,LLC/IS-LTD/APPS/CaliberVault/node_modules/jsdom/lib/jsdom/living/helpers/runtime-script-errors.js:66:24)
    at innerInvokeEventListeners (/Users/ghogue/Library/CloudStorage/OneDrive-InsightfulOutcomes,LLC/IS-LTD/APPS/CaliberVault/node_modules/jsdom/lib/jsdom/living/events/EventTarget-impl.js:353:9)
    at invokeEventListeners (/Users/ghogue/Library/CloudStorage/OneDrive-InsightfulOutcomes,LLC/IS-LTD/APPS/CaliberVault/node_modules/jsdom/lib/jsdom/living/events/EventTarget-impl.js:286:3)
    at HTMLUnknownElementImpl._dispatch (/Users/ghogue/Library/CloudStorage/OneDrive-InsightfulOutcomes,LLC/IS-LTD/APPS/CaliberVault/node_modules/jsdom/lib/jsdom/living/events/EventTarget-impl.js:233:9)
    at HTMLUnknownElementImpl.dispatchEvent (/Users/ghogue/Library/CloudStorage/OneDrive-InsightfulOutcomes,LLC/IS-LTD/APPS/CaliberVault/node_modules/jsdom/lib/jsdom/living/events/EventTarget-impl.js:104:17)
    at HTMLUnknownElement.dispatchEvent (/Users/ghogue/Library/CloudStorage/OneDrive-InsightfulOutcomes,LLC/IS-LTD/APPS/CaliberVault/node_modules/jsdom/lib/jsdom/living/generated/EventTarget.js:241:34)
    at Object.invokeGuardedCallbackDev (/Users/ghogue/Library/CloudStorage/OneDrive-InsightfulOutcomes,LLC/IS-LTD/APPS/CaliberVault/node_modules/react-dom/cjs/react-dom.development.js:4213:16)
    at invokeGuardedCallback (/Users/ghogue/Library/CloudStorage/OneDrive-InsightfulOutcomes,LLC/IS-LTD/APPS/CaliberVault/node_modules/react-dom/cjs/react-dom.development.js:4277:31)
    at beginWork$1 (/Users/ghogue/Library/CloudStorage/OneDrive-InsightfulOutcomes,LLC/IS-LTD/APPS/CaliberVault/node_modules/react-dom/cjs/react-dom.development.js:27490:7)
    at performUnitOfWork (/Users/ghogue/Library/CloudStorage/OneDrive-InsightfulOutcomes,LLC/IS-LTD/APPS/CaliberVault/node_modules/react-dom/cjs/react-dom.development.js:26599:12) Error: Element type is invalid: expected a string (for built-in components) or a class/function (for composite components) but got: undefined. You likely forgot to export your component from the file it's defined in, or you might have mixed up default and named imports.
    at createFiberFromTypeAndProps (/Users/ghogue/Library/CloudStorage/OneDrive-InsightfulOutcomes,LLC/IS-LTD/APPS/CaliberVault/node_modules/react-dom/cjs/react-dom.development.js:28478:17)
    at createFiberFromElement (/Users/ghogue/Library/CloudStorage/OneDrive-InsightfulOutcomes,LLC/IS-LTD/APPS/CaliberVault/node_modules/react-dom/cjs/react-dom.development.js:28504:15)
    at reconcileSingleElement (/Users/ghogue/Library/CloudStorage/OneDrive-InsightfulOutcomes,LLC/IS-LTD/APPS/CaliberVault/node_modules/react-dom/cjs/react-dom.development.js:13986:23)
    at reconcileChildFibers (/Users/ghogue/Library/CloudStorage/OneDrive-InsightfulOutcomes,LLC/IS-LTD/APPS/CaliberVault/node_modules/react-dom/cjs/react-dom.development.js:14044:35)
    at reconcileChildren (/Users/ghogue/Library/CloudStorage/OneDrive-InsightfulOutcomes,LLC/IS-LTD/APPS/CaliberVault/node_modules/react-dom/cjs/react-dom.development.js:19186:28)
    at updateContextProvider (/Users/ghogue/Library/CloudStorage/OneDrive-InsightfulOutcomes,LLC/IS-LTD/APPS/CaliberVault/node_modules/react-dom/cjs/react-dom.development.js:21193:3)
    at beginWork (/Users/ghogue/Library/CloudStorage/OneDrive-InsightfulOutcomes,LLC/IS-LTD/APPS/CaliberVault/node_modules/react-dom/cjs/react-dom.development.js:21688:14)
    at HTMLUnknownElement.callCallback (/Users/ghogue/Library/CloudStorage/OneDrive-InsightfulOutcomes,LLC/IS-LTD/APPS/CaliberVault/node_modules/react-dom/cjs/react-dom.development.js:4164:14)
    at HTMLUnknownElement.callTheUserObjectsOperation (/Users/ghogue/Library/CloudStorage/OneDrive-InsightfulOutcomes,LLC/IS-LTD/APPS/CaliberVault/node_modules/jsdom/lib/jsdom/living/generated/EventListener.js:26:30)
    at innerInvokeEventListeners (/Users/ghogue/Library/CloudStorage/OneDrive-InsightfulOutcomes,LLC/IS-LTD/APPS/CaliberVault/node_modules/jsdom/lib/jsdom/living/events/EventTarget-impl.js:350:25)
Error: Uncaught [Error: Element type is invalid: expected a string (for built-in components) or a class/function (for composite components) but got: undefined. You likely forgot to export your component from the file it's defined in, or you might have mixed up default and named imports.]
    at reportException (/Users/ghogue/Library/CloudStorage/OneDrive-InsightfulOutcomes,LLC/IS-LTD/APPS/CaliberVault/node_modules/jsdom/lib/jsdom/living/helpers/runtime-script-errors.js:66:24)
    at innerInvokeEventListeners (/Users/ghogue/Library/CloudStorage/OneDrive-InsightfulOutcomes,LLC/IS-LTD/APPS/CaliberVault/node_modules/jsdom/lib/jsdom/living/events/EventTarget-impl.js:353:9)
    at invokeEventListeners (/Users/ghogue/Library/CloudStorage/OneDrive-InsightfulOutcomes,LLC/IS-LTD/APPS/CaliberVault/node_modules/jsdom/lib/jsdom/living/events/EventTarget-impl.js:286:3)
    at HTMLUnknownElementImpl._dispatch (/Users/ghogue/Library/CloudStorage/OneDrive-InsightfulOutcomes,LLC/IS-LTD/APPS/CaliberVault/node_modules/jsdom/lib/jsdom/living/events/EventTarget-impl.js:233:9)
    at HTMLUnknownElementImpl.dispatchEvent (/Users/ghogue/Library/CloudStorage/OneDrive-InsightfulOutcomes,LLC/IS-LTD/APPS/CaliberVault/node_modules/jsdom/lib/jsdom/living/events/EventTarget-impl.js:104:17)
    at HTMLUnknownElement.dispatchEvent (/Users/ghogue/Library/CloudStorage/OneDrive-InsightfulOutcomes,LLC/IS-LTD/APPS/CaliberVault/node_modules/jsdom/lib/jsdom/living/generated/EventTarget.js:241:34)
    at Object.invokeGuardedCallbackDev (/Users/ghogue/Library/CloudStorage/OneDrive-InsightfulOutcomes,LLC/IS-LTD/APPS/CaliberVault/node_modules/react-dom/cjs/react-dom.development.js:4213:16)
    at invokeGuardedCallback (/Users/ghogue/Library/CloudStorage/OneDrive-InsightfulOutcomes,LLC/IS-LTD/APPS/CaliberVault/node_modules/react-dom/cjs/react-dom.development.js:4277:31)
    at beginWork$1 (/Users/ghogue/Library/CloudStorage/OneDrive-InsightfulOutcomes,LLC/IS-LTD/APPS/CaliberVault/node_modules/react-dom/cjs/react-dom.development.js:27490:7)
    at performUnitOfWork (/Users/ghogue/Library/CloudStorage/OneDrive-InsightfulOutcomes,LLC/IS-LTD/APPS/CaliberVault/node_modules/react-dom/cjs/react-dom.development.js:26599:12) Error: Element type is invalid: expected a string (for built-in components) or a class/function (for composite components) but got: undefined. You likely forgot to export your component from the file it's defined in, or you might have mixed up default and named imports.
    at createFiberFromTypeAndProps (/Users/ghogue/Library/CloudStorage/OneDrive-InsightfulOutcomes,LLC/IS-LTD/APPS/CaliberVault/node_modules/react-dom/cjs/react-dom.development.js:28478:17)
    at createFiberFromElement (/Users/ghogue/Library/CloudStorage/OneDrive-InsightfulOutcomes,LLC/IS-LTD/APPS/CaliberVault/node_modules/react-dom/cjs/react-dom.development.js:28504:15)
    at reconcileSingleElement (/Users/ghogue/Library/CloudStorage/OneDrive-InsightfulOutcomes,LLC/IS-LTD/APPS/CaliberVault/node_modules/react-dom/cjs/react-dom.development.js:13986:23)
    at reconcileChildFibers (/Users/ghogue/Library/CloudStorage/OneDrive-InsightfulOutcomes,LLC/IS-LTD/APPS/CaliberVault/node_modules/react-dom/cjs/react-dom.development.js:14044:35)
    at reconcileChildren (/Users/ghogue/Library/CloudStorage/OneDrive-InsightfulOutcomes,LLC/IS-LTD/APPS/CaliberVault/node_modules/react-dom/cjs/react-dom.development.js:19186:28)
    at updateContextProvider (/Users/ghogue/Library/CloudStorage/OneDrive-InsightfulOutcomes,LLC/IS-LTD/APPS/CaliberVault/node_modules/react-dom/cjs/react-dom.development.js:21193:3)
    at beginWork (/Users/ghogue/Library/CloudStorage/OneDrive-InsightfulOutcomes,LLC/IS-LTD/APPS/CaliberVault/node_modules/react-dom/cjs/react-dom.development.js:21688:14)
    at HTMLUnknownElement.callCallback (/Users/ghogue/Library/CloudStorage/OneDrive-InsightfulOutcomes,LLC/IS-LTD/APPS/CaliberVault/node_modules/react-dom/cjs/react-dom.development.js:4164:14)
    at HTMLUnknownElement.callTheUserObjectsOperation (/Users/ghogue/Library/CloudStorage/OneDrive-InsightfulOutcomes,LLC/IS-LTD/APPS/CaliberVault/node_modules/jsdom/lib/jsdom/living/generated/EventListener.js:26:30)
    at innerInvokeEventListeners (/Users/ghogue/Library/CloudStorage/OneDrive-InsightfulOutcomes,LLC/IS-LTD/APPS/CaliberVault/node_modules/jsdom/lib/jsdom/living/events/EventTarget-impl.js:350:25)
The above error occurred in the <Context.Provider> component:

    at QueryClientProvider (file:///Users/ghogue/Library/CloudStorage/OneDrive-InsightfulOutcomes,LLC/IS-LTD/APPS/CaliberVault/node_modules/@tanstack/react-query/build/modern/QueryClientProvider.js:20:3)
    at wrapper (/Users/ghogue/Library/CloudStorage/OneDrive-InsightfulOutcomes,LLC/IS-LTD/APPS/CaliberVault/src/components/__tests__/InventoryOperations.test.tsx:14:20)

Consider adding an error boundary to your tree to customize error handling behavior.
Visit https://reactjs.org/link/error-boundaries to learn more about error boundaries.

stderr | src/components/__tests__/InventoryOperations.test.tsx > Inventory Operations > performs search operation
Warning: React.jsx: type is invalid -- expected a string (for built-in components) or a class/function (for composite components) but got: undefined. You likely forgot to export your component from the file it's defined in, or you might have mixed up default and named imports.

Check your code at InventoryOperations.test.tsx:36.
Error: Uncaught [Error: Element type is invalid: expected a string (for built-in components) or a class/function (for composite components) but got: undefined. You likely forgot to export your component from the file it's defined in, or you might have mixed up default and named imports.]
    at reportException (/Users/ghogue/Library/CloudStorage/OneDrive-InsightfulOutcomes,LLC/IS-LTD/APPS/CaliberVault/node_modules/jsdom/lib/jsdom/living/helpers/runtime-script-errors.js:66:24)
    at innerInvokeEventListeners (/Users/ghogue/Library/CloudStorage/OneDrive-InsightfulOutcomes,LLC/IS-LTD/APPS/CaliberVault/node_modules/jsdom/lib/jsdom/living/events/EventTarget-impl.js:353:9)
    at invokeEventListeners (/Users/ghogue/Library/CloudStorage/OneDrive-InsightfulOutcomes,LLC/IS-LTD/APPS/CaliberVault/node_modules/jsdom/lib/jsdom/living/events/EventTarget-impl.js:286:3)
    at HTMLUnknownElementImpl._dispatch (/Users/ghogue/Library/CloudStorage/OneDrive-InsightfulOutcomes,LLC/IS-LTD/APPS/CaliberVault/node_modules/jsdom/lib/jsdom/living/events/EventTarget-impl.js:233:9)
    at HTMLUnknownElementImpl.dispatchEvent (/Users/ghogue/Library/CloudStorage/OneDrive-InsightfulOutcomes,LLC/IS-LTD/APPS/CaliberVault/node_modules/jsdom/lib/jsdom/living/events/EventTarget-impl.js:104:17)
    at HTMLUnknownElement.dispatchEvent (/Users/ghogue/Library/CloudStorage/OneDrive-InsightfulOutcomes,LLC/IS-LTD/APPS/CaliberVault/node_modules/jsdom/lib/jsdom/living/generated/EventTarget.js:241:34)
    at Object.invokeGuardedCallbackDev (/Users/ghogue/Library/CloudStorage/OneDrive-InsightfulOutcomes,LLC/IS-LTD/APPS/CaliberVault/node_modules/react-dom/cjs/react-dom.development.js:4213:16)
    at invokeGuardedCallback (/Users/ghogue/Library/CloudStorage/OneDrive-InsightfulOutcomes,LLC/IS-LTD/APPS/CaliberVault/node_modules/react-dom/cjs/react-dom.development.js:4277:31)
    at beginWork$1 (/Users/ghogue/Library/CloudStorage/OneDrive-InsightfulOutcomes,LLC/IS-LTD/APPS/CaliberVault/node_modules/react-dom/cjs/react-dom.development.js:27490:7)
    at performUnitOfWork (/Users/ghogue/Library/CloudStorage/OneDrive-InsightfulOutcomes,LLC/IS-LTD/APPS/CaliberVault/node_modules/react-dom/cjs/react-dom.development.js:26599:12) Error: Element type is invalid: expected a string (for built-in components) or a class/function (for composite components) but got: undefined. You likely forgot to export your component from the file it's defined in, or you might have mixed up default and named imports.
    at createFiberFromTypeAndProps (/Users/ghogue/Library/CloudStorage/OneDrive-InsightfulOutcomes,LLC/IS-LTD/APPS/CaliberVault/node_modules/react-dom/cjs/react-dom.development.js:28478:17)
    at createFiberFromElement (/Users/ghogue/Library/CloudStorage/OneDrive-InsightfulOutcomes,LLC/IS-LTD/APPS/CaliberVault/node_modules/react-dom/cjs/react-dom.development.js:28504:15)
    at reconcileSingleElement (/Users/ghogue/Library/CloudStorage/OneDrive-InsightfulOutcomes,LLC/IS-LTD/APPS/CaliberVault/node_modules/react-dom/cjs/react-dom.development.js:13986:23)
    at reconcileChildFibers (/Users/ghogue/Library/CloudStorage/OneDrive-InsightfulOutcomes,LLC/IS-LTD/APPS/CaliberVault/node_modules/react-dom/cjs/react-dom.development.js:14044:35)
    at reconcileChildren (/Users/ghogue/Library/CloudStorage/OneDrive-InsightfulOutcomes,LLC/IS-LTD/APPS/CaliberVault/node_modules/react-dom/cjs/react-dom.development.js:19186:28)
    at updateContextProvider (/Users/ghogue/Library/CloudStorage/OneDrive-InsightfulOutcomes,LLC/IS-LTD/APPS/CaliberVault/node_modules/react-dom/cjs/react-dom.development.js:21193:3)
    at beginWork (/Users/ghogue/Library/CloudStorage/OneDrive-InsightfulOutcomes,LLC/IS-LTD/APPS/CaliberVault/node_modules/react-dom/cjs/react-dom.development.js:21688:14)
    at HTMLUnknownElement.callCallback (/Users/ghogue/Library/CloudStorage/OneDrive-InsightfulOutcomes,LLC/IS-LTD/APPS/CaliberVault/node_modules/react-dom/cjs/react-dom.development.js:4164:14)
    at HTMLUnknownElement.callTheUserObjectsOperation (/Users/ghogue/Library/CloudStorage/OneDrive-InsightfulOutcomes,LLC/IS-LTD/APPS/CaliberVault/node_modules/jsdom/lib/jsdom/living/generated/EventListener.js:26:30)
    at innerInvokeEventListeners (/Users/ghogue/Library/CloudStorage/OneDrive-InsightfulOutcomes,LLC/IS-LTD/APPS/CaliberVault/node_modules/jsdom/lib/jsdom/living/events/EventTarget-impl.js:350:25)
Error: Uncaught [Error: Element type is invalid: expected a string (for built-in components) or a class/function (for composite components) but got: undefined. You likely forgot to export your component from the file it's defined in, or you might have mixed up default and named imports.]
    at reportException (/Users/ghogue/Library/CloudStorage/OneDrive-InsightfulOutcomes,LLC/IS-LTD/APPS/CaliberVault/node_modules/jsdom/lib/jsdom/living/helpers/runtime-script-errors.js:66:24)
    at innerInvokeEventListeners (/Users/ghogue/Library/CloudStorage/OneDrive-InsightfulOutcomes,LLC/IS-LTD/APPS/CaliberVault/node_modules/jsdom/lib/jsdom/living/events/EventTarget-impl.js:353:9)
    at invokeEventListeners (/Users/ghogue/Library/CloudStorage/OneDrive-InsightfulOutcomes,LLC/IS-LTD/APPS/CaliberVault/node_modules/jsdom/lib/jsdom/living/events/EventTarget-impl.js:286:3)
    at HTMLUnknownElementImpl._dispatch (/Users/ghogue/Library/CloudStorage/OneDrive-InsightfulOutcomes,LLC/IS-LTD/APPS/CaliberVault/node_modules/jsdom/lib/jsdom/living/events/EventTarget-impl.js:233:9)
    at HTMLUnknownElementImpl.dispatchEvent (/Users/ghogue/Library/CloudStorage/OneDrive-InsightfulOutcomes,LLC/IS-LTD/APPS/CaliberVault/node_modules/jsdom/lib/jsdom/living/events/EventTarget-impl.js:104:17)
    at HTMLUnknownElement.dispatchEvent (/Users/ghogue/Library/CloudStorage/OneDrive-InsightfulOutcomes,LLC/IS-LTD/APPS/CaliberVault/node_modules/jsdom/lib/jsdom/living/generated/EventTarget.js:241:34)
    at Object.invokeGuardedCallbackDev (/Users/ghogue/Library/CloudStorage/OneDrive-InsightfulOutcomes,LLC/IS-LTD/APPS/CaliberVault/node_modules/react-dom/cjs/react-dom.development.js:4213:16)
    at invokeGuardedCallback (/Users/ghogue/Library/CloudStorage/OneDrive-InsightfulOutcomes,LLC/IS-LTD/APPS/CaliberVault/node_modules/react-dom/cjs/react-dom.development.js:4277:31)
    at beginWork$1 (/Users/ghogue/Library/CloudStorage/OneDrive-InsightfulOutcomes,LLC/IS-LTD/APPS/CaliberVault/node_modules/react-dom/cjs/react-dom.development.js:27490:7)
    at performUnitOfWork (/Users/ghogue/Library/CloudStorage/OneDrive-InsightfulOutcomes,LLC/IS-LTD/APPS/CaliberVault/node_modules/react-dom/cjs/react-dom.development.js:26599:12) Error: Element type is invalid: expected a string (for built-in components) or a class/function (for composite components) but got: undefined. You likely forgot to export your component from the file it's defined in, or you might have mixed up default and named imports.
    at createFiberFromTypeAndProps (/Users/ghogue/Library/CloudStorage/OneDrive-InsightfulOutcomes,LLC/IS-LTD/APPS/CaliberVault/node_modules/react-dom/cjs/react-dom.development.js:28478:17)
    at createFiberFromElement (/Users/ghogue/Library/CloudStorage/OneDrive-InsightfulOutcomes,LLC/IS-LTD/APPS/CaliberVault/node_modules/react-dom/cjs/react-dom.development.js:28504:15)
    at reconcileSingleElement (/Users/ghogue/Library/CloudStorage/OneDrive-InsightfulOutcomes,LLC/IS-LTD/APPS/CaliberVault/node_modules/react-dom/cjs/react-dom.development.js:13986:23)
    at reconcileChildFibers (/Users/ghogue/Library/CloudStorage/OneDrive-InsightfulOutcomes,LLC/IS-LTD/APPS/CaliberVault/node_modules/react-dom/cjs/react-dom.development.js:14044:35)
    at reconcileChildren (/Users/ghogue/Library/CloudStorage/OneDrive-InsightfulOutcomes,LLC/IS-LTD/APPS/CaliberVault/node_modules/react-dom/cjs/react-dom.development.js:19186:28)
    at updateContextProvider (/Users/ghogue/Library/CloudStorage/OneDrive-InsightfulOutcomes,LLC/IS-LTD/APPS/CaliberVault/node_modules/react-dom/cjs/react-dom.development.js:21193:3)
    at beginWork (/Users/ghogue/Library/CloudStorage/OneDrive-InsightfulOutcomes,LLC/IS-LTD/APPS/CaliberVault/node_modules/react-dom/cjs/react-dom.development.js:21688:14)
    at HTMLUnknownElement.callCallback (/Users/ghogue/Library/CloudStorage/OneDrive-InsightfulOutcomes,LLC/IS-LTD/APPS/CaliberVault/node_modules/react-dom/cjs/react-dom.development.js:4164:14)
    at HTMLUnknownElement.callTheUserObjectsOperation (/Users/ghogue/Library/CloudStorage/OneDrive-InsightfulOutcomes,LLC/IS-LTD/APPS/CaliberVault/node_modules/jsdom/lib/jsdom/living/generated/EventListener.js:26:30)
    at innerInvokeEventListeners (/Users/ghogue/Library/CloudStorage/OneDrive-InsightfulOutcomes,LLC/IS-LTD/APPS/CaliberVault/node_modules/jsdom/lib/jsdom/living/events/EventTarget-impl.js:350:25)
The above error occurred in the <Context.Provider> component:

    at QueryClientProvider (file:///Users/ghogue/Library/CloudStorage/OneDrive-InsightfulOutcomes,LLC/IS-LTD/APPS/CaliberVault/node_modules/@tanstack/react-query/build/modern/QueryClientProvider.js:20:3)
    at wrapper (/Users/ghogue/Library/CloudStorage/OneDrive-InsightfulOutcomes,LLC/IS-LTD/APPS/CaliberVault/src/components/__tests__/InventoryOperations.test.tsx:14:20)

Consider adding an error boundary to your tree to customize error handling behavior.
Visit https://reactjs.org/link/error-boundaries to learn more about error boundaries.

stderr | src/components/__tests__/InventoryOperations.test.tsx > Inventory Operations > applies filters
Warning: React.jsx: type is invalid -- expected a string (for built-in components) or a class/function (for composite components) but got: undefined. You likely forgot to export your component from the file it's defined in, or you might have mixed up default and named imports.

Check your code at InventoryOperations.test.tsx:47.
Error: Uncaught [Error: Element type is invalid: expected a string (for built-in components) or a class/function (for composite components) but got: undefined. You likely forgot to export your component from the file it's defined in, or you might have mixed up default and named imports.]
    at reportException (/Users/ghogue/Library/CloudStorage/OneDrive-InsightfulOutcomes,LLC/IS-LTD/APPS/CaliberVault/node_modules/jsdom/lib/jsdom/living/helpers/runtime-script-errors.js:66:24)
    at innerInvokeEventListeners (/Users/ghogue/Library/CloudStorage/OneDrive-InsightfulOutcomes,LLC/IS-LTD/APPS/CaliberVault/node_modules/jsdom/lib/jsdom/living/events/EventTarget-impl.js:353:9)
    at invokeEventListeners (/Users/ghogue/Library/CloudStorage/OneDrive-InsightfulOutcomes,LLC/IS-LTD/APPS/CaliberVault/node_modules/jsdom/lib/jsdom/living/events/EventTarget-impl.js:286:3)
    at HTMLUnknownElementImpl._dispatch (/Users/ghogue/Library/CloudStorage/OneDrive-InsightfulOutcomes,LLC/IS-LTD/APPS/CaliberVault/node_modules/jsdom/lib/jsdom/living/events/EventTarget-impl.js:233:9)
    at HTMLUnknownElementImpl.dispatchEvent (/Users/ghogue/Library/CloudStorage/OneDrive-InsightfulOutcomes,LLC/IS-LTD/APPS/CaliberVault/node_modules/jsdom/lib/jsdom/living/events/EventTarget-impl.js:104:17)
    at HTMLUnknownElement.dispatchEvent (/Users/ghogue/Library/CloudStorage/OneDrive-InsightfulOutcomes,LLC/IS-LTD/APPS/CaliberVault/node_modules/jsdom/lib/jsdom/living/generated/EventTarget.js:241:34)
    at Object.invokeGuardedCallbackDev (/Users/ghogue/Library/CloudStorage/OneDrive-InsightfulOutcomes,LLC/IS-LTD/APPS/CaliberVault/node_modules/react-dom/cjs/react-dom.development.js:4213:16)
    at invokeGuardedCallback (/Users/ghogue/Library/CloudStorage/OneDrive-InsightfulOutcomes,LLC/IS-LTD/APPS/CaliberVault/node_modules/react-dom/cjs/react-dom.development.js:4277:31)
    at beginWork$1 (/Users/ghogue/Library/CloudStorage/OneDrive-InsightfulOutcomes,LLC/IS-LTD/APPS/CaliberVault/node_modules/react-dom/cjs/react-dom.development.js:27490:7)
    at performUnitOfWork (/Users/ghogue/Library/CloudStorage/OneDrive-InsightfulOutcomes,LLC/IS-LTD/APPS/CaliberVault/node_modules/react-dom/cjs/react-dom.development.js:26599:12) Error: Element type is invalid: expected a string (for built-in components) or a class/function (for composite components) but got: undefined. You likely forgot to export your component from the file it's defined in, or you might have mixed up default and named imports.
    at createFiberFromTypeAndProps (/Users/ghogue/Library/CloudStorage/OneDrive-InsightfulOutcomes,LLC/IS-LTD/APPS/CaliberVault/node_modules/react-dom/cjs/react-dom.development.js:28478:17)
    at createFiberFromElement (/Users/ghogue/Library/CloudStorage/OneDrive-InsightfulOutcomes,LLC/IS-LTD/APPS/CaliberVault/node_modules/react-dom/cjs/react-dom.development.js:28504:15)
    at reconcileSingleElement (/Users/ghogue/Library/CloudStorage/OneDrive-InsightfulOutcomes,LLC/IS-LTD/APPS/CaliberVault/node_modules/react-dom/cjs/react-dom.development.js:13986:23)
    at reconcileChildFibers (/Users/ghogue/Library/CloudStorage/OneDrive-InsightfulOutcomes,LLC/IS-LTD/APPS/CaliberVault/node_modules/react-dom/cjs/react-dom.development.js:14044:35)
    at reconcileChildren (/Users/ghogue/Library/CloudStorage/OneDrive-InsightfulOutcomes,LLC/IS-LTD/APPS/CaliberVault/node_modules/react-dom/cjs/react-dom.development.js:19186:28)
    at updateContextProvider (/Users/ghogue/Library/CloudStorage/OneDrive-InsightfulOutcomes,LLC/IS-LTD/APPS/CaliberVault/node_modules/react-dom/cjs/react-dom.development.js:21193:3)
    at beginWork (/Users/ghogue/Library/CloudStorage/OneDrive-InsightfulOutcomes,LLC/IS-LTD/APPS/CaliberVault/node_modules/react-dom/cjs/react-dom.development.js:21688:14)
    at HTMLUnknownElement.callCallback (/Users/ghogue/Library/CloudStorage/OneDrive-InsightfulOutcomes,LLC/IS-LTD/APPS/CaliberVault/node_modules/react-dom/cjs/react-dom.development.js:4164:14)
    at HTMLUnknownElement.callTheUserObjectsOperation (/Users/ghogue/Library/CloudStorage/OneDrive-InsightfulOutcomes,LLC/IS-LTD/APPS/CaliberVault/node_modules/jsdom/lib/jsdom/living/generated/EventListener.js:26:30)
    at innerInvokeEventListeners (/Users/ghogue/Library/CloudStorage/OneDrive-InsightfulOutcomes,LLC/IS-LTD/APPS/CaliberVault/node_modules/jsdom/lib/jsdom/living/events/EventTarget-impl.js:350:25)
Error: Uncaught [Error: Element type is invalid: expected a string (for built-in components) or a class/function (for composite components) but got: undefined. You likely forgot to export your component from the file it's defined in, or you might have mixed up default and named imports.]
    at reportException (/Users/ghogue/Library/CloudStorage/OneDrive-InsightfulOutcomes,LLC/IS-LTD/APPS/CaliberVault/node_modules/jsdom/lib/jsdom/living/helpers/runtime-script-errors.js:66:24)
    at innerInvokeEventListeners (/Users/ghogue/Library/CloudStorage/OneDrive-InsightfulOutcomes,LLC/IS-LTD/APPS/CaliberVault/node_modules/jsdom/lib/jsdom/living/events/EventTarget-impl.js:353:9)
    at invokeEventListeners (/Users/ghogue/Library/CloudStorage/OneDrive-InsightfulOutcomes,LLC/IS-LTD/APPS/CaliberVault/node_modules/jsdom/lib/jsdom/living/events/EventTarget-impl.js:286:3)
    at HTMLUnknownElementImpl._dispatch (/Users/ghogue/Library/CloudStorage/OneDrive-InsightfulOutcomes,LLC/IS-LTD/APPS/CaliberVault/node_modules/jsdom/lib/jsdom/living/events/EventTarget-impl.js:233:9)
    at HTMLUnknownElementImpl.dispatchEvent (/Users/ghogue/Library/CloudStorage/OneDrive-InsightfulOutcomes,LLC/IS-LTD/APPS/CaliberVault/node_modules/jsdom/lib/jsdom/living/events/EventTarget-impl.js:104:17)
    at HTMLUnknownElement.dispatchEvent (/Users/ghogue/Library/CloudStorage/OneDrive-InsightfulOutcomes,LLC/IS-LTD/APPS/CaliberVault/node_modules/jsdom/lib/jsdom/living/generated/EventTarget.js:241:34)
    at Object.invokeGuardedCallbackDev (/Users/ghogue/Library/CloudStorage/OneDrive-InsightfulOutcomes,LLC/IS-LTD/APPS/CaliberVault/node_modules/react-dom/cjs/react-dom.development.js:4213:16)
    at invokeGuardedCallback (/Users/ghogue/Library/CloudStorage/OneDrive-InsightfulOutcomes,LLC/IS-LTD/APPS/CaliberVault/node_modules/react-dom/cjs/react-dom.development.js:4277:31)
    at beginWork$1 (/Users/ghogue/Library/CloudStorage/OneDrive-InsightfulOutcomes,LLC/IS-LTD/APPS/CaliberVault/node_modules/react-dom/cjs/react-dom.development.js:27490:7)
    at performUnitOfWork (/Users/ghogue/Library/CloudStorage/OneDrive-InsightfulOutcomes,LLC/IS-LTD/APPS/CaliberVault/node_modules/react-dom/cjs/react-dom.development.js:26599:12) Error: Element type is invalid: expected a string (for built-in components) or a class/function (for composite components) but got: undefined. You likely forgot to export your component from the file it's defined in, or you might have mixed up default and named imports.
    at createFiberFromTypeAndProps (/Users/ghogue/Library/CloudStorage/OneDrive-InsightfulOutcomes,LLC/IS-LTD/APPS/CaliberVault/node_modules/react-dom/cjs/react-dom.development.js:28478:17)
    at createFiberFromElement (/Users/ghogue/Library/CloudStorage/OneDrive-InsightfulOutcomes,LLC/IS-LTD/APPS/CaliberVault/node_modules/react-dom/cjs/react-dom.development.js:28504:15)
    at reconcileSingleElement (/Users/ghogue/Library/CloudStorage/OneDrive-InsightfulOutcomes,LLC/IS-LTD/APPS/CaliberVault/node_modules/react-dom/cjs/react-dom.development.js:13986:23)
    at reconcileChildFibers (/Users/ghogue/Library/CloudStorage/OneDrive-InsightfulOutcomes,LLC/IS-LTD/APPS/CaliberVault/node_modules/react-dom/cjs/react-dom.development.js:14044:35)
    at reconcileChildren (/Users/ghogue/Library/CloudStorage/OneDrive-InsightfulOutcomes,LLC/IS-LTD/APPS/CaliberVault/node_modules/react-dom/cjs/react-dom.development.js:19186:28)
    at updateContextProvider (/Users/ghogue/Library/CloudStorage/OneDrive-InsightfulOutcomes,LLC/IS-LTD/APPS/CaliberVault/node_modules/react-dom/cjs/react-dom.development.js:21193:3)
    at beginWork (/Users/ghogue/Library/CloudStorage/OneDrive-InsightfulOutcomes,LLC/IS-LTD/APPS/CaliberVault/node_modules/react-dom/cjs/react-dom.development.js:21688:14)
    at HTMLUnknownElement.callCallback (/Users/ghogue/Library/CloudStorage/OneDrive-InsightfulOutcomes,LLC/IS-LTD/APPS/CaliberVault/node_modules/react-dom/cjs/react-dom.development.js:4164:14)
    at HTMLUnknownElement.callTheUserObjectsOperation (/Users/ghogue/Library/CloudStorage/OneDrive-InsightfulOutcomes,LLC/IS-LTD/APPS/CaliberVault/node_modules/jsdom/lib/jsdom/living/generated/EventListener.js:26:30)
    at innerInvokeEventListeners (/Users/ghogue/Library/CloudStorage/OneDrive-InsightfulOutcomes,LLC/IS-LTD/APPS/CaliberVault/node_modules/jsdom/lib/jsdom/living/events/EventTarget-impl.js:350:25)
The above error occurred in the <Context.Provider> component:

    at QueryClientProvider (file:///Users/ghogue/Library/CloudStorage/OneDrive-InsightfulOutcomes,LLC/IS-LTD/APPS/CaliberVault/node_modules/@tanstack/react-query/build/modern/QueryClientProvider.js:20:3)
    at wrapper (/Users/ghogue/Library/CloudStorage/OneDrive-InsightfulOutcomes,LLC/IS-LTD/APPS/CaliberVault/src/components/__tests__/InventoryOperations.test.tsx:14:20)

Consider adding an error boundary to your tree to customize error handling behavior.
Visit https://reactjs.org/link/error-boundaries to learn more about error boundaries.

stderr | src/components/__tests__/InventoryOperations.test.tsx > Inventory Operations > handles bulk selection
Warning: React.jsx: type is invalid -- expected a string (for built-in components) or a class/function (for composite components) but got: undefined. You likely forgot to export your component from the file it's defined in, or you might have mixed up default and named imports.

Check your code at InventoryOperations.test.tsx:58.
Error: Uncaught [Error: Element type is invalid: expected a string (for built-in components) or a class/function (for composite components) but got: undefined. You likely forgot to export your component from the file it's defined in, or you might have mixed up default and named imports.]
    at reportException (/Users/ghogue/Library/CloudStorage/OneDrive-InsightfulOutcomes,LLC/IS-LTD/APPS/CaliberVault/node_modules/jsdom/lib/jsdom/living/helpers/runtime-script-errors.js:66:24)
    at innerInvokeEventListeners (/Users/ghogue/Library/CloudStorage/OneDrive-InsightfulOutcomes,LLC/IS-LTD/APPS/CaliberVault/node_modules/jsdom/lib/jsdom/living/events/EventTarget-impl.js:353:9)
    at invokeEventListeners (/Users/ghogue/Library/CloudStorage/OneDrive-InsightfulOutcomes,LLC/IS-LTD/APPS/CaliberVault/node_modules/jsdom/lib/jsdom/living/events/EventTarget-impl.js:286:3)
    at HTMLUnknownElementImpl._dispatch (/Users/ghogue/Library/CloudStorage/OneDrive-InsightfulOutcomes,LLC/IS-LTD/APPS/CaliberVault/node_modules/jsdom/lib/jsdom/living/events/EventTarget-impl.js:233:9)
    at HTMLUnknownElementImpl.dispatchEvent (/Users/ghogue/Library/CloudStorage/OneDrive-InsightfulOutcomes,LLC/IS-LTD/APPS/CaliberVault/node_modules/jsdom/lib/jsdom/living/events/EventTarget-impl.js:104:17)
    at HTMLUnknownElement.dispatchEvent (/Users/ghogue/Library/CloudStorage/OneDrive-InsightfulOutcomes,LLC/IS-LTD/APPS/CaliberVault/node_modules/jsdom/lib/jsdom/living/generated/EventTarget.js:241:34)
    at Object.invokeGuardedCallbackDev (/Users/ghogue/Library/CloudStorage/OneDrive-InsightfulOutcomes,LLC/IS-LTD/APPS/CaliberVault/node_modules/react-dom/cjs/react-dom.development.js:4213:16)
    at invokeGuardedCallback (/Users/ghogue/Library/CloudStorage/OneDrive-InsightfulOutcomes,LLC/IS-LTD/APPS/CaliberVault/node_modules/react-dom/cjs/react-dom.development.js:4277:31)
    at beginWork$1 (/Users/ghogue/Library/CloudStorage/OneDrive-InsightfulOutcomes,LLC/IS-LTD/APPS/CaliberVault/node_modules/react-dom/cjs/react-dom.development.js:27490:7)
    at performUnitOfWork (/Users/ghogue/Library/CloudStorage/OneDrive-InsightfulOutcomes,LLC/IS-LTD/APPS/CaliberVault/node_modules/react-dom/cjs/react-dom.development.js:26599:12) Error: Element type is invalid: expected a string (for built-in components) or a class/function (for composite components) but got: undefined. You likely forgot to export your component from the file it's defined in, or you might have mixed up default and named imports.
    at createFiberFromTypeAndProps (/Users/ghogue/Library/CloudStorage/OneDrive-InsightfulOutcomes,LLC/IS-LTD/APPS/CaliberVault/node_modules/react-dom/cjs/react-dom.development.js:28478:17)
    at createFiberFromElement (/Users/ghogue/Library/CloudStorage/OneDrive-InsightfulOutcomes,LLC/IS-LTD/APPS/CaliberVault/node_modules/react-dom/cjs/react-dom.development.js:28504:15)
    at reconcileSingleElement (/Users/ghogue/Library/CloudStorage/OneDrive-InsightfulOutcomes,LLC/IS-LTD/APPS/CaliberVault/node_modules/react-dom/cjs/react-dom.development.js:13986:23)
    at reconcileChildFibers (/Users/ghogue/Library/CloudStorage/OneDrive-InsightfulOutcomes,LLC/IS-LTD/APPS/CaliberVault/node_modules/react-dom/cjs/react-dom.development.js:14044:35)
    at reconcileChildren (/Users/ghogue/Library/CloudStorage/OneDrive-InsightfulOutcomes,LLC/IS-LTD/APPS/CaliberVault/node_modules/react-dom/cjs/react-dom.development.js:19186:28)
    at updateContextProvider (/Users/ghogue/Library/CloudStorage/OneDrive-InsightfulOutcomes,LLC/IS-LTD/APPS/CaliberVault/node_modules/react-dom/cjs/react-dom.development.js:21193:3)
    at beginWork (/Users/ghogue/Library/CloudStorage/OneDrive-InsightfulOutcomes,LLC/IS-LTD/APPS/CaliberVault/node_modules/react-dom/cjs/react-dom.development.js:21688:14)
    at HTMLUnknownElement.callCallback (/Users/ghogue/Library/CloudStorage/OneDrive-InsightfulOutcomes,LLC/IS-LTD/APPS/CaliberVault/node_modules/react-dom/cjs/react-dom.development.js:4164:14)
    at HTMLUnknownElement.callTheUserObjectsOperation (/Users/ghogue/Library/CloudStorage/OneDrive-InsightfulOutcomes,LLC/IS-LTD/APPS/CaliberVault/node_modules/jsdom/lib/jsdom/living/generated/EventListener.js:26:30)
    at innerInvokeEventListeners (/Users/ghogue/Library/CloudStorage/OneDrive-InsightfulOutcomes,LLC/IS-LTD/APPS/CaliberVault/node_modules/jsdom/lib/jsdom/living/events/EventTarget-impl.js:350:25)
Error: Uncaught [Error: Element type is invalid: expected a string (for built-in components) or a class/function (for composite components) but got: undefined. You likely forgot to export your component from the file it's defined in, or you might have mixed up default and named imports.]
    at reportException (/Users/ghogue/Library/CloudStorage/OneDrive-InsightfulOutcomes,LLC/IS-LTD/APPS/CaliberVault/node_modules/jsdom/lib/jsdom/living/helpers/runtime-script-errors.js:66:24)
    at innerInvokeEventListeners (/Users/ghogue/Library/CloudStorage/OneDrive-InsightfulOutcomes,LLC/IS-LTD/APPS/CaliberVault/node_modules/jsdom/lib/jsdom/living/events/EventTarget-impl.js:353:9)
    at invokeEventListeners (/Users/ghogue/Library/CloudStorage/OneDrive-InsightfulOutcomes,LLC/IS-LTD/APPS/CaliberVault/node_modules/jsdom/lib/jsdom/living/events/EventTarget-impl.js:286:3)
    at HTMLUnknownElementImpl._dispatch (/Users/ghogue/Library/CloudStorage/OneDrive-InsightfulOutcomes,LLC/IS-LTD/APPS/CaliberVault/node_modules/jsdom/lib/jsdom/living/events/EventTarget-impl.js:233:9)
    at HTMLUnknownElementImpl.dispatchEvent (/Users/ghogue/Library/CloudStorage/OneDrive-InsightfulOutcomes,LLC/IS-LTD/APPS/CaliberVault/node_modules/jsdom/lib/jsdom/living/events/EventTarget-impl.js:104:17)
    at HTMLUnknownElement.dispatchEvent (/Users/ghogue/Library/CloudStorage/OneDrive-InsightfulOutcomes,LLC/IS-LTD/APPS/CaliberVault/node_modules/jsdom/lib/jsdom/living/generated/EventTarget.js:241:34)
    at Object.invokeGuardedCallbackDev (/Users/ghogue/Library/CloudStorage/OneDrive-InsightfulOutcomes,LLC/IS-LTD/APPS/CaliberVault/node_modules/react-dom/cjs/react-dom.development.js:4213:16)
    at invokeGuardedCallback (/Users/ghogue/Library/CloudStorage/OneDrive-InsightfulOutcomes,LLC/IS-LTD/APPS/CaliberVault/node_modules/react-dom/cjs/react-dom.development.js:4277:31)
    at beginWork$1 (/Users/ghogue/Library/CloudStorage/OneDrive-InsightfulOutcomes,LLC/IS-LTD/APPS/CaliberVault/node_modules/react-dom/cjs/react-dom.development.js:27490:7)
    at performUnitOfWork (/Users/ghogue/Library/CloudStorage/OneDrive-InsightfulOutcomes,LLC/IS-LTD/APPS/CaliberVault/node_modules/react-dom/cjs/react-dom.development.js:26599:12) Error: Element type is invalid: expected a string (for built-in components) or a class/function (for composite components) but got: undefined. You likely forgot to export your component from the file it's defined in, or you might have mixed up default and named imports.
    at createFiberFromTypeAndProps (/Users/ghogue/Library/CloudStorage/OneDrive-InsightfulOutcomes,LLC/IS-LTD/APPS/CaliberVault/node_modules/react-dom/cjs/react-dom.development.js:28478:17)
    at createFiberFromElement (/Users/ghogue/Library/CloudStorage/OneDrive-InsightfulOutcomes,LLC/IS-LTD/APPS/CaliberVault/node_modules/react-dom/cjs/react-dom.development.js:28504:15)
    at reconcileSingleElement (/Users/ghogue/Library/CloudStorage/OneDrive-InsightfulOutcomes,LLC/IS-LTD/APPS/CaliberVault/node_modules/react-dom/cjs/react-dom.development.js:13986:23)
    at reconcileChildFibers (/Users/ghogue/Library/CloudStorage/OneDrive-InsightfulOutcomes,LLC/IS-LTD/APPS/CaliberVault/node_modules/react-dom/cjs/react-dom.development.js:14044:35)
    at reconcileChildren (/Users/ghogue/Library/CloudStorage/OneDrive-InsightfulOutcomes,LLC/IS-LTD/APPS/CaliberVault/node_modules/react-dom/cjs/react-dom.development.js:19186:28)
    at updateContextProvider (/Users/ghogue/Library/CloudStorage/OneDrive-InsightfulOutcomes,LLC/IS-LTD/APPS/CaliberVault/node_modules/react-dom/cjs/react-dom.development.js:21193:3)
    at beginWork (/Users/ghogue/Library/CloudStorage/OneDrive-InsightfulOutcomes,LLC/IS-LTD/APPS/CaliberVault/node_modules/react-dom/cjs/react-dom.development.js:21688:14)
    at HTMLUnknownElement.callCallback (/Users/ghogue/Library/CloudStorage/OneDrive-InsightfulOutcomes,LLC/IS-LTD/APPS/CaliberVault/node_modules/react-dom/cjs/react-dom.development.js:4164:14)
    at HTMLUnknownElement.callTheUserObjectsOperation (/Users/ghogue/Library/CloudStorage/OneDrive-InsightfulOutcomes,LLC/IS-LTD/APPS/CaliberVault/node_modules/jsdom/lib/jsdom/living/generated/EventListener.js:26:30)
    at innerInvokeEventListeners (/Users/ghogue/Library/CloudStorage/OneDrive-InsightfulOutcomes,LLC/IS-LTD/APPS/CaliberVault/node_modules/jsdom/lib/jsdom/living/events/EventTarget-impl.js:350:25)
The above error occurred in the <Context.Provider> component:

    at QueryClientProvider (file:///Users/ghogue/Library/CloudStorage/OneDrive-InsightfulOutcomes,LLC/IS-LTD/APPS/CaliberVault/node_modules/@tanstack/react-query/build/modern/QueryClientProvider.js:20:3)
    at wrapper (/Users/ghogue/Library/CloudStorage/OneDrive-InsightfulOutcomes,LLC/IS-LTD/APPS/CaliberVault/src/components/__tests__/InventoryOperations.test.tsx:14:20)

Consider adding an error boundary to your tree to customize error handling behavior.
Visit https://reactjs.org/link/error-boundaries to learn more about error boundaries.

 ❯ src/components/__tests__/InventoryOperations.test.tsx (5 tests | 5 failed) 21ms
   × Inventory Operations > displays inventory items 15ms
     → Element type is invalid: expected a string (for built-in components) or a class/function (for composite components) but got: undefined. You likely forgot to export your component from the file it's defined in, or you might have mixed up default and named imports.
   × Inventory Operations > opens add item modal 1ms
     → Element type is invalid: expected a string (for built-in components) or a class/function (for composite components) but got: undefined. You likely forgot to export your component from the file it's defined in, or you might have mixed up default and named imports.
   × Inventory Operations > performs search operation 1ms
     → Element type is invalid: expected a string (for built-in components) or a class/function (for composite components) but got: undefined. You likely forgot to export your component from the file it's defined in, or you might have mixed up default and named imports.
   × Inventory Operations > applies filters 1ms
     → Element type is invalid: expected a string (for built-in components) or a class/function (for composite components) but got: undefined. You likely forgot to export your component from the file it's defined in, or you might have mixed up default and named imports.
   × Inventory Operations > handles bulk selection 1ms
     → Element type is invalid: expected a string (for built-in components) or a class/function (for composite components) but got: undefined. You likely forgot to export your component from the file it's defined in, or you might have mixed up default and named imports.
 ❯ src/test/e2e/authentication.spec.ts (0 test)
 ❯ src/components/__tests__/ItemCard.test.tsx (4 tests | 4 failed) 77ms
   × ItemCard Component > renders item information 31ms
     → Invalid Chai property: toBeInTheDocument
   × ItemCard Component > calls onEdit when edit button clicked 6ms
     → Unable to find a label with the text of: /edit/i

Ignored nodes: comments, script, style
[36m<body>[39m
  [36m<div>[39m
    [36m<div[39m
      [33mclass[39m=[32m"bg-slate-800 rounded-lg overflow-hidden border border-slate-700 hover:border-yellow-600 transition-all cursor-pointer group relative"[39m
    [36m>[39m
      [36m<div[39m
        [33mclass[39m=[32m"aspect-[2/1] bg-slate-900 overflow-hidden relative"[39m
      [36m>[39m
        [36m<div[39m
          [33mclass[39m=[32m"absolute top-0 left-0 bg-green-500 text-white text-[8px] px-1 py-0.5 z-20 font-bold"[39m
        [36m>[39m
          [0mv2.1.0[0m
        [36m</div>[39m
        [36m<div[39m
          [33mclass[39m=[32m"w-full h-full flex items-center justify-center text-slate-600"[39m
        [36m>[39m
          [36m<svg[39m
            [33mclass[39m=[32m"w-12 h-12"[39m
            [33mfill[39m=[32m"none"[39m
            [33mstroke[39m=[32m"currentColor"[39m
            [33mviewBox[39m=[32m"0 0 24 24"[39m
          [36m>[39m
            [36m<path[39m
              [33md[39m=[32m"M4 16l4.586-4.586a2 2 0 012.828 0L16 16m-2-2l1.586-1.586a2 2 0 012.828 0L20 14m-6-6h.01M6 20h12a2 2 0 002-2V6a2 2 0 00-2-2H6a2 2 0 00-2 2v12a2 2 0 002 2z"[39m
              [33mstroke-linecap[39m=[32m"round"[39m
              [33mstroke-linejoin[39m=[32m"round"[39m
              [33mstroke-width[39m=[32m"2"[39m
            [36m/>[39m
          [36m</svg>[39m
        [36m</div>[39m
      [36m</div>[39m
      [36m<div[39m
        [33mclass[39m=[32m"p-2"[39m
      [36m>[39m
        [36m<div[39m
          [33mclass[39m=[32m"flex items-center gap-2 mb-1"[39m
        [36m>[39m
          [36m<svg[39m
            [33mclass[39m=[32m"lucide lucide-crosshair w-4 h-4 text-yellow-500"[39m
            [33mfill[39m=[32m"none"[39m
            [33mheight[39m=[32m"24"[39m
            [33mstroke[39m=[32m"currentColor"[39m
            [33mstroke-linecap[39m=[32m"round"[39m
            [33mstroke-linejoin[39m=[32m"round"[39m
            [33mstroke-width[39m=[32m"2"[39m
            [33mviewBox[39m=[32m"0 0 24 24"[39m
            [33mwidth[39m=[32m"24"[39m
            [33mxmlns[39m=[32m"http://www.w3.org/2000/svg"[39m
          [36m>[39m
            [36m<circle[39m
              [33mcx[39m=[32m"12"[39m
              [33mcy[39m=[32m"12"[39m
              [33mr[39m=[32m"10"[39m
            [36m/>[39m
            [36m<line[39m
              [33mx1[39m=[32m"22"[39m
              [33mx2[39m=[32m"18"[39m
              [33my1[39m=[32m"12"[39m
              [33my2[39m=[32m"12"[39m
            [36m/>[39m
            [36m<line[39m
              [33mx1[39m=[32m"6"[39m
              [33mx2[39m=[32m"2"[39m
              [33my1[39m=[32m"12"[39m
              [33my2[39m=[32m"12"[39m
            [36m/>[39m
            [36m<line[39m
              [33mx1[39m=[32m"12"[39m
              [33mx2[39m=[32m"12"[39m
              [33my1[39m=[32m"6"[39m
              [33my2[39m=[32m"2"[39m
            [36m/>[39m
            [36m<line[39m
              [33mx1[39m=[32m"12"[39m
              [33mx2[39m=[32m"12"[39m
              [33my1[39m=[32m"22"[39m
              [33my2[39m=[32m"18"[39m
            [36m/>[39m
          [36m</svg>[39m
          [36m<h3[39m
            [33mclass[39m=[32m"text-white font-semibold text-sm truncate flex-1"[39m
          [36m>[39m
            [0mTest AR-15 Rifle[0m
          [36m</h3>[39m
        [36m</div>[39m
        [36m<div[39m
          [33mclass[39m=[32m"flex flex-wrap gap-1 mb-1"[39m
        [36m>[39m
          [36m<span[39m
            [33mclass[39m=[32m"text-xs bg-slate-700 text-yellow-500 px-1.5 py-0.5 rounded"[39m
          [36m>[39m
            [0m5.56mm[0m
          [36m</span>[39m
          [36m<span[39m
            [33mclass[39m=[32m"text-xs bg-slate-700 text-blue-400 px-1.5 py-0.5 rounded"[39m
          [36m>[39m
            [0mQty: [0m
            [0m1[0m
          [36m</span>[39m
        [36m</div>[39m
        [36m<p[39m
          [33mclass[39m=[32m"text-slate-400 text-xs mb-1 truncate"[39m
        [36m/>[39m
        [36m<div[39m
          [33mclass[39m=[32m"flex justify-between items-center"[39m
        [36m>[39m
          [36m<span[39m
            [33mclass[39m=[32m"text-yellow-600 font-bold text-sm"[39m
          [36m>[39m
            [0m$0[0m
          [36m</span>[39m
        [36m</div>[39m
      [36m</div>[39m
    [36m</div>[39m
  [36m</div>[39m
[36m</body>[39m
   × ItemCard Component > calls onDelete when delete button clicked 3ms
     → Unable to find a label with the text of: /delete/i

Ignored nodes: comments, script, style
[36m<body>[39m
  [36m<div>[39m
    [36m<div[39m
      [33mclass[39m=[32m"bg-slate-800 rounded-lg overflow-hidden border border-slate-700 hover:border-yellow-600 transition-all cursor-pointer group relative"[39m
    [36m>[39m
      [36m<div[39m
        [33mclass[39m=[32m"aspect-[2/1] bg-slate-900 overflow-hidden relative"[39m
      [36m>[39m
        [36m<div[39m
          [33mclass[39m=[32m"absolute top-0 left-0 bg-green-500 text-white text-[8px] px-1 py-0.5 z-20 font-bold"[39m
        [36m>[39m
          [0mv2.1.0[0m
        [36m</div>[39m
        [36m<div[39m
          [33mclass[39m=[32m"w-full h-full flex items-center justify-center text-slate-600"[39m
        [36m>[39m
          [36m<svg[39m
            [33mclass[39m=[32m"w-12 h-12"[39m
            [33mfill[39m=[32m"none"[39m
            [33mstroke[39m=[32m"currentColor"[39m
            [33mviewBox[39m=[32m"0 0 24 24"[39m
          [36m>[39m
            [36m<path[39m
              [33md[39m=[32m"M4 16l4.586-4.586a2 2 0 012.828 0L16 16m-2-2l1.586-1.586a2 2 0 012.828 0L20 14m-6-6h.01M6 20h12a2 2 0 002-2V6a2 2 0 00-2-2H6a2 2 0 00-2 2v12a2 2 0 002 2z"[39m
              [33mstroke-linecap[39m=[32m"round"[39m
              [33mstroke-linejoin[39m=[32m"round"[39m
              [33mstroke-width[39m=[32m"2"[39m
            [36m/>[39m
          [36m</svg>[39m
        [36m</div>[39m
      [36m</div>[39m
      [36m<div[39m
        [33mclass[39m=[32m"p-2"[39m
      [36m>[39m
        [36m<div[39m
          [33mclass[39m=[32m"flex items-center gap-2 mb-1"[39m
        [36m>[39m
          [36m<svg[39m
            [33mclass[39m=[32m"lucide lucide-crosshair w-4 h-4 text-yellow-500"[39m
            [33mfill[39m=[32m"none"[39m
            [33mheight[39m=[32m"24"[39m
            [33mstroke[39m=[32m"currentColor"[39m
            [33mstroke-linecap[39m=[32m"round"[39m
            [33mstroke-linejoin[39m=[32m"round"[39m
            [33mstroke-width[39m=[32m"2"[39m
            [33mviewBox[39m=[32m"0 0 24 24"[39m
            [33mwidth[39m=[32m"24"[39m
            [33mxmlns[39m=[32m"http://www.w3.org/2000/svg"[39m
          [36m>[39m
            [36m<circle[39m
              [33mcx[39m=[32m"12"[39m
              [33mcy[39m=[32m"12"[39m
              [33mr[39m=[32m"10"[39m
            [36m/>[39m
            [36m<line[39m
              [33mx1[39m=[32m"22"[39m
              [33mx2[39m=[32m"18"[39m
              [33my1[39m=[32m"12"[39m
              [33my2[39m=[32m"12"[39m
            [36m/>[39m
            [36m<line[39m
              [33mx1[39m=[32m"6"[39m
              [33mx2[39m=[32m"2"[39m
              [33my1[39m=[32m"12"[39m
              [33my2[39m=[32m"12"[39m
            [36m/>[39m
            [36m<line[39m
              [33mx1[39m=[32m"12"[39m
              [33mx2[39m=[32m"12"[39m
              [33my1[39m=[32m"6"[39m
              [33my2[39m=[32m"2"[39m
            [36m/>[39m
            [36m<line[39m
              [33mx1[39m=[32m"12"[39m
              [33mx2[39m=[32m"12"[39m
              [33my1[39m=[32m"22"[39m
              [33my2[39m=[32m"18"[39m
            [36m/>[39m
          [36m</svg>[39m
          [36m<h3[39m
            [33mclass[39m=[32m"text-white font-semibold text-sm truncate flex-1"[39m
          [36m>[39m
            [0mTest AR-15 Rifle[0m
          [36m</h3>[39m
        [36m</div>[39m
        [36m<div[39m
          [33mclass[39m=[32m"flex flex-wrap gap-1 mb-1"[39m
        [36m>[39m
          [36m<span[39m
            [33mclass[39m=[32m"text-xs bg-slate-700 text-yellow-500 px-1.5 py-0.5 rounded"[39m
          [36m>[39m
            [0m5.56mm[0m
          [36m</span>[39m
          [36m<span[39m
            [33mclass[39m=[32m"text-xs bg-slate-700 text-blue-400 px-1.5 py-0.5 rounded"[39m
          [36m>[39m
            [0mQty: [0m
            [0m1[0m
          [36m</span>[39m
        [36m</div>[39m
        [36m<p[39m
          [33mclass[39m=[32m"text-slate-400 text-xs mb-1 truncate"[39m
        [36m/>[39m
        [36m<div[39m
          [33mclass[39m=[32m"flex justify-between items-center"[39m
        [36m>[39m
          [36m<span[39m
            [33mclass[39m=[32m"text-yellow-600 font-bold text-sm"[39m
          [36m>[39m
            [0m$0[0m
          [36m</span>[39m
        [36m</div>[39m
      [36m</div>[39m
    [36m</div>[39m
  [36m</div>[39m
[36m</body>[39m
   × ItemCard Component > displays item image when available 37ms
     → Unable to find an accessible element with the role "img"

Here are the accessible roles:

  heading:

  Name "Test AR-15 Rifle":
  [36m<h3[39m
    [33mclass[39m=[32m"text-white font-semibold text-sm truncate flex-1"[39m
  [36m/>[39m

  --------------------------------------------------
  paragraph:

  Name "":
  [36m<p[39m
    [33mclass[39m=[32m"text-slate-400 text-xs mb-1 truncate"[39m
  [36m/>[39m

  --------------------------------------------------

Ignored nodes: comments, script, style
[36m<body>[39m
  [36m<div>[39m
    [36m<div[39m
      [33mclass[39m=[32m"bg-slate-800 rounded-lg overflow-hidden border border-slate-700 hover:border-yellow-600 transition-all cursor-pointer group relative"[39m
    [36m>[39m
      [36m<div[39m
        [33mclass[39m=[32m"aspect-[2/1] bg-slate-900 overflow-hidden relative"[39m
      [36m>[39m
        [36m<div[39m
          [33mclass[39m=[32m"absolute top-0 left-0 bg-green-500 text-white text-[8px] px-1 py-0.5 z-20 font-bold"[39m
        [36m>[39m
          [0mv2.1.0[0m
        [36m</div>[39m
        [36m<div[39m
          [33mclass[39m=[32m"w-full h-full flex items-center justify-center text-slate-600"[39m
        [36m>[39m
          [36m<svg[39m
            [33mclass[39m=[32m"w-12 h-12"[39m
            [33mfill[39m=[32m"none"[39m
            [33mstroke[39m=[32m"currentColor"[39m
            [33mviewBox[39m=[32m"0 0 24 24"[39m
          [36m>[39m
            [36m<path[39m
              [33md[39m=[32m"M4 16l4.586-4.586a2 2 0 012.828 0L16 16m-2-2l1.586-1.586a2 2 0 012.828 0L20 14m-6-6h.01M6 20h12a2 2 0 002-2V6a2 2 0 00-2-2H6a2 2 0 00-2 2v12a2 2 0 002 2z"[39m
              [33mstroke-linecap[39m=[32m"round"[39m
              [33mstroke-linejoin[39m=[32m"round"[39m
              [33mstroke-width[39m=[32m"2"[39m
            [36m/>[39m
          [36m</svg>[39m
        [36m</div>[39m
      [36m</div>[39m
      [36m<div[39m
        [33mclass[39m=[32m"p-2"[39m
      [36m>[39m
        [36m<div[39m
          [33mclass[39m=[32m"flex items-center gap-2 mb-1"[39m
        [36m>[39m
          [36m<svg[39m
            [33mclass[39m=[32m"lucide lucide-crosshair w-4 h-4 text-yellow-500"[39m
            [33mfill[39m=[32m"none"[39m
            [33mheight[39m=[32m"24"[39m
            [33mstroke[39m=[32m"currentColor"[39m
            [33mstroke-linecap[39m=[32m"round"[39m
            [33mstroke-linejoin[39m=[32m"round"[39m
            [33mstroke-width[39m=[32m"2"[39m
            [33mviewBox[39m=[32m"0 0 24 24"[39m
            [33mwidth[39m=[32m"24"[39m
            [33mxmlns[39m=[32m"http://www.w3.org/2000/svg"[39m
          [36m>[39m
            [36m<circle[39m
              [33mcx[39m=[32m"12"[39m
              [33mcy[39m=[32m"12"[39m
              [33mr[39m=[32m"10"[39m
            [36m/>[39m
            [36m<line[39m
              [33mx1[39m=[32m"22"[39m
              [33mx2[39m=[32m"18"[39m
              [33my1[39m=[32m"12"[39m
              [33my2[39m=[32m"12"[39m
            [36m/>[39m
            [36m<line[39m
              [33mx1[39m=[32m"6"[39m
              [33mx2[39m=[32m"2"[39m
              [33my1[39m=[32m"12"[39m
              [33my2[39m=[32m"12"[39m
            [36m/>[39m
            [36m<line[39m
              [33mx1[39m=[32m"12"[39m
              [33mx2[39m=[32m"12"[39m
              [33my1[39m=[32m"6"[39m
              [33my2[39m=[32m"2"[39m
            [36m/>[39m
            [36m<line[39m
              [33mx1[39m=[32m"12"[39m
              [33mx2[39m=[32m"12"[39m
              [33my1[39m=[32m"22"[39m
              [33my2[39m=[32m"18"[39m
            [36m/>[39m
          [36m</svg>[39m
          [36m<h3[39m
            [33mclass[39m=[32m"text-white font-semibold text-sm truncate flex-1"[39m
          [36m>[39m
            [0mTest AR-15 Rifle[0m
          [36m</h3>[39m
        [36m</div>[39m
        [36m<div[39m
          [33mclass[39m=[32m"flex flex-wrap gap-1 mb-1"[39m
        [36m>[39m
          [36m<span[39m
            [33mclass[39m=[32m"text-xs bg-slate-700 text-yellow-500 px-1.5 py-0.5 rounded"[39m
          [36m>[39m
            [0m5.56mm[0m
          [36m</span>[39m
          [36m<span[39m
            [33mclass[39m=[32m"text-xs bg-slate-700 text-blue-400 px-1.5 py-0.5 rounded"[39m
          [36m>[39m
            [0mQty: [0m
            [0m1[0m
          [36m</span>[39m
        [36m</div>[39m
        [36m<p[39m
          [33mclass[39m=[32m"text-slate-400 text-xs mb-1 truncate"[39m
        [36m/>[39m
        [36m<div[39m
          [33mclass[39m=[32m"flex justify-between items-center"[39m
        [36m>[39m
          [36m<span[39m
            [33mclass[39m=[32m"text-yellow-600 font-bold text-sm"[39m
          [36m>[39m
            [0m$0[0m
          [36m</span>[39m
        [36m</div>[39m
      [36m</div>[39m
    [36m</div>[39m
  [36m</div>[39m
[36m</body>[39m
 ❯ src/hooks/__tests__/useOfflineSync.test.ts (5 tests | 3 failed) 18ms
   × useOfflineSync Hook Tests > queues operations when offline 4ms
     → IDBRequest is not defined
   × useOfflineSync Hook Tests > syncs queue when back online 2ms
     → IDBRequest is not defined
   × useOfflineSync Hook Tests > handles sync errors 1ms
     → IDBRequest is not defined
 ❯ src/components/__tests__/AIValuationModal.test.tsx (4 tests | 2 failed) 25ms
   × AIValuationModal Tests > renders valuation modal 18ms
     → Found multiple elements with the text: /valuation/i

Here are the matching elements:

Ignored nodes: comments, script, style
[36m<h2[39m
  [33mclass[39m=[32m"text-2xl font-bold text-white flex items-center gap-2"[39m
[36m>[39m
  [36m<svg[39m
    [33mclass[39m=[32m"lucide lucide-sparkles h-6 w-6 text-purple-400"[39m
    [33mfill[39m=[32m"none"[39m
    [33mheight[39m=[32m"24"[39m
    [33mstroke[39m=[32m"currentColor"[39m
    [33mstroke-linecap[39m=[32m"round"[39m
    [33mstroke-linejoin[39m=[32m"round"[39m
    [33mstroke-width[39m=[32m"2"[39m
    [33mviewBox[39m=[32m"0 0 24 24"[39m
    [33mwidth[39m=[32m"24"[39m
    [33mxmlns[39m=[32m"http://www.w3.org/2000/svg"[39m
  [36m>[39m
    [36m<path[39m
      [33md[39m=[32m"M9.937 15.5A2 2 0 0 0 8.5 14.063l-6.135-1.582a.5.5 0 0 1 0-.962L8.5 9.936A2 2 0 0 0 9.937 8.5l1.582-6.135a.5.5 0 0 1 .963 0L14.063 8.5A2 2 0 0 0 15.5 9.937l6.135 1.581a.5.5 0 0 1 0 .964L15.5 14.063a2 2 0 0 0-1.437 1.437l-1.582 6.135a.5.5 0 0 1-.963 0z"[39m
    [36m/>[39m
    [36m<path[39m
      [33md[39m=[32m"M20 3v4"[39m
    [36m/>[39m
    [36m<path[39m
      [33md[39m=[32m"M22 5h-4"[39m
    [36m/>[39m
    [36m<path[39m
      [33md[39m=[32m"M4 17v2"[39m
    [36m/>[39m
    [36m<path[39m
      [33md[39m=[32m"M5 18H3"[39m
    [36m/>[39m
  [36m</svg>[39m
  [0mAI Valuation[0m
[36m</h2>[39m

Ignored nodes: comments, script, style
[36m<button[39m
  [33mclass[39m=[32m"w-full bg-gradient-to-r from-purple-600 to-blue-600 text-white py-3 rounded-lg font-semibold hover:from-purple-700 hover:to-blue-700 disabled:opacity-50"[39m
[36m>[39m
  [0mGet AI Valuation[0m
[36m</button>[39m

(If this is intentional, then use the `*AllBy*` variant of the query (like `queryAllByText`, `getAllByText`, or `findAllByText`)).

Ignored nodes: comments, script, style
[36m<body>[39m
  [36m<div>[39m
    [36m<div[39m
      [33mclass[39m=[32m"fixed inset-0 bg-black/50 flex items-center justify-center z-50 p-4"[39m
    [36m>[39m
      [36m<div[39m
        [33mclass[39m=[32m"bg-slate-800 rounded-lg max-w-3xl w-full max-h-[90vh] overflow-y-auto"[39m
      [36m>[39m
        [36m<div[39m
          [33mclass[39m=[32m"p-6 border-b border-slate-700 flex justify-between items-center"[39m
        [36m>[39m
          [36m<h2[39m
            [33mclass[39m=[32m"text-2xl font-bold text-white flex items-center gap-2"[39m
          [36m>[39m
            [36m<svg[39m
              [33mclass[39m=[32m"lucide lucide-sparkles h-6 w-6 text-purple-400"[39m
              [33mfill[39m=[32m"none"[39m
              [33mheight[39m=[32m"24"[39m
              [33mstroke[39m=[32m"currentColor"[39m
              [33mstroke-linecap[39m=[32m"round"[39m
              [33mstroke-linejoin[39m=[32m"round"[39m
              [33mstroke-width[39m=[32m"2"[39m
              [33mviewBox[39m=[32m"0 0 24 24"[39m
              [33mwidth[39m=[32m"24"[39m
              [33mxmlns[39m=[32m"http://www.w3.org/2000/svg"[39m
            [36m>[39m
              [36m<path[39m
                [33md[39m=[32m"M9.937 15.5A2 2 0 0 0 8.5 14.063l-6.135-1.582a.5.5 0 0 1 0-.962L8.5 9.936A2 2 0 0 0 9.937 8.5l1.582-6.135a.5.5 0 0 1 .963 0L14.063 8.5A2 2 0 0 0 15.5 9.937l6.135 1.581a.5.5 0 0 1 0 .964L15.5 14.063a2 2 0 0 0-1.437 1.437l-1.582 6.135a.5.5 0 0 1-.963 0z"[39m
              [36m/>[39m
              [36m<path[39m
                [33md[39m=[32m"M20 3v4"[39m
              [36m/>[39m
              [36m<path[39m
                [33md[39m=[32m"M22 5h-4"[39m
              [36m/>[39m
              [36m<path[39m
                [33md[39m=[32m"M4 17v2"[39m
              [36m/>[39m
              [36m<path[39m
                [33md[39m=[32m"M5 18H3"[39m
              [36m/>[39m
            [36m</svg>[39m
            [0mAI Valuation[0m
          [36m</h2>[39m
          [36m<button[39m
            [33mclass[39m=[32m"text-slate-400 hover:text-white"[39m
          [36m>[39m
            [36m<svg[39m
              [33mclass[39m=[32m"lucide lucide-x h-6 w-6"[39m
              [33mfill[39m=[32m"none"[39m
              [33mheight[39m=[32m"24"[39m
              [33mstroke[39m=[32m"currentColor"[39m
              [33mstroke-linecap[39m=[32m"round"[39m
              [33mstroke-linejoin[39m=[32m"round"[39m
              [33mstroke-width[39m=[32m"2"[39m
              [33mviewBox[39m=[32m"0 0 24 24"[39m
              [33mwidth[39m=[32m"24"[39m
              [33mxmlns[39m=[32m"http://www.w3.org/2000/svg"[39m
            [36m>[39m
              [36m<path[39m
                [33md[39m=[32m"M18 6 6 18"[39m
              [36m/>[39m
              [36m<path[39m
                [33md[39m=[32m"m6 6 12 12"[39m
              [36m/>[39m
            [36m</svg>[39m
          [36m</button>[39m
        [36m</div>[39m
        [36m<div[39m
          [33mclass[39m=[32m"p-6 space-y-6"[39m
        [36m>[39m
          [36m<div[39m
            [33mclass[39m=[32m"bg-slate-700/50 rounded-lg p-4"[39m
          [36m>[39m
            [36m<h3[39m
              [33mclass[39m=[32m"font-semibold text-white mb-2"[39m
            [36m>[39m
              [0mItem Details[0m
            [36m</h3>[39m
            [36m<div[39m
              [33mclass[39m=[32m"grid grid-cols-2 gap-2 text-sm"[39m
            [36m>[39m
              [36m<div>[39m
                [36m<span[39m
                  [33mclass[39m=[32m"text-slate-400"[39m
                [36m>[39m
                  [0mManufacturer:[0m
                [36m</span>[39m
                [0m [0m
                [36m<span[39m
                  [33mclass[39m=[32m"text-white"[39m
                [36m>[39m
                  [0mTest Mfg[0m
                [36m</span>[39m
              [36m</div>[39m
              [36m<div>[39m
                [36m<span[39m
                  [33mclass[39m=[32m"text-slate-400"[39m
                [36m>[39m
                  [0mModel:[0m
                [36m</span>[39m
                [0m [0m
                [36m<span[39m
                  [33mclass[39m=[32m"text-white"[39m
                [36m>[39m
                  [0mTM-1[0m
                [36m</span>[39m
              [36m</div>[39m
            [36m</div>[39m
          [36m</div>[39m
          [36m<button[39m
            [33mclass[39m=[32m"w-full bg-gradient-to-r from-purple-600 to-blue-600 text-white py-3 rounded-lg font-semibold hover:from-purple-700 hover:to-blue-700 disabled:opacity-50"[39m
          [36m>[39m
            [0mGet AI Valuation[0m
          [36m</button>[39m
        [36m</div>[39m
      [36m</div>[39m
    [36m</div>[39m
  [36m</div>[39m
[36m</body>[39m
   × AIValuationModal Tests > fetches AI valuation 3ms
     → Unable to find an element with the text: /get valuation/i. This could be because the text is broken up by multiple elements. In this case, you can provide a function for your text matcher to make your matcher more flexible.

Ignored nodes: comments, script, style
[36m<body>[39m
  [36m<div>[39m
    [36m<div[39m
      [33mclass[39m=[32m"fixed inset-0 bg-black/50 flex items-center justify-center z-50 p-4"[39m
    [36m>[39m
      [36m<div[39m
        [33mclass[39m=[32m"bg-slate-800 rounded-lg max-w-3xl w-full max-h-[90vh] overflow-y-auto"[39m
      [36m>[39m
        [36m<div[39m
          [33mclass[39m=[32m"p-6 border-b border-slate-700 flex justify-between items-center"[39m
        [36m>[39m
          [36m<h2[39m
            [33mclass[39m=[32m"text-2xl font-bold text-white flex items-center gap-2"[39m
          [36m>[39m
            [36m<svg[39m
              [33mclass[39m=[32m"lucide lucide-sparkles h-6 w-6 text-purple-400"[39m
              [33mfill[39m=[32m"none"[39m
              [33mheight[39m=[32m"24"[39m
              [33mstroke[39m=[32m"currentColor"[39m
              [33mstroke-linecap[39m=[32m"round"[39m
              [33mstroke-linejoin[39m=[32m"round"[39m
              [33mstroke-width[39m=[32m"2"[39m
              [33mviewBox[39m=[32m"0 0 24 24"[39m
              [33mwidth[39m=[32m"24"[39m
              [33mxmlns[39m=[32m"http://www.w3.org/2000/svg"[39m
            [36m>[39m
              [36m<path[39m
                [33md[39m=[32m"M9.937 15.5A2 2 0 0 0 8.5 14.063l-6.135-1.582a.5.5 0 0 1 0-.962L8.5 9.936A2 2 0 0 0 9.937 8.5l1.582-6.135a.5.5 0 0 1 .963 0L14.063 8.5A2 2 0 0 0 15.5 9.937l6.135 1.581a.5.5 0 0 1 0 .964L15.5 14.063a2 2 0 0 0-1.437 1.437l-1.582 6.135a.5.5 0 0 1-.963 0z"[39m
              [36m/>[39m
              [36m<path[39m
                [33md[39m=[32m"M20 3v4"[39m
              [36m/>[39m
              [36m<path[39m
                [33md[39m=[32m"M22 5h-4"[39m
              [36m/>[39m
              [36m<path[39m
                [33md[39m=[32m"M4 17v2"[39m
              [36m/>[39m
              [36m<path[39m
                [33md[39m=[32m"M5 18H3"[39m
              [36m/>[39m
            [36m</svg>[39m
            [0mAI Valuation[0m
          [36m</h2>[39m
          [36m<button[39m
            [33mclass[39m=[32m"text-slate-400 hover:text-white"[39m
          [36m>[39m
            [36m<svg[39m
              [33mclass[39m=[32m"lucide lucide-x h-6 w-6"[39m
              [33mfill[39m=[32m"none"[39m
              [33mheight[39m=[32m"24"[39m
              [33mstroke[39m=[32m"currentColor"[39m
              [33mstroke-linecap[39m=[32m"round"[39m
              [33mstroke-linejoin[39m=[32m"round"[39m
              [33mstroke-width[39m=[32m"2"[39m
              [33mviewBox[39m=[32m"0 0 24 24"[39m
              [33mwidth[39m=[32m"24"[39m
              [33mxmlns[39m=[32m"http://www.w3.org/2000/svg"[39m
            [36m>[39m
              [36m<path[39m
                [33md[39m=[32m"M18 6 6 18"[39m
              [36m/>[39m
              [36m<path[39m
                [33md[39m=[32m"m6 6 12 12"[39m
              [36m/>[39m
            [36m</svg>[39m
          [36m</button>[39m
        [36m</div>[39m
        [36m<div[39m
          [33mclass[39m=[32m"p-6 space-y-6"[39m
        [36m>[39m
          [36m<div[39m
            [33mclass[39m=[32m"bg-slate-700/50 rounded-lg p-4"[39m
          [36m>[39m
            [36m<h3[39m
              [33mclass[39m=[32m"font-semibold text-white mb-2"[39m
            [36m>[39m
              [0mItem Details[0m
            [36m</h3>[39m
            [36m<div[39m
              [33mclass[39m=[32m"grid grid-cols-2 gap-2 text-sm"[39m
            [36m>[39m
              [36m<div>[39m
                [36m<span[39m
                  [33mclass[39m=[32m"text-slate-400"[39m
                [36m>[39m
                  [0mManufacturer:[0m
                [36m</span>[39m
                [0m [0m
                [36m<span[39m
                  [33mclass[39m=[32m"text-white"[39m
                [36m>[39m
                  [0mTest Mfg[0m
                [36m</span>[39m
              [36m</div>[39m
              [36m<div>[39m
                [36m<span[39m
                  [33mclass[39m=[32m"text-slate-400"[39m
                [36m>[39m
                  [0mModel:[0m
                [36m</span>[39m
                [0m [0m
                [36m<span[39m
                  [33mclass[39m=[32m"text-white"[39m
                [36m>[39m
                  [0mTM-1[0m
                [36m</span>[39m
              [36m</div>[39m
            [36m</div>[39m
          [36m</div>[39m
          [36m<button[39m
            [33mclass[39m=[32m"w-full bg-gradient-to-r from-purple-600 to-blue-600 text-white py-3 rounded-lg font-semibold hover:from-purple-700 hover:to-blue-700 disabled:opacity-50"[39m
          [36m>[39m
            [0mGet AI Valuation[0m
          [36m</button>[39m
        [36m</div>[39m
      [36m</div>[39m
    [36m</div>[39m
  [36m</div>[39m
[36m</body>[39m
stderr | src/components/__tests__/TierEnforcement.test.tsx > Tier Enforcement Tests > shows feature for premium users
Error: Uncaught [Error: useNavigate() may be used only in the context of a <Router> component.]
    at reportException (/Users/ghogue/Library/CloudStorage/OneDrive-InsightfulOutcomes,LLC/IS-LTD/APPS/CaliberVault/node_modules/jsdom/lib/jsdom/living/helpers/runtime-script-errors.js:66:24)
    at innerInvokeEventListeners (/Users/ghogue/Library/CloudStorage/OneDrive-InsightfulOutcomes,LLC/IS-LTD/APPS/CaliberVault/node_modules/jsdom/lib/jsdom/living/events/EventTarget-impl.js:353:9)
    at invokeEventListeners (/Users/ghogue/Library/CloudStorage/OneDrive-InsightfulOutcomes,LLC/IS-LTD/APPS/CaliberVault/node_modules/jsdom/lib/jsdom/living/events/EventTarget-impl.js:286:3)
    at HTMLUnknownElementImpl._dispatch (/Users/ghogue/Library/CloudStorage/OneDrive-InsightfulOutcomes,LLC/IS-LTD/APPS/CaliberVault/node_modules/jsdom/lib/jsdom/living/events/EventTarget-impl.js:233:9)
    at HTMLUnknownElementImpl.dispatchEvent (/Users/ghogue/Library/CloudStorage/OneDrive-InsightfulOutcomes,LLC/IS-LTD/APPS/CaliberVault/node_modules/jsdom/lib/jsdom/living/events/EventTarget-impl.js:104:17)
    at HTMLUnknownElement.dispatchEvent (/Users/ghogue/Library/CloudStorage/OneDrive-InsightfulOutcomes,LLC/IS-LTD/APPS/CaliberVault/node_modules/jsdom/lib/jsdom/living/generated/EventTarget.js:241:34)
    at Object.invokeGuardedCallbackDev (/Users/ghogue/Library/CloudStorage/OneDrive-InsightfulOutcomes,LLC/IS-LTD/APPS/CaliberVault/node_modules/react-dom/cjs/react-dom.development.js:4213:16)
    at invokeGuardedCallback (/Users/ghogue/Library/CloudStorage/OneDrive-InsightfulOutcomes,LLC/IS-LTD/APPS/CaliberVault/node_modules/react-dom/cjs/react-dom.development.js:4277:31)
    at beginWork$1 (/Users/ghogue/Library/CloudStorage/OneDrive-InsightfulOutcomes,LLC/IS-LTD/APPS/CaliberVault/node_modules/react-dom/cjs/react-dom.development.js:27490:7)
    at performUnitOfWork (/Users/ghogue/Library/CloudStorage/OneDrive-InsightfulOutcomes,LLC/IS-LTD/APPS/CaliberVault/node_modules/react-dom/cjs/react-dom.development.js:26599:12) Error: useNavigate() may be used only in the context of a <Router> component.
    at Object.invariant [as UNSAFE_invariant] (/Users/ghogue/Library/CloudStorage/OneDrive-InsightfulOutcomes,LLC/IS-LTD/APPS/CaliberVault/node_modules/@remix-run/router/history.ts:494:11)
    at useNavigateUnstable (/Users/ghogue/Library/CloudStorage/OneDrive-InsightfulOutcomes,LLC/IS-LTD/APPS/CaliberVault/node_modules/react-router/lib/hooks.tsx:189:3)
    at Proxy.useNavigate (/Users/ghogue/Library/CloudStorage/OneDrive-InsightfulOutcomes,LLC/IS-LTD/APPS/CaliberVault/node_modules/react-router/lib/hooks.tsx:185:46)
    at FeatureGuard (/Users/ghogue/Library/CloudStorage/OneDrive-InsightfulOutcomes,LLC/IS-LTD/APPS/CaliberVault/src/components/subscription/FeatureGuard.tsx:23:20)
    at renderWithHooks (/Users/ghogue/Library/CloudStorage/OneDrive-InsightfulOutcomes,LLC/IS-LTD/APPS/CaliberVault/node_modules/react-dom/cjs/react-dom.development.js:15486:18)
    at mountIndeterminateComponent (/Users/ghogue/Library/CloudStorage/OneDrive-InsightfulOutcomes,LLC/IS-LTD/APPS/CaliberVault/node_modules/react-dom/cjs/react-dom.development.js:20103:13)
    at beginWork (/Users/ghogue/Library/CloudStorage/OneDrive-InsightfulOutcomes,LLC/IS-LTD/APPS/CaliberVault/node_modules/react-dom/cjs/react-dom.development.js:21626:16)
    at HTMLUnknownElement.callCallback (/Users/ghogue/Library/CloudStorage/OneDrive-InsightfulOutcomes,LLC/IS-LTD/APPS/CaliberVault/node_modules/react-dom/cjs/react-dom.development.js:4164:14)
    at HTMLUnknownElement.callTheUserObjectsOperation (/Users/ghogue/Library/CloudStorage/OneDrive-InsightfulOutcomes,LLC/IS-LTD/APPS/CaliberVault/node_modules/jsdom/lib/jsdom/living/generated/EventListener.js:26:30)
    at innerInvokeEventListeners (/Users/ghogue/Library/CloudStorage/OneDrive-InsightfulOutcomes,LLC/IS-LTD/APPS/CaliberVault/node_modules/jsdom/lib/jsdom/living/events/EventTarget-impl.js:350:25)
Error: Uncaught [Error: useNavigate() may be used only in the context of a <Router> component.]
    at reportException (/Users/ghogue/Library/CloudStorage/OneDrive-InsightfulOutcomes,LLC/IS-LTD/APPS/CaliberVault/node_modules/jsdom/lib/jsdom/living/helpers/runtime-script-errors.js:66:24)
    at innerInvokeEventListeners (/Users/ghogue/Library/CloudStorage/OneDrive-InsightfulOutcomes,LLC/IS-LTD/APPS/CaliberVault/node_modules/jsdom/lib/jsdom/living/events/EventTarget-impl.js:353:9)
    at invokeEventListeners (/Users/ghogue/Library/CloudStorage/OneDrive-InsightfulOutcomes,LLC/IS-LTD/APPS/CaliberVault/node_modules/jsdom/lib/jsdom/living/events/EventTarget-impl.js:286:3)
    at HTMLUnknownElementImpl._dispatch (/Users/ghogue/Library/CloudStorage/OneDrive-InsightfulOutcomes,LLC/IS-LTD/APPS/CaliberVault/node_modules/jsdom/lib/jsdom/living/events/EventTarget-impl.js:233:9)
    at HTMLUnknownElementImpl.dispatchEvent (/Users/ghogue/Library/CloudStorage/OneDrive-InsightfulOutcomes,LLC/IS-LTD/APPS/CaliberVault/node_modules/jsdom/lib/jsdom/living/events/EventTarget-impl.js:104:17)
    at HTMLUnknownElement.dispatchEvent (/Users/ghogue/Library/CloudStorage/OneDrive-InsightfulOutcomes,LLC/IS-LTD/APPS/CaliberVault/node_modules/jsdom/lib/jsdom/living/generated/EventTarget.js:241:34)
    at Object.invokeGuardedCallbackDev (/Users/ghogue/Library/CloudStorage/OneDrive-InsightfulOutcomes,LLC/IS-LTD/APPS/CaliberVault/node_modules/react-dom/cjs/react-dom.development.js:4213:16)
    at invokeGuardedCallback (/Users/ghogue/Library/CloudStorage/OneDrive-InsightfulOutcomes,LLC/IS-LTD/APPS/CaliberVault/node_modules/react-dom/cjs/react-dom.development.js:4277:31)
    at beginWork$1 (/Users/ghogue/Library/CloudStorage/OneDrive-InsightfulOutcomes,LLC/IS-LTD/APPS/CaliberVault/node_modules/react-dom/cjs/react-dom.development.js:27490:7)
    at performUnitOfWork (/Users/ghogue/Library/CloudStorage/OneDrive-InsightfulOutcomes,LLC/IS-LTD/APPS/CaliberVault/node_modules/react-dom/cjs/react-dom.development.js:26599:12) Error: useNavigate() may be used only in the context of a <Router> component.
    at Object.invariant [as UNSAFE_invariant] (/Users/ghogue/Library/CloudStorage/OneDrive-InsightfulOutcomes,LLC/IS-LTD/APPS/CaliberVault/node_modules/@remix-run/router/history.ts:494:11)
    at useNavigateUnstable (/Users/ghogue/Library/CloudStorage/OneDrive-InsightfulOutcomes,LLC/IS-LTD/APPS/CaliberVault/node_modules/react-router/lib/hooks.tsx:189:3)
    at Proxy.useNavigate (/Users/ghogue/Library/CloudStorage/OneDrive-InsightfulOutcomes,LLC/IS-LTD/APPS/CaliberVault/node_modules/react-router/lib/hooks.tsx:185:46)
    at FeatureGuard (/Users/ghogue/Library/CloudStorage/OneDrive-InsightfulOutcomes,LLC/IS-LTD/APPS/CaliberVault/src/components/subscription/FeatureGuard.tsx:23:20)
    at renderWithHooks (/Users/ghogue/Library/CloudStorage/OneDrive-InsightfulOutcomes,LLC/IS-LTD/APPS/CaliberVault/node_modules/react-dom/cjs/react-dom.development.js:15486:18)
    at mountIndeterminateComponent (/Users/ghogue/Library/CloudStorage/OneDrive-InsightfulOutcomes,LLC/IS-LTD/APPS/CaliberVault/node_modules/react-dom/cjs/react-dom.development.js:20103:13)
    at beginWork (/Users/ghogue/Library/CloudStorage/OneDrive-InsightfulOutcomes,LLC/IS-LTD/APPS/CaliberVault/node_modules/react-dom/cjs/react-dom.development.js:21626:16)
    at HTMLUnknownElement.callCallback (/Users/ghogue/Library/CloudStorage/OneDrive-InsightfulOutcomes,LLC/IS-LTD/APPS/CaliberVault/node_modules/react-dom/cjs/react-dom.development.js:4164:14)
    at HTMLUnknownElement.callTheUserObjectsOperation (/Users/ghogue/Library/CloudStorage/OneDrive-InsightfulOutcomes,LLC/IS-LTD/APPS/CaliberVault/node_modules/jsdom/lib/jsdom/living/generated/EventListener.js:26:30)
    at innerInvokeEventListeners (/Users/ghogue/Library/CloudStorage/OneDrive-InsightfulOutcomes,LLC/IS-LTD/APPS/CaliberVault/node_modules/jsdom/lib/jsdom/living/events/EventTarget-impl.js:350:25)
The above error occurred in the <FeatureGuard> component:

    at FeatureGuard (/Users/ghogue/Library/CloudStorage/OneDrive-InsightfulOutcomes,LLC/IS-LTD/APPS/CaliberVault/src/components/subscription/FeatureGuard.tsx:18:3)

Consider adding an error boundary to your tree to customize error handling behavior.
Visit https://reactjs.org/link/error-boundaries to learn more about error boundaries.

stderr | src/components/__tests__/TierEnforcement.test.tsx > Tier Enforcement Tests > hides feature for free users
Error: Uncaught [Error: useNavigate() may be used only in the context of a <Router> component.]
    at reportException (/Users/ghogue/Library/CloudStorage/OneDrive-InsightfulOutcomes,LLC/IS-LTD/APPS/CaliberVault/node_modules/jsdom/lib/jsdom/living/helpers/runtime-script-errors.js:66:24)
    at innerInvokeEventListeners (/Users/ghogue/Library/CloudStorage/OneDrive-InsightfulOutcomes,LLC/IS-LTD/APPS/CaliberVault/node_modules/jsdom/lib/jsdom/living/events/EventTarget-impl.js:353:9)
    at invokeEventListeners (/Users/ghogue/Library/CloudStorage/OneDrive-InsightfulOutcomes,LLC/IS-LTD/APPS/CaliberVault/node_modules/jsdom/lib/jsdom/living/events/EventTarget-impl.js:286:3)
    at HTMLUnknownElementImpl._dispatch (/Users/ghogue/Library/CloudStorage/OneDrive-InsightfulOutcomes,LLC/IS-LTD/APPS/CaliberVault/node_modules/jsdom/lib/jsdom/living/events/EventTarget-impl.js:233:9)
    at HTMLUnknownElementImpl.dispatchEvent (/Users/ghogue/Library/CloudStorage/OneDrive-InsightfulOutcomes,LLC/IS-LTD/APPS/CaliberVault/node_modules/jsdom/lib/jsdom/living/events/EventTarget-impl.js:104:17)
    at HTMLUnknownElement.dispatchEvent (/Users/ghogue/Library/CloudStorage/OneDrive-InsightfulOutcomes,LLC/IS-LTD/APPS/CaliberVault/node_modules/jsdom/lib/jsdom/living/generated/EventTarget.js:241:34)
    at Object.invokeGuardedCallbackDev (/Users/ghogue/Library/CloudStorage/OneDrive-InsightfulOutcomes,LLC/IS-LTD/APPS/CaliberVault/node_modules/react-dom/cjs/react-dom.development.js:4213:16)
    at invokeGuardedCallback (/Users/ghogue/Library/CloudStorage/OneDrive-InsightfulOutcomes,LLC/IS-LTD/APPS/CaliberVault/node_modules/react-dom/cjs/react-dom.development.js:4277:31)
    at beginWork$1 (/Users/ghogue/Library/CloudStorage/OneDrive-InsightfulOutcomes,LLC/IS-LTD/APPS/CaliberVault/node_modules/react-dom/cjs/react-dom.development.js:27490:7)
    at performUnitOfWork (/Users/ghogue/Library/CloudStorage/OneDrive-InsightfulOutcomes,LLC/IS-LTD/APPS/CaliberVault/node_modules/react-dom/cjs/react-dom.development.js:26599:12) Error: useNavigate() may be used only in the context of a <Router> component.
    at Object.invariant [as UNSAFE_invariant] (/Users/ghogue/Library/CloudStorage/OneDrive-InsightfulOutcomes,LLC/IS-LTD/APPS/CaliberVault/node_modules/@remix-run/router/history.ts:494:11)
    at useNavigateUnstable (/Users/ghogue/Library/CloudStorage/OneDrive-InsightfulOutcomes,LLC/IS-LTD/APPS/CaliberVault/node_modules/react-router/lib/hooks.tsx:189:3)
    at Proxy.useNavigate (/Users/ghogue/Library/CloudStorage/OneDrive-InsightfulOutcomes,LLC/IS-LTD/APPS/CaliberVault/node_modules/react-router/lib/hooks.tsx:185:46)
    at FeatureGuard (/Users/ghogue/Library/CloudStorage/OneDrive-InsightfulOutcomes,LLC/IS-LTD/APPS/CaliberVault/src/components/subscription/FeatureGuard.tsx:23:20)
    at renderWithHooks (/Users/ghogue/Library/CloudStorage/OneDrive-InsightfulOutcomes,LLC/IS-LTD/APPS/CaliberVault/node_modules/react-dom/cjs/react-dom.development.js:15486:18)
    at mountIndeterminateComponent (/Users/ghogue/Library/CloudStorage/OneDrive-InsightfulOutcomes,LLC/IS-LTD/APPS/CaliberVault/node_modules/react-dom/cjs/react-dom.development.js:20103:13)
    at beginWork (/Users/ghogue/Library/CloudStorage/OneDrive-InsightfulOutcomes,LLC/IS-LTD/APPS/CaliberVault/node_modules/react-dom/cjs/react-dom.development.js:21626:16)
    at HTMLUnknownElement.callCallback (/Users/ghogue/Library/CloudStorage/OneDrive-InsightfulOutcomes,LLC/IS-LTD/APPS/CaliberVault/node_modules/react-dom/cjs/react-dom.development.js:4164:14)
    at HTMLUnknownElement.callTheUserObjectsOperation (/Users/ghogue/Library/CloudStorage/OneDrive-InsightfulOutcomes,LLC/IS-LTD/APPS/CaliberVault/node_modules/jsdom/lib/jsdom/living/generated/EventListener.js:26:30)
    at innerInvokeEventListeners (/Users/ghogue/Library/CloudStorage/OneDrive-InsightfulOutcomes,LLC/IS-LTD/APPS/CaliberVault/node_modules/jsdom/lib/jsdom/living/events/EventTarget-impl.js:350:25)
Error: Uncaught [Error: useNavigate() may be used only in the context of a <Router> component.]
    at reportException (/Users/ghogue/Library/CloudStorage/OneDrive-InsightfulOutcomes,LLC/IS-LTD/APPS/CaliberVault/node_modules/jsdom/lib/jsdom/living/helpers/runtime-script-errors.js:66:24)
    at innerInvokeEventListeners (/Users/ghogue/Library/CloudStorage/OneDrive-InsightfulOutcomes,LLC/IS-LTD/APPS/CaliberVault/node_modules/jsdom/lib/jsdom/living/events/EventTarget-impl.js:353:9)
    at invokeEventListeners (/Users/ghogue/Library/CloudStorage/OneDrive-InsightfulOutcomes,LLC/IS-LTD/APPS/CaliberVault/node_modules/jsdom/lib/jsdom/living/events/EventTarget-impl.js:286:3)
    at HTMLUnknownElementImpl._dispatch (/Users/ghogue/Library/CloudStorage/OneDrive-InsightfulOutcomes,LLC/IS-LTD/APPS/CaliberVault/node_modules/jsdom/lib/jsdom/living/events/EventTarget-impl.js:233:9)
    at HTMLUnknownElementImpl.dispatchEvent (/Users/ghogue/Library/CloudStorage/OneDrive-InsightfulOutcomes,LLC/IS-LTD/APPS/CaliberVault/node_modules/jsdom/lib/jsdom/living/events/EventTarget-impl.js:104:17)
    at HTMLUnknownElement.dispatchEvent (/Users/ghogue/Library/CloudStorage/OneDrive-InsightfulOutcomes,LLC/IS-LTD/APPS/CaliberVault/node_modules/jsdom/lib/jsdom/living/generated/EventTarget.js:241:34)
    at Object.invokeGuardedCallbackDev (/Users/ghogue/Library/CloudStorage/OneDrive-InsightfulOutcomes,LLC/IS-LTD/APPS/CaliberVault/node_modules/react-dom/cjs/react-dom.development.js:4213:16)
    at invokeGuardedCallback (/Users/ghogue/Library/CloudStorage/OneDrive-InsightfulOutcomes,LLC/IS-LTD/APPS/CaliberVault/node_modules/react-dom/cjs/react-dom.development.js:4277:31)
    at beginWork$1 (/Users/ghogue/Library/CloudStorage/OneDrive-InsightfulOutcomes,LLC/IS-LTD/APPS/CaliberVault/node_modules/react-dom/cjs/react-dom.development.js:27490:7)
    at performUnitOfWork (/Users/ghogue/Library/CloudStorage/OneDrive-InsightfulOutcomes,LLC/IS-LTD/APPS/CaliberVault/node_modules/react-dom/cjs/react-dom.development.js:26599:12) Error: useNavigate() may be used only in the context of a <Router> component.
    at Object.invariant [as UNSAFE_invariant] (/Users/ghogue/Library/CloudStorage/OneDrive-InsightfulOutcomes,LLC/IS-LTD/APPS/CaliberVault/node_modules/@remix-run/router/history.ts:494:11)
    at useNavigateUnstable (/Users/ghogue/Library/CloudStorage/OneDrive-InsightfulOutcomes,LLC/IS-LTD/APPS/CaliberVault/node_modules/react-router/lib/hooks.tsx:189:3)
    at Proxy.useNavigate (/Users/ghogue/Library/CloudStorage/OneDrive-InsightfulOutcomes,LLC/IS-LTD/APPS/CaliberVault/node_modules/react-router/lib/hooks.tsx:185:46)
    at FeatureGuard (/Users/ghogue/Library/CloudStorage/OneDrive-InsightfulOutcomes,LLC/IS-LTD/APPS/CaliberVault/src/components/subscription/FeatureGuard.tsx:23:20)
    at renderWithHooks (/Users/ghogue/Library/CloudStorage/OneDrive-InsightfulOutcomes,LLC/IS-LTD/APPS/CaliberVault/node_modules/react-dom/cjs/react-dom.development.js:15486:18)
    at mountIndeterminateComponent (/Users/ghogue/Library/CloudStorage/OneDrive-InsightfulOutcomes,LLC/IS-LTD/APPS/CaliberVault/node_modules/react-dom/cjs/react-dom.development.js:20103:13)
    at beginWork (/Users/ghogue/Library/CloudStorage/OneDrive-InsightfulOutcomes,LLC/IS-LTD/APPS/CaliberVault/node_modules/react-dom/cjs/react-dom.development.js:21626:16)
    at HTMLUnknownElement.callCallback (/Users/ghogue/Library/CloudStorage/OneDrive-InsightfulOutcomes,LLC/IS-LTD/APPS/CaliberVault/node_modules/react-dom/cjs/react-dom.development.js:4164:14)
    at HTMLUnknownElement.callTheUserObjectsOperation (/Users/ghogue/Library/CloudStorage/OneDrive-InsightfulOutcomes,LLC/IS-LTD/APPS/CaliberVault/node_modules/jsdom/lib/jsdom/living/generated/EventListener.js:26:30)
    at innerInvokeEventListeners (/Users/ghogue/Library/CloudStorage/OneDrive-InsightfulOutcomes,LLC/IS-LTD/APPS/CaliberVault/node_modules/jsdom/lib/jsdom/living/events/EventTarget-impl.js:350:25)
The above error occurred in the <FeatureGuard> component:

    at FeatureGuard (/Users/ghogue/Library/CloudStorage/OneDrive-InsightfulOutcomes,LLC/IS-LTD/APPS/CaliberVault/src/components/subscription/FeatureGuard.tsx:18:3)

Consider adding an error boundary to your tree to customize error handling behavior.
Visit https://reactjs.org/link/error-boundaries to learn more about error boundaries.

stderr | src/components/__tests__/TierEnforcement.test.tsx > Tier Enforcement Tests > shows upgrade prompt for restricted features
Error: Uncaught [Error: useNavigate() may be used only in the context of a <Router> component.]
    at reportException (/Users/ghogue/Library/CloudStorage/OneDrive-InsightfulOutcomes,LLC/IS-LTD/APPS/CaliberVault/node_modules/jsdom/lib/jsdom/living/helpers/runtime-script-errors.js:66:24)
    at innerInvokeEventListeners (/Users/ghogue/Library/CloudStorage/OneDrive-InsightfulOutcomes,LLC/IS-LTD/APPS/CaliberVault/node_modules/jsdom/lib/jsdom/living/events/EventTarget-impl.js:353:9)
    at invokeEventListeners (/Users/ghogue/Library/CloudStorage/OneDrive-InsightfulOutcomes,LLC/IS-LTD/APPS/CaliberVault/node_modules/jsdom/lib/jsdom/living/events/EventTarget-impl.js:286:3)
    at HTMLUnknownElementImpl._dispatch (/Users/ghogue/Library/CloudStorage/OneDrive-InsightfulOutcomes,LLC/IS-LTD/APPS/CaliberVault/node_modules/jsdom/lib/jsdom/living/events/EventTarget-impl.js:233:9)
    at HTMLUnknownElementImpl.dispatchEvent (/Users/ghogue/Library/CloudStorage/OneDrive-InsightfulOutcomes,LLC/IS-LTD/APPS/CaliberVault/node_modules/jsdom/lib/jsdom/living/events/EventTarget-impl.js:104:17)
    at HTMLUnknownElement.dispatchEvent (/Users/ghogue/Library/CloudStorage/OneDrive-InsightfulOutcomes,LLC/IS-LTD/APPS/CaliberVault/node_modules/jsdom/lib/jsdom/living/generated/EventTarget.js:241:34)
    at Object.invokeGuardedCallbackDev (/Users/ghogue/Library/CloudStorage/OneDrive-InsightfulOutcomes,LLC/IS-LTD/APPS/CaliberVault/node_modules/react-dom/cjs/react-dom.development.js:4213:16)
    at invokeGuardedCallback (/Users/ghogue/Library/CloudStorage/OneDrive-InsightfulOutcomes,LLC/IS-LTD/APPS/CaliberVault/node_modules/react-dom/cjs/react-dom.development.js:4277:31)
    at beginWork$1 (/Users/ghogue/Library/CloudStorage/OneDrive-InsightfulOutcomes,LLC/IS-LTD/APPS/CaliberVault/node_modules/react-dom/cjs/react-dom.development.js:27490:7)
    at performUnitOfWork (/Users/ghogue/Library/CloudStorage/OneDrive-InsightfulOutcomes,LLC/IS-LTD/APPS/CaliberVault/node_modules/react-dom/cjs/react-dom.development.js:26599:12) Error: useNavigate() may be used only in the context of a <Router> component.
    at Object.invariant [as UNSAFE_invariant] (/Users/ghogue/Library/CloudStorage/OneDrive-InsightfulOutcomes,LLC/IS-LTD/APPS/CaliberVault/node_modules/@remix-run/router/history.ts:494:11)
    at useNavigateUnstable (/Users/ghogue/Library/CloudStorage/OneDrive-InsightfulOutcomes,LLC/IS-LTD/APPS/CaliberVault/node_modules/react-router/lib/hooks.tsx:189:3)
    at Proxy.useNavigate (/Users/ghogue/Library/CloudStorage/OneDrive-InsightfulOutcomes,LLC/IS-LTD/APPS/CaliberVault/node_modules/react-router/lib/hooks.tsx:185:46)
    at FeatureGuard (/Users/ghogue/Library/CloudStorage/OneDrive-InsightfulOutcomes,LLC/IS-LTD/APPS/CaliberVault/src/components/subscription/FeatureGuard.tsx:23:20)
    at renderWithHooks (/Users/ghogue/Library/CloudStorage/OneDrive-InsightfulOutcomes,LLC/IS-LTD/APPS/CaliberVault/node_modules/react-dom/cjs/react-dom.development.js:15486:18)
    at mountIndeterminateComponent (/Users/ghogue/Library/CloudStorage/OneDrive-InsightfulOutcomes,LLC/IS-LTD/APPS/CaliberVault/node_modules/react-dom/cjs/react-dom.development.js:20103:13)
    at beginWork (/Users/ghogue/Library/CloudStorage/OneDrive-InsightfulOutcomes,LLC/IS-LTD/APPS/CaliberVault/node_modules/react-dom/cjs/react-dom.development.js:21626:16)
    at HTMLUnknownElement.callCallback (/Users/ghogue/Library/CloudStorage/OneDrive-InsightfulOutcomes,LLC/IS-LTD/APPS/CaliberVault/node_modules/react-dom/cjs/react-dom.development.js:4164:14)
    at HTMLUnknownElement.callTheUserObjectsOperation (/Users/ghogue/Library/CloudStorage/OneDrive-InsightfulOutcomes,LLC/IS-LTD/APPS/CaliberVault/node_modules/jsdom/lib/jsdom/living/generated/EventListener.js:26:30)
    at innerInvokeEventListeners (/Users/ghogue/Library/CloudStorage/OneDrive-InsightfulOutcomes,LLC/IS-LTD/APPS/CaliberVault/node_modules/jsdom/lib/jsdom/living/events/EventTarget-impl.js:350:25)
Error: Uncaught [Error: useNavigate() may be used only in the context of a <Router> component.]
    at reportException (/Users/ghogue/Library/CloudStorage/OneDrive-InsightfulOutcomes,LLC/IS-LTD/APPS/CaliberVault/node_modules/jsdom/lib/jsdom/living/helpers/runtime-script-errors.js:66:24)
    at innerInvokeEventListeners (/Users/ghogue/Library/CloudStorage/OneDrive-InsightfulOutcomes,LLC/IS-LTD/APPS/CaliberVault/node_modules/jsdom/lib/jsdom/living/events/EventTarget-impl.js:353:9)
    at invokeEventListeners (/Users/ghogue/Library/CloudStorage/OneDrive-InsightfulOutcomes,LLC/IS-LTD/APPS/CaliberVault/node_modules/jsdom/lib/jsdom/living/events/EventTarget-impl.js:286:3)
    at HTMLUnknownElementImpl._dispatch (/Users/ghogue/Library/CloudStorage/OneDrive-InsightfulOutcomes,LLC/IS-LTD/APPS/CaliberVault/node_modules/jsdom/lib/jsdom/living/events/EventTarget-impl.js:233:9)
    at HTMLUnknownElementImpl.dispatchEvent (/Users/ghogue/Library/CloudStorage/OneDrive-InsightfulOutcomes,LLC/IS-LTD/APPS/CaliberVault/node_modules/jsdom/lib/jsdom/living/events/EventTarget-impl.js:104:17)
    at HTMLUnknownElement.dispatchEvent (/Users/ghogue/Library/CloudStorage/OneDrive-InsightfulOutcomes,LLC/IS-LTD/APPS/CaliberVault/node_modules/jsdom/lib/jsdom/living/generated/EventTarget.js:241:34)
    at Object.invokeGuardedCallbackDev (/Users/ghogue/Library/CloudStorage/OneDrive-InsightfulOutcomes,LLC/IS-LTD/APPS/CaliberVault/node_modules/react-dom/cjs/react-dom.development.js:4213:16)
    at invokeGuardedCallback (/Users/ghogue/Library/CloudStorage/OneDrive-InsightfulOutcomes,LLC/IS-LTD/APPS/CaliberVault/node_modules/react-dom/cjs/react-dom.development.js:4277:31)
    at beginWork$1 (/Users/ghogue/Library/CloudStorage/OneDrive-InsightfulOutcomes,LLC/IS-LTD/APPS/CaliberVault/node_modules/react-dom/cjs/react-dom.development.js:27490:7)
    at performUnitOfWork (/Users/ghogue/Library/CloudStorage/OneDrive-InsightfulOutcomes,LLC/IS-LTD/APPS/CaliberVault/node_modules/react-dom/cjs/react-dom.development.js:26599:12) Error: useNavigate() may be used only in the context of a <Router> component.
    at Object.invariant [as UNSAFE_invariant] (/Users/ghogue/Library/CloudStorage/OneDrive-InsightfulOutcomes,LLC/IS-LTD/APPS/CaliberVault/node_modules/@remix-run/router/history.ts:494:11)
    at useNavigateUnstable (/Users/ghogue/Library/CloudStorage/OneDrive-InsightfulOutcomes,LLC/IS-LTD/APPS/CaliberVault/node_modules/react-router/lib/hooks.tsx:189:3)
    at Proxy.useNavigate (/Users/ghogue/Library/CloudStorage/OneDrive-InsightfulOutcomes,LLC/IS-LTD/APPS/CaliberVault/node_modules/react-router/lib/hooks.tsx:185:46)
    at FeatureGuard (/Users/ghogue/Library/CloudStorage/OneDrive-InsightfulOutcomes,LLC/IS-LTD/APPS/CaliberVault/src/components/subscription/FeatureGuard.tsx:23:20)
    at renderWithHooks (/Users/ghogue/Library/CloudStorage/OneDrive-InsightfulOutcomes,LLC/IS-LTD/APPS/CaliberVault/node_modules/react-dom/cjs/react-dom.development.js:15486:18)
    at mountIndeterminateComponent (/Users/ghogue/Library/CloudStorage/OneDrive-InsightfulOutcomes,LLC/IS-LTD/APPS/CaliberVault/node_modules/react-dom/cjs/react-dom.development.js:20103:13)
    at beginWork (/Users/ghogue/Library/CloudStorage/OneDrive-InsightfulOutcomes,LLC/IS-LTD/APPS/CaliberVault/node_modules/react-dom/cjs/react-dom.development.js:21626:16)
    at HTMLUnknownElement.callCallback (/Users/ghogue/Library/CloudStorage/OneDrive-InsightfulOutcomes,LLC/IS-LTD/APPS/CaliberVault/node_modules/react-dom/cjs/react-dom.development.js:4164:14)
    at HTMLUnknownElement.callTheUserObjectsOperation (/Users/ghogue/Library/CloudStorage/OneDrive-InsightfulOutcomes,LLC/IS-LTD/APPS/CaliberVault/node_modules/jsdom/lib/jsdom/living/generated/EventListener.js:26:30)
    at innerInvokeEventListeners (/Users/ghogue/Library/CloudStorage/OneDrive-InsightfulOutcomes,LLC/IS-LTD/APPS/CaliberVault/node_modules/jsdom/lib/jsdom/living/events/EventTarget-impl.js:350:25)
The above error occurred in the <FeatureGuard> component:

    at FeatureGuard (/Users/ghogue/Library/CloudStorage/OneDrive-InsightfulOutcomes,LLC/IS-LTD/APPS/CaliberVault/src/components/subscription/FeatureGuard.tsx:18:3)

Consider adding an error boundary to your tree to customize error handling behavior.
Visit https://reactjs.org/link/error-boundaries to learn more about error boundaries.

 ❯ src/components/__tests__/TierEnforcement.test.tsx (4 tests | 3 failed) 30ms
   × Tier Enforcement Tests > shows feature for premium users 25ms
     → useNavigate() may be used only in the context of a <Router> component.
   × Tier Enforcement Tests > hides feature for free users 2ms
     → useNavigate() may be used only in the context of a <Router> component.
   × Tier Enforcement Tests > shows upgrade prompt for restricted features 2ms
     → useNavigate() may be used only in the context of a <Router> component.
 ❯ src/components/__tests__/FeedbackSystem.test.tsx (4 tests | 4 failed) 1097ms
   × Feedback System Tests > renders feedback modal 60ms
     → Invalid Chai property: toBeInTheDocument
   × Feedback System Tests > submits feedback successfully 14ms
     → Unable to find an element with the placeholder text of: /feedback/i

Ignored nodes: comments, script, style
[36m<body[39m
  [33mdata-scroll-locked[39m=[32m"1"[39m
  [33mstyle[39m=[32m"pointer-events: none;"[39m
[36m>[39m
  [36m<span[39m
    [33maria-hidden[39m=[32m"true"[39m
    [33mdata-aria-hidden[39m=[32m"true"[39m
    [33mdata-radix-focus-guard[39m=[32m""[39m
    [33mstyle[39m=[32m"outline: none; opacity: 0; position: fixed; pointer-events: none;"[39m
    [33mtabindex[39m=[32m"0"[39m
  [36m/>[39m
  [36m<div[39m
    [33maria-hidden[39m=[32m"true"[39m
    [33mdata-aria-hidden[39m=[32m"true"[39m
  [36m/>[39m
  [36m<div[39m
    [33maria-hidden[39m=[32m"true"[39m
    [33mclass[39m=[32m"fixed inset-0 z-50 bg-background/80 backdrop-blur-sm data-[state=open]:animate-in data-[state=closed]:animate-out data-[state=closed]:fade-out-0 data-[state=open]:fade-in-0"[39m
    [33mdata-aria-hidden[39m=[32m"true"[39m
    [33mdata-state[39m=[32m"open"[39m
    [33mstyle[39m=[32m"pointer-events: auto;"[39m
  [36m/>[39m
  [36m<div[39m
    [33maria-describedby[39m=[32m"radix-:r5:"[39m
    [33maria-labelledby[39m=[32m"radix-:r4:"[39m
    [33mclass[39m=[32m"fixed left-[50%] top-[50%] z-50 grid w-full max-w-lg translate-x-[-50%] translate-y-[-50%] gap-4 border border-border/40 bg-background p-6 shadow-lg duration-200 data-[state=open]:animate-in data-[state=closed]:animate-out data-[state=closed]:fade-out-0 data-[state=open]:fade-in-0 data-[state=closed]:zoom-out-95 data-[state=open]:zoom-in-95 data-[state=closed]:slide-out-to-left-1/2 data-[state=closed]:slide-out-to-top-[48%] data-[state=open]:slide-in-from-left-1/2 data-[state=open]:slide-in-from-top-[48%] sm:rounded-lg sm:max-w-md"[39m
    [33mdata-state[39m=[32m"open"[39m
    [33mid[39m=[32m"radix-:r3:"[39m
    [33mrole[39m=[32m"dialog"[39m
    [33mstyle[39m=[32m"pointer-events: auto;"[39m
    [33mtabindex[39m=[32m"-1"[39m
  [36m>[39m
    [36m<div[39m
      [33mclass[39m=[32m"flex flex-col space-y-1.5 text-center sm:text-left"[39m
    [36m>[39m
      [36m<h2[39m
        [33mclass[39m=[32m"text-lg font-semibold leading-none tracking-tight text-foreground"[39m
        [33mid[39m=[32m"radix-:r4:"[39m
      [36m>[39m
        [0mHow was this step?[0m
      [36m</h2>[39m
      [36m<p[39m
        [33mclass[39m=[32m"text-sm text-muted-foreground"[39m
        [33mid[39m=[32m"radix-:r5:"[39m
      [36m>[39m
        [0mHelp us improve the onboarding experience for [0m
      [36m</p>[39m
    [36m</div>[39m
    [36m<div[39m
      [33mclass[39m=[32m"space-y-6 py-4"[39m
    [36m>[39m
      [36m<div[39m
        [33mclass[39m=[32m"space-y-2"[39m
      [36m>[39m
        [36m<label[39m
          [33mclass[39m=[32m"text-sm font-medium"[39m
        [36m>[39m
          [0mRate this step[0m
        [36m</label>[39m
        [36m<div[39m
          [33mclass[39m=[32m"flex gap-2 justify-center"[39m
        [36m>[39m
          [36m<button[39m
            [33mclass[39m=[32m"transition-transform hover:scale-110"[39m
            [33mtype[39m=[32m"button"[39m
          [36m>[39m
            [36m<svg[39m
              [33mclass[39m=[32m"lucide lucide-star w-8 h-8 text-gray-300"[39m
              [33mfill[39m=[32m"none"[39m
              [33mheight[39m=[32m"24"[39m
              [33mstroke[39m=[32m"currentColor"[39m
              [33mstroke-linecap[39m=[32m"round"[39m
              [33mstroke-linejoin[39m=[32m"round"[39m
              [33mstroke-width[39m=[32m"2"[39m
              [33mviewBox[39m=[32m"0 0 24 24"[39m
              [33mwidth[39m=[32m"24"[39m
              [33mxmlns[39m=[32m"http://www.w3.org/2000/svg"[39m
            [36m>[39m
              [36m<path[39m
                [33md[39m=[32m"M11.525 2.295a.53.53 0 0 1 .95 0l2.31 4.679a2.123 2.123 0 0 0 1.595 1.16l5.166.756a.53.53 0 0 1 .294.904l-3.736 3.638a2.123 2.123 0 0 0-.611 1.878l.882 5.14a.53.53 0 0 1-.771.56l-4.618-2.428a2.122 2.122 0 0 0-1.973 0L6.396 21.01a.53.53 0 0 1-.77-.56l.881-5.139a2.122 2.122 0 0 0-.611-1.879L2.16 9.795a.53.53 0 0 1 .294-.906l5.165-.755a2.122 2.122 0 0 0 1.597-1.16z"[39m
              [36m/>[39m
            [36m</svg>[39m
          [36m</button>[39m
          [36m<button[39m
            [33mclass[39m=[32m"transition-transform hover:scale-110"[39m
            [33mtype[39m=[32m"button"[39m
          [36m>[39m
            [36m<svg[39m
              [33mclass[39m=[32m"lucide lucide-star w-8 h-8 text-gray-300"[39m
              [33mfill[39m=[32m"none"[39m
              [33mheight[39m=[32m"24"[39m
              [33mstroke[39m=[32m"currentColor"[39m
              [33mstroke-linecap[39m=[32m"round"[39m
              [33mstroke-linejoin[39m=[32m"round"[39m
              [33mstroke-width[39m=[32m"2"[39m
              [33mviewBox[39m=[32m"0 0 24 24"[39m
              [33mwidth[39m=[32m"24"[39m
              [33mxmlns[39m=[32m"http://www.w3.org/2000/svg"[39m
            [36m>[39m
              [36m<path[39m
                [33md[39m=[32m"M11.525 2.295a.53.53 0 0 1 .95 0l2.31 4.679a2.123 2.123 0 0 0 1.595 1.16l5.166.756a.53.53 0 0 1 .294.904l-3.736 3.638a2.123 2.123 0 0 0-.611 1.878l.882 5.14a.53.53 0 0 1-.771.56l-4.618-2.428a2.122 2.122 0 0 0-1.973 0L6.396 21.01a.53.53 0 0 1-.77-.56l.881-5.139a2.122 2.122 0 0 0-.611-1.879L2.16 9.795a.53.53 0 0 1 .294-.906l5.165-.755a2.122 2.122 0 0 0 1.597-1.16z"[39m
              [36m/>[39m
            [36m</svg>[39m
          [36m</button>[39m
          [36m<button[39m
            [33mclass[39m=[32m"transition-transform hover:scale-110"[39m
            [33mtype[39m=[32m"button"[39m
          [36m>[39m
            [36m<svg[39m
              [33mclass[39m=[32m"lucide lucide-star w-8 h-8 text-gray-300"[39m
              [33mfill[39m=[32m"none"[39m
              [33mheight[39m=[32m"24"[39m
              [33mstroke[39m=[32m"currentColor"[39m
              [33mstroke-linecap[39m=[32m"round"[39m
              [33mstroke-linejoin[39m=[32m"round"[39m
              [33mstroke-width[39m=[32m"2"[39m
              [33mviewBox[39m=[32m"0 0 24 24"[39m
              [33mwidth[39m=[32m"24"[39m
              [33mxmlns[39m=[32m"http://www.w3.org/2000/svg"[39m
            [36m>[39m
              [36m<path[39m
                [33md[39m=[32m"M11.525 2.295a.53.53 0 0 1 .95 0l2.31 4.679a2.123 2.123 0 0 0 1.595 1.16l5.166.756a.53.53 0 0 1 .294.904l-3.736 3.638a2.123 2.123 0 0 0-.611 1.878l.882 5.14a.53.53 0 0 1-.771.56l-4.618-2.428a2.122 2.122 0 0 0-1.973 0L6.396 21.01a.53.53 0 0 1-.77-.56l.881-5.139a2.122 2.122 0 0 0-.611-1.879L2.16 9.795a.53.53 0 0 1 .294-.906l5.165-.755a2.122 2.122 0 0 0 1.597-1.16z"[39m
              [36m/>[39m
            [36m</svg>[39m
          [36m</button>[39m
          [36m<button[39m
            [33mclass[39m=[32m"transition-transform hover:scale-110"[39m
            ...
   × Feedback System Tests > validates feedback input 1012ms
     → Unable to find an element with the text: /required/i. This could be because the text is broken up by multiple elements. In this case, you can provide a function for your text matcher to make your matcher more flexible.

Ignored nodes: comments, script, style
[36m<body[39m
  [33mdata-scroll-locked[39m=[32m"1"[39m
  [33mstyle[39m=[32m"pointer-events: none;"[39m
[36m>[39m
  [36m<span[39m
    [33maria-hidden[39m=[32m"true"[39m
    [33mdata-aria-hidden[39m=[32m"true"[39m
    [33mdata-radix-focus-guard[39m=[32m""[39m
    [33mstyle[39m=[32m"outline: none; opacity: 0; position: fixed; pointer-events: none;"[39m
    [33mtabindex[39m=[32m"0"[39m
  [36m/>[39m
  [36m<div[39m
    [33maria-hidden[39m=[32m"true"[39m
    [33mdata-aria-hidden[39m=[32m"true"[39m
  [36m/>[39m
  [36m<div[39m
    [33maria-hidden[39m=[32m"true"[39m
    [33mclass[39m=[32m"fixed inset-0 z-50 bg-background/80 backdrop-blur-sm data-[state=open]:animate-in data-[state=closed]:animate-out data-[state=closed]:fade-out-0 data-[state=open]:fade-in-0"[39m
    [33mdata-aria-hidden[39m=[32m"true"[39m
    [33mdata-state[39m=[32m"open"[39m
    [33mstyle[39m=[32m"pointer-events: auto;"[39m
  [36m/>[39m
  [36m<div[39m
    [33maria-describedby[39m=[32m"radix-:r8:"[39m
    [33maria-labelledby[39m=[32m"radix-:r7:"[39m
    [33mclass[39m=[32m"fixed left-[50%] top-[50%] z-50 grid w-full max-w-lg translate-x-[-50%] translate-y-[-50%] gap-4 border border-border/40 bg-background p-6 shadow-lg duration-200 data-[state=open]:animate-in data-[state=closed]:animate-out data-[state=closed]:fade-out-0 data-[state=open]:fade-in-0 data-[state=closed]:zoom-out-95 data-[state=open]:zoom-in-95 data-[state=closed]:slide-out-to-left-1/2 data-[state=closed]:slide-out-to-top-[48%] data-[state=open]:slide-in-from-left-1/2 data-[state=open]:slide-in-from-top-[48%] sm:rounded-lg sm:max-w-md"[39m
    [33mdata-state[39m=[32m"open"[39m
    [33mid[39m=[32m"radix-:r6:"[39m
    [33mrole[39m=[32m"dialog"[39m
    [33mstyle[39m=[32m"pointer-events: auto;"[39m
    [33mtabindex[39m=[32m"-1"[39m
  [36m>[39m
    [36m<div[39m
      [33mclass[39m=[32m"flex flex-col space-y-1.5 text-center sm:text-left"[39m
    [36m>[39m
      [36m<h2[39m
        [33mclass[39m=[32m"text-lg font-semibold leading-none tracking-tight text-foreground"[39m
        [33mid[39m=[32m"radix-:r7:"[39m
      [36m>[39m
        [0mHow was this step?[0m
      [36m</h2>[39m
      [36m<p[39m
        [33mclass[39m=[32m"text-sm text-muted-foreground"[39m
        [33mid[39m=[32m"radix-:r8:"[39m
      [36m>[39m
        [0mHelp us improve the onboarding experience for [0m
      [36m</p>[39m
    [36m</div>[39m
    [36m<div[39m
      [33mclass[39m=[32m"space-y-6 py-4"[39m
    [36m>[39m
      [36m<div[39m
        [33mclass[39m=[32m"space-y-2"[39m
      [36m>[39m
        [36m<label[39m
          [33mclass[39m=[32m"text-sm font-medium"[39m
        [36m>[39m
          [0mRate this step[0m
        [36m</label>[39m
        [36m<div[39m
          [33mclass[39m=[32m"flex gap-2 justify-center"[39m
        [36m>[39m
          [36m<button[39m
            [33mclass[39m=[32m"transition-transform hover:scale-110"[39m
            [33mtype[39m=[32m"button"[39m
          [36m>[39m
            [36m<svg[39m
              [33mclass[39m=[32m"lucide lucide-star w-8 h-8 text-gray-300"[39m
              [33mfill[39m=[32m"none"[39m
              [33mheight[39m=[32m"24"[39m
              [33mstroke[39m=[32m"currentColor"[39m
              [33mstroke-linecap[39m=[32m"round"[39m
              [33mstroke-linejoin[39m=[32m"round"[39m
              [33mstroke-width[39m=[32m"2"[39m
              [33mviewBox[39m=[32m"0 0 24 24"[39m
              [33mwidth[39m=[32m"24"[39m
              [33mxmlns[39m=[32m"http://www.w3.org/2000/svg"[39m
            [36m>[39m
              [36m<path[39m
                [33md[39m=[32m"M11.525 2.295a.53.53 0 0 1 .95 0l2.31 4.679a2.123 2.123 0 0 0 1.595 1.16l5.166.756a.53.53 0 0 1 .294.904l-3.736 3.638a2.123 2.123 0 0 0-.611 1.878l.882 5.14a.53.53 0 0 1-.771.56l-4.618-2.428a2.122 2.122 0 0 0-1.973 0L6.396 21.01a.53.53 0 0 1-.77-.56l.881-5.139a2.122 2.122 0 0 0-.611-1.879L2.16 9.795a.53.53 0 0 1 .294-.906l5.165-.755a2.122 2.122 0 0 0 1.597-1.16z"[39m
              [36m/>[39m
            [36m</svg>[39m
          [36m</button>[39m
          [36m<button[39m
            [33mclass[39m=[32m"transition-transform hover:scale-110"[39m
            [33mtype[39m=[32m"button"[39m
          [36m>[39m
            [36m<svg[39m
              [33mclass[39m=[32m"lucide lucide-star w-8 h-8 text-gray-300"[39m
              [33mfill[39m=[32m"none"[39m
              [33mheight[39m=[32m"24"[39m
              [33mstroke[39m=[32m"currentColor"[39m
              [33mstroke-linecap[39m=[32m"round"[39m
              [33mstroke-linejoin[39m=[32m"round"[39m
              [33mstroke-width[39m=[32m"2"[39m
              [33mviewBox[39m=[32m"0 0 24 24"[39m
              [33mwidth[39m=[32m"24"[39m
              [33mxmlns[39m=[32m"http://www.w3.org/2000/svg"[39m
            [36m>[39m
              [36m<path[39m
                [33md[39m=[32m"M11.525 2.295a.53.53 0 0 1 .95 0l2.31 4.679a2.123 2.123 0 0 0 1.595 1.16l5.166.756a.53.53 0 0 1 .294.904l-3.736 3.638a2.123 2.123 0 0 0-.611 1.878l.882 5.14a.53.53 0 0 1-.771.56l-4.618-2.428a2.122 2.122 0 0 0-1.973 0L6.396 21.01a.53.53 0 0 1-.77-.56l.881-5.139a2.122 2.122 0 0 0-.611-1.879L2.16 9.795a.53.53 0 0 1 .294-.906l5.165-.755a2.122 2.122 0 0 0 1.597-1.16z"[39m
              [36m/>[39m
            [36m</svg>[39m
          [36m</button>[39m
          [36m<button[39m
            [33mclass[39m=[32m"transition-transform hover:scale-110"[39m
            [33mtype[39m=[32m"button"[39m
          [36m>[39m
            [36m<svg[39m
              [33mclass[39m=[32m"lucide lucide-star w-8 h-8 text-gray-300"[39m
              [33mfill[39m=[32m"none"[39m
              [33mheight[39m=[32m"24"[39m
              [33mstroke[39m=[32m"currentColor"[39m
              [33mstroke-linecap[39m=[32m"round"[39m
              [33mstroke-linejoin[39m=[32m"round"[39m
              [33mstroke-width[39m=[32m"2"[39m
              [33mviewBox[39m=[32m"0 0 24 24"[39m
              [33mwidth[39m=[32m"24"[39m
              [33mxmlns[39m=[32m"http://www.w3.org/2000/svg"[39m
            [36m>[39m
              [36m<path[39m
                [33md[39m=[32m"M11.525 2.295a.53.53 0 0 1 .95 0l2.31 4.679a2.123 2.123 0 0 0 1.595 1.16l5.166.756a.53.53 0 0 1 .294.904l-3.736 3.638a2.123 2.123 0 0 0-.611 1.878l.882 5.14a.53.53 0 0 1-.771.56l-4.618-2.428a2.122 2.122 0 0 0-1.973 0L6.396 21.01a.53.53 0 0 1-.77-.56l.881-5.139a2.122 2.122 0 0 0-.611-1.879L2.16 9.795a.53.53 0 0 1 .294-.906l5.165-.755a2.122 2.122 0 0 0 1.597-1.16z"[39m
              [36m/>[39m
            [36m</svg>[39m
          [36m</button>[39m
          [36m<button[39m
            [33mclass[39m=[32m"transition-transform hover:scale-110"[39m
            ...

Ignored nodes: comments, script, style
[36m<html>[39m
  [36m<head />[39m
  [36m<body[39m
    [33mdata-scroll-locked[39m=[32m"1"[39m
    [33mstyle[39m=[32m"pointer-events: none;"[39m
  [36m>[39m
    [36m<span[39m
      [33maria-hidden[39m=[32m"true"[39m
      [33mdata-aria-hidden[39m=[32m"true"[39m
      [33mdata-radix-focus-guard[39m=[32m""[39m
      [33mstyle[39m=[32m"outline: none; opacity: 0; position: fixed; pointer-events: none;"[39m
      [33mtabindex[39m=[32m"0"[39m
    [36m/>[39m
    [36m<div[39m
      [33maria-hidden[39m=[32m"true"[39m
      [33mdata-aria-hidden[39m=[32m"true"[39m
    [36m/>[39m
    [36m<div[39m
      [33maria-hidden[39m=[32m"true"[39m
      [33mclass[39m=[32m"fixed inset-0 z-50 bg-background/80 backdrop-blur-sm data-[state=open]:animate-in data-[state=closed]:animate-out data-[state=closed]:fade-out-0 data-[state=open]:fade-in-0"[39m
      [33mdata-aria-hidden[39m=[32m"true"[39m
      [33mdata-state[39m=[32m"open"[39m
      [33mstyle[39m=[32m"pointer-events: auto;"[39m
    [36m/>[39m
    [36m<div[39m
      [33maria-describedby[39m=[32m"radix-:r8:"[39m
      [33maria-labelledby[39m=[32m"radix-:r7:"[39m
      [33mclass[39m=[32m"fixed left-[50%] top-[50%] z-50 grid w-full max-w-lg translate-x-[-50%] translate-y-[-50%] gap-4 border border-border/40 bg-background p-6 shadow-lg duration-200 data-[state=open]:animate-in data-[state=closed]:animate-out data-[state=closed]:fade-out-0 data-[state=open]:fade-in-0 data-[state=closed]:zoom-out-95 data-[state=open]:zoom-in-95 data-[state=closed]:slide-out-to-left-1/2 data-[state=closed]:slide-out-to-top-[48%] data-[state=open]:slide-in-from-left-1/2 data-[state=open]:slide-in-from-top-[48%] sm:rounded-lg sm:max-w-md"[39m
      [33mdata-state[39m=[32m"open"[39m
      [33mid[39m=[32m"radix-:r6:"[39m
      [33mrole[39m=[32m"dialog"[39m
      [33mstyle[39m=[32m"pointer-events: auto;"[39m
      [33mtabindex[39m=[32m"-1"[39m
    [36m>[39m
      [36m<div[39m
        [33mclass[39m=[32m"flex flex-col space-y-1.5 text-center sm:text-left"[39m
      [36m>[39m
        [36m<h2[39m
          [33mclass[39m=[32m"text-lg font-semibold leading-none tracking-tight text-foreground"[39m
          [33mid[39m=[32m"radix-:r7:"[39m
        [36m>[39m
          [0mHow was this step?[0m
        [36m</h2>[39m
        [36m<p[39m
          [33mclass[39m=[32m"text-sm text-muted-foreground"[39m
          [33mid[39m=[32m"radix-:r8:"[39m
        [36m>[39m
          [0mHelp us improve the onboarding experience for [0m
        [36m</p>[39m
      [36m</div>[39m
      [36m<div[39m
        [33mclass[39m=[32m"space-y-6 py-4"[39m
      [36m>[39m
        [36m<div[39m
          [33mclass[39m=[32m"space-y-2"[39m
        [36m>[39m
          [36m<label[39m
            [33mclass[39m=[32m"text-sm font-medium"[39m
          [36m>[39m
            [0mRate this step[0m
          [36m</label>[39m
          [36m<div[39m
            [33mclass[39m=[32m"flex gap-2 justify-center"[39m
          [36m>[39m
            [36m<button[39m
              [33mclass[39m=[32m"transition-transform hover:scale-110"[39m
              [33mtype[39m=[32m"button"[39m
            [36m>[39m
              [36m<svg[39m
                [33mclass[39m=[32m"lucide lucide-star w-8 h-8 text-gray-300"[39m
                [33mfill[39m=[32m"none"[39m
                [33mheight[39m=[32m"24"[39m
                [33mstroke[39m=[32m"currentColor"[39m
                [33mstroke-linecap[39m=[32m"round"[39m
                [33mstroke-linejoin[39m=[32m"round"[39m
                [33mstroke-width[39m=[32m"2"[39m
                [33mviewBox[39m=[32m"0 0 24 24"[39m
                [33mwidth[39m=[32m"24"[39m
                [33mxmlns[39m=[32m"http://www.w3.org/2000/svg"[39m
              [36m>[39m
                [36m<path[39m
                  [33md[39m=[32m"M11.525 2.295a.53.53 0 0 1 .95 0l2.31 4.679a2.123 2.123 0 0 0 1.595 1.16l5.166.756a.53.53 0 0 1 .294.904l-3.736 3.638a2.123 2.123 0 0 0-.611 1.878l.882 5.14a.53.53 0 0 1-.771.56l-4.618-2.428a2.122 2.122 0 0 0-1.973 0L6.396 21.01a.53.53 0 0 1-.77-.56l.881-5.139a2.122 2.122 0 0 0-.611-1.879L2.16 9.795a.53.53 0 0 1 .294-.906l5.165-.755a2.122 2.122 0 0 0 1.597-1.16z"[39m
                [36m/>[39m
              [36m</svg>[39m
            [36m</button>[39m
            [36m<button[39m
              [33mclass[39m=[32m"transition-transform hover:scale-110"[39m
              [33mtype[39m=[32m"button"[39m
            [36m>[39m
              [36m<svg[39m
                [33mclass[39m=[32m"lucide lucide-star w-8 h-8 text-gray-300"[39m
                [33mfill[39m=[32m"none"[39m
                [33mheight[39m=[32m"24"[39m
                [33mstroke[39m=[32m"currentColor"[39m
                [33mstroke-linecap[39m=[32m"round"[39m
                [33mstroke-linejoin[39m=[32m"round"[39m
                [33mstroke-width[39m=[32m"2"[39m
                [33mviewBox[39m=[32m"0 0 24 24"[39m
                [33mwidth[39m=[32m"24"[39m
                [33mxmlns[39m=[32m"http://www.w3.org/2000/svg"[39m
              [36m>[39m
                [36m<path[39m
                  [33md[39m=[32m"M11.525 2.295a.53.53 0 0 1 .95 0l2.31 4.679a2.123 2.123 0 0 0 1.595 1.16l5.166.756a.53.53 0 0 1 .294.904l-3.736 3.638a2.123 2.123 0 0 0-.611 1.878l.882 5.14a.53.53 0 0 1-.771.56l-4.618-2.428a2.122 2.122 0 0 0-1.973 0L6.396 21.01a.53.53 0 0 1-.77-.56l.881-5.139a2.122 2.122 0 0 0-.611-1.879L2.16 9.795a.53.53 0 0 1 .294-.906l5.165-.755a2.122 2.122 0 0 0 1.597-1.16z"[39m
                [36m/>[39m
              [36m</svg>[39m
            [36m</button>[39m
            [36m<button[39m
              [33mclass[39m=[32m"transition-transform hover:scale-110"[39m
              [33mtype[39m=[32m"button"[39m
            [36m>[39m
              [36m<svg[39m
                [33mclass[39m=[32m"lucide lucide-star w-8 h-8 text-gray-300"[39m
                [33mfill[39m=[32m"none"[39m
                [33mheight[39m=[32m"24"[39m
                [33mstroke[39m=[32m"currentColor"[39m
                [33mstroke-linecap[39m=[32m"round"[39m
                [33mstroke-linejoin[39m=[32m"round"[39m
                [33mstroke-width[39m=[32m"2"[39m
                [33mviewBox[39m=[32m"0 0 24 24"[39m
                [33mwidth[39m=[32m"24"[39m
                [33mxmlns[39m=[32m"http://www.w3.org/2000/svg"[39m
              [36m>[39m
                [36m<path[39m
                  [33md[39m=[32m"M11.525 2.295a.53.53 0 0 1 .95 0l2.31 4.679a2.123 2.123 0 0 0 1.595 1.16l5.166.756a.53.53 0 0 1 .294.904l-3.736 3.638a2.123 2.123 0 0 0-.611 1.878l.882 5.14a.53.53 0 0 1-.771.56l-4.618-2.428a2.122 2.122 0 0 0-1.973 0L6.396 21.01a.53.53 0 0 1-.77-.56l.881-5.139a2.122 2.122 0 0 0-.611-1.879L2.1...
   × Feedback System Tests > allows rating selection 10ms
     → Unable to find a label with the text of: /5 stars/i

Ignored nodes: comments, script, style
[36m<body[39m
  [33mdata-scroll-locked[39m=[32m"1"[39m
  [33mstyle[39m=[32m"pointer-events: none;"[39m
[36m>[39m
  [36m<span[39m
    [33maria-hidden[39m=[32m"true"[39m
    [33mdata-aria-hidden[39m=[32m"true"[39m
    [33mdata-radix-focus-guard[39m=[32m""[39m
    [33mstyle[39m=[32m"outline: none; opacity: 0; position: fixed; pointer-events: none;"[39m
    [33mtabindex[39m=[32m"0"[39m
  [36m/>[39m
  [36m<div[39m
    [33maria-hidden[39m=[32m"true"[39m
    [33mdata-aria-hidden[39m=[32m"true"[39m
  [36m/>[39m
  [36m<div[39m
    [33maria-hidden[39m=[32m"true"[39m
    [33mclass[39m=[32m"fixed inset-0 z-50 bg-background/80 backdrop-blur-sm data-[state=open]:animate-in data-[state=closed]:animate-out data-[state=closed]:fade-out-0 data-[state=open]:fade-in-0"[39m
    [33mdata-aria-hidden[39m=[32m"true"[39m
    [33mdata-state[39m=[32m"open"[39m
    [33mstyle[39m=[32m"pointer-events: auto;"[39m
  [36m/>[39m
  [36m<div[39m
    [33maria-describedby[39m=[32m"radix-:rb:"[39m
    [33maria-labelledby[39m=[32m"radix-:ra:"[39m
    [33mclass[39m=[32m"fixed left-[50%] top-[50%] z-50 grid w-full max-w-lg translate-x-[-50%] translate-y-[-50%] gap-4 border border-border/40 bg-background p-6 shadow-lg duration-200 data-[state=open]:animate-in data-[state=closed]:animate-out data-[state=closed]:fade-out-0 data-[state=open]:fade-in-0 data-[state=closed]:zoom-out-95 data-[state=open]:zoom-in-95 data-[state=closed]:slide-out-to-left-1/2 data-[state=closed]:slide-out-to-top-[48%] data-[state=open]:slide-in-from-left-1/2 data-[state=open]:slide-in-from-top-[48%] sm:rounded-lg sm:max-w-md"[39m
    [33mdata-state[39m=[32m"open"[39m
    [33mid[39m=[32m"radix-:r9:"[39m
    [33mrole[39m=[32m"dialog"[39m
    [33mstyle[39m=[32m"pointer-events: auto;"[39m
    [33mtabindex[39m=[32m"-1"[39m
  [36m>[39m
    [36m<div[39m
      [33mclass[39m=[32m"flex flex-col space-y-1.5 text-center sm:text-left"[39m
    [36m>[39m
      [36m<h2[39m
        [33mclass[39m=[32m"text-lg font-semibold leading-none tracking-tight text-foreground"[39m
        [33mid[39m=[32m"radix-:ra:"[39m
      [36m>[39m
        [0mHow was this step?[0m
      [36m</h2>[39m
      [36m<p[39m
        [33mclass[39m=[32m"text-sm text-muted-foreground"[39m
        [33mid[39m=[32m"radix-:rb:"[39m
      [36m>[39m
        [0mHelp us improve the onboarding experience for [0m
      [36m</p>[39m
    [36m</div>[39m
    [36m<div[39m
      [33mclass[39m=[32m"space-y-6 py-4"[39m
    [36m>[39m
      [36m<div[39m
        [33mclass[39m=[32m"space-y-2"[39m
      [36m>[39m
        [36m<label[39m
          [33mclass[39m=[32m"text-sm font-medium"[39m
        [36m>[39m
          [0mRate this step[0m
        [36m</label>[39m
        [36m<div[39m
          [33mclass[39m=[32m"flex gap-2 justify-center"[39m
        [36m>[39m
          [36m<button[39m
            [33mclass[39m=[32m"transition-transform hover:scale-110"[39m
            [33mtype[39m=[32m"button"[39m
          [36m>[39m
            [36m<svg[39m
              [33mclass[39m=[32m"lucide lucide-star w-8 h-8 text-gray-300"[39m
              [33mfill[39m=[32m"none"[39m
              [33mheight[39m=[32m"24"[39m
              [33mstroke[39m=[32m"currentColor"[39m
              [33mstroke-linecap[39m=[32m"round"[39m
              [33mstroke-linejoin[39m=[32m"round"[39m
              [33mstroke-width[39m=[32m"2"[39m
              [33mviewBox[39m=[32m"0 0 24 24"[39m
              [33mwidth[39m=[32m"24"[39m
              [33mxmlns[39m=[32m"http://www.w3.org/2000/svg"[39m
            [36m>[39m
              [36m<path[39m
                [33md[39m=[32m"M11.525 2.295a.53.53 0 0 1 .95 0l2.31 4.679a2.123 2.123 0 0 0 1.595 1.16l5.166.756a.53.53 0 0 1 .294.904l-3.736 3.638a2.123 2.123 0 0 0-.611 1.878l.882 5.14a.53.53 0 0 1-.771.56l-4.618-2.428a2.122 2.122 0 0 0-1.973 0L6.396 21.01a.53.53 0 0 1-.77-.56l.881-5.139a2.122 2.122 0 0 0-.611-1.879L2.16 9.795a.53.53 0 0 1 .294-.906l5.165-.755a2.122 2.122 0 0 0 1.597-1.16z"[39m
              [36m/>[39m
            [36m</svg>[39m
          [36m</button>[39m
          [36m<button[39m
            [33mclass[39m=[32m"transition-transform hover:scale-110"[39m
            [33mtype[39m=[32m"button"[39m
          [36m>[39m
            [36m<svg[39m
              [33mclass[39m=[32m"lucide lucide-star w-8 h-8 text-gray-300"[39m
              [33mfill[39m=[32m"none"[39m
              [33mheight[39m=[32m"24"[39m
              [33mstroke[39m=[32m"currentColor"[39m
              [33mstroke-linecap[39m=[32m"round"[39m
              [33mstroke-linejoin[39m=[32m"round"[39m
              [33mstroke-width[39m=[32m"2"[39m
              [33mviewBox[39m=[32m"0 0 24 24"[39m
              [33mwidth[39m=[32m"24"[39m
              [33mxmlns[39m=[32m"http://www.w3.org/2000/svg"[39m
            [36m>[39m
              [36m<path[39m
                [33md[39m=[32m"M11.525 2.295a.53.53 0 0 1 .95 0l2.31 4.679a2.123 2.123 0 0 0 1.595 1.16l5.166.756a.53.53 0 0 1 .294.904l-3.736 3.638a2.123 2.123 0 0 0-.611 1.878l.882 5.14a.53.53 0 0 1-.771.56l-4.618-2.428a2.122 2.122 0 0 0-1.973 0L6.396 21.01a.53.53 0 0 1-.77-.56l.881-5.139a2.122 2.122 0 0 0-.611-1.879L2.16 9.795a.53.53 0 0 1 .294-.906l5.165-.755a2.122 2.122 0 0 0 1.597-1.16z"[39m
              [36m/>[39m
            [36m</svg>[39m
          [36m</button>[39m
          [36m<button[39m
            [33mclass[39m=[32m"transition-transform hover:scale-110"[39m
            [33mtype[39m=[32m"button"[39m
          [36m>[39m
            [36m<svg[39m
              [33mclass[39m=[32m"lucide lucide-star w-8 h-8 text-gray-300"[39m
              [33mfill[39m=[32m"none"[39m
              [33mheight[39m=[32m"24"[39m
              [33mstroke[39m=[32m"currentColor"[39m
              [33mstroke-linecap[39m=[32m"round"[39m
              [33mstroke-linejoin[39m=[32m"round"[39m
              [33mstroke-width[39m=[32m"2"[39m
              [33mviewBox[39m=[32m"0 0 24 24"[39m
              [33mwidth[39m=[32m"24"[39m
              [33mxmlns[39m=[32m"http://www.w3.org/2000/svg"[39m
            [36m>[39m
              [36m<path[39m
                [33md[39m=[32m"M11.525 2.295a.53.53 0 0 1 .95 0l2.31 4.679a2.123 2.123 0 0 0 1.595 1.16l5.166.756a.53.53 0 0 1 .294.904l-3.736 3.638a2.123 2.123 0 0 0-.611 1.878l.882 5.14a.53.53 0 0 1-.771.56l-4.618-2.428a2.122 2.122 0 0 0-1.973 0L6.396 21.01a.53.53 0 0 1-.77-.56l.881-5.139a2.122 2.122 0 0 0-.611-1.879L2.16 9.795a.53.53 0 0 1 .294-.906l5.165-.755a2.122 2.122 0 0 0 1.597-1.16z"[39m
              [36m/>[39m
            [36m</svg>[39m
          [36m</button>[39m
          [36m<button[39m
            [33mclass[39m=[32m"transition-transform hover:scale-110"[39m
            ...
 ❯ src/hooks/__tests__/usePullToRefresh.test.ts (4 tests | 2 failed) 16ms
   × usePullToRefresh Hook Tests > triggers refresh on pull gesture 5ms
     → result.current.handleTouchStart is not a function
   × usePullToRefresh Hook Tests > shows loading state during refresh 1ms
     → result.current.handleTouchStart is not a function
stderr | src/components/__tests__/DatabaseMigrationSystem.test.tsx > DatabaseMigrationSystem Tests > renders migration interface
Failed to get migrations: TypeError: __vite_ssr_import_0__.supabase.from(...).select(...).limit is not a function
    at MigrationExecutor.createMigrationsTable (/Users/ghogue/Library/CloudStorage/OneDrive-InsightfulOutcomes,LLC/IS-LTD/APPS/CaliberVault/src/components/database/MigrationExecutor.tsx:17:8)
    at MigrationExecutor.getAppliedMigrations (/Users/ghogue/Library/CloudStorage/OneDrive-InsightfulOutcomes,LLC/IS-LTD/APPS/CaliberVault/src/components/database/MigrationExecutor.tsx:29:18)
    at checkMigrationStatus (/Users/ghogue/Library/CloudStorage/OneDrive-InsightfulOutcomes,LLC/IS-LTD/APPS/CaliberVault/src/components/database/DatabaseMigrationSystem.tsx:41:50)
    at /Users/ghogue/Library/CloudStorage/OneDrive-InsightfulOutcomes,LLC/IS-LTD/APPS/CaliberVault/src/components/database/DatabaseMigrationSystem.tsx:35:5
    at commitHookEffectListMount (/Users/ghogue/Library/CloudStorage/OneDrive-InsightfulOutcomes,LLC/IS-LTD/APPS/CaliberVault/node_modules/react-dom/cjs/react-dom.development.js:23189:26)
    at commitPassiveMountOnFiber (/Users/ghogue/Library/CloudStorage/OneDrive-InsightfulOutcomes,LLC/IS-LTD/APPS/CaliberVault/node_modules/react-dom/cjs/react-dom.development.js:24970:11)
    at commitPassiveMountEffects_complete (/Users/ghogue/Library/CloudStorage/OneDrive-InsightfulOutcomes,LLC/IS-LTD/APPS/CaliberVault/node_modules/react-dom/cjs/react-dom.development.js:24930:9)
    at commitPassiveMountEffects_begin (/Users/ghogue/Library/CloudStorage/OneDrive-InsightfulOutcomes,LLC/IS-LTD/APPS/CaliberVault/node_modules/react-dom/cjs/react-dom.development.js:24917:7)
    at commitPassiveMountEffects (/Users/ghogue/Library/CloudStorage/OneDrive-InsightfulOutcomes,LLC/IS-LTD/APPS/CaliberVault/node_modules/react-dom/cjs/react-dom.development.js:24905:3)
    at flushPassiveEffectsImpl (/Users/ghogue/Library/CloudStorage/OneDrive-InsightfulOutcomes,LLC/IS-LTD/APPS/CaliberVault/node_modules/react-dom/cjs/react-dom.development.js:27078:3)
Warning: An update to DatabaseMigrationSystem inside a test was not wrapped in act(...).

When testing, code that causes React state updates should be wrapped into act(...):

act(() => {
  /* fire events that update state */
});
/* assert on the output */

This ensures that you're testing the behavior the user would see in the browser. Learn more at https://reactjs.org/link/wrap-tests-with-act
    at DatabaseMigrationSystem (/Users/ghogue/Library/CloudStorage/OneDrive-InsightfulOutcomes,LLC/IS-LTD/APPS/CaliberVault/src/components/database/DatabaseMigrationSystem.tsx:29:61)
    at QueryClientProvider (file:///Users/ghogue/Library/CloudStorage/OneDrive-InsightfulOutcomes,LLC/IS-LTD/APPS/CaliberVault/node_modules/@tanstack/react-query/build/modern/QueryClientProvider.js:20:3)
    at wrapper (/Users/ghogue/Library/CloudStorage/OneDrive-InsightfulOutcomes,LLC/IS-LTD/APPS/CaliberVault/src/components/__tests__/DatabaseMigrationSystem.test.tsx:14:20)
Warning: An update to DatabaseMigrationSystem inside a test was not wrapped in act(...).

When testing, code that causes React state updates should be wrapped into act(...):

act(() => {
  /* fire events that update state */
});
/* assert on the output */

This ensures that you're testing the behavior the user would see in the browser. Learn more at https://reactjs.org/link/wrap-tests-with-act
    at DatabaseMigrationSystem (/Users/ghogue/Library/CloudStorage/OneDrive-InsightfulOutcomes,LLC/IS-LTD/APPS/CaliberVault/src/components/database/DatabaseMigrationSystem.tsx:29:61)
    at QueryClientProvider (file:///Users/ghogue/Library/CloudStorage/OneDrive-InsightfulOutcomes,LLC/IS-LTD/APPS/CaliberVault/node_modules/@tanstack/react-query/build/modern/QueryClientProvider.js:20:3)
    at wrapper (/Users/ghogue/Library/CloudStorage/OneDrive-InsightfulOutcomes,LLC/IS-LTD/APPS/CaliberVault/src/components/__tests__/DatabaseMigrationSystem.test.tsx:14:20)

stderr | src/components/__tests__/DatabaseMigrationSystem.test.tsx > DatabaseMigrationSystem Tests > lists available migrations
Failed to get migrations: TypeError: __vite_ssr_import_0__.supabase.from(...).select(...).limit is not a function
    at MigrationExecutor.createMigrationsTable (/Users/ghogue/Library/CloudStorage/OneDrive-InsightfulOutcomes,LLC/IS-LTD/APPS/CaliberVault/src/components/database/MigrationExecutor.tsx:17:8)
    at MigrationExecutor.getAppliedMigrations (/Users/ghogue/Library/CloudStorage/OneDrive-InsightfulOutcomes,LLC/IS-LTD/APPS/CaliberVault/src/components/database/MigrationExecutor.tsx:29:18)
    at checkMigrationStatus (/Users/ghogue/Library/CloudStorage/OneDrive-InsightfulOutcomes,LLC/IS-LTD/APPS/CaliberVault/src/components/database/DatabaseMigrationSystem.tsx:41:50)
    at /Users/ghogue/Library/CloudStorage/OneDrive-InsightfulOutcomes,LLC/IS-LTD/APPS/CaliberVault/src/components/database/DatabaseMigrationSystem.tsx:35:5
    at commitHookEffectListMount (/Users/ghogue/Library/CloudStorage/OneDrive-InsightfulOutcomes,LLC/IS-LTD/APPS/CaliberVault/node_modules/react-dom/cjs/react-dom.development.js:23189:26)
    at commitPassiveMountOnFiber (/Users/ghogue/Library/CloudStorage/OneDrive-InsightfulOutcomes,LLC/IS-LTD/APPS/CaliberVault/node_modules/react-dom/cjs/react-dom.development.js:24970:11)
    at commitPassiveMountEffects_complete (/Users/ghogue/Library/CloudStorage/OneDrive-InsightfulOutcomes,LLC/IS-LTD/APPS/CaliberVault/node_modules/react-dom/cjs/react-dom.development.js:24930:9)
    at commitPassiveMountEffects_begin (/Users/ghogue/Library/CloudStorage/OneDrive-InsightfulOutcomes,LLC/IS-LTD/APPS/CaliberVault/node_modules/react-dom/cjs/react-dom.development.js:24917:7)
    at commitPassiveMountEffects (/Users/ghogue/Library/CloudStorage/OneDrive-InsightfulOutcomes,LLC/IS-LTD/APPS/CaliberVault/node_modules/react-dom/cjs/react-dom.development.js:24905:3)
    at flushPassiveEffectsImpl (/Users/ghogue/Library/CloudStorage/OneDrive-InsightfulOutcomes,LLC/IS-LTD/APPS/CaliberVault/node_modules/react-dom/cjs/react-dom.development.js:27078:3)

stderr | src/components/__tests__/PhotoCapture.test.tsx > PhotoCapture Component > renders photo capture button
Warning: An update to PhotoCapture inside a test was not wrapped in act(...).

When testing, code that causes React state updates should be wrapped into act(...):

act(() => {
  /* fire events that update state */
});
/* assert on the output */

This ensures that you're testing the behavior the user would see in the browser. Learn more at https://reactjs.org/link/wrap-tests-with-act
    at PhotoCapture (/Users/ghogue/Library/CloudStorage/OneDrive-InsightfulOutcomes,LLC/IS-LTD/APPS/CaliberVault/src/components/inventory/PhotoCapture.tsx:5:25)
Warning: An update to PhotoCapture inside a test was not wrapped in act(...).

When testing, code that causes React state updates should be wrapped into act(...):

act(() => {
  /* fire events that update state */
});
/* assert on the output */

This ensures that you're testing the behavior the user would see in the browser. Learn more at https://reactjs.org/link/wrap-tests-with-act
    at PhotoCapture (/Users/ghogue/Library/CloudStorage/OneDrive-InsightfulOutcomes,LLC/IS-LTD/APPS/CaliberVault/src/components/inventory/PhotoCapture.tsx:5:25)
Warning: An update to PhotoCapture inside a test was not wrapped in act(...).

When testing, code that causes React state updates should be wrapped into act(...):

act(() => {
  /* fire events that update state */
});
/* assert on the output */

This ensures that you're testing the behavior the user would see in the browser. Learn more at https://reactjs.org/link/wrap-tests-with-act
    at PhotoCapture (/Users/ghogue/Library/CloudStorage/OneDrive-InsightfulOutcomes,LLC/IS-LTD/APPS/CaliberVault/src/components/inventory/PhotoCapture.tsx:5:25)

stderr | src/components/__tests__/PhotoCapture.test.tsx > PhotoCapture Component > requests camera permissions
Warning: An update to PhotoCapture inside a test was not wrapped in act(...).

When testing, code that causes React state updates should be wrapped into act(...):

act(() => {
  /* fire events that update state */
});
/* assert on the output */

This ensures that you're testing the behavior the user would see in the browser. Learn more at https://reactjs.org/link/wrap-tests-with-act
    at PhotoCapture (/Users/ghogue/Library/CloudStorage/OneDrive-InsightfulOutcomes,LLC/IS-LTD/APPS/CaliberVault/src/components/inventory/PhotoCapture.tsx:5:25)
Warning: An update to PhotoCapture inside a test was not wrapped in act(...).

When testing, code that causes React state updates should be wrapped into act(...):

act(() => {
  /* fire events that update state */
});
/* assert on the output */

This ensures that you're testing the behavior the user would see in the browser. Learn more at https://reactjs.org/link/wrap-tests-with-act
    at PhotoCapture (/Users/ghogue/Library/CloudStorage/OneDrive-InsightfulOutcomes,LLC/IS-LTD/APPS/CaliberVault/src/components/inventory/PhotoCapture.tsx:5:25)
Warning: An update to PhotoCapture inside a test was not wrapped in act(...).

When testing, code that causes React state updates should be wrapped into act(...):

act(() => {
  /* fire events that update state */
});
/* assert on the output */

This ensures that you're testing the behavior the user would see in the browser. Learn more at https://reactjs.org/link/wrap-tests-with-act
    at PhotoCapture (/Users/ghogue/Library/CloudStorage/OneDrive-InsightfulOutcomes,LLC/IS-LTD/APPS/CaliberVault/src/components/inventory/PhotoCapture.tsx:5:25)

stderr | src/components/__tests__/PhotoCapture.test.tsx > PhotoCapture Component > handles camera permission denial
Warning: An update to PhotoCapture inside a test was not wrapped in act(...).

When testing, code that causes React state updates should be wrapped into act(...):

act(() => {
  /* fire events that update state */
});
/* assert on the output */

This ensures that you're testing the behavior the user would see in the browser. Learn more at https://reactjs.org/link/wrap-tests-with-act
    at PhotoCapture (/Users/ghogue/Library/CloudStorage/OneDrive-InsightfulOutcomes,LLC/IS-LTD/APPS/CaliberVault/src/components/inventory/PhotoCapture.tsx:5:25)

 ❯ src/components/__tests__/PhotoCapture.test.tsx (4 tests | 3 failed) 28ms
   × PhotoCapture Component > renders photo capture button 22ms
     → Found multiple elements with the text: /capture/i

Here are the matching elements:

Ignored nodes: comments, script, style
[36m<h2[39m
  [33mclass[39m=[32m"text-white text-lg font-bold"[39m
[36m>[39m
  [0m📸 Capture Photo [v2.0 UPDATED][0m
[36m</h2>[39m

Ignored nodes: comments, script, style
[36m<button[39m
  [33mclass[39m=[32m"flex-1 bg-yellow-600 disabled:bg-slate-700 text-white py-2 rounded font-semibold"[39m
  [33mdisabled[39m=[32m""[39m
[36m>[39m
  [0m📷 Capture[0m
[36m</button>[39m

(If this is intentional, then use the `*AllBy*` variant of the query (like `queryAllByText`, `getAllByText`, or `findAllByText`)).

Ignored nodes: comments, script, style
[36m<body>[39m
  [36m<div>[39m
    [36m<div[39m
      [33mclass[39m=[32m"fixed inset-0 bg-black z-50 flex flex-col"[39m
    [36m>[39m
      [36m<div[39m
        [33mclass[39m=[32m"flex justify-between items-center p-3 bg-slate-900 border-b-2 border-green-500"[39m
      [36m>[39m
        [36m<h2[39m
          [33mclass[39m=[32m"text-white text-lg font-bold"[39m
        [36m>[39m
          [0m📸 Capture Photo [v2.0 UPDATED][0m
        [36m</h2>[39m
        [36m<button[39m
          [33mclass[39m=[32m"text-white text-2xl font-bold hover:text-red-500"[39m
        [36m>[39m
          [0m×[0m
        [36m</button>[39m
      [36m</div>[39m
      [36m<div[39m
        [33mclass[39m=[32m"flex-1 relative flex items-center justify-center bg-black"[39m
      [36m>[39m
        [36m<video[39m
          [33mautoplay[39m=[32m""[39m
          [33mclass[39m=[32m"max-w-full max-h-full object-contain"[39m
          [33mplaysinline[39m=[32m""[39m
        [36m/>[39m
        [36m<canvas[39m
          [33mclass[39m=[32m"hidden"[39m
        [36m/>[39m
      [36m</div>[39m
      [36m<div[39m
        [33mclass[39m=[32m"p-3 bg-slate-900 flex gap-2"[39m
      [36m>[39m
        [36m<button[39m
          [33mclass[39m=[32m"flex-1 bg-yellow-600 disabled:bg-slate-700 text-white py-2 rounded font-semibold"[39m
          [33mdisabled[39m=[32m""[39m
        [36m>[39m
          [0m📷 Capture[0m
        [36m</button>[39m
      [36m</div>[39m
    [36m</div>[39m
  [36m</div>[39m
[36m</body>[39m
   × PhotoCapture Component > requests camera permissions 3ms
     → Found multiple elements with the text: /capture/i

Here are the matching elements:

Ignored nodes: comments, script, style
[36m<h2[39m
  [33mclass[39m=[32m"text-white text-lg font-bold"[39m
[36m>[39m
  [0m📸 Capture Photo [v2.0 UPDATED][0m
[36m</h2>[39m

Ignored nodes: comments, script, style
[36m<button[39m
  [33mclass[39m=[32m"flex-1 bg-yellow-600 disabled:bg-slate-700 text-white py-2 rounded font-semibold"[39m
  [33mdisabled[39m=[32m""[39m
[36m>[39m
  [0m📷 Capture[0m
[36m</button>[39m

(If this is intentional, then use the `*AllBy*` variant of the query (like `queryAllByText`, `getAllByText`, or `findAllByText`)).

Ignored nodes: comments, script, style
[36m<body>[39m
  [36m<div>[39m
    [36m<div[39m
      [33mclass[39m=[32m"fixed inset-0 bg-black z-50 flex flex-col"[39m
    [36m>[39m
      [36m<div[39m
        [33mclass[39m=[32m"flex justify-between items-center p-3 bg-slate-900 border-b-2 border-green-500"[39m
      [36m>[39m
        [36m<h2[39m
          [33mclass[39m=[32m"text-white text-lg font-bold"[39m
        [36m>[39m
          [0m📸 Capture Photo [v2.0 UPDATED][0m
        [36m</h2>[39m
        [36m<button[39m
          [33mclass[39m=[32m"text-white text-2xl font-bold hover:text-red-500"[39m
        [36m>[39m
          [0m×[0m
        [36m</button>[39m
      [36m</div>[39m
      [36m<div[39m
        [33mclass[39m=[32m"flex-1 relative flex items-center justify-center bg-black"[39m
      [36m>[39m
        [36m<video[39m
          [33mautoplay[39m=[32m""[39m
          [33mclass[39m=[32m"max-w-full max-h-full object-contain"[39m
          [33mplaysinline[39m=[32m""[39m
        [36m/>[39m
        [36m<canvas[39m
          [33mclass[39m=[32m"hidden"[39m
        [36m/>[39m
      [36m</div>[39m
      [36m<div[39m
        [33mclass[39m=[32m"p-3 bg-slate-900 flex gap-2"[39m
      [36m>[39m
        [36m<button[39m
          [33mclass[39m=[32m"flex-1 bg-yellow-600 disabled:bg-slate-700 text-white py-2 rounded font-semibold"[39m
          [33mdisabled[39m=[32m""[39m
        [36m>[39m
          [0m📷 Capture[0m
        [36m</button>[39m
      [36m</div>[39m
    [36m</div>[39m
  [36m</div>[39m
[36m</body>[39m
   × PhotoCapture Component > handles camera permission denial 2ms
     → Found multiple elements with the text: /capture/i

Here are the matching elements:

Ignored nodes: comments, script, style
[36m<h2[39m
  [33mclass[39m=[32m"text-white text-lg font-bold"[39m
[36m>[39m
  [0m📸 Capture Photo [v2.0 UPDATED][0m
[36m</h2>[39m

Ignored nodes: comments, script, style
[36m<button[39m
  [33mclass[39m=[32m"flex-1 bg-yellow-600 disabled:bg-slate-700 text-white py-2 rounded font-semibold"[39m
  [33mdisabled[39m=[32m""[39m
[36m>[39m
  [0m📷 Capture[0m
[36m</button>[39m

(If this is intentional, then use the `*AllBy*` variant of the query (like `queryAllByText`, `getAllByText`, or `findAllByText`)).

Ignored nodes: comments, script, style
[36m<body>[39m
  [36m<div>[39m
    [36m<div[39m
      [33mclass[39m=[32m"fixed inset-0 bg-black z-50 flex flex-col"[39m
    [36m>[39m
      [36m<div[39m
        [33mclass[39m=[32m"flex justify-between items-center p-3 bg-slate-900 border-b-2 border-green-500"[39m
      [36m>[39m
        [36m<h2[39m
          [33mclass[39m=[32m"text-white text-lg font-bold"[39m
        [36m>[39m
          [0m📸 Capture Photo [v2.0 UPDATED][0m
        [36m</h2>[39m
        [36m<button[39m
          [33mclass[39m=[32m"text-white text-2xl font-bold hover:text-red-500"[39m
        [36m>[39m
          [0m×[0m
        [36m</button>[39m
      [36m</div>[39m
      [36m<div[39m
        [33mclass[39m=[32m"flex-1 relative flex items-center justify-center bg-black"[39m
      [36m>[39m
        [36m<video[39m
          [33mautoplay[39m=[32m""[39m
          [33mclass[39m=[32m"max-w-full max-h-full object-contain"[39m
          [33mplaysinline[39m=[32m""[39m
        [36m/>[39m
        [36m<canvas[39m
          [33mclass[39m=[32m"hidden"[39m
        [36m/>[39m
      [36m</div>[39m
      [36m<div[39m
        [33mclass[39m=[32m"p-3 bg-slate-900 flex gap-2"[39m
      [36m>[39m
        [36m<button[39m
          [33mclass[39m=[32m"flex-1 bg-yellow-600 disabled:bg-slate-700 text-white py-2 rounded font-semibold"[39m
          [33mdisabled[39m=[32m""[39m
        [36m>[39m
          [0m📷 Capture[0m
        [36m</button>[39m
      [36m</div>[39m
    [36m</div>[39m
  [36m</div>[39m
[36m</body>[39m
stderr | src/components/__tests__/AddItemModal.enhanced.test.tsx > AddItemModal - Enhanced Tests > renders modal when open
Error: Uncaught [Error: useNavigate() may be used only in the context of a <Router> component.]
    at reportException (/Users/ghogue/Library/CloudStorage/OneDrive-InsightfulOutcomes,LLC/IS-LTD/APPS/CaliberVault/node_modules/jsdom/lib/jsdom/living/helpers/runtime-script-errors.js:66:24)
    at innerInvokeEventListeners (/Users/ghogue/Library/CloudStorage/OneDrive-InsightfulOutcomes,LLC/IS-LTD/APPS/CaliberVault/node_modules/jsdom/lib/jsdom/living/events/EventTarget-impl.js:353:9)
    at invokeEventListeners (/Users/ghogue/Library/CloudStorage/OneDrive-InsightfulOutcomes,LLC/IS-LTD/APPS/CaliberVault/node_modules/jsdom/lib/jsdom/living/events/EventTarget-impl.js:286:3)
    at HTMLUnknownElementImpl._dispatch (/Users/ghogue/Library/CloudStorage/OneDrive-InsightfulOutcomes,LLC/IS-LTD/APPS/CaliberVault/node_modules/jsdom/lib/jsdom/living/events/EventTarget-impl.js:233:9)
    at HTMLUnknownElementImpl.dispatchEvent (/Users/ghogue/Library/CloudStorage/OneDrive-InsightfulOutcomes,LLC/IS-LTD/APPS/CaliberVault/node_modules/jsdom/lib/jsdom/living/events/EventTarget-impl.js:104:17)
    at HTMLUnknownElement.dispatchEvent (/Users/ghogue/Library/CloudStorage/OneDrive-InsightfulOutcomes,LLC/IS-LTD/APPS/CaliberVault/node_modules/jsdom/lib/jsdom/living/generated/EventTarget.js:241:34)
    at Object.invokeGuardedCallbackDev (/Users/ghogue/Library/CloudStorage/OneDrive-InsightfulOutcomes,LLC/IS-LTD/APPS/CaliberVault/node_modules/react-dom/cjs/react-dom.development.js:4213:16)
    at invokeGuardedCallback (/Users/ghogue/Library/CloudStorage/OneDrive-InsightfulOutcomes,LLC/IS-LTD/APPS/CaliberVault/node_modules/react-dom/cjs/react-dom.development.js:4277:31)
    at beginWork$1 (/Users/ghogue/Library/CloudStorage/OneDrive-InsightfulOutcomes,LLC/IS-LTD/APPS/CaliberVault/node_modules/react-dom/cjs/react-dom.development.js:27490:7)
    at performUnitOfWork (/Users/ghogue/Library/CloudStorage/OneDrive-InsightfulOutcomes,LLC/IS-LTD/APPS/CaliberVault/node_modules/react-dom/cjs/react-dom.development.js:26599:12) Error: useNavigate() may be used only in the context of a <Router> component.
    at Object.invariant [as UNSAFE_invariant] (/Users/ghogue/Library/CloudStorage/OneDrive-InsightfulOutcomes,LLC/IS-LTD/APPS/CaliberVault/node_modules/@remix-run/router/history.ts:494:11)
    at useNavigateUnstable (/Users/ghogue/Library/CloudStorage/OneDrive-InsightfulOutcomes,LLC/IS-LTD/APPS/CaliberVault/node_modules/react-router/lib/hooks.tsx:189:3)
    at Proxy.useNavigate (/Users/ghogue/Library/CloudStorage/OneDrive-InsightfulOutcomes,LLC/IS-LTD/APPS/CaliberVault/node_modules/react-router/lib/hooks.tsx:185:46)
    at AddItemModal (/Users/ghogue/Library/CloudStorage/OneDrive-InsightfulOutcomes,LLC/IS-LTD/APPS/CaliberVault/src/components/inventory/AddItemModal.tsx:24:20)
    at renderWithHooks (/Users/ghogue/Library/CloudStorage/OneDrive-InsightfulOutcomes,LLC/IS-LTD/APPS/CaliberVault/node_modules/react-dom/cjs/react-dom.development.js:15486:18)
    at mountIndeterminateComponent (/Users/ghogue/Library/CloudStorage/OneDrive-InsightfulOutcomes,LLC/IS-LTD/APPS/CaliberVault/node_modules/react-dom/cjs/react-dom.development.js:20103:13)
    at beginWork (/Users/ghogue/Library/CloudStorage/OneDrive-InsightfulOutcomes,LLC/IS-LTD/APPS/CaliberVault/node_modules/react-dom/cjs/react-dom.development.js:21626:16)
    at HTMLUnknownElement.callCallback (/Users/ghogue/Library/CloudStorage/OneDrive-InsightfulOutcomes,LLC/IS-LTD/APPS/CaliberVault/node_modules/react-dom/cjs/react-dom.development.js:4164:14)
    at HTMLUnknownElement.callTheUserObjectsOperation (/Users/ghogue/Library/CloudStorage/OneDrive-InsightfulOutcomes,LLC/IS-LTD/APPS/CaliberVault/node_modules/jsdom/lib/jsdom/living/generated/EventListener.js:26:30)
    at innerInvokeEventListeners (/Users/ghogue/Library/CloudStorage/OneDrive-InsightfulOutcomes,LLC/IS-LTD/APPS/CaliberVault/node_modules/jsdom/lib/jsdom/living/events/EventTarget-impl.js:350:25)
Error: Uncaught [Error: useNavigate() may be used only in the context of a <Router> component.]
    at reportException (/Users/ghogue/Library/CloudStorage/OneDrive-InsightfulOutcomes,LLC/IS-LTD/APPS/CaliberVault/node_modules/jsdom/lib/jsdom/living/helpers/runtime-script-errors.js:66:24)
    at innerInvokeEventListeners (/Users/ghogue/Library/CloudStorage/OneDrive-InsightfulOutcomes,LLC/IS-LTD/APPS/CaliberVault/node_modules/jsdom/lib/jsdom/living/events/EventTarget-impl.js:353:9)
    at invokeEventListeners (/Users/ghogue/Library/CloudStorage/OneDrive-InsightfulOutcomes,LLC/IS-LTD/APPS/CaliberVault/node_modules/jsdom/lib/jsdom/living/events/EventTarget-impl.js:286:3)
    at HTMLUnknownElementImpl._dispatch (/Users/ghogue/Library/CloudStorage/OneDrive-InsightfulOutcomes,LLC/IS-LTD/APPS/CaliberVault/node_modules/jsdom/lib/jsdom/living/events/EventTarget-impl.js:233:9)
    at HTMLUnknownElementImpl.dispatchEvent (/Users/ghogue/Library/CloudStorage/OneDrive-InsightfulOutcomes,LLC/IS-LTD/APPS/CaliberVault/node_modules/jsdom/lib/jsdom/living/events/EventTarget-impl.js:104:17)
    at HTMLUnknownElement.dispatchEvent (/Users/ghogue/Library/CloudStorage/OneDrive-InsightfulOutcomes,LLC/IS-LTD/APPS/CaliberVault/node_modules/jsdom/lib/jsdom/living/generated/EventTarget.js:241:34)
    at Object.invokeGuardedCallbackDev (/Users/ghogue/Library/CloudStorage/OneDrive-InsightfulOutcomes,LLC/IS-LTD/APPS/CaliberVault/node_modules/react-dom/cjs/react-dom.development.js:4213:16)
    at invokeGuardedCallback (/Users/ghogue/Library/CloudStorage/OneDrive-InsightfulOutcomes,LLC/IS-LTD/APPS/CaliberVault/node_modules/react-dom/cjs/react-dom.development.js:4277:31)
    at beginWork$1 (/Users/ghogue/Library/CloudStorage/OneDrive-InsightfulOutcomes,LLC/IS-LTD/APPS/CaliberVault/node_modules/react-dom/cjs/react-dom.development.js:27490:7)
    at performUnitOfWork (/Users/ghogue/Library/CloudStorage/OneDrive-InsightfulOutcomes,LLC/IS-LTD/APPS/CaliberVault/node_modules/react-dom/cjs/react-dom.development.js:26599:12) Error: useNavigate() may be used only in the context of a <Router> component.
    at Object.invariant [as UNSAFE_invariant] (/Users/ghogue/Library/CloudStorage/OneDrive-InsightfulOutcomes,LLC/IS-LTD/APPS/CaliberVault/node_modules/@remix-run/router/history.ts:494:11)
    at useNavigateUnstable (/Users/ghogue/Library/CloudStorage/OneDrive-InsightfulOutcomes,LLC/IS-LTD/APPS/CaliberVault/node_modules/react-router/lib/hooks.tsx:189:3)
    at Proxy.useNavigate (/Users/ghogue/Library/CloudStorage/OneDrive-InsightfulOutcomes,LLC/IS-LTD/APPS/CaliberVault/node_modules/react-router/lib/hooks.tsx:185:46)
    at AddItemModal (/Users/ghogue/Library/CloudStorage/OneDrive-InsightfulOutcomes,LLC/IS-LTD/APPS/CaliberVault/src/components/inventory/AddItemModal.tsx:24:20)
    at renderWithHooks (/Users/ghogue/Library/CloudStorage/OneDrive-InsightfulOutcomes,LLC/IS-LTD/APPS/CaliberVault/node_modules/react-dom/cjs/react-dom.development.js:15486:18)
    at mountIndeterminateComponent (/Users/ghogue/Library/CloudStorage/OneDrive-InsightfulOutcomes,LLC/IS-LTD/APPS/CaliberVault/node_modules/react-dom/cjs/react-dom.development.js:20103:13)
    at beginWork (/Users/ghogue/Library/CloudStorage/OneDrive-InsightfulOutcomes,LLC/IS-LTD/APPS/CaliberVault/node_modules/react-dom/cjs/react-dom.development.js:21626:16)
    at HTMLUnknownElement.callCallback (/Users/ghogue/Library/CloudStorage/OneDrive-InsightfulOutcomes,LLC/IS-LTD/APPS/CaliberVault/node_modules/react-dom/cjs/react-dom.development.js:4164:14)
    at HTMLUnknownElement.callTheUserObjectsOperation (/Users/ghogue/Library/CloudStorage/OneDrive-InsightfulOutcomes,LLC/IS-LTD/APPS/CaliberVault/node_modules/jsdom/lib/jsdom/living/generated/EventListener.js:26:30)
    at innerInvokeEventListeners (/Users/ghogue/Library/CloudStorage/OneDrive-InsightfulOutcomes,LLC/IS-LTD/APPS/CaliberVault/node_modules/jsdom/lib/jsdom/living/events/EventTarget-impl.js:350:25)
The above error occurred in the <AddItemModal> component:

    at AddItemModal (/Users/ghogue/Library/CloudStorage/OneDrive-InsightfulOutcomes,LLC/IS-LTD/APPS/CaliberVault/src/components/inventory/AddItemModal.tsx:23:25)
    at QueryClientProvider (file:///Users/ghogue/Library/CloudStorage/OneDrive-InsightfulOutcomes,LLC/IS-LTD/APPS/CaliberVault/node_modules/@tanstack/react-query/build/modern/QueryClientProvider.js:20:3)
    at wrapper (/Users/ghogue/Library/CloudStorage/OneDrive-InsightfulOutcomes,LLC/IS-LTD/APPS/CaliberVault/src/components/__tests__/AddItemModal.enhanced.test.tsx:14:20)

Consider adding an error boundary to your tree to customize error handling behavior.
Visit https://reactjs.org/link/error-boundaries to learn more about error boundaries.

stderr | src/components/__tests__/AddItemModal.enhanced.test.tsx > AddItemModal - Enhanced Tests > validates required fields
Error: Uncaught [Error: useNavigate() may be used only in the context of a <Router> component.]
    at reportException (/Users/ghogue/Library/CloudStorage/OneDrive-InsightfulOutcomes,LLC/IS-LTD/APPS/CaliberVault/node_modules/jsdom/lib/jsdom/living/helpers/runtime-script-errors.js:66:24)
    at innerInvokeEventListeners (/Users/ghogue/Library/CloudStorage/OneDrive-InsightfulOutcomes,LLC/IS-LTD/APPS/CaliberVault/node_modules/jsdom/lib/jsdom/living/events/EventTarget-impl.js:353:9)
    at invokeEventListeners (/Users/ghogue/Library/CloudStorage/OneDrive-InsightfulOutcomes,LLC/IS-LTD/APPS/CaliberVault/node_modules/jsdom/lib/jsdom/living/events/EventTarget-impl.js:286:3)
    at HTMLUnknownElementImpl._dispatch (/Users/ghogue/Library/CloudStorage/OneDrive-InsightfulOutcomes,LLC/IS-LTD/APPS/CaliberVault/node_modules/jsdom/lib/jsdom/living/events/EventTarget-impl.js:233:9)
    at HTMLUnknownElementImpl.dispatchEvent (/Users/ghogue/Library/CloudStorage/OneDrive-InsightfulOutcomes,LLC/IS-LTD/APPS/CaliberVault/node_modules/jsdom/lib/jsdom/living/events/EventTarget-impl.js:104:17)
    at HTMLUnknownElement.dispatchEvent (/Users/ghogue/Library/CloudStorage/OneDrive-InsightfulOutcomes,LLC/IS-LTD/APPS/CaliberVault/node_modules/jsdom/lib/jsdom/living/generated/EventTarget.js:241:34)
    at Object.invokeGuardedCallbackDev (/Users/ghogue/Library/CloudStorage/OneDrive-InsightfulOutcomes,LLC/IS-LTD/APPS/CaliberVault/node_modules/react-dom/cjs/react-dom.development.js:4213:16)
    at invokeGuardedCallback (/Users/ghogue/Library/CloudStorage/OneDrive-InsightfulOutcomes,LLC/IS-LTD/APPS/CaliberVault/node_modules/react-dom/cjs/react-dom.development.js:4277:31)
    at beginWork$1 (/Users/ghogue/Library/CloudStorage/OneDrive-InsightfulOutcomes,LLC/IS-LTD/APPS/CaliberVault/node_modules/react-dom/cjs/react-dom.development.js:27490:7)
    at performUnitOfWork (/Users/ghogue/Library/CloudStorage/OneDrive-InsightfulOutcomes,LLC/IS-LTD/APPS/CaliberVault/node_modules/react-dom/cjs/react-dom.development.js:26599:12) Error: useNavigate() may be used only in the context of a <Router> component.
    at Object.invariant [as UNSAFE_invariant] (/Users/ghogue/Library/CloudStorage/OneDrive-InsightfulOutcomes,LLC/IS-LTD/APPS/CaliberVault/node_modules/@remix-run/router/history.ts:494:11)
    at useNavigateUnstable (/Users/ghogue/Library/CloudStorage/OneDrive-InsightfulOutcomes,LLC/IS-LTD/APPS/CaliberVault/node_modules/react-router/lib/hooks.tsx:189:3)
    at Proxy.useNavigate (/Users/ghogue/Library/CloudStorage/OneDrive-InsightfulOutcomes,LLC/IS-LTD/APPS/CaliberVault/node_modules/react-router/lib/hooks.tsx:185:46)
    at AddItemModal (/Users/ghogue/Library/CloudStorage/OneDrive-InsightfulOutcomes,LLC/IS-LTD/APPS/CaliberVault/src/components/inventory/AddItemModal.tsx:24:20)
    at renderWithHooks (/Users/ghogue/Library/CloudStorage/OneDrive-InsightfulOutcomes,LLC/IS-LTD/APPS/CaliberVault/node_modules/react-dom/cjs/react-dom.development.js:15486:18)
    at mountIndeterminateComponent (/Users/ghogue/Library/CloudStorage/OneDrive-InsightfulOutcomes,LLC/IS-LTD/APPS/CaliberVault/node_modules/react-dom/cjs/react-dom.development.js:20103:13)
    at beginWork (/Users/ghogue/Library/CloudStorage/OneDrive-InsightfulOutcomes,LLC/IS-LTD/APPS/CaliberVault/node_modules/react-dom/cjs/react-dom.development.js:21626:16)
    at HTMLUnknownElement.callCallback (/Users/ghogue/Library/CloudStorage/OneDrive-InsightfulOutcomes,LLC/IS-LTD/APPS/CaliberVault/node_modules/react-dom/cjs/react-dom.development.js:4164:14)
    at HTMLUnknownElement.callTheUserObjectsOperation (/Users/ghogue/Library/CloudStorage/OneDrive-InsightfulOutcomes,LLC/IS-LTD/APPS/CaliberVault/node_modules/jsdom/lib/jsdom/living/generated/EventListener.js:26:30)
    at innerInvokeEventListeners (/Users/ghogue/Library/CloudStorage/OneDrive-InsightfulOutcomes,LLC/IS-LTD/APPS/CaliberVault/node_modules/jsdom/lib/jsdom/living/events/EventTarget-impl.js:350:25)
Error: Uncaught [Error: useNavigate() may be used only in the context of a <Router> component.]
    at reportException (/Users/ghogue/Library/CloudStorage/OneDrive-InsightfulOutcomes,LLC/IS-LTD/APPS/CaliberVault/node_modules/jsdom/lib/jsdom/living/helpers/runtime-script-errors.js:66:24)
    at innerInvokeEventListeners (/Users/ghogue/Library/CloudStorage/OneDrive-InsightfulOutcomes,LLC/IS-LTD/APPS/CaliberVault/node_modules/jsdom/lib/jsdom/living/events/EventTarget-impl.js:353:9)
    at invokeEventListeners (/Users/ghogue/Library/CloudStorage/OneDrive-InsightfulOutcomes,LLC/IS-LTD/APPS/CaliberVault/node_modules/jsdom/lib/jsdom/living/events/EventTarget-impl.js:286:3)
    at HTMLUnknownElementImpl._dispatch (/Users/ghogue/Library/CloudStorage/OneDrive-InsightfulOutcomes,LLC/IS-LTD/APPS/CaliberVault/node_modules/jsdom/lib/jsdom/living/events/EventTarget-impl.js:233:9)
    at HTMLUnknownElementImpl.dispatchEvent (/Users/ghogue/Library/CloudStorage/OneDrive-InsightfulOutcomes,LLC/IS-LTD/APPS/CaliberVault/node_modules/jsdom/lib/jsdom/living/events/EventTarget-impl.js:104:17)
    at HTMLUnknownElement.dispatchEvent (/Users/ghogue/Library/CloudStorage/OneDrive-InsightfulOutcomes,LLC/IS-LTD/APPS/CaliberVault/node_modules/jsdom/lib/jsdom/living/generated/EventTarget.js:241:34)
    at Object.invokeGuardedCallbackDev (/Users/ghogue/Library/CloudStorage/OneDrive-InsightfulOutcomes,LLC/IS-LTD/APPS/CaliberVault/node_modules/react-dom/cjs/react-dom.development.js:4213:16)
    at invokeGuardedCallback (/Users/ghogue/Library/CloudStorage/OneDrive-InsightfulOutcomes,LLC/IS-LTD/APPS/CaliberVault/node_modules/react-dom/cjs/react-dom.development.js:4277:31)
    at beginWork$1 (/Users/ghogue/Library/CloudStorage/OneDrive-InsightfulOutcomes,LLC/IS-LTD/APPS/CaliberVault/node_modules/react-dom/cjs/react-dom.development.js:27490:7)
    at performUnitOfWork (/Users/ghogue/Library/CloudStorage/OneDrive-InsightfulOutcomes,LLC/IS-LTD/APPS/CaliberVault/node_modules/react-dom/cjs/react-dom.development.js:26599:12) Error: useNavigate() may be used only in the context of a <Router> component.
    at Object.invariant [as UNSAFE_invariant] (/Users/ghogue/Library/CloudStorage/OneDrive-InsightfulOutcomes,LLC/IS-LTD/APPS/CaliberVault/node_modules/@remix-run/router/history.ts:494:11)
    at useNavigateUnstable (/Users/ghogue/Library/CloudStorage/OneDrive-InsightfulOutcomes,LLC/IS-LTD/APPS/CaliberVault/node_modules/react-router/lib/hooks.tsx:189:3)
    at Proxy.useNavigate (/Users/ghogue/Library/CloudStorage/OneDrive-InsightfulOutcomes,LLC/IS-LTD/APPS/CaliberVault/node_modules/react-router/lib/hooks.tsx:185:46)
    at AddItemModal (/Users/ghogue/Library/CloudStorage/OneDrive-InsightfulOutcomes,LLC/IS-LTD/APPS/CaliberVault/src/components/inventory/AddItemModal.tsx:24:20)
    at renderWithHooks (/Users/ghogue/Library/CloudStorage/OneDrive-InsightfulOutcomes,LLC/IS-LTD/APPS/CaliberVault/node_modules/react-dom/cjs/react-dom.development.js:15486:18)
    at mountIndeterminateComponent (/Users/ghogue/Library/CloudStorage/OneDrive-InsightfulOutcomes,LLC/IS-LTD/APPS/CaliberVault/node_modules/react-dom/cjs/react-dom.development.js:20103:13)
    at beginWork (/Users/ghogue/Library/CloudStorage/OneDrive-InsightfulOutcomes,LLC/IS-LTD/APPS/CaliberVault/node_modules/react-dom/cjs/react-dom.development.js:21626:16)
    at HTMLUnknownElement.callCallback (/Users/ghogue/Library/CloudStorage/OneDrive-InsightfulOutcomes,LLC/IS-LTD/APPS/CaliberVault/node_modules/react-dom/cjs/react-dom.development.js:4164:14)
    at HTMLUnknownElement.callTheUserObjectsOperation (/Users/ghogue/Library/CloudStorage/OneDrive-InsightfulOutcomes,LLC/IS-LTD/APPS/CaliberVault/node_modules/jsdom/lib/jsdom/living/generated/EventListener.js:26:30)
    at innerInvokeEventListeners (/Users/ghogue/Library/CloudStorage/OneDrive-InsightfulOutcomes,LLC/IS-LTD/APPS/CaliberVault/node_modules/jsdom/lib/jsdom/living/events/EventTarget-impl.js:350:25)
The above error occurred in the <AddItemModal> component:

    at AddItemModal (/Users/ghogue/Library/CloudStorage/OneDrive-InsightfulOutcomes,LLC/IS-LTD/APPS/CaliberVault/src/components/inventory/AddItemModal.tsx:23:25)
    at QueryClientProvider (file:///Users/ghogue/Library/CloudStorage/OneDrive-InsightfulOutcomes,LLC/IS-LTD/APPS/CaliberVault/node_modules/@tanstack/react-query/build/modern/QueryClientProvider.js:20:3)
    at wrapper (/Users/ghogue/Library/CloudStorage/OneDrive-InsightfulOutcomes,LLC/IS-LTD/APPS/CaliberVault/src/components/__tests__/AddItemModal.enhanced.test.tsx:14:20)

Consider adding an error boundary to your tree to customize error handling behavior.
Visit https://reactjs.org/link/error-boundaries to learn more about error boundaries.

stderr | src/components/__tests__/AddItemModal.enhanced.test.tsx > AddItemModal - Enhanced Tests > submits form with valid data
Error: Uncaught [Error: useNavigate() may be used only in the context of a <Router> component.]
    at reportException (/Users/ghogue/Library/CloudStorage/OneDrive-InsightfulOutcomes,LLC/IS-LTD/APPS/CaliberVault/node_modules/jsdom/lib/jsdom/living/helpers/runtime-script-errors.js:66:24)
    at innerInvokeEventListeners (/Users/ghogue/Library/CloudStorage/OneDrive-InsightfulOutcomes,LLC/IS-LTD/APPS/CaliberVault/node_modules/jsdom/lib/jsdom/living/events/EventTarget-impl.js:353:9)
    at invokeEventListeners (/Users/ghogue/Library/CloudStorage/OneDrive-InsightfulOutcomes,LLC/IS-LTD/APPS/CaliberVault/node_modules/jsdom/lib/jsdom/living/events/EventTarget-impl.js:286:3)
    at HTMLUnknownElementImpl._dispatch (/Users/ghogue/Library/CloudStorage/OneDrive-InsightfulOutcomes,LLC/IS-LTD/APPS/CaliberVault/node_modules/jsdom/lib/jsdom/living/events/EventTarget-impl.js:233:9)
    at HTMLUnknownElementImpl.dispatchEvent (/Users/ghogue/Library/CloudStorage/OneDrive-InsightfulOutcomes,LLC/IS-LTD/APPS/CaliberVault/node_modules/jsdom/lib/jsdom/living/events/EventTarget-impl.js:104:17)
    at HTMLUnknownElement.dispatchEvent (/Users/ghogue/Library/CloudStorage/OneDrive-InsightfulOutcomes,LLC/IS-LTD/APPS/CaliberVault/node_modules/jsdom/lib/jsdom/living/generated/EventTarget.js:241:34)
    at Object.invokeGuardedCallbackDev (/Users/ghogue/Library/CloudStorage/OneDrive-InsightfulOutcomes,LLC/IS-LTD/APPS/CaliberVault/node_modules/react-dom/cjs/react-dom.development.js:4213:16)
    at invokeGuardedCallback (/Users/ghogue/Library/CloudStorage/OneDrive-InsightfulOutcomes,LLC/IS-LTD/APPS/CaliberVault/node_modules/react-dom/cjs/react-dom.development.js:4277:31)
    at beginWork$1 (/Users/ghogue/Library/CloudStorage/OneDrive-InsightfulOutcomes,LLC/IS-LTD/APPS/CaliberVault/node_modules/react-dom/cjs/react-dom.development.js:27490:7)
    at performUnitOfWork (/Users/ghogue/Library/CloudStorage/OneDrive-InsightfulOutcomes,LLC/IS-LTD/APPS/CaliberVault/node_modules/react-dom/cjs/react-dom.development.js:26599:12) Error: useNavigate() may be used only in the context of a <Router> component.
    at Object.invariant [as UNSAFE_invariant] (/Users/ghogue/Library/CloudStorage/OneDrive-InsightfulOutcomes,LLC/IS-LTD/APPS/CaliberVault/node_modules/@remix-run/router/history.ts:494:11)
    at useNavigateUnstable (/Users/ghogue/Library/CloudStorage/OneDrive-InsightfulOutcomes,LLC/IS-LTD/APPS/CaliberVault/node_modules/react-router/lib/hooks.tsx:189:3)
    at Proxy.useNavigate (/Users/ghogue/Library/CloudStorage/OneDrive-InsightfulOutcomes,LLC/IS-LTD/APPS/CaliberVault/node_modules/react-router/lib/hooks.tsx:185:46)
    at AddItemModal (/Users/ghogue/Library/CloudStorage/OneDrive-InsightfulOutcomes,LLC/IS-LTD/APPS/CaliberVault/src/components/inventory/AddItemModal.tsx:24:20)
    at renderWithHooks (/Users/ghogue/Library/CloudStorage/OneDrive-InsightfulOutcomes,LLC/IS-LTD/APPS/CaliberVault/node_modules/react-dom/cjs/react-dom.development.js:15486:18)
    at mountIndeterminateComponent (/Users/ghogue/Library/CloudStorage/OneDrive-InsightfulOutcomes,LLC/IS-LTD/APPS/CaliberVault/node_modules/react-dom/cjs/react-dom.development.js:20103:13)
    at beginWork (/Users/ghogue/Library/CloudStorage/OneDrive-InsightfulOutcomes,LLC/IS-LTD/APPS/CaliberVault/node_modules/react-dom/cjs/react-dom.development.js:21626:16)
    at HTMLUnknownElement.callCallback (/Users/ghogue/Library/CloudStorage/OneDrive-InsightfulOutcomes,LLC/IS-LTD/APPS/CaliberVault/node_modules/react-dom/cjs/react-dom.development.js:4164:14)
    at HTMLUnknownElement.callTheUserObjectsOperation (/Users/ghogue/Library/CloudStorage/OneDrive-InsightfulOutcomes,LLC/IS-LTD/APPS/CaliberVault/node_modules/jsdom/lib/jsdom/living/generated/EventListener.js:26:30)
    at innerInvokeEventListeners (/Users/ghogue/Library/CloudStorage/OneDrive-InsightfulOutcomes,LLC/IS-LTD/APPS/CaliberVault/node_modules/jsdom/lib/jsdom/living/events/EventTarget-impl.js:350:25)
Error: Uncaught [Error: useNavigate() may be used only in the context of a <Router> component.]
    at reportException (/Users/ghogue/Library/CloudStorage/OneDrive-InsightfulOutcomes,LLC/IS-LTD/APPS/CaliberVault/node_modules/jsdom/lib/jsdom/living/helpers/runtime-script-errors.js:66:24)
    at innerInvokeEventListeners (/Users/ghogue/Library/CloudStorage/OneDrive-InsightfulOutcomes,LLC/IS-LTD/APPS/CaliberVault/node_modules/jsdom/lib/jsdom/living/events/EventTarget-impl.js:353:9)
    at invokeEventListeners (/Users/ghogue/Library/CloudStorage/OneDrive-InsightfulOutcomes,LLC/IS-LTD/APPS/CaliberVault/node_modules/jsdom/lib/jsdom/living/events/EventTarget-impl.js:286:3)
    at HTMLUnknownElementImpl._dispatch (/Users/ghogue/Library/CloudStorage/OneDrive-InsightfulOutcomes,LLC/IS-LTD/APPS/CaliberVault/node_modules/jsdom/lib/jsdom/living/events/EventTarget-impl.js:233:9)
    at HTMLUnknownElementImpl.dispatchEvent (/Users/ghogue/Library/CloudStorage/OneDrive-InsightfulOutcomes,LLC/IS-LTD/APPS/CaliberVault/node_modules/jsdom/lib/jsdom/living/events/EventTarget-impl.js:104:17)
    at HTMLUnknownElement.dispatchEvent (/Users/ghogue/Library/CloudStorage/OneDrive-InsightfulOutcomes,LLC/IS-LTD/APPS/CaliberVault/node_modules/jsdom/lib/jsdom/living/generated/EventTarget.js:241:34)
    at Object.invokeGuardedCallbackDev (/Users/ghogue/Library/CloudStorage/OneDrive-InsightfulOutcomes,LLC/IS-LTD/APPS/CaliberVault/node_modules/react-dom/cjs/react-dom.development.js:4213:16)
    at invokeGuardedCallback (/Users/ghogue/Library/CloudStorage/OneDrive-InsightfulOutcomes,LLC/IS-LTD/APPS/CaliberVault/node_modules/react-dom/cjs/react-dom.development.js:4277:31)
    at beginWork$1 (/Users/ghogue/Library/CloudStorage/OneDrive-InsightfulOutcomes,LLC/IS-LTD/APPS/CaliberVault/node_modules/react-dom/cjs/react-dom.development.js:27490:7)
    at performUnitOfWork (/Users/ghogue/Library/CloudStorage/OneDrive-InsightfulOutcomes,LLC/IS-LTD/APPS/CaliberVault/node_modules/react-dom/cjs/react-dom.development.js:26599:12) Error: useNavigate() may be used only in the context of a <Router> component.
    at Object.invariant [as UNSAFE_invariant] (/Users/ghogue/Library/CloudStorage/OneDrive-InsightfulOutcomes,LLC/IS-LTD/APPS/CaliberVault/node_modules/@remix-run/router/history.ts:494:11)
    at useNavigateUnstable (/Users/ghogue/Library/CloudStorage/OneDrive-InsightfulOutcomes,LLC/IS-LTD/APPS/CaliberVault/node_modules/react-router/lib/hooks.tsx:189:3)
    at Proxy.useNavigate (/Users/ghogue/Library/CloudStorage/OneDrive-InsightfulOutcomes,LLC/IS-LTD/APPS/CaliberVault/node_modules/react-router/lib/hooks.tsx:185:46)
    at AddItemModal (/Users/ghogue/Library/CloudStorage/OneDrive-InsightfulOutcomes,LLC/IS-LTD/APPS/CaliberVault/src/components/inventory/AddItemModal.tsx:24:20)
    at renderWithHooks (/Users/ghogue/Library/CloudStorage/OneDrive-InsightfulOutcomes,LLC/IS-LTD/APPS/CaliberVault/node_modules/react-dom/cjs/react-dom.development.js:15486:18)
    at mountIndeterminateComponent (/Users/ghogue/Library/CloudStorage/OneDrive-InsightfulOutcomes,LLC/IS-LTD/APPS/CaliberVault/node_modules/react-dom/cjs/react-dom.development.js:20103:13)
    at beginWork (/Users/ghogue/Library/CloudStorage/OneDrive-InsightfulOutcomes,LLC/IS-LTD/APPS/CaliberVault/node_modules/react-dom/cjs/react-dom.development.js:21626:16)
    at HTMLUnknownElement.callCallback (/Users/ghogue/Library/CloudStorage/OneDrive-InsightfulOutcomes,LLC/IS-LTD/APPS/CaliberVault/node_modules/react-dom/cjs/react-dom.development.js:4164:14)
    at HTMLUnknownElement.callTheUserObjectsOperation (/Users/ghogue/Library/CloudStorage/OneDrive-InsightfulOutcomes,LLC/IS-LTD/APPS/CaliberVault/node_modules/jsdom/lib/jsdom/living/generated/EventListener.js:26:30)
    at innerInvokeEventListeners (/Users/ghogue/Library/CloudStorage/OneDrive-InsightfulOutcomes,LLC/IS-LTD/APPS/CaliberVault/node_modules/jsdom/lib/jsdom/living/events/EventTarget-impl.js:350:25)
The above error occurred in the <AddItemModal> component:

    at AddItemModal (/Users/ghogue/Library/CloudStorage/OneDrive-InsightfulOutcomes,LLC/IS-LTD/APPS/CaliberVault/src/components/inventory/AddItemModal.tsx:23:25)
    at QueryClientProvider (file:///Users/ghogue/Library/CloudStorage/OneDrive-InsightfulOutcomes,LLC/IS-LTD/APPS/CaliberVault/node_modules/@tanstack/react-query/build/modern/QueryClientProvider.js:20:3)
    at wrapper (/Users/ghogue/Library/CloudStorage/OneDrive-InsightfulOutcomes,LLC/IS-LTD/APPS/CaliberVault/src/components/__tests__/AddItemModal.enhanced.test.tsx:14:20)

Consider adding an error boundary to your tree to customize error handling behavior.
Visit https://reactjs.org/link/error-boundaries to learn more about error boundaries.

 ❯ src/components/__tests__/AddItemModal.enhanced.test.tsx (3 tests | 3 failed) 30ms
   × AddItemModal - Enhanced Tests > renders modal when open 23ms
     → useNavigate() may be used only in the context of a <Router> component.
   × AddItemModal - Enhanced Tests > validates required fields 1ms
     → useNavigate() may be used only in the context of a <Router> component.
   × AddItemModal - Enhanced Tests > submits form with valid data 5ms
     → useNavigate() may be used only in the context of a <Router> component.
 ❯ src/test/e2e/comprehensive.spec.ts (0 test)
stdout | src/services/__tests__/barcode.service.comprehensive.test.ts > BarcodeService - Comprehensive Tests > Offline Mode > handles offline barcode lookup gracefully
[BarcodeService] Looking up barcode: 012345678905

 ❯ src/services/__tests__/barcode.service.comprehensive.test.ts (5 tests | 5 failed) 5ms
   × BarcodeService - Comprehensive Tests > Barcode Validation > validates UPC-A format (12 digits) 3ms
     → service.isValidUPC is not a function
   × BarcodeService - Comprehensive Tests > Barcode Validation > rejects invalid UPC formats 0ms
     → service.isValidUPC is not a function
   × BarcodeService - Comprehensive Tests > Barcode Validation > validates EAN-13 format 0ms
     → service.isValidEAN is not a function
   × BarcodeService - Comprehensive Tests > Barcode Validation > detects barcode types correctly 0ms
     → service.detectBarcodeType is not a function
   × BarcodeService - Comprehensive Tests > Offline Mode > handles offline barcode lookup gracefully 1ms
     → Cannot set properties of undefined (setting 'onerror')
 ❯ src/test/e2e/comprehensive-user-flows.spec.ts (0 test)
 ❯ src/utils/__tests__/barcodeUtils.test.ts (10 tests | 10 failed) 7ms
   × Barcode Utilities Tests > UPC Validation > validates correct UPC-A 3ms
     → validateUPC is not a function
   × Barcode Utilities Tests > UPC Validation > rejects invalid UPC length 0ms
     → validateUPC is not a function
   × Barcode Utilities Tests > UPC Validation > rejects non-numeric UPC 0ms
     → validateUPC is not a function
   × Barcode Utilities Tests > UPC Validation > validates UPC check digit 0ms
     → validateUPC is not a function
   × Barcode Utilities Tests > EAN Validation > validates correct EAN-13 0ms
     → validateEAN is not a function
   × Barcode Utilities Tests > EAN Validation > rejects invalid EAN length 0ms
     → validateEAN is not a function
   × Barcode Utilities Tests > Check Digit Calculation > calculates UPC check digit 0ms
     → calculateCheckDigit is not a function
   × Barcode Utilities Tests > Check Digit Calculation > calculates EAN check digit 0ms
     → calculateCheckDigit is not a function
   × Barcode Utilities Tests > Barcode Formatting > formats UPC with spaces 2ms
     → expected '0-12345-67890-5' to be '0 12345 67890 5' // Object.is equality
   × Barcode Utilities Tests > Barcode Formatting > formats EAN with dashes 0ms
     → expected '590-1-23412-3457' to be '590-1234-12345-7' // Object.is equality
stderr | src/components/__tests__/FilterPanel.test.tsx > FilterPanel Component > renders all filter options
Error: Uncaught [ReferenceError: ResizeObserver is not defined]
    at reportException (/Users/ghogue/Library/CloudStorage/OneDrive-InsightfulOutcomes,LLC/IS-LTD/APPS/CaliberVault/node_modules/jsdom/lib/jsdom/living/helpers/runtime-script-errors.js:66:24)
    at innerInvokeEventListeners (/Users/ghogue/Library/CloudStorage/OneDrive-InsightfulOutcomes,LLC/IS-LTD/APPS/CaliberVault/node_modules/jsdom/lib/jsdom/living/events/EventTarget-impl.js:353:9)
    at invokeEventListeners (/Users/ghogue/Library/CloudStorage/OneDrive-InsightfulOutcomes,LLC/IS-LTD/APPS/CaliberVault/node_modules/jsdom/lib/jsdom/living/events/EventTarget-impl.js:286:3)
    at HTMLUnknownElementImpl._dispatch (/Users/ghogue/Library/CloudStorage/OneDrive-InsightfulOutcomes,LLC/IS-LTD/APPS/CaliberVault/node_modules/jsdom/lib/jsdom/living/events/EventTarget-impl.js:233:9)
    at HTMLUnknownElementImpl.dispatchEvent (/Users/ghogue/Library/CloudStorage/OneDrive-InsightfulOutcomes,LLC/IS-LTD/APPS/CaliberVault/node_modules/jsdom/lib/jsdom/living/events/EventTarget-impl.js:104:17)
    at HTMLUnknownElement.dispatchEvent (/Users/ghogue/Library/CloudStorage/OneDrive-InsightfulOutcomes,LLC/IS-LTD/APPS/CaliberVault/node_modules/jsdom/lib/jsdom/living/generated/EventTarget.js:241:34)
    at Object.invokeGuardedCallbackDev (/Users/ghogue/Library/CloudStorage/OneDrive-InsightfulOutcomes,LLC/IS-LTD/APPS/CaliberVault/node_modules/react-dom/cjs/react-dom.development.js:4213:16)
    at invokeGuardedCallback (/Users/ghogue/Library/CloudStorage/OneDrive-InsightfulOutcomes,LLC/IS-LTD/APPS/CaliberVault/node_modules/react-dom/cjs/react-dom.development.js:4277:31)
    at reportUncaughtErrorInDEV (/Users/ghogue/Library/CloudStorage/OneDrive-InsightfulOutcomes,LLC/IS-LTD/APPS/CaliberVault/node_modules/react-dom/cjs/react-dom.development.js:22877:5)
    at captureCommitPhaseError (/Users/ghogue/Library/CloudStorage/OneDrive-InsightfulOutcomes,LLC/IS-LTD/APPS/CaliberVault/node_modules/react-dom/cjs/react-dom.development.js:27165:5) ReferenceError: ResizeObserver is not defined
    at file:///Users/ghogue/Library/CloudStorage/OneDrive-InsightfulOutcomes,LLC/IS-LTD/APPS/CaliberVault/node_modules/@radix-ui/react-use-size/src/use-size.tsx:14:30
    at commitHookEffectListMount (/Users/ghogue/Library/CloudStorage/OneDrive-InsightfulOutcomes,LLC/IS-LTD/APPS/CaliberVault/node_modules/react-dom/cjs/react-dom.development.js:23189:26)
    at commitLayoutEffectOnFiber (/Users/ghogue/Library/CloudStorage/OneDrive-InsightfulOutcomes,LLC/IS-LTD/APPS/CaliberVault/node_modules/react-dom/cjs/react-dom.development.js:23312:15)
    at commitLayoutMountEffects_complete (/Users/ghogue/Library/CloudStorage/OneDrive-InsightfulOutcomes,LLC/IS-LTD/APPS/CaliberVault/node_modules/react-dom/cjs/react-dom.development.js:24727:9)
    at commitLayoutEffects_begin (/Users/ghogue/Library/CloudStorage/OneDrive-InsightfulOutcomes,LLC/IS-LTD/APPS/CaliberVault/node_modules/react-dom/cjs/react-dom.development.js:24713:7)
    at commitLayoutEffects (/Users/ghogue/Library/CloudStorage/OneDrive-InsightfulOutcomes,LLC/IS-LTD/APPS/CaliberVault/node_modules/react-dom/cjs/react-dom.development.js:24651:3)
    at commitRootImpl (/Users/ghogue/Library/CloudStorage/OneDrive-InsightfulOutcomes,LLC/IS-LTD/APPS/CaliberVault/node_modules/react-dom/cjs/react-dom.development.js:26862:5)
    at commitRoot (/Users/ghogue/Library/CloudStorage/OneDrive-InsightfulOutcomes,LLC/IS-LTD/APPS/CaliberVault/node_modules/react-dom/cjs/react-dom.development.js:26721:5)
    at performSyncWorkOnRoot (/Users/ghogue/Library/CloudStorage/OneDrive-InsightfulOutcomes,LLC/IS-LTD/APPS/CaliberVault/node_modules/react-dom/cjs/react-dom.development.js:26156:3)
    at flushSyncCallbacks (/Users/ghogue/Library/CloudStorage/OneDrive-InsightfulOutcomes,LLC/IS-LTD/APPS/CaliberVault/node_modules/react-dom/cjs/react-dom.development.js:12042:22)
The above error occurred in the <ForwardRef> component:

    at file:///Users/ghogue/Library/CloudStorage/OneDrive-InsightfulOutcomes,LLC/IS-LTD/APPS/CaliberVault/node_modules/@radix-ui/react-slider/dist/index.mjs:400:13
    at file:///Users/ghogue/Library/CloudStorage/OneDrive-InsightfulOutcomes,LLC/IS-LTD/APPS/CaliberVault/node_modules/@radix-ui/react-slider/dist/index.mjs:388:42
    at span
    at file:///Users/ghogue/Library/CloudStorage/OneDrive-InsightfulOutcomes,LLC/IS-LTD/APPS/CaliberVault/node_modules/@radix-ui/react-primitive/dist/index.mjs:28:13
    at file:///Users/ghogue/Library/CloudStorage/OneDrive-InsightfulOutcomes,LLC/IS-LTD/APPS/CaliberVault/node_modules/@radix-ui/react-slider/dist/index.mjs:285:7
    at Provider (file:///Users/ghogue/Library/CloudStorage/OneDrive-InsightfulOutcomes,LLC/IS-LTD/APPS/CaliberVault/node_modules/@radix-ui/react-context/dist/index.mjs:27:15)
    at file:///Users/ghogue/Library/CloudStorage/OneDrive-InsightfulOutcomes,LLC/IS-LTD/APPS/CaliberVault/node_modules/@radix-ui/react-slider/dist/index.mjs:151:7
    at file:///Users/ghogue/Library/CloudStorage/OneDrive-InsightfulOutcomes,LLC/IS-LTD/APPS/CaliberVault/node_modules/@radix-ui/react-slot/dist/index.mjs:33:13
    at file:///Users/ghogue/Library/CloudStorage/OneDrive-InsightfulOutcomes,LLC/IS-LTD/APPS/CaliberVault/node_modules/@radix-ui/react-slot/dist/index.mjs:9:13
    at file:///Users/ghogue/Library/CloudStorage/OneDrive-InsightfulOutcomes,LLC/IS-LTD/APPS/CaliberVault/node_modules/@radix-ui/react-collection/dist/index.mjs:27:15
    at Provider (file:///Users/ghogue/Library/CloudStorage/OneDrive-InsightfulOutcomes,LLC/IS-LTD/APPS/CaliberVault/node_modules/@radix-ui/react-context/dist/index.mjs:27:15)
    at CollectionProvider (file:///Users/ghogue/Library/CloudStorage/OneDrive-InsightfulOutcomes,LLC/IS-LTD/APPS/CaliberVault/node_modules/@radix-ui/react-collection/dist/index.mjs:17:13)
    at Provider (file:///Users/ghogue/Library/CloudStorage/OneDrive-InsightfulOutcomes,LLC/IS-LTD/APPS/CaliberVault/node_modules/@radix-ui/react-context/dist/index.mjs:27:15)
    at file:///Users/ghogue/Library/CloudStorage/OneDrive-InsightfulOutcomes,LLC/IS-LTD/APPS/CaliberVault/node_modules/@radix-ui/react-slider/dist/index.mjs:33:7
    at /Users/ghogue/Library/CloudStorage/OneDrive-InsightfulOutcomes,LLC/IS-LTD/APPS/CaliberVault/src/components/ui/slider.tsx:9:52
    at div
    at div
    at FilterPanel (/Users/ghogue/Library/CloudStorage/OneDrive-InsightfulOutcomes,LLC/IS-LTD/APPS/CaliberVault/src/components/inventory/FilterPanel.tsx:23:24)
    at QueryClientProvider (file:///Users/ghogue/Library/CloudStorage/OneDrive-InsightfulOutcomes,LLC/IS-LTD/APPS/CaliberVault/node_modules/@tanstack/react-query/build/modern/QueryClientProvider.js:20:3)
    at wrapper (/Users/ghogue/Library/CloudStorage/OneDrive-InsightfulOutcomes,LLC/IS-LTD/APPS/CaliberVault/src/components/__tests__/FilterPanel.test.tsx:14:20)

Consider adding an error boundary to your tree to customize error handling behavior.
Visit https://reactjs.org/link/error-boundaries to learn more about error boundaries.

stderr | src/components/__tests__/FilterPanel.test.tsx > FilterPanel Component > calls onFilterChange when category selected
Error: Uncaught [ReferenceError: ResizeObserver is not defined]
    at reportException (/Users/ghogue/Library/CloudStorage/OneDrive-InsightfulOutcomes,LLC/IS-LTD/APPS/CaliberVault/node_modules/jsdom/lib/jsdom/living/helpers/runtime-script-errors.js:66:24)
    at innerInvokeEventListeners (/Users/ghogue/Library/CloudStorage/OneDrive-InsightfulOutcomes,LLC/IS-LTD/APPS/CaliberVault/node_modules/jsdom/lib/jsdom/living/events/EventTarget-impl.js:353:9)
    at invokeEventListeners (/Users/ghogue/Library/CloudStorage/OneDrive-InsightfulOutcomes,LLC/IS-LTD/APPS/CaliberVault/node_modules/jsdom/lib/jsdom/living/events/EventTarget-impl.js:286:3)
    at HTMLUnknownElementImpl._dispatch (/Users/ghogue/Library/CloudStorage/OneDrive-InsightfulOutcomes,LLC/IS-LTD/APPS/CaliberVault/node_modules/jsdom/lib/jsdom/living/events/EventTarget-impl.js:233:9)
    at HTMLUnknownElementImpl.dispatchEvent (/Users/ghogue/Library/CloudStorage/OneDrive-InsightfulOutcomes,LLC/IS-LTD/APPS/CaliberVault/node_modules/jsdom/lib/jsdom/living/events/EventTarget-impl.js:104:17)
    at HTMLUnknownElement.dispatchEvent (/Users/ghogue/Library/CloudStorage/OneDrive-InsightfulOutcomes,LLC/IS-LTD/APPS/CaliberVault/node_modules/jsdom/lib/jsdom/living/generated/EventTarget.js:241:34)
    at Object.invokeGuardedCallbackDev (/Users/ghogue/Library/CloudStorage/OneDrive-InsightfulOutcomes,LLC/IS-LTD/APPS/CaliberVault/node_modules/react-dom/cjs/react-dom.development.js:4213:16)
    at invokeGuardedCallback (/Users/ghogue/Library/CloudStorage/OneDrive-InsightfulOutcomes,LLC/IS-LTD/APPS/CaliberVault/node_modules/react-dom/cjs/react-dom.development.js:4277:31)
    at reportUncaughtErrorInDEV (/Users/ghogue/Library/CloudStorage/OneDrive-InsightfulOutcomes,LLC/IS-LTD/APPS/CaliberVault/node_modules/react-dom/cjs/react-dom.development.js:22877:5)
    at captureCommitPhaseError (/Users/ghogue/Library/CloudStorage/OneDrive-InsightfulOutcomes,LLC/IS-LTD/APPS/CaliberVault/node_modules/react-dom/cjs/react-dom.development.js:27165:5) ReferenceError: ResizeObserver is not defined
    at file:///Users/ghogue/Library/CloudStorage/OneDrive-InsightfulOutcomes,LLC/IS-LTD/APPS/CaliberVault/node_modules/@radix-ui/react-use-size/src/use-size.tsx:14:30
    at commitHookEffectListMount (/Users/ghogue/Library/CloudStorage/OneDrive-InsightfulOutcomes,LLC/IS-LTD/APPS/CaliberVault/node_modules/react-dom/cjs/react-dom.development.js:23189:26)
    at commitLayoutEffectOnFiber (/Users/ghogue/Library/CloudStorage/OneDrive-InsightfulOutcomes,LLC/IS-LTD/APPS/CaliberVault/node_modules/react-dom/cjs/react-dom.development.js:23312:15)
    at commitLayoutMountEffects_complete (/Users/ghogue/Library/CloudStorage/OneDrive-InsightfulOutcomes,LLC/IS-LTD/APPS/CaliberVault/node_modules/react-dom/cjs/react-dom.development.js:24727:9)
    at commitLayoutEffects_begin (/Users/ghogue/Library/CloudStorage/OneDrive-InsightfulOutcomes,LLC/IS-LTD/APPS/CaliberVault/node_modules/react-dom/cjs/react-dom.development.js:24713:7)
    at commitLayoutEffects (/Users/ghogue/Library/CloudStorage/OneDrive-InsightfulOutcomes,LLC/IS-LTD/APPS/CaliberVault/node_modules/react-dom/cjs/react-dom.development.js:24651:3)
    at commitRootImpl (/Users/ghogue/Library/CloudStorage/OneDrive-InsightfulOutcomes,LLC/IS-LTD/APPS/CaliberVault/node_modules/react-dom/cjs/react-dom.development.js:26862:5)
    at commitRoot (/Users/ghogue/Library/CloudStorage/OneDrive-InsightfulOutcomes,LLC/IS-LTD/APPS/CaliberVault/node_modules/react-dom/cjs/react-dom.development.js:26721:5)
    at performSyncWorkOnRoot (/Users/ghogue/Library/CloudStorage/OneDrive-InsightfulOutcomes,LLC/IS-LTD/APPS/CaliberVault/node_modules/react-dom/cjs/react-dom.development.js:26156:3)
    at flushSyncCallbacks (/Users/ghogue/Library/CloudStorage/OneDrive-InsightfulOutcomes,LLC/IS-LTD/APPS/CaliberVault/node_modules/react-dom/cjs/react-dom.development.js:12042:22)
The above error occurred in the <ForwardRef> component:

    at file:///Users/ghogue/Library/CloudStorage/OneDrive-InsightfulOutcomes,LLC/IS-LTD/APPS/CaliberVault/node_modules/@radix-ui/react-slider/dist/index.mjs:400:13
    at file:///Users/ghogue/Library/CloudStorage/OneDrive-InsightfulOutcomes,LLC/IS-LTD/APPS/CaliberVault/node_modules/@radix-ui/react-slider/dist/index.mjs:388:42
    at span
    at file:///Users/ghogue/Library/CloudStorage/OneDrive-InsightfulOutcomes,LLC/IS-LTD/APPS/CaliberVault/node_modules/@radix-ui/react-primitive/dist/index.mjs:28:13
    at file:///Users/ghogue/Library/CloudStorage/OneDrive-InsightfulOutcomes,LLC/IS-LTD/APPS/CaliberVault/node_modules/@radix-ui/react-slider/dist/index.mjs:285:7
    at Provider (file:///Users/ghogue/Library/CloudStorage/OneDrive-InsightfulOutcomes,LLC/IS-LTD/APPS/CaliberVault/node_modules/@radix-ui/react-context/dist/index.mjs:27:15)
    at file:///Users/ghogue/Library/CloudStorage/OneDrive-InsightfulOutcomes,LLC/IS-LTD/APPS/CaliberVault/node_modules/@radix-ui/react-slider/dist/index.mjs:151:7
    at file:///Users/ghogue/Library/CloudStorage/OneDrive-InsightfulOutcomes,LLC/IS-LTD/APPS/CaliberVault/node_modules/@radix-ui/react-slot/dist/index.mjs:33:13
    at file:///Users/ghogue/Library/CloudStorage/OneDrive-InsightfulOutcomes,LLC/IS-LTD/APPS/CaliberVault/node_modules/@radix-ui/react-slot/dist/index.mjs:9:13
    at file:///Users/ghogue/Library/CloudStorage/OneDrive-InsightfulOutcomes,LLC/IS-LTD/APPS/CaliberVault/node_modules/@radix-ui/react-collection/dist/index.mjs:27:15
    at Provider (file:///Users/ghogue/Library/CloudStorage/OneDrive-InsightfulOutcomes,LLC/IS-LTD/APPS/CaliberVault/node_modules/@radix-ui/react-context/dist/index.mjs:27:15)
    at CollectionProvider (file:///Users/ghogue/Library/CloudStorage/OneDrive-InsightfulOutcomes,LLC/IS-LTD/APPS/CaliberVault/node_modules/@radix-ui/react-collection/dist/index.mjs:17:13)
    at Provider (file:///Users/ghogue/Library/CloudStorage/OneDrive-InsightfulOutcomes,LLC/IS-LTD/APPS/CaliberVault/node_modules/@radix-ui/react-context/dist/index.mjs:27:15)
    at file:///Users/ghogue/Library/CloudStorage/OneDrive-InsightfulOutcomes,LLC/IS-LTD/APPS/CaliberVault/node_modules/@radix-ui/react-slider/dist/index.mjs:33:7
    at /Users/ghogue/Library/CloudStorage/OneDrive-InsightfulOutcomes,LLC/IS-LTD/APPS/CaliberVault/src/components/ui/slider.tsx:9:52
    at div
    at div
    at FilterPanel (/Users/ghogue/Library/CloudStorage/OneDrive-InsightfulOutcomes,LLC/IS-LTD/APPS/CaliberVault/src/components/inventory/FilterPanel.tsx:23:24)
    at QueryClientProvider (file:///Users/ghogue/Library/CloudStorage/OneDrive-InsightfulOutcomes,LLC/IS-LTD/APPS/CaliberVault/node_modules/@tanstack/react-query/build/modern/QueryClientProvider.js:20:3)
    at wrapper (/Users/ghogue/Library/CloudStorage/OneDrive-InsightfulOutcomes,LLC/IS-LTD/APPS/CaliberVault/src/components/__tests__/FilterPanel.test.tsx:14:20)

Consider adding an error boundary to your tree to customize error handling behavior.
Visit https://reactjs.org/link/error-boundaries to learn more about error boundaries.

stderr | src/components/__tests__/FilterPanel.test.tsx > FilterPanel Component > clears all filters
Error: Uncaught [ReferenceError: ResizeObserver is not defined]
    at reportException (/Users/ghogue/Library/CloudStorage/OneDrive-InsightfulOutcomes,LLC/IS-LTD/APPS/CaliberVault/node_modules/jsdom/lib/jsdom/living/helpers/runtime-script-errors.js:66:24)
    at innerInvokeEventListeners (/Users/ghogue/Library/CloudStorage/OneDrive-InsightfulOutcomes,LLC/IS-LTD/APPS/CaliberVault/node_modules/jsdom/lib/jsdom/living/events/EventTarget-impl.js:353:9)
    at invokeEventListeners (/Users/ghogue/Library/CloudStorage/OneDrive-InsightfulOutcomes,LLC/IS-LTD/APPS/CaliberVault/node_modules/jsdom/lib/jsdom/living/events/EventTarget-impl.js:286:3)
    at HTMLUnknownElementImpl._dispatch (/Users/ghogue/Library/CloudStorage/OneDrive-InsightfulOutcomes,LLC/IS-LTD/APPS/CaliberVault/node_modules/jsdom/lib/jsdom/living/events/EventTarget-impl.js:233:9)
    at HTMLUnknownElementImpl.dispatchEvent (/Users/ghogue/Library/CloudStorage/OneDrive-InsightfulOutcomes,LLC/IS-LTD/APPS/CaliberVault/node_modules/jsdom/lib/jsdom/living/events/EventTarget-impl.js:104:17)
    at HTMLUnknownElement.dispatchEvent (/Users/ghogue/Library/CloudStorage/OneDrive-InsightfulOutcomes,LLC/IS-LTD/APPS/CaliberVault/node_modules/jsdom/lib/jsdom/living/generated/EventTarget.js:241:34)
    at Object.invokeGuardedCallbackDev (/Users/ghogue/Library/CloudStorage/OneDrive-InsightfulOutcomes,LLC/IS-LTD/APPS/CaliberVault/node_modules/react-dom/cjs/react-dom.development.js:4213:16)
    at invokeGuardedCallback (/Users/ghogue/Library/CloudStorage/OneDrive-InsightfulOutcomes,LLC/IS-LTD/APPS/CaliberVault/node_modules/react-dom/cjs/react-dom.development.js:4277:31)
    at reportUncaughtErrorInDEV (/Users/ghogue/Library/CloudStorage/OneDrive-InsightfulOutcomes,LLC/IS-LTD/APPS/CaliberVault/node_modules/react-dom/cjs/react-dom.development.js:22877:5)
    at captureCommitPhaseError (/Users/ghogue/Library/CloudStorage/OneDrive-InsightfulOutcomes,LLC/IS-LTD/APPS/CaliberVault/node_modules/react-dom/cjs/react-dom.development.js:27165:5) ReferenceError: ResizeObserver is not defined
    at file:///Users/ghogue/Library/CloudStorage/OneDrive-InsightfulOutcomes,LLC/IS-LTD/APPS/CaliberVault/node_modules/@radix-ui/react-use-size/src/use-size.tsx:14:30
    at commitHookEffectListMount (/Users/ghogue/Library/CloudStorage/OneDrive-InsightfulOutcomes,LLC/IS-LTD/APPS/CaliberVault/node_modules/react-dom/cjs/react-dom.development.js:23189:26)
    at commitLayoutEffectOnFiber (/Users/ghogue/Library/CloudStorage/OneDrive-InsightfulOutcomes,LLC/IS-LTD/APPS/CaliberVault/node_modules/react-dom/cjs/react-dom.development.js:23312:15)
    at commitLayoutMountEffects_complete (/Users/ghogue/Library/CloudStorage/OneDrive-InsightfulOutcomes,LLC/IS-LTD/APPS/CaliberVault/node_modules/react-dom/cjs/react-dom.development.js:24727:9)
    at commitLayoutEffects_begin (/Users/ghogue/Library/CloudStorage/OneDrive-InsightfulOutcomes,LLC/IS-LTD/APPS/CaliberVault/node_modules/react-dom/cjs/react-dom.development.js:24713:7)
    at commitLayoutEffects (/Users/ghogue/Library/CloudStorage/OneDrive-InsightfulOutcomes,LLC/IS-LTD/APPS/CaliberVault/node_modules/react-dom/cjs/react-dom.development.js:24651:3)
    at commitRootImpl (/Users/ghogue/Library/CloudStorage/OneDrive-InsightfulOutcomes,LLC/IS-LTD/APPS/CaliberVault/node_modules/react-dom/cjs/react-dom.development.js:26862:5)
    at commitRoot (/Users/ghogue/Library/CloudStorage/OneDrive-InsightfulOutcomes,LLC/IS-LTD/APPS/CaliberVault/node_modules/react-dom/cjs/react-dom.development.js:26721:5)
    at performSyncWorkOnRoot (/Users/ghogue/Library/CloudStorage/OneDrive-InsightfulOutcomes,LLC/IS-LTD/APPS/CaliberVault/node_modules/react-dom/cjs/react-dom.development.js:26156:3)
    at flushSyncCallbacks (/Users/ghogue/Library/CloudStorage/OneDrive-InsightfulOutcomes,LLC/IS-LTD/APPS/CaliberVault/node_modules/react-dom/cjs/react-dom.development.js:12042:22)
The above error occurred in the <ForwardRef> component:

    at file:///Users/ghogue/Library/CloudStorage/OneDrive-InsightfulOutcomes,LLC/IS-LTD/APPS/CaliberVault/node_modules/@radix-ui/react-slider/dist/index.mjs:400:13
    at file:///Users/ghogue/Library/CloudStorage/OneDrive-InsightfulOutcomes,LLC/IS-LTD/APPS/CaliberVault/node_modules/@radix-ui/react-slider/dist/index.mjs:388:42
    at span
    at file:///Users/ghogue/Library/CloudStorage/OneDrive-InsightfulOutcomes,LLC/IS-LTD/APPS/CaliberVault/node_modules/@radix-ui/react-primitive/dist/index.mjs:28:13
    at file:///Users/ghogue/Library/CloudStorage/OneDrive-InsightfulOutcomes,LLC/IS-LTD/APPS/CaliberVault/node_modules/@radix-ui/react-slider/dist/index.mjs:285:7
    at Provider (file:///Users/ghogue/Library/CloudStorage/OneDrive-InsightfulOutcomes,LLC/IS-LTD/APPS/CaliberVault/node_modules/@radix-ui/react-context/dist/index.mjs:27:15)
    at file:///Users/ghogue/Library/CloudStorage/OneDrive-InsightfulOutcomes,LLC/IS-LTD/APPS/CaliberVault/node_modules/@radix-ui/react-slider/dist/index.mjs:151:7
    at file:///Users/ghogue/Library/CloudStorage/OneDrive-InsightfulOutcomes,LLC/IS-LTD/APPS/CaliberVault/node_modules/@radix-ui/react-slot/dist/index.mjs:33:13
    at file:///Users/ghogue/Library/CloudStorage/OneDrive-InsightfulOutcomes,LLC/IS-LTD/APPS/CaliberVault/node_modules/@radix-ui/react-slot/dist/index.mjs:9:13
    at file:///Users/ghogue/Library/CloudStorage/OneDrive-InsightfulOutcomes,LLC/IS-LTD/APPS/CaliberVault/node_modules/@radix-ui/react-collection/dist/index.mjs:27:15
    at Provider (file:///Users/ghogue/Library/CloudStorage/OneDrive-InsightfulOutcomes,LLC/IS-LTD/APPS/CaliberVault/node_modules/@radix-ui/react-context/dist/index.mjs:27:15)
    at CollectionProvider (file:///Users/ghogue/Library/CloudStorage/OneDrive-InsightfulOutcomes,LLC/IS-LTD/APPS/CaliberVault/node_modules/@radix-ui/react-collection/dist/index.mjs:17:13)
    at Provider (file:///Users/ghogue/Library/CloudStorage/OneDrive-InsightfulOutcomes,LLC/IS-LTD/APPS/CaliberVault/node_modules/@radix-ui/react-context/dist/index.mjs:27:15)
    at file:///Users/ghogue/Library/CloudStorage/OneDrive-InsightfulOutcomes,LLC/IS-LTD/APPS/CaliberVault/node_modules/@radix-ui/react-slider/dist/index.mjs:33:7
    at /Users/ghogue/Library/CloudStorage/OneDrive-InsightfulOutcomes,LLC/IS-LTD/APPS/CaliberVault/src/components/ui/slider.tsx:9:52
    at div
    at div
    at FilterPanel (/Users/ghogue/Library/CloudStorage/OneDrive-InsightfulOutcomes,LLC/IS-LTD/APPS/CaliberVault/src/components/inventory/FilterPanel.tsx:23:24)
    at QueryClientProvider (file:///Users/ghogue/Library/CloudStorage/OneDrive-InsightfulOutcomes,LLC/IS-LTD/APPS/CaliberVault/node_modules/@tanstack/react-query/build/modern/QueryClientProvider.js:20:3)
    at wrapper (/Users/ghogue/Library/CloudStorage/OneDrive-InsightfulOutcomes,LLC/IS-LTD/APPS/CaliberVault/src/components/__tests__/FilterPanel.test.tsx:14:20)

Consider adding an error boundary to your tree to customize error handling behavior.
Visit https://reactjs.org/link/error-boundaries to learn more about error boundaries.

 ❯ src/components/__tests__/FilterPanel.test.tsx (3 tests | 3 failed) 53ms
   × FilterPanel Component > renders all filter options 41ms
     → ResizeObserver is not defined
   × FilterPanel Component > calls onFilterChange when category selected 6ms
     → ResizeObserver is not defined
   × FilterPanel Component > clears all filters 5ms
     → ResizeObserver is not defined
(node:10725) Warning: `--localstorage-file` was provided without a valid path
(Use `node --trace-warnings ...` to show where the warning was created)
stderr | src/components/__tests__/MobileBarcodeScanner.test.tsx > MobileBarcodeScanner > renders scanner interface
Error: Uncaught [TypeError: localStorage.getItem is not a function]
    at reportException (/Users/ghogue/Library/CloudStorage/OneDrive-InsightfulOutcomes,LLC/IS-LTD/APPS/CaliberVault/node_modules/jsdom/lib/jsdom/living/helpers/runtime-script-errors.js:66:24)
    at innerInvokeEventListeners (/Users/ghogue/Library/CloudStorage/OneDrive-InsightfulOutcomes,LLC/IS-LTD/APPS/CaliberVault/node_modules/jsdom/lib/jsdom/living/events/EventTarget-impl.js:353:9)
    at invokeEventListeners (/Users/ghogue/Library/CloudStorage/OneDrive-InsightfulOutcomes,LLC/IS-LTD/APPS/CaliberVault/node_modules/jsdom/lib/jsdom/living/events/EventTarget-impl.js:286:3)
    at HTMLUnknownElementImpl._dispatch (/Users/ghogue/Library/CloudStorage/OneDrive-InsightfulOutcomes,LLC/IS-LTD/APPS/CaliberVault/node_modules/jsdom/lib/jsdom/living/events/EventTarget-impl.js:233:9)
    at HTMLUnknownElementImpl.dispatchEvent (/Users/ghogue/Library/CloudStorage/OneDrive-InsightfulOutcomes,LLC/IS-LTD/APPS/CaliberVault/node_modules/jsdom/lib/jsdom/living/events/EventTarget-impl.js:104:17)
    at HTMLUnknownElement.dispatchEvent (/Users/ghogue/Library/CloudStorage/OneDrive-InsightfulOutcomes,LLC/IS-LTD/APPS/CaliberVault/node_modules/jsdom/lib/jsdom/living/generated/EventTarget.js:241:34)
    at Object.invokeGuardedCallbackDev (/Users/ghogue/Library/CloudStorage/OneDrive-InsightfulOutcomes,LLC/IS-LTD/APPS/CaliberVault/node_modules/react-dom/cjs/react-dom.development.js:4213:16)
    at invokeGuardedCallback (/Users/ghogue/Library/CloudStorage/OneDrive-InsightfulOutcomes,LLC/IS-LTD/APPS/CaliberVault/node_modules/react-dom/cjs/react-dom.development.js:4277:31)
    at reportUncaughtErrorInDEV (/Users/ghogue/Library/CloudStorage/OneDrive-InsightfulOutcomes,LLC/IS-LTD/APPS/CaliberVault/node_modules/react-dom/cjs/react-dom.development.js:22877:5)
    at captureCommitPhaseError (/Users/ghogue/Library/CloudStorage/OneDrive-InsightfulOutcomes,LLC/IS-LTD/APPS/CaliberVault/node_modules/react-dom/cjs/react-dom.development.js:27165:5) TypeError: localStorage.getItem is not a function
    at loadHistory (/Users/ghogue/Library/CloudStorage/OneDrive-InsightfulOutcomes,LLC/IS-LTD/APPS/CaliberVault/src/components/mobile/MobileBarcodeScanner.tsx:32:32)
    at /Users/ghogue/Library/CloudStorage/OneDrive-InsightfulOutcomes,LLC/IS-LTD/APPS/CaliberVault/src/components/mobile/MobileBarcodeScanner.tsx:26:5
    at commitHookEffectListMount (/Users/ghogue/Library/CloudStorage/OneDrive-InsightfulOutcomes,LLC/IS-LTD/APPS/CaliberVault/node_modules/react-dom/cjs/react-dom.development.js:23189:26)
    at commitPassiveMountOnFiber (/Users/ghogue/Library/CloudStorage/OneDrive-InsightfulOutcomes,LLC/IS-LTD/APPS/CaliberVault/node_modules/react-dom/cjs/react-dom.development.js:24970:11)
    at commitPassiveMountEffects_complete (/Users/ghogue/Library/CloudStorage/OneDrive-InsightfulOutcomes,LLC/IS-LTD/APPS/CaliberVault/node_modules/react-dom/cjs/react-dom.development.js:24930:9)
    at commitPassiveMountEffects_begin (/Users/ghogue/Library/CloudStorage/OneDrive-InsightfulOutcomes,LLC/IS-LTD/APPS/CaliberVault/node_modules/react-dom/cjs/react-dom.development.js:24917:7)
    at commitPassiveMountEffects (/Users/ghogue/Library/CloudStorage/OneDrive-InsightfulOutcomes,LLC/IS-LTD/APPS/CaliberVault/node_modules/react-dom/cjs/react-dom.development.js:24905:3)
    at flushPassiveEffectsImpl (/Users/ghogue/Library/CloudStorage/OneDrive-InsightfulOutcomes,LLC/IS-LTD/APPS/CaliberVault/node_modules/react-dom/cjs/react-dom.development.js:27078:3)
    at flushPassiveEffects (/Users/ghogue/Library/CloudStorage/OneDrive-InsightfulOutcomes,LLC/IS-LTD/APPS/CaliberVault/node_modules/react-dom/cjs/react-dom.development.js:27023:14)
    at /Users/ghogue/Library/CloudStorage/OneDrive-InsightfulOutcomes,LLC/IS-LTD/APPS/CaliberVault/node_modules/react-dom/cjs/react-dom.development.js:26808:9
The above error occurred in the <MobileBarcodeScanner> component:

    at MobileBarcodeScanner (/Users/ghogue/Library/CloudStorage/OneDrive-InsightfulOutcomes,LLC/IS-LTD/APPS/CaliberVault/src/components/mobile/MobileBarcodeScanner.tsx:21:33)

Consider adding an error boundary to your tree to customize error handling behavior.
Visit https://reactjs.org/link/error-boundaries to learn more about error boundaries.

stderr | src/components/__tests__/MobileBarcodeScanner.test.tsx > MobileBarcodeScanner > requests camera access
Error: Uncaught [TypeError: localStorage.getItem is not a function]
    at reportException (/Users/ghogue/Library/CloudStorage/OneDrive-InsightfulOutcomes,LLC/IS-LTD/APPS/CaliberVault/node_modules/jsdom/lib/jsdom/living/helpers/runtime-script-errors.js:66:24)
    at innerInvokeEventListeners (/Users/ghogue/Library/CloudStorage/OneDrive-InsightfulOutcomes,LLC/IS-LTD/APPS/CaliberVault/node_modules/jsdom/lib/jsdom/living/events/EventTarget-impl.js:353:9)
    at invokeEventListeners (/Users/ghogue/Library/CloudStorage/OneDrive-InsightfulOutcomes,LLC/IS-LTD/APPS/CaliberVault/node_modules/jsdom/lib/jsdom/living/events/EventTarget-impl.js:286:3)
    at HTMLUnknownElementImpl._dispatch (/Users/ghogue/Library/CloudStorage/OneDrive-InsightfulOutcomes,LLC/IS-LTD/APPS/CaliberVault/node_modules/jsdom/lib/jsdom/living/events/EventTarget-impl.js:233:9)
    at HTMLUnknownElementImpl.dispatchEvent (/Users/ghogue/Library/CloudStorage/OneDrive-InsightfulOutcomes,LLC/IS-LTD/APPS/CaliberVault/node_modules/jsdom/lib/jsdom/living/events/EventTarget-impl.js:104:17)
    at HTMLUnknownElement.dispatchEvent (/Users/ghogue/Library/CloudStorage/OneDrive-InsightfulOutcomes,LLC/IS-LTD/APPS/CaliberVault/node_modules/jsdom/lib/jsdom/living/generated/EventTarget.js:241:34)
    at Object.invokeGuardedCallbackDev (/Users/ghogue/Library/CloudStorage/OneDrive-InsightfulOutcomes,LLC/IS-LTD/APPS/CaliberVault/node_modules/react-dom/cjs/react-dom.development.js:4213:16)
    at invokeGuardedCallback (/Users/ghogue/Library/CloudStorage/OneDrive-InsightfulOutcomes,LLC/IS-LTD/APPS/CaliberVault/node_modules/react-dom/cjs/react-dom.development.js:4277:31)
    at reportUncaughtErrorInDEV (/Users/ghogue/Library/CloudStorage/OneDrive-InsightfulOutcomes,LLC/IS-LTD/APPS/CaliberVault/node_modules/react-dom/cjs/react-dom.development.js:22877:5)
    at captureCommitPhaseError (/Users/ghogue/Library/CloudStorage/OneDrive-InsightfulOutcomes,LLC/IS-LTD/APPS/CaliberVault/node_modules/react-dom/cjs/react-dom.development.js:27165:5) TypeError: localStorage.getItem is not a function
    at loadHistory (/Users/ghogue/Library/CloudStorage/OneDrive-InsightfulOutcomes,LLC/IS-LTD/APPS/CaliberVault/src/components/mobile/MobileBarcodeScanner.tsx:32:32)
    at /Users/ghogue/Library/CloudStorage/OneDrive-InsightfulOutcomes,LLC/IS-LTD/APPS/CaliberVault/src/components/mobile/MobileBarcodeScanner.tsx:26:5
    at commitHookEffectListMount (/Users/ghogue/Library/CloudStorage/OneDrive-InsightfulOutcomes,LLC/IS-LTD/APPS/CaliberVault/node_modules/react-dom/cjs/react-dom.development.js:23189:26)
    at commitPassiveMountOnFiber (/Users/ghogue/Library/CloudStorage/OneDrive-InsightfulOutcomes,LLC/IS-LTD/APPS/CaliberVault/node_modules/react-dom/cjs/react-dom.development.js:24970:11)
    at commitPassiveMountEffects_complete (/Users/ghogue/Library/CloudStorage/OneDrive-InsightfulOutcomes,LLC/IS-LTD/APPS/CaliberVault/node_modules/react-dom/cjs/react-dom.development.js:24930:9)
    at commitPassiveMountEffects_begin (/Users/ghogue/Library/CloudStorage/OneDrive-InsightfulOutcomes,LLC/IS-LTD/APPS/CaliberVault/node_modules/react-dom/cjs/react-dom.development.js:24917:7)
    at commitPassiveMountEffects (/Users/ghogue/Library/CloudStorage/OneDrive-InsightfulOutcomes,LLC/IS-LTD/APPS/CaliberVault/node_modules/react-dom/cjs/react-dom.development.js:24905:3)
    at flushPassiveEffectsImpl (/Users/ghogue/Library/CloudStorage/OneDrive-InsightfulOutcomes,LLC/IS-LTD/APPS/CaliberVault/node_modules/react-dom/cjs/react-dom.development.js:27078:3)
    at flushPassiveEffects (/Users/ghogue/Library/CloudStorage/OneDrive-InsightfulOutcomes,LLC/IS-LTD/APPS/CaliberVault/node_modules/react-dom/cjs/react-dom.development.js:27023:14)
    at /Users/ghogue/Library/CloudStorage/OneDrive-InsightfulOutcomes,LLC/IS-LTD/APPS/CaliberVault/node_modules/react-dom/cjs/react-dom.development.js:26808:9
The above error occurred in the <MobileBarcodeScanner> component:

    at MobileBarcodeScanner (/Users/ghogue/Library/CloudStorage/OneDrive-InsightfulOutcomes,LLC/IS-LTD/APPS/CaliberVault/src/components/mobile/MobileBarcodeScanner.tsx:21:33)

Consider adding an error boundary to your tree to customize error handling behavior.
Visit https://reactjs.org/link/error-boundaries to learn more about error boundaries.

stderr | src/components/__tests__/MobileBarcodeScanner.test.tsx > MobileBarcodeScanner > handles iOS-specific behavior
Error: Uncaught [TypeError: localStorage.getItem is not a function]
    at reportException (/Users/ghogue/Library/CloudStorage/OneDrive-InsightfulOutcomes,LLC/IS-LTD/APPS/CaliberVault/node_modules/jsdom/lib/jsdom/living/helpers/runtime-script-errors.js:66:24)
    at innerInvokeEventListeners (/Users/ghogue/Library/CloudStorage/OneDrive-InsightfulOutcomes,LLC/IS-LTD/APPS/CaliberVault/node_modules/jsdom/lib/jsdom/living/events/EventTarget-impl.js:353:9)
    at invokeEventListeners (/Users/ghogue/Library/CloudStorage/OneDrive-InsightfulOutcomes,LLC/IS-LTD/APPS/CaliberVault/node_modules/jsdom/lib/jsdom/living/events/EventTarget-impl.js:286:3)
    at HTMLUnknownElementImpl._dispatch (/Users/ghogue/Library/CloudStorage/OneDrive-InsightfulOutcomes,LLC/IS-LTD/APPS/CaliberVault/node_modules/jsdom/lib/jsdom/living/events/EventTarget-impl.js:233:9)
    at HTMLUnknownElementImpl.dispatchEvent (/Users/ghogue/Library/CloudStorage/OneDrive-InsightfulOutcomes,LLC/IS-LTD/APPS/CaliberVault/node_modules/jsdom/lib/jsdom/living/events/EventTarget-impl.js:104:17)
    at HTMLUnknownElement.dispatchEvent (/Users/ghogue/Library/CloudStorage/OneDrive-InsightfulOutcomes,LLC/IS-LTD/APPS/CaliberVault/node_modules/jsdom/lib/jsdom/living/generated/EventTarget.js:241:34)
    at Object.invokeGuardedCallbackDev (/Users/ghogue/Library/CloudStorage/OneDrive-InsightfulOutcomes,LLC/IS-LTD/APPS/CaliberVault/node_modules/react-dom/cjs/react-dom.development.js:4213:16)
    at invokeGuardedCallback (/Users/ghogue/Library/CloudStorage/OneDrive-InsightfulOutcomes,LLC/IS-LTD/APPS/CaliberVault/node_modules/react-dom/cjs/react-dom.development.js:4277:31)
    at reportUncaughtErrorInDEV (/Users/ghogue/Library/CloudStorage/OneDrive-InsightfulOutcomes,LLC/IS-LTD/APPS/CaliberVault/node_modules/react-dom/cjs/react-dom.development.js:22877:5)
    at captureCommitPhaseError (/Users/ghogue/Library/CloudStorage/OneDrive-InsightfulOutcomes,LLC/IS-LTD/APPS/CaliberVault/node_modules/react-dom/cjs/react-dom.development.js:27165:5) TypeError: localStorage.getItem is not a function
    at loadHistory (/Users/ghogue/Library/CloudStorage/OneDrive-InsightfulOutcomes,LLC/IS-LTD/APPS/CaliberVault/src/components/mobile/MobileBarcodeScanner.tsx:32:32)
    at /Users/ghogue/Library/CloudStorage/OneDrive-InsightfulOutcomes,LLC/IS-LTD/APPS/CaliberVault/src/components/mobile/MobileBarcodeScanner.tsx:26:5
    at commitHookEffectListMount (/Users/ghogue/Library/CloudStorage/OneDrive-InsightfulOutcomes,LLC/IS-LTD/APPS/CaliberVault/node_modules/react-dom/cjs/react-dom.development.js:23189:26)
    at commitPassiveMountOnFiber (/Users/ghogue/Library/CloudStorage/OneDrive-InsightfulOutcomes,LLC/IS-LTD/APPS/CaliberVault/node_modules/react-dom/cjs/react-dom.development.js:24970:11)
    at commitPassiveMountEffects_complete (/Users/ghogue/Library/CloudStorage/OneDrive-InsightfulOutcomes,LLC/IS-LTD/APPS/CaliberVault/node_modules/react-dom/cjs/react-dom.development.js:24930:9)
    at commitPassiveMountEffects_begin (/Users/ghogue/Library/CloudStorage/OneDrive-InsightfulOutcomes,LLC/IS-LTD/APPS/CaliberVault/node_modules/react-dom/cjs/react-dom.development.js:24917:7)
    at commitPassiveMountEffects (/Users/ghogue/Library/CloudStorage/OneDrive-InsightfulOutcomes,LLC/IS-LTD/APPS/CaliberVault/node_modules/react-dom/cjs/react-dom.development.js:24905:3)
    at flushPassiveEffectsImpl (/Users/ghogue/Library/CloudStorage/OneDrive-InsightfulOutcomes,LLC/IS-LTD/APPS/CaliberVault/node_modules/react-dom/cjs/react-dom.development.js:27078:3)
    at flushPassiveEffects (/Users/ghogue/Library/CloudStorage/OneDrive-InsightfulOutcomes,LLC/IS-LTD/APPS/CaliberVault/node_modules/react-dom/cjs/react-dom.development.js:27023:14)
    at /Users/ghogue/Library/CloudStorage/OneDrive-InsightfulOutcomes,LLC/IS-LTD/APPS/CaliberVault/node_modules/react-dom/cjs/react-dom.development.js:26808:9
The above error occurred in the <MobileBarcodeScanner> component:

    at MobileBarcodeScanner (/Users/ghogue/Library/CloudStorage/OneDrive-InsightfulOutcomes,LLC/IS-LTD/APPS/CaliberVault/src/components/mobile/MobileBarcodeScanner.tsx:21:33)

Consider adding an error boundary to your tree to customize error handling behavior.
Visit https://reactjs.org/link/error-boundaries to learn more about error boundaries.

stderr | src/components/__tests__/MobileBarcodeScanner.test.tsx > MobileBarcodeScanner > calls onScan when barcode detected
Error: Uncaught [TypeError: localStorage.getItem is not a function]
    at reportException (/Users/ghogue/Library/CloudStorage/OneDrive-InsightfulOutcomes,LLC/IS-LTD/APPS/CaliberVault/node_modules/jsdom/lib/jsdom/living/helpers/runtime-script-errors.js:66:24)
    at innerInvokeEventListeners (/Users/ghogue/Library/CloudStorage/OneDrive-InsightfulOutcomes,LLC/IS-LTD/APPS/CaliberVault/node_modules/jsdom/lib/jsdom/living/events/EventTarget-impl.js:353:9)
    at invokeEventListeners (/Users/ghogue/Library/CloudStorage/OneDrive-InsightfulOutcomes,LLC/IS-LTD/APPS/CaliberVault/node_modules/jsdom/lib/jsdom/living/events/EventTarget-impl.js:286:3)
    at HTMLUnknownElementImpl._dispatch (/Users/ghogue/Library/CloudStorage/OneDrive-InsightfulOutcomes,LLC/IS-LTD/APPS/CaliberVault/node_modules/jsdom/lib/jsdom/living/events/EventTarget-impl.js:233:9)
    at HTMLUnknownElementImpl.dispatchEvent (/Users/ghogue/Library/CloudStorage/OneDrive-InsightfulOutcomes,LLC/IS-LTD/APPS/CaliberVault/node_modules/jsdom/lib/jsdom/living/events/EventTarget-impl.js:104:17)
    at HTMLUnknownElement.dispatchEvent (/Users/ghogue/Library/CloudStorage/OneDrive-InsightfulOutcomes,LLC/IS-LTD/APPS/CaliberVault/node_modules/jsdom/lib/jsdom/living/generated/EventTarget.js:241:34)
    at Object.invokeGuardedCallbackDev (/Users/ghogue/Library/CloudStorage/OneDrive-InsightfulOutcomes,LLC/IS-LTD/APPS/CaliberVault/node_modules/react-dom/cjs/react-dom.development.js:4213:16)
    at invokeGuardedCallback (/Users/ghogue/Library/CloudStorage/OneDrive-InsightfulOutcomes,LLC/IS-LTD/APPS/CaliberVault/node_modules/react-dom/cjs/react-dom.development.js:4277:31)
    at reportUncaughtErrorInDEV (/Users/ghogue/Library/CloudStorage/OneDrive-InsightfulOutcomes,LLC/IS-LTD/APPS/CaliberVault/node_modules/react-dom/cjs/react-dom.development.js:22877:5)
    at captureCommitPhaseError (/Users/ghogue/Library/CloudStorage/OneDrive-InsightfulOutcomes,LLC/IS-LTD/APPS/CaliberVault/node_modules/react-dom/cjs/react-dom.development.js:27165:5) TypeError: localStorage.getItem is not a function
    at loadHistory (/Users/ghogue/Library/CloudStorage/OneDrive-InsightfulOutcomes,LLC/IS-LTD/APPS/CaliberVault/src/components/mobile/MobileBarcodeScanner.tsx:32:32)
    at /Users/ghogue/Library/CloudStorage/OneDrive-InsightfulOutcomes,LLC/IS-LTD/APPS/CaliberVault/src/components/mobile/MobileBarcodeScanner.tsx:26:5
    at commitHookEffectListMount (/Users/ghogue/Library/CloudStorage/OneDrive-InsightfulOutcomes,LLC/IS-LTD/APPS/CaliberVault/node_modules/react-dom/cjs/react-dom.development.js:23189:26)
    at commitPassiveMountOnFiber (/Users/ghogue/Library/CloudStorage/OneDrive-InsightfulOutcomes,LLC/IS-LTD/APPS/CaliberVault/node_modules/react-dom/cjs/react-dom.development.js:24970:11)
    at commitPassiveMountEffects_complete (/Users/ghogue/Library/CloudStorage/OneDrive-InsightfulOutcomes,LLC/IS-LTD/APPS/CaliberVault/node_modules/react-dom/cjs/react-dom.development.js:24930:9)
    at commitPassiveMountEffects_begin (/Users/ghogue/Library/CloudStorage/OneDrive-InsightfulOutcomes,LLC/IS-LTD/APPS/CaliberVault/node_modules/react-dom/cjs/react-dom.development.js:24917:7)
    at commitPassiveMountEffects (/Users/ghogue/Library/CloudStorage/OneDrive-InsightfulOutcomes,LLC/IS-LTD/APPS/CaliberVault/node_modules/react-dom/cjs/react-dom.development.js:24905:3)
    at flushPassiveEffectsImpl (/Users/ghogue/Library/CloudStorage/OneDrive-InsightfulOutcomes,LLC/IS-LTD/APPS/CaliberVault/node_modules/react-dom/cjs/react-dom.development.js:27078:3)
    at flushPassiveEffects (/Users/ghogue/Library/CloudStorage/OneDrive-InsightfulOutcomes,LLC/IS-LTD/APPS/CaliberVault/node_modules/react-dom/cjs/react-dom.development.js:27023:14)
    at /Users/ghogue/Library/CloudStorage/OneDrive-InsightfulOutcomes,LLC/IS-LTD/APPS/CaliberVault/node_modules/react-dom/cjs/react-dom.development.js:26808:9
The above error occurred in the <MobileBarcodeScanner> component:

    at MobileBarcodeScanner (/Users/ghogue/Library/CloudStorage/OneDrive-InsightfulOutcomes,LLC/IS-LTD/APPS/CaliberVault/src/components/mobile/MobileBarcodeScanner.tsx:21:33)

Consider adding an error boundary to your tree to customize error handling behavior.
Visit https://reactjs.org/link/error-boundaries to learn more about error boundaries.

stderr | src/components/__tests__/MobileBarcodeScanner.test.tsx > MobileBarcodeScanner > stops camera when unmounted
Error: Uncaught [TypeError: localStorage.getItem is not a function]
    at reportException (/Users/ghogue/Library/CloudStorage/OneDrive-InsightfulOutcomes,LLC/IS-LTD/APPS/CaliberVault/node_modules/jsdom/lib/jsdom/living/helpers/runtime-script-errors.js:66:24)
    at innerInvokeEventListeners (/Users/ghogue/Library/CloudStorage/OneDrive-InsightfulOutcomes,LLC/IS-LTD/APPS/CaliberVault/node_modules/jsdom/lib/jsdom/living/events/EventTarget-impl.js:353:9)
    at invokeEventListeners (/Users/ghogue/Library/CloudStorage/OneDrive-InsightfulOutcomes,LLC/IS-LTD/APPS/CaliberVault/node_modules/jsdom/lib/jsdom/living/events/EventTarget-impl.js:286:3)
    at HTMLUnknownElementImpl._dispatch (/Users/ghogue/Library/CloudStorage/OneDrive-InsightfulOutcomes,LLC/IS-LTD/APPS/CaliberVault/node_modules/jsdom/lib/jsdom/living/events/EventTarget-impl.js:233:9)
    at HTMLUnknownElementImpl.dispatchEvent (/Users/ghogue/Library/CloudStorage/OneDrive-InsightfulOutcomes,LLC/IS-LTD/APPS/CaliberVault/node_modules/jsdom/lib/jsdom/living/events/EventTarget-impl.js:104:17)
    at HTMLUnknownElement.dispatchEvent (/Users/ghogue/Library/CloudStorage/OneDrive-InsightfulOutcomes,LLC/IS-LTD/APPS/CaliberVault/node_modules/jsdom/lib/jsdom/living/generated/EventTarget.js:241:34)
    at Object.invokeGuardedCallbackDev (/Users/ghogue/Library/CloudStorage/OneDrive-InsightfulOutcomes,LLC/IS-LTD/APPS/CaliberVault/node_modules/react-dom/cjs/react-dom.development.js:4213:16)
    at invokeGuardedCallback (/Users/ghogue/Library/CloudStorage/OneDrive-InsightfulOutcomes,LLC/IS-LTD/APPS/CaliberVault/node_modules/react-dom/cjs/react-dom.development.js:4277:31)
    at reportUncaughtErrorInDEV (/Users/ghogue/Library/CloudStorage/OneDrive-InsightfulOutcomes,LLC/IS-LTD/APPS/CaliberVault/node_modules/react-dom/cjs/react-dom.development.js:22877:5)
    at captureCommitPhaseError (/Users/ghogue/Library/CloudStorage/OneDrive-InsightfulOutcomes,LLC/IS-LTD/APPS/CaliberVault/node_modules/react-dom/cjs/react-dom.development.js:27165:5) TypeError: localStorage.getItem is not a function
    at loadHistory (/Users/ghogue/Library/CloudStorage/OneDrive-InsightfulOutcomes,LLC/IS-LTD/APPS/CaliberVault/src/components/mobile/MobileBarcodeScanner.tsx:32:32)
    at /Users/ghogue/Library/CloudStorage/OneDrive-InsightfulOutcomes,LLC/IS-LTD/APPS/CaliberVault/src/components/mobile/MobileBarcodeScanner.tsx:26:5
    at commitHookEffectListMount (/Users/ghogue/Library/CloudStorage/OneDrive-InsightfulOutcomes,LLC/IS-LTD/APPS/CaliberVault/node_modules/react-dom/cjs/react-dom.development.js:23189:26)
    at commitPassiveMountOnFiber (/Users/ghogue/Library/CloudStorage/OneDrive-InsightfulOutcomes,LLC/IS-LTD/APPS/CaliberVault/node_modules/react-dom/cjs/react-dom.development.js:24970:11)
    at commitPassiveMountEffects_complete (/Users/ghogue/Library/CloudStorage/OneDrive-InsightfulOutcomes,LLC/IS-LTD/APPS/CaliberVault/node_modules/react-dom/cjs/react-dom.development.js:24930:9)
    at commitPassiveMountEffects_begin (/Users/ghogue/Library/CloudStorage/OneDrive-InsightfulOutcomes,LLC/IS-LTD/APPS/CaliberVault/node_modules/react-dom/cjs/react-dom.development.js:24917:7)
    at commitPassiveMountEffects (/Users/ghogue/Library/CloudStorage/OneDrive-InsightfulOutcomes,LLC/IS-LTD/APPS/CaliberVault/node_modules/react-dom/cjs/react-dom.development.js:24905:3)
    at flushPassiveEffectsImpl (/Users/ghogue/Library/CloudStorage/OneDrive-InsightfulOutcomes,LLC/IS-LTD/APPS/CaliberVault/node_modules/react-dom/cjs/react-dom.development.js:27078:3)
    at flushPassiveEffects (/Users/ghogue/Library/CloudStorage/OneDrive-InsightfulOutcomes,LLC/IS-LTD/APPS/CaliberVault/node_modules/react-dom/cjs/react-dom.development.js:27023:14)
    at /Users/ghogue/Library/CloudStorage/OneDrive-InsightfulOutcomes,LLC/IS-LTD/APPS/CaliberVault/node_modules/react-dom/cjs/react-dom.development.js:26808:9
The above error occurred in the <MobileBarcodeScanner> component:

    at MobileBarcodeScanner (/Users/ghogue/Library/CloudStorage/OneDrive-InsightfulOutcomes,LLC/IS-LTD/APPS/CaliberVault/src/components/mobile/MobileBarcodeScanner.tsx:21:33)

Consider adding an error boundary to your tree to customize error handling behavior.
Visit https://reactjs.org/link/error-boundaries to learn more about error boundaries.

 ❯ src/components/__tests__/MobileBarcodeScanner.test.tsx (5 tests | 5 failed) 44ms
   × MobileBarcodeScanner > renders scanner interface 34ms
     → localStorage.getItem is not a function
   × MobileBarcodeScanner > requests camera access 3ms
     → localStorage.getItem is not a function
   × MobileBarcodeScanner > handles iOS-specific behavior 2ms
     → localStorage.getItem is not a function
   × MobileBarcodeScanner > calls onScan when barcode detected 2ms
     → localStorage.getItem is not a function
   × MobileBarcodeScanner > stops camera when unmounted 2ms
     → localStorage.getItem is not a function
stderr | src/components/__tests__/DatabaseMigrationSystem.test.tsx > DatabaseMigrationSystem Tests > executes migration
Failed to get migrations: TypeError: __vite_ssr_import_0__.supabase.from(...).select(...).limit is not a function
    at MigrationExecutor.createMigrationsTable (/Users/ghogue/Library/CloudStorage/OneDrive-InsightfulOutcomes,LLC/IS-LTD/APPS/CaliberVault/src/components/database/MigrationExecutor.tsx:17:8)
    at MigrationExecutor.getAppliedMigrations (/Users/ghogue/Library/CloudStorage/OneDrive-InsightfulOutcomes,LLC/IS-LTD/APPS/CaliberVault/src/components/database/MigrationExecutor.tsx:29:18)
    at checkMigrationStatus (/Users/ghogue/Library/CloudStorage/OneDrive-InsightfulOutcomes,LLC/IS-LTD/APPS/CaliberVault/src/components/database/DatabaseMigrationSystem.tsx:41:50)
    at /Users/ghogue/Library/CloudStorage/OneDrive-InsightfulOutcomes,LLC/IS-LTD/APPS/CaliberVault/src/components/database/DatabaseMigrationSystem.tsx:35:5
    at commitHookEffectListMount (/Users/ghogue/Library/CloudStorage/OneDrive-InsightfulOutcomes,LLC/IS-LTD/APPS/CaliberVault/node_modules/react-dom/cjs/react-dom.development.js:23189:26)
    at commitPassiveMountOnFiber (/Users/ghogue/Library/CloudStorage/OneDrive-InsightfulOutcomes,LLC/IS-LTD/APPS/CaliberVault/node_modules/react-dom/cjs/react-dom.development.js:24970:11)
    at commitPassiveMountEffects_complete (/Users/ghogue/Library/CloudStorage/OneDrive-InsightfulOutcomes,LLC/IS-LTD/APPS/CaliberVault/node_modules/react-dom/cjs/react-dom.development.js:24930:9)
    at commitPassiveMountEffects_begin (/Users/ghogue/Library/CloudStorage/OneDrive-InsightfulOutcomes,LLC/IS-LTD/APPS/CaliberVault/node_modules/react-dom/cjs/react-dom.development.js:24917:7)
    at commitPassiveMountEffects (/Users/ghogue/Library/CloudStorage/OneDrive-InsightfulOutcomes,LLC/IS-LTD/APPS/CaliberVault/node_modules/react-dom/cjs/react-dom.development.js:24905:3)
    at flushPassiveEffectsImpl (/Users/ghogue/Library/CloudStorage/OneDrive-InsightfulOutcomes,LLC/IS-LTD/APPS/CaliberVault/node_modules/react-dom/cjs/react-dom.development.js:27078:3)
Warning: An update to DatabaseMigrationSystem inside a test was not wrapped in act(...).

When testing, code that causes React state updates should be wrapped into act(...):

act(() => {
  /* fire events that update state */
});
/* assert on the output */

This ensures that you're testing the behavior the user would see in the browser. Learn more at https://reactjs.org/link/wrap-tests-with-act
    at DatabaseMigrationSystem (/Users/ghogue/Library/CloudStorage/OneDrive-InsightfulOutcomes,LLC/IS-LTD/APPS/CaliberVault/src/components/database/DatabaseMigrationSystem.tsx:29:61)
    at QueryClientProvider (file:///Users/ghogue/Library/CloudStorage/OneDrive-InsightfulOutcomes,LLC/IS-LTD/APPS/CaliberVault/node_modules/@tanstack/react-query/build/modern/QueryClientProvider.js:20:3)
    at wrapper (/Users/ghogue/Library/CloudStorage/OneDrive-InsightfulOutcomes,LLC/IS-LTD/APPS/CaliberVault/src/components/__tests__/DatabaseMigrationSystem.test.tsx:14:20)
Warning: An update to DatabaseMigrationSystem inside a test was not wrapped in act(...).

When testing, code that causes React state updates should be wrapped into act(...):

act(() => {
  /* fire events that update state */
});
/* assert on the output */

This ensures that you're testing the behavior the user would see in the browser. Learn more at https://reactjs.org/link/wrap-tests-with-act
    at DatabaseMigrationSystem (/Users/ghogue/Library/CloudStorage/OneDrive-InsightfulOutcomes,LLC/IS-LTD/APPS/CaliberVault/src/components/database/DatabaseMigrationSystem.tsx:29:61)
    at QueryClientProvider (file:///Users/ghogue/Library/CloudStorage/OneDrive-InsightfulOutcomes,LLC/IS-LTD/APPS/CaliberVault/node_modules/@tanstack/react-query/build/modern/QueryClientProvider.js:20:3)
    at wrapper (/Users/ghogue/Library/CloudStorage/OneDrive-InsightfulOutcomes,LLC/IS-LTD/APPS/CaliberVault/src/components/__tests__/DatabaseMigrationSystem.test.tsx:14:20)

stderr | src/components/__tests__/DatabaseMigrationSystem.test.tsx > DatabaseMigrationSystem Tests > shows migration progress
Failed to get migrations: TypeError: __vite_ssr_import_0__.supabase.from(...).select(...).limit is not a function
    at MigrationExecutor.createMigrationsTable (/Users/ghogue/Library/CloudStorage/OneDrive-InsightfulOutcomes,LLC/IS-LTD/APPS/CaliberVault/src/components/database/MigrationExecutor.tsx:17:8)
    at MigrationExecutor.getAppliedMigrations (/Users/ghogue/Library/CloudStorage/OneDrive-InsightfulOutcomes,LLC/IS-LTD/APPS/CaliberVault/src/components/database/MigrationExecutor.tsx:29:18)
    at checkMigrationStatus (/Users/ghogue/Library/CloudStorage/OneDrive-InsightfulOutcomes,LLC/IS-LTD/APPS/CaliberVault/src/components/database/DatabaseMigrationSystem.tsx:41:50)
    at /Users/ghogue/Library/CloudStorage/OneDrive-InsightfulOutcomes,LLC/IS-LTD/APPS/CaliberVault/src/components/database/DatabaseMigrationSystem.tsx:35:5
    at commitHookEffectListMount (/Users/ghogue/Library/CloudStorage/OneDrive-InsightfulOutcomes,LLC/IS-LTD/APPS/CaliberVault/node_modules/react-dom/cjs/react-dom.development.js:23189:26)
    at commitPassiveMountOnFiber (/Users/ghogue/Library/CloudStorage/OneDrive-InsightfulOutcomes,LLC/IS-LTD/APPS/CaliberVault/node_modules/react-dom/cjs/react-dom.development.js:24970:11)
    at commitPassiveMountEffects_complete (/Users/ghogue/Library/CloudStorage/OneDrive-InsightfulOutcomes,LLC/IS-LTD/APPS/CaliberVault/node_modules/react-dom/cjs/react-dom.development.js:24930:9)
    at commitPassiveMountEffects_begin (/Users/ghogue/Library/CloudStorage/OneDrive-InsightfulOutcomes,LLC/IS-LTD/APPS/CaliberVault/node_modules/react-dom/cjs/react-dom.development.js:24917:7)
    at commitPassiveMountEffects (/Users/ghogue/Library/CloudStorage/OneDrive-InsightfulOutcomes,LLC/IS-LTD/APPS/CaliberVault/node_modules/react-dom/cjs/react-dom.development.js:24905:3)
    at flushPassiveEffectsImpl (/Users/ghogue/Library/CloudStorage/OneDrive-InsightfulOutcomes,LLC/IS-LTD/APPS/CaliberVault/node_modules/react-dom/cjs/react-dom.development.js:27078:3)
Warning: An update to DatabaseMigrationSystem inside a test was not wrapped in act(...).

When testing, code that causes React state updates should be wrapped into act(...):

act(() => {
  /* fire events that update state */
});
/* assert on the output */

This ensures that you're testing the behavior the user would see in the browser. Learn more at https://reactjs.org/link/wrap-tests-with-act
    at DatabaseMigrationSystem (/Users/ghogue/Library/CloudStorage/OneDrive-InsightfulOutcomes,LLC/IS-LTD/APPS/CaliberVault/src/components/database/DatabaseMigrationSystem.tsx:29:61)
    at QueryClientProvider (file:///Users/ghogue/Library/CloudStorage/OneDrive-InsightfulOutcomes,LLC/IS-LTD/APPS/CaliberVault/node_modules/@tanstack/react-query/build/modern/QueryClientProvider.js:20:3)
    at wrapper (/Users/ghogue/Library/CloudStorage/OneDrive-InsightfulOutcomes,LLC/IS-LTD/APPS/CaliberVault/src/components/__tests__/DatabaseMigrationSystem.test.tsx:14:20)
Warning: An update to DatabaseMigrationSystem inside a test was not wrapped in act(...).

When testing, code that causes React state updates should be wrapped into act(...):

act(() => {
  /* fire events that update state */
});
/* assert on the output */

This ensures that you're testing the behavior the user would see in the browser. Learn more at https://reactjs.org/link/wrap-tests-with-act
    at DatabaseMigrationSystem (/Users/ghogue/Library/CloudStorage/OneDrive-InsightfulOutcomes,LLC/IS-LTD/APPS/CaliberVault/src/components/database/DatabaseMigrationSystem.tsx:29:61)
    at QueryClientProvider (file:///Users/ghogue/Library/CloudStorage/OneDrive-InsightfulOutcomes,LLC/IS-LTD/APPS/CaliberVault/node_modules/@tanstack/react-query/build/modern/QueryClientProvider.js:20:3)
    at wrapper (/Users/ghogue/Library/CloudStorage/OneDrive-InsightfulOutcomes,LLC/IS-LTD/APPS/CaliberVault/src/components/__tests__/DatabaseMigrationSystem.test.tsx:14:20)

stderr | src/components/__tests__/DatabaseMigrationSystem.test.tsx > DatabaseMigrationSystem Tests > handles migration errors
Failed to get migrations: TypeError: __vite_ssr_import_0__.supabase.from(...).select(...).limit is not a function
    at MigrationExecutor.createMigrationsTable (/Users/ghogue/Library/CloudStorage/OneDrive-InsightfulOutcomes,LLC/IS-LTD/APPS/CaliberVault/src/components/database/MigrationExecutor.tsx:17:8)
    at MigrationExecutor.getAppliedMigrations (/Users/ghogue/Library/CloudStorage/OneDrive-InsightfulOutcomes,LLC/IS-LTD/APPS/CaliberVault/src/components/database/MigrationExecutor.tsx:29:18)
    at checkMigrationStatus (/Users/ghogue/Library/CloudStorage/OneDrive-InsightfulOutcomes,LLC/IS-LTD/APPS/CaliberVault/src/components/database/DatabaseMigrationSystem.tsx:41:50)
    at /Users/ghogue/Library/CloudStorage/OneDrive-InsightfulOutcomes,LLC/IS-LTD/APPS/CaliberVault/src/components/database/DatabaseMigrationSystem.tsx:35:5
    at commitHookEffectListMount (/Users/ghogue/Library/CloudStorage/OneDrive-InsightfulOutcomes,LLC/IS-LTD/APPS/CaliberVault/node_modules/react-dom/cjs/react-dom.development.js:23189:26)
    at commitPassiveMountOnFiber (/Users/ghogue/Library/CloudStorage/OneDrive-InsightfulOutcomes,LLC/IS-LTD/APPS/CaliberVault/node_modules/react-dom/cjs/react-dom.development.js:24970:11)
    at commitPassiveMountEffects_complete (/Users/ghogue/Library/CloudStorage/OneDrive-InsightfulOutcomes,LLC/IS-LTD/APPS/CaliberVault/node_modules/react-dom/cjs/react-dom.development.js:24930:9)
    at commitPassiveMountEffects_begin (/Users/ghogue/Library/CloudStorage/OneDrive-InsightfulOutcomes,LLC/IS-LTD/APPS/CaliberVault/node_modules/react-dom/cjs/react-dom.development.js:24917:7)
    at commitPassiveMountEffects (/Users/ghogue/Library/CloudStorage/OneDrive-InsightfulOutcomes,LLC/IS-LTD/APPS/CaliberVault/node_modules/react-dom/cjs/react-dom.development.js:24905:3)
    at flushPassiveEffectsImpl (/Users/ghogue/Library/CloudStorage/OneDrive-InsightfulOutcomes,LLC/IS-LTD/APPS/CaliberVault/node_modules/react-dom/cjs/react-dom.development.js:27078:3)
Warning: An update to DatabaseMigrationSystem inside a test was not wrapped in act(...).

When testing, code that causes React state updates should be wrapped into act(...):

act(() => {
  /* fire events that update state */
});
/* assert on the output */

This ensures that you're testing the behavior the user would see in the browser. Learn more at https://reactjs.org/link/wrap-tests-with-act
    at DatabaseMigrationSystem (/Users/ghogue/Library/CloudStorage/OneDrive-InsightfulOutcomes,LLC/IS-LTD/APPS/CaliberVault/src/components/database/DatabaseMigrationSystem.tsx:29:61)
    at QueryClientProvider (file:///Users/ghogue/Library/CloudStorage/OneDrive-InsightfulOutcomes,LLC/IS-LTD/APPS/CaliberVault/node_modules/@tanstack/react-query/build/modern/QueryClientProvider.js:20:3)
    at wrapper (/Users/ghogue/Library/CloudStorage/OneDrive-InsightfulOutcomes,LLC/IS-LTD/APPS/CaliberVault/src/components/__tests__/DatabaseMigrationSystem.test.tsx:14:20)
Warning: An update to DatabaseMigrationSystem inside a test was not wrapped in act(...).

When testing, code that causes React state updates should be wrapped into act(...):

act(() => {
  /* fire events that update state */
});
/* assert on the output */

This ensures that you're testing the behavior the user would see in the browser. Learn more at https://reactjs.org/link/wrap-tests-with-act
    at DatabaseMigrationSystem (/Users/ghogue/Library/CloudStorage/OneDrive-InsightfulOutcomes,LLC/IS-LTD/APPS/CaliberVault/src/components/database/DatabaseMigrationSystem.tsx:29:61)
    at QueryClientProvider (file:///Users/ghogue/Library/CloudStorage/OneDrive-InsightfulOutcomes,LLC/IS-LTD/APPS/CaliberVault/node_modules/@tanstack/react-query/build/modern/QueryClientProvider.js:20:3)
    at wrapper (/Users/ghogue/Library/CloudStorage/OneDrive-InsightfulOutcomes,LLC/IS-LTD/APPS/CaliberVault/src/components/__tests__/DatabaseMigrationSystem.test.tsx:14:20)

stderr | src/components/__tests__/DatabaseMigrationSystem.test.tsx > DatabaseMigrationSystem Tests > displays migration history
Failed to get migrations: TypeError: __vite_ssr_import_0__.supabase.from(...).select(...).limit is not a function
    at MigrationExecutor.createMigrationsTable (/Users/ghogue/Library/CloudStorage/OneDrive-InsightfulOutcomes,LLC/IS-LTD/APPS/CaliberVault/src/components/database/MigrationExecutor.tsx:17:8)
    at MigrationExecutor.getAppliedMigrations (/Users/ghogue/Library/CloudStorage/OneDrive-InsightfulOutcomes,LLC/IS-LTD/APPS/CaliberVault/src/components/database/MigrationExecutor.tsx:29:18)
    at checkMigrationStatus (/Users/ghogue/Library/CloudStorage/OneDrive-InsightfulOutcomes,LLC/IS-LTD/APPS/CaliberVault/src/components/database/DatabaseMigrationSystem.tsx:41:50)
    at /Users/ghogue/Library/CloudStorage/OneDrive-InsightfulOutcomes,LLC/IS-LTD/APPS/CaliberVault/src/components/database/DatabaseMigrationSystem.tsx:35:5
    at commitHookEffectListMount (/Users/ghogue/Library/CloudStorage/OneDrive-InsightfulOutcomes,LLC/IS-LTD/APPS/CaliberVault/node_modules/react-dom/cjs/react-dom.development.js:23189:26)
    at commitPassiveMountOnFiber (/Users/ghogue/Library/CloudStorage/OneDrive-InsightfulOutcomes,LLC/IS-LTD/APPS/CaliberVault/node_modules/react-dom/cjs/react-dom.development.js:24970:11)
    at commitPassiveMountEffects_complete (/Users/ghogue/Library/CloudStorage/OneDrive-InsightfulOutcomes,LLC/IS-LTD/APPS/CaliberVault/node_modules/react-dom/cjs/react-dom.development.js:24930:9)
    at commitPassiveMountEffects_begin (/Users/ghogue/Library/CloudStorage/OneDrive-InsightfulOutcomes,LLC/IS-LTD/APPS/CaliberVault/node_modules/react-dom/cjs/react-dom.development.js:24917:7)
    at commitPassiveMountEffects (/Users/ghogue/Library/CloudStorage/OneDrive-InsightfulOutcomes,LLC/IS-LTD/APPS/CaliberVault/node_modules/react-dom/cjs/react-dom.development.js:24905:3)
    at flushPassiveEffectsImpl (/Users/ghogue/Library/CloudStorage/OneDrive-InsightfulOutcomes,LLC/IS-LTD/APPS/CaliberVault/node_modules/react-dom/cjs/react-dom.development.js:27078:3)
Warning: An update to DatabaseMigrationSystem inside a test was not wrapped in act(...).

When testing, code that causes React state updates should be wrapped into act(...):

act(() => {
  /* fire events that update state */
});
/* assert on the output */

This ensures that you're testing the behavior the user would see in the browser. Learn more at https://reactjs.org/link/wrap-tests-with-act
    at DatabaseMigrationSystem (/Users/ghogue/Library/CloudStorage/OneDrive-InsightfulOutcomes,LLC/IS-LTD/APPS/CaliberVault/src/components/database/DatabaseMigrationSystem.tsx:29:61)
    at QueryClientProvider (file:///Users/ghogue/Library/CloudStorage/OneDrive-InsightfulOutcomes,LLC/IS-LTD/APPS/CaliberVault/node_modules/@tanstack/react-query/build/modern/QueryClientProvider.js:20:3)
    at wrapper (/Users/ghogue/Library/CloudStorage/OneDrive-InsightfulOutcomes,LLC/IS-LTD/APPS/CaliberVault/src/components/__tests__/DatabaseMigrationSystem.test.tsx:14:20)
Warning: An update to DatabaseMigrationSystem inside a test was not wrapped in act(...).

When testing, code that causes React state updates should be wrapped into act(...):

act(() => {
  /* fire events that update state */
});
/* assert on the output */

This ensures that you're testing the behavior the user would see in the browser. Learn more at https://reactjs.org/link/wrap-tests-with-act
    at DatabaseMigrationSystem (/Users/ghogue/Library/CloudStorage/OneDrive-InsightfulOutcomes,LLC/IS-LTD/APPS/CaliberVault/src/components/database/DatabaseMigrationSystem.tsx:29:61)
    at QueryClientProvider (file:///Users/ghogue/Library/CloudStorage/OneDrive-InsightfulOutcomes,LLC/IS-LTD/APPS/CaliberVault/node_modules/@tanstack/react-query/build/modern/QueryClientProvider.js:20:3)
    at wrapper (/Users/ghogue/Library/CloudStorage/OneDrive-InsightfulOutcomes,LLC/IS-LTD/APPS/CaliberVault/src/components/__tests__/DatabaseMigrationSystem.test.tsx:14:20)

 ❯ src/components/__tests__/DatabaseMigrationSystem.test.tsx (6 tests | 4 failed) 1048ms
   × DatabaseMigrationSystem Tests > renders migration interface 29ms
     → Found multiple elements with the text: /migration/i

Here are the matching elements:

Ignored nodes: comments, script, style
[36m<h3[39m
  [33mclass[39m=[32m"text-2xl font-semibold leading-none tracking-tight text-foreground flex items-center gap-2"[39m
[36m>[39m
  [36m<svg[39m
    [33mclass[39m=[32m"lucide lucide-database h-5 w-5"[39m
    [33mfill[39m=[32m"none"[39m
    [33mheight[39m=[32m"24"[39m
    [33mstroke[39m=[32m"currentColor"[39m
    [33mstroke-linecap[39m=[32m"round"[39m
    [33mstroke-linejoin[39m=[32m"round"[39m
    [33mstroke-width[39m=[32m"2"[39m
    [33mviewBox[39m=[32m"0 0 24 24"[39m
    [33mwidth[39m=[32m"24"[39m
    [33mxmlns[39m=[32m"http://www.w3.org/2000/svg"[39m
  [36m>[39m
    [36m<ellipse[39m
      [33mcx[39m=[32m"12"[39m
      [33mcy[39m=[32m"5"[39m
      [33mrx[39m=[32m"9"[39m
      [33mry[39m=[32m"3"[39m
    [36m/>[39m
    [36m<path[39m
      [33md[39m=[32m"M3 5V19A9 3 0 0 0 21 19V5"[39m
    [36m/>[39m
    [36m<path[39m
      [33md[39m=[32m"M3 12A9 3 0 0 0 21 12"[39m
    [36m/>[39m
  [36m</svg>[39m
  [0mDatabase Migration System[0m
[36m</h3>[39m

Ignored nodes: comments, script, style
[36m<p[39m
  [33mclass[39m=[32m"text-sm text-muted-foreground"[39m
[36m>[39m
  [0mExecute and track database schema migrations with real SQL execution[0m
[36m</p>[39m

Ignored nodes: comments, script, style
[36m<div[39m
  [33mclass[39m=[32m"text-sm [&_p]:leading-relaxed opacity-90"[39m
[36m>[39m
  [0m0[0m
  [0m of [0m
  [0m0[0m
  [0m migrations applied[0m
[36m</div>[39m

(If this is intentional, then use the `*AllBy*` variant of the query (like `queryAllByText`, `getAllByText`, or `findAllByText`)).

Ignored nodes: comments, script, style
[36m<body>[39m
  [36m<div>[39m
    [36m<div[39m
      [33mclass[39m=[32m"rounded-lg border border-border/40 bg-background shadow-sm"[39m
    [36m>[39m
      [36m<div[39m
        [33mclass[39m=[32m"flex flex-col space-y-1.5 p-6"[39m
      [36m>[39m
        [36m<h3[39m
          [33mclass[39m=[32m"text-2xl font-semibold leading-none tracking-tight text-foreground flex items-center gap-2"[39m
        [36m>[39m
          [36m<svg[39m
            [33mclass[39m=[32m"lucide lucide-database h-5 w-5"[39m
            [33mfill[39m=[32m"none"[39m
            [33mheight[39m=[32m"24"[39m
            [33mstroke[39m=[32m"currentColor"[39m
            [33mstroke-linecap[39m=[32m"round"[39m
            [33mstroke-linejoin[39m=[32m"round"[39m
            [33mstroke-width[39m=[32m"2"[39m
            [33mviewBox[39m=[32m"0 0 24 24"[39m
            [33mwidth[39m=[32m"24"[39m
            [33mxmlns[39m=[32m"http://www.w3.org/2000/svg"[39m
          [36m>[39m
            [36m<ellipse[39m
              [33mcx[39m=[32m"12"[39m
              [33mcy[39m=[32m"5"[39m
              [33mrx[39m=[32m"9"[39m
              [33mry[39m=[32m"3"[39m
            [36m/>[39m
            [36m<path[39m
              [33md[39m=[32m"M3 5V19A9 3 0 0 0 21 19V5"[39m
            [36m/>[39m
            [36m<path[39m
              [33md[39m=[32m"M3 12A9 3 0 0 0 21 12"[39m
            [36m/>[39m
          [36m</svg>[39m
          [0mDatabase Migration System[0m
        [36m</h3>[39m
        [36m<p[39m
          [33mclass[39m=[32m"text-sm text-muted-foreground"[39m
        [36m>[39m
          [0mExecute and track database schema migrations with real SQL execution[0m
        [36m</p>[39m
      [36m</div>[39m
      [36m<div[39m
        [33mclass[39m=[32m"p-6 pt-0 space-y-4"[39m
      [36m>[39m
        [36m<div[39m
          [33mclass[39m=[32m"flex gap-2 flex-wrap"[39m
        [36m>[39m
          [36m<button[39m
            [33mclass[39m=[32m"inline-flex items-center justify-center whitespace-nowrap rounded-md text-sm font-medium ring-offset-background transition-colors focus-visible:outline-none focus-visible:ring-2 focus-visible:ring-ring focus-visible:ring-offset-2 disabled:pointer-events-none disabled:opacity-50 border border-input bg-background hover:bg-accent hover:text-accent-foreground h-10 px-4 py-2"[39m
            [33mdisabled[39m=[32m""[39m
          [36m>[39m
            [36m<svg[39m
              [33mclass[39m=[32m"lucide lucide-refresh-cw mr-2 h-4 w-4 animate-spin"[39m
              [33mfill[39m=[32m"none"[39m
              [33mheight[39m=[32m"24"[39m
              [33mstroke[39m=[32m"currentColor"[39m
              [33mstroke-linecap[39m=[32m"round"[39m
              [33mstroke-linejoin[39m=[32m"round"[39m
              [33mstroke-width[39m=[32m"2"[39m
              [33mviewBox[39m=[32m"0 0 24 24"[39m
              [33mwidth[39m=[32m"24"[39m
              [33mxmlns[39m=[32m"http://www.w3.org/2000/svg"[39m
            [36m>[39m
              [36m<path[39m
                [33md[39m=[32m"M3 12a9 9 0 0 1 9-9 9.75 9.75 0 0 1 6.74 2.74L21 8"[39m
              [36m/>[39m
              [36m<path[39m
                [33md[39m=[32m"M21 3v5h-5"[39m
              [36m/>[39m
              [36m<path[39m
                [33md[39m=[32m"M21 12a9 9 0 0 1-9 9 9.75 9.75 0 0 1-6.74-2.74L3 16"[39m
              [36m/>[39m
              [36m<path[39m
                [33md[39m=[32m"M8 16H3v5"[39m
              [36m/>[39m
            [36m</svg>[39m
            [0mCheck Status[0m
          [36m</button>[39m
          [36m<button[39m
            [33mclass[39m=[32m"inline-flex items-center justify-center whitespace-nowrap rounded-md text-sm font-medium ring-offset-background transition-colors focus-visible:outline-none focus-visible:ring-2 focus-visible:ring-ring focus-visible:ring-offset-2 disabled:pointer-events-none disabled:opacity-50 bg-primary text-primary-foreground hover:bg-primary/90 h-10 px-4 py-2"[39m
            [33mdisabled[39m=[32m""[39m
          [36m>[39m
            [36m<svg[39m
              [33mclass[39m=[32m"lucide lucide-play mr-2 h-4 w-4"[39m
              [33mfill[39m=[32m"none"[39m
              [33mheight[39m=[32m"24"[39m
              [33mstroke[39m=[32m"currentColor"[39m
              [33mstroke-linecap[39m=[32m"round"[39m
              [33mstroke-linejoin[39m=[32m"round"[39m
              [33mstroke-width[39m=[32m"2"[39m
              [33mviewBox[39m=[32m"0 0 24 24"[39m
              [33mwidth[39m=[32m"24"[39m
              [33mxmlns[39m=[32m"http://www.w3.org/2000/svg"[39m
            [36m>[39m
              [36m<polygon[39m
                [33mpoints[39m=[32m"6 3 20 12 6 21 6 3"[39m
              [36m/>[39m
            [36m</svg>[39m
            [0mRun Pending[0m
          [36m</button>[39m
          [36m<button[39m
            [33mclass[39m=[32m"inline-flex items-center justify-center whitespace-nowrap rounded-md text-sm font-medium ring-offset-background transition-colors focus-visible:outline-none focus-visible:ring-2 focus-visible:ring-ring focus-visible:ring-offset-2 disabled:pointer-events-none disabled:opacity-50 border border-input bg-background hover:bg-accent hover:text-accent-foreground h-10 px-4 py-2"[39m
          [36m>[39m
            [36m<svg[39m
              [33mclass[39m=[32m"lucide lucide-file-text mr-2 h-4 w-4"[39m
              [33mfill[39m=[32m"none"[39m
              [33mheight[39m=[32m"24"[39m
              [33mstroke[39m=[32m"currentColor"[39m
              [33mstroke-linecap[39m=[32m"round"[39m
              [33mstroke-linejoin[39m=[32m"round"[39m
              [33mstroke-width[39m=[32m"2"[39m
              [33mviewBox[39m=[32m"0 0 24 24"[39m
              [33mwidth[39m=[32m"24"[39m
              [33mxmlns[39m=[32m"http://www.w3.org/2000/svg"[39m
            [36m>[39m
              [36m<path[39m
                [33md[39m=[32m"M15 2H6a2 2 0 0 0-2 2v16a2 2 0 0 0 2 2h12a2 2 0 0 0 2-2V7Z"[39m
              [36m/>[39m
              [36m<path[39m
                [33md[39m=[32m"M14 2v4a2 2 0 0 0 2 2h4"[39m
              [36m/>[39m
              [36m<path[39m
                [33md[39m=[32m"M10 9H8"[39m
              [36m/>[39m
              [36m<path[39m
                [33md[39m=[32m"M16 13H8"[39m
              [36m/>[39m
              [36m<path[39m
                [33md[39m=[32m"M16 17H8"[39m
              [36m/>[39m
            [36m</svg>[39m
            [0mExport Report[0m
          [36m</button>[39m
        [36m</div>[39m
        [36m<div[39m
          [33mclass[39m=[32m"relative w-full rounded-lg border p-4 [&>svg~*]:pl-7 [&>svg+div]:translate-y-[-3px] [&>svg]:absolute [&>svg]:left-4 [&>svg]:top-4 [&>svg]:text-foreground shadow-sm bg-background text-foreground"[39m
          [33mrole[39m=[32m"alert"[39m
        [36m>[39m
          [36m<svg[39m
            [33mclass[39m=[32m"lucide lucide-circle-alert h-4 w-4"[39m
            [33mfill[39m=[32m"none"[39m
            [33mheight[39m=[32m"24"[39m
            [33mstroke[39m=[32m"currentColor"[39m
            [33mstroke-linecap[39m=[32m"round"[39m
            [33mstroke-linejoin[39m=[32m"round"[39m
            [33mstroke-width[39m=[32m"2"[39m
            [33mviewBox[39m=[32m"0 0 24 24"[39m
            [33mwidth[39m=[32m"24"[39m
            [33mxmlns[39m=[32m"http://www.w3.org/2000/svg"[39m
          [36m>[39m
            [36m<circle[39m
              [33mcx[39m=[32m"12"[39m
              [33mcy[39m=[32m"12"[39m
              [33mr[39m=[32m"10"[39m
            [36m/>[39m
            [36m<line[39m
              [33mx1[39m=[32m"12"[39m
              [33mx2[39m=[32m"12"[39m
              [33my1[39m=[32m"8"[39m
              [33my2[39m=[32m"12"[39m
            [36m/>[39m
            [36m<line[39m
              [33mx1[39m=[32m"12"[39m
              [33mx2[39m=[32m"12.01"[39m
              [33my1[39m=[32m"16"[39m
              [33my2[39m=[32m"16"[39m
            [36m/>[39m
          [36m</svg>[39m
          [36m<div[39m
            [33mclass[39m=[32m"text-sm [&_p]:leading-relaxed opacity-90"[39m
          [36m>[39m
            [0m0[0m
            [0m of [0m
            [0m0[0m
            [0m migrations applied[0m
          [36m</div>[39m
        [36m</div>[39m
        [36m<div[39m
          [33mclass[39m=[32m"space-y-2"[39m
        [36m/>[39m
      [36m</div>[39m
    [36m</div>[39m
  [36m</div>[39m
[36m</body>[39m
   × DatabaseMigrationSystem Tests > lists available migrations 1005ms
     → Unable to find an element with the text: /available/i. This could be because the text is broken up by multiple elements. In this case, you can provide a function for your text matcher to make your matcher more flexible.

Ignored nodes: comments, script, style
[36m<body>[39m
  [36m<div>[39m
    [36m<div[39m
      [33mclass[39m=[32m"rounded-lg border border-border/40 bg-background shadow-sm"[39m
    [36m>[39m
      [36m<div[39m
        [33mclass[39m=[32m"flex flex-col space-y-1.5 p-6"[39m
      [36m>[39m
        [36m<h3[39m
          [33mclass[39m=[32m"text-2xl font-semibold leading-none tracking-tight text-foreground flex items-center gap-2"[39m
        [36m>[39m
          [36m<svg[39m
            [33mclass[39m=[32m"lucide lucide-database h-5 w-5"[39m
            [33mfill[39m=[32m"none"[39m
            [33mheight[39m=[32m"24"[39m
            [33mstroke[39m=[32m"currentColor"[39m
            [33mstroke-linecap[39m=[32m"round"[39m
            [33mstroke-linejoin[39m=[32m"round"[39m
            [33mstroke-width[39m=[32m"2"[39m
            [33mviewBox[39m=[32m"0 0 24 24"[39m
            [33mwidth[39m=[32m"24"[39m
            [33mxmlns[39m=[32m"http://www.w3.org/2000/svg"[39m
          [36m>[39m
            [36m<ellipse[39m
              [33mcx[39m=[32m"12"[39m
              [33mcy[39m=[32m"5"[39m
              [33mrx[39m=[32m"9"[39m
              [33mry[39m=[32m"3"[39m
            [36m/>[39m
            [36m<path[39m
              [33md[39m=[32m"M3 5V19A9 3 0 0 0 21 19V5"[39m
            [36m/>[39m
            [36m<path[39m
              [33md[39m=[32m"M3 12A9 3 0 0 0 21 12"[39m
            [36m/>[39m
          [36m</svg>[39m
          [0mDatabase Migration System[0m
        [36m</h3>[39m
        [36m<p[39m
          [33mclass[39m=[32m"text-sm text-muted-foreground"[39m
        [36m>[39m
          [0mExecute and track database schema migrations with real SQL execution[0m
        [36m</p>[39m
      [36m</div>[39m
      [36m<div[39m
        [33mclass[39m=[32m"p-6 pt-0 space-y-4"[39m
      [36m>[39m
        [36m<div[39m
          [33mclass[39m=[32m"flex gap-2 flex-wrap"[39m
        [36m>[39m
          [36m<button[39m
            [33mclass[39m=[32m"inline-flex items-center justify-center whitespace-nowrap rounded-md text-sm font-medium ring-offset-background transition-colors focus-visible:outline-none focus-visible:ring-2 focus-visible:ring-ring focus-visible:ring-offset-2 disabled:pointer-events-none disabled:opacity-50 border border-input bg-background hover:bg-accent hover:text-accent-foreground h-10 px-4 py-2"[39m
          [36m>[39m
            [36m<svg[39m
              [33mclass[39m=[32m"lucide lucide-history mr-2 h-4 w-4"[39m
              [33mfill[39m=[32m"none"[39m
              [33mheight[39m=[32m"24"[39m
              [33mstroke[39m=[32m"currentColor"[39m
              [33mstroke-linecap[39m=[32m"round"[39m
              [33mstroke-linejoin[39m=[32m"round"[39m
              [33mstroke-width[39m=[32m"2"[39m
              [33mviewBox[39m=[32m"0 0 24 24"[39m
              [33mwidth[39m=[32m"24"[39m
              [33mxmlns[39m=[32m"http://www.w3.org/2000/svg"[39m
            [36m>[39m
              [36m<path[39m
                [33md[39m=[32m"M3 12a9 9 0 1 0 9-9 9.75 9.75 0 0 0-6.74 2.74L3 8"[39m
              [36m/>[39m
              [36m<path[39m
                [33md[39m=[32m"M3 3v5h5"[39m
              [36m/>[39m
              [36m<path[39m
                [33md[39m=[32m"M12 7v5l4 2"[39m
              [36m/>[39m
            [36m</svg>[39m
            [0mCheck Status[0m
          [36m</button>[39m
          [36m<button[39m
            [33mclass[39m=[32m"inline-flex items-center justify-center whitespace-nowrap rounded-md text-sm font-medium ring-offset-background transition-colors focus-visible:outline-none focus-visible:ring-2 focus-visible:ring-ring focus-visible:ring-offset-2 disabled:pointer-events-none disabled:opacity-50 bg-primary text-primary-foreground hover:bg-primary/90 h-10 px-4 py-2"[39m
          [36m>[39m
            [36m<svg[39m
              [33mclass[39m=[32m"lucide lucide-play mr-2 h-4 w-4"[39m
              [33mfill[39m=[32m"none"[39m
              [33mheight[39m=[32m"24"[39m
              [33mstroke[39m=[32m"currentColor"[39m
              [33mstroke-linecap[39m=[32m"round"[39m
              [33mstroke-linejoin[39m=[32m"round"[39m
              [33mstroke-width[39m=[32m"2"[39m
              [33mviewBox[39m=[32m"0 0 24 24"[39m
              [33mwidth[39m=[32m"24"[39m
              [33mxmlns[39m=[32m"http://www.w3.org/2000/svg"[39m
            [36m>[39m
              [36m<polygon[39m
                [33mpoints[39m=[32m"6 3 20 12 6 21 6 3"[39m
              [36m/>[39m
            [36m</svg>[39m
            [0mRun Pending[0m
          [36m</button>[39m
          [36m<button[39m
            [33mclass[39m=[32m"inline-flex items-center justify-center whitespace-nowrap rounded-md text-sm font-medium ring-offset-background transition-colors focus-visible:outline-none focus-visible:ring-2 focus-visible:ring-ring focus-visible:ring-offset-2 disabled:pointer-events-none disabled:opacity-50 border border-input bg-background hover:bg-accent hover:text-accent-foreground h-10 px-4 py-2"[39m
          [36m>[39m
            [36m<svg[39m
              [33mclass[39m=[32m"lucide lucide-file-text mr-2 h-4 w-4"[39m
              [33mfill[39m=[32m"none"[39m
              [33mheight[39m=[32m"24"[39m
              [33mstroke[39m=[32m"currentColor"[39m
              [33mstroke-linecap[39m=[32m"round"[39m
              [33mstroke-linejoin[39m=[32m"round"[39m
              [33mstroke-width[39m=[32m"2"[39m
              [33mviewBox[39m=[32m"0 0 24 24"[39m
              [33mwidth[39m=[32m"24"[39m
              [33mxmlns[39m=[32m"http://www.w3.org/2000/svg"[39m
            [36m>[39m
              [36m<path[39m
                [33md[39m=[32m"M15 2H6a2 2 0 0 0-2 2v16a2 2 0 0 0 2 2h12a2 2 0 0 0 2-2V7Z"[39m
              [36m/>[39m
              [36m<path[39m
                [33md[39m=[32m"M14 2v4a2 2 0 0 0 2 2h4"[39m
              [36m/>[39m
              [36m<path[39m
                [33md[39m=[32m"M10 9H8"[39m
              [36m/>[39m
              [36m<path[39m
                [33md[39m=[32m"M16 13H8"[39m
              [36m/>[39m
              [36m<path[39m
                [33md[39m=[32m"M16 17H8"[39m
              [36m/>[39m
            [36m</svg>[39m
            [0mExport Report[0m
          [36m</button>[39m
        [36m</div>[39m
        [36m<div[39m
          [33mclass[39m=[32m"relative w-full rounded-lg border p-4 [&>svg~*]:pl-7 [&>svg+div]:translate-y-[-3px] [&>svg]:absolute [&>svg]:left-4 [&>svg]:top-4 [&>svg]:text-foreground shadow-sm bg-background text-foreground"[39m
          [33mrole[39m=[32m"alert"[39m
        [36m>[39m
          [36m<svg[39m
            [33mclass[39m=[32m"lucide lucide-circle-alert h-4 w-4"[39m
  ...

Ignored nodes: comments, script, style
[36m<html>[39m
  [36m<head />[39m
  [36m<body>[39m
    [36m<div>[39m
      [36m<div[39m
        [33mclass[39m=[32m"rounded-lg border border-border/40 bg-background shadow-sm"[39m
      [36m>[39m
        [36m<div[39m
          [33mclass[39m=[32m"flex flex-col space-y-1.5 p-6"[39m
        [36m>[39m
          [36m<h3[39m
            [33mclass[39m=[32m"text-2xl font-semibold leading-none tracking-tight text-foreground flex items-center gap-2"[39m
          [36m>[39m
            [36m<svg[39m
              [33mclass[39m=[32m"lucide lucide-database h-5 w-5"[39m
              [33mfill[39m=[32m"none"[39m
              [33mheight[39m=[32m"24"[39m
              [33mstroke[39m=[32m"currentColor"[39m
              [33mstroke-linecap[39m=[32m"round"[39m
              [33mstroke-linejoin[39m=[32m"round"[39m
              [33mstroke-width[39m=[32m"2"[39m
              [33mviewBox[39m=[32m"0 0 24 24"[39m
              [33mwidth[39m=[32m"24"[39m
              [33mxmlns[39m=[32m"http://www.w3.org/2000/svg"[39m
            [36m>[39m
              [36m<ellipse[39m
                [33mcx[39m=[32m"12"[39m
                [33mcy[39m=[32m"5"[39m
                [33mrx[39m=[32m"9"[39m
                [33mry[39m=[32m"3"[39m
              [36m/>[39m
              [36m<path[39m
                [33md[39m=[32m"M3 5V19A9 3 0 0 0 21 19V5"[39m
              [36m/>[39m
              [36m<path[39m
                [33md[39m=[32m"M3 12A9 3 0 0 0 21 12"[39m
              [36m/>[39m
            [36m</svg>[39m
            [0mDatabase Migration System[0m
          [36m</h3>[39m
          [36m<p[39m
            [33mclass[39m=[32m"text-sm text-muted-foreground"[39m
          [36m>[39m
            [0mExecute and track database schema migrations with real SQL execution[0m
          [36m</p>[39m
        [36m</div>[39m
        [36m<div[39m
          [33mclass[39m=[32m"p-6 pt-0 space-y-4"[39m
        [36m>[39m
          [36m<div[39m
            [33mclass[39m=[32m"flex gap-2 flex-wrap"[39m
          [36m>[39m
            [36m<button[39m
              [33mclass[39m=[32m"inline-flex items-center justify-center whitespace-nowrap rounded-md text-sm font-medium ring-offset-background transition-colors focus-visible:outline-none focus-visible:ring-2 focus-visible:ring-ring focus-visible:ring-offset-2 disabled:pointer-events-none disabled:opacity-50 border border-input bg-background hover:bg-accent hover:text-accent-foreground h-10 px-4 py-2"[39m
            [36m>[39m
              [36m<svg[39m
                [33mclass[39m=[32m"lucide lucide-history mr-2 h-4 w-4"[39m
                [33mfill[39m=[32m"none"[39m
                [33mheight[39m=[32m"24"[39m
                [33mstroke[39m=[32m"currentColor"[39m
                [33mstroke-linecap[39m=[32m"round"[39m
                [33mstroke-linejoin[39m=[32m"round"[39m
                [33mstroke-width[39m=[32m"2"[39m
                [33mviewBox[39m=[32m"0 0 24 24"[39m
                [33mwidth[39m=[32m"24"[39m
                [33mxmlns[39m=[32m"http://www.w3.org/2000/svg"[39m
              [36m>[39m
                [36m<path[39m
                  [33md[39m=[32m"M3 12a9 9 0 1 0 9-9 9.75 9.75 0 0 0-6.74 2.74L3 8"[39m
                [36m/>[39m
                [36m<path[39m
                  [33md[39m=[32m"M3 3v5h5"[39m
                [36m/>[39m
                [36m<path[39m
                  [33md[39m=[32m"M12 7v5l4 2"[39m
                [36m/>[39m
              [36m</svg>[39m
              [0mCheck Status[0m
            [36m</button>[39m
            [36m<button[39m
              [33mclass[39m=[32m"inline-flex items-center justify-center whitespace-nowrap rounded-md text-sm font-medium ring-offset-background transition-colors focus-visible:outline-none focus-visible:ring-2 focus-visible:ring-ring focus-visible:ring-offset-2 disabled:pointer-events-none disabled:opacity-50 bg-primary text-primary-foreground hover:bg-primary/90 h-10 px-4 py-2"[39m
            [36m>[39m
              [36m<svg[39m
                [33mclass[39m=[32m"lucide lucide-play mr-2 h-4 w-4"[39m
                [33mfill[39m=[32m"none"[39m
                [33mheight[39m=[32m"24"[39m
                [33mstroke[39m=[32m"currentColor"[39m
                [33mstroke-linecap[39m=[32m"round"[39m
                [33mstroke-linejoin[39m=[32m"round"[39m
                [33mstroke-width[39m=[32m"2"[39m
                [33mviewBox[39m=[32m"0 0 24 24"[39m
                [33mwidth[39m=[32m"24"[39m
                [33mxmlns[39m=[32m"http://www.w3.org/2000/svg"[39m
              [36m>[39m
                [36m<polygon[39m
                  [33mpoints[39m=[32m"6 3 20 12 6 21 6 3"[39m
                [36m/>[39m
              [36m</svg>[39m
              [0mRun Pending[0m
            [36m</button>[39m
            [36m<button[39m
              [33mclass[39m=[32m"inline-flex items-center justify-center whitespace-nowrap rounded-md text-sm font-medium ring-offset-background transition-colors focus-visible:outline-none focus-visible:ring-2 focus-visible:ring-ring focus-visible:ring-offset-2 disabled:pointer-events-none disabled:opacity-50 border border-input bg-background hover:bg-accent hover:text-accent-foreground h-10 px-4 py-2"[39m
            [36m>[39m
              [36m<svg[39m
                [33mclass[39m=[32m"lucide lucide-file-text mr-2 h-4 w-4"[39m
                [33mfill[39m=[32m"none"[39m
                [33mheight[39m=[32m"24"[39m
                [33mstroke[39m=[32m"currentColor"[39m
                [33mstroke-linecap[39m=[32m"round"[39m
                [33mstroke-linejoin[39m=[32m"round"[39m
                [33mstroke-width[39m=[32m"2"[39m
                [33mviewBox[39m=[32m"0 0 24 24"[39m
                [33mwidth[39m=[32m"24"[39m
                [33mxmlns[39m=[32m"http://www.w3.org/2000/svg"[39m
              [36m>[39m
                [36m<path[39m
                  [33md[39m=[32m"M15 2H6a2 2 0 0 0-2 2v16a2 2 0 0 0 2 2h12a2 2 0 0 0 2-2V7Z"[39m
                [36m/>[39m
                [36m<path[39m
                  [33md[39m=[32m"M14 2v4a2 2 0 0 0 2 2h4"[39m
                [36m/>[39m
                [36m<path[39m
                  [33md[39m=[32m"M10 9H8"[39m
                [36m/>[39m
                [36m<path[39m
                  [33md[39m=[32m"M16 13H8"[39m
                [36m/>[39m
                [36m<path[39m
                  [33md[39m=[32m"M16 17H8"[39m
                [36m/>[39m
              [36m</svg>[39m
              [0mExport Report[0m
            [36m</button>[39m
          [36m</div>[39m
          [36m<div[39m
            [33mclass[39m=[32m"relative w-full rounded-lg border p-4 [&>svg~*]:pl-7 [&>svg...
   × DatabaseMigrationSystem Tests > executes migration 4ms
     → Unable to find an element with the text: /run migration/i. This could be because the text is broken up by multiple elements. In this case, you can provide a function for your text matcher to make your matcher more flexible.

Ignored nodes: comments, script, style
[36m<body>[39m
  [36m<div>[39m
    [36m<div[39m
      [33mclass[39m=[32m"rounded-lg border border-border/40 bg-background shadow-sm"[39m
    [36m>[39m
      [36m<div[39m
        [33mclass[39m=[32m"flex flex-col space-y-1.5 p-6"[39m
      [36m>[39m
        [36m<h3[39m
          [33mclass[39m=[32m"text-2xl font-semibold leading-none tracking-tight text-foreground flex items-center gap-2"[39m
        [36m>[39m
          [36m<svg[39m
            [33mclass[39m=[32m"lucide lucide-database h-5 w-5"[39m
            [33mfill[39m=[32m"none"[39m
            [33mheight[39m=[32m"24"[39m
            [33mstroke[39m=[32m"currentColor"[39m
            [33mstroke-linecap[39m=[32m"round"[39m
            [33mstroke-linejoin[39m=[32m"round"[39m
            [33mstroke-width[39m=[32m"2"[39m
            [33mviewBox[39m=[32m"0 0 24 24"[39m
            [33mwidth[39m=[32m"24"[39m
            [33mxmlns[39m=[32m"http://www.w3.org/2000/svg"[39m
          [36m>[39m
            [36m<ellipse[39m
              [33mcx[39m=[32m"12"[39m
              [33mcy[39m=[32m"5"[39m
              [33mrx[39m=[32m"9"[39m
              [33mry[39m=[32m"3"[39m
            [36m/>[39m
            [36m<path[39m
              [33md[39m=[32m"M3 5V19A9 3 0 0 0 21 19V5"[39m
            [36m/>[39m
            [36m<path[39m
              [33md[39m=[32m"M3 12A9 3 0 0 0 21 12"[39m
            [36m/>[39m
          [36m</svg>[39m
          [0mDatabase Migration System[0m
        [36m</h3>[39m
        [36m<p[39m
          [33mclass[39m=[32m"text-sm text-muted-foreground"[39m
        [36m>[39m
          [0mExecute and track database schema migrations with real SQL execution[0m
        [36m</p>[39m
      [36m</div>[39m
      [36m<div[39m
        [33mclass[39m=[32m"p-6 pt-0 space-y-4"[39m
      [36m>[39m
        [36m<div[39m
          [33mclass[39m=[32m"flex gap-2 flex-wrap"[39m
        [36m>[39m
          [36m<button[39m
            [33mclass[39m=[32m"inline-flex items-center justify-center whitespace-nowrap rounded-md text-sm font-medium ring-offset-background transition-colors focus-visible:outline-none focus-visible:ring-2 focus-visible:ring-ring focus-visible:ring-offset-2 disabled:pointer-events-none disabled:opacity-50 border border-input bg-background hover:bg-accent hover:text-accent-foreground h-10 px-4 py-2"[39m
            [33mdisabled[39m=[32m""[39m
          [36m>[39m
            [36m<svg[39m
              [33mclass[39m=[32m"lucide lucide-refresh-cw mr-2 h-4 w-4 animate-spin"[39m
              [33mfill[39m=[32m"none"[39m
              [33mheight[39m=[32m"24"[39m
              [33mstroke[39m=[32m"currentColor"[39m
              [33mstroke-linecap[39m=[32m"round"[39m
              [33mstroke-linejoin[39m=[32m"round"[39m
              [33mstroke-width[39m=[32m"2"[39m
              [33mviewBox[39m=[32m"0 0 24 24"[39m
              [33mwidth[39m=[32m"24"[39m
              [33mxmlns[39m=[32m"http://www.w3.org/2000/svg"[39m
            [36m>[39m
              [36m<path[39m
                [33md[39m=[32m"M3 12a9 9 0 0 1 9-9 9.75 9.75 0 0 1 6.74 2.74L21 8"[39m
              [36m/>[39m
              [36m<path[39m
                [33md[39m=[32m"M21 3v5h-5"[39m
              [36m/>[39m
              [36m<path[39m
                [33md[39m=[32m"M21 12a9 9 0 0 1-9 9 9.75 9.75 0 0 1-6.74-2.74L3 16"[39m
              [36m/>[39m
              [36m<path[39m
                [33md[39m=[32m"M8 16H3v5"[39m
              [36m/>[39m
            [36m</svg>[39m
            [0mCheck Status[0m
          [36m</button>[39m
          [36m<button[39m
            [33mclass[39m=[32m"inline-flex items-center justify-center whitespace-nowrap rounded-md text-sm font-medium ring-offset-background transition-colors focus-visible:outline-none focus-visible:ring-2 focus-visible:ring-ring focus-visible:ring-offset-2 disabled:pointer-events-none disabled:opacity-50 bg-primary text-primary-foreground hover:bg-primary/90 h-10 px-4 py-2"[39m
            [33mdisabled[39m=[32m""[39m
          [36m>[39m
            [36m<svg[39m
              [33mclass[39m=[32m"lucide lucide-play mr-2 h-4 w-4"[39m
              [33mfill[39m=[32m"none"[39m
              [33mheight[39m=[32m"24"[39m
              [33mstroke[39m=[32m"currentColor"[39m
              [33mstroke-linecap[39m=[32m"round"[39m
              [33mstroke-linejoin[39m=[32m"round"[39m
              [33mstroke-width[39m=[32m"2"[39m
              [33mviewBox[39m=[32m"0 0 24 24"[39m
              [33mwidth[39m=[32m"24"[39m
              [33mxmlns[39m=[32m"http://www.w3.org/2000/svg"[39m
            [36m>[39m
              [36m<polygon[39m
                [33mpoints[39m=[32m"6 3 20 12 6 21 6 3"[39m
              [36m/>[39m
            [36m</svg>[39m
            [0mRun Pending[0m
          [36m</button>[39m
          [36m<button[39m
            [33mclass[39m=[32m"inline-flex items-center justify-center whitespace-nowrap rounded-md text-sm font-medium ring-offset-background transition-colors focus-visible:outline-none focus-visible:ring-2 focus-visible:ring-ring focus-visible:ring-offset-2 disabled:pointer-events-none disabled:opacity-50 border border-input bg-background hover:bg-accent hover:text-accent-foreground h-10 px-4 py-2"[39m
          [36m>[39m
            [36m<svg[39m
              [33mclass[39m=[32m"lucide lucide-file-text mr-2 h-4 w-4"[39m
              [33mfill[39m=[32m"none"[39m
              [33mheight[39m=[32m"24"[39m
              [33mstroke[39m=[32m"currentColor"[39m
              [33mstroke-linecap[39m=[32m"round"[39m
              [33mstroke-linejoin[39m=[32m"round"[39m
              [33mstroke-width[39m=[32m"2"[39m
              [33mviewBox[39m=[32m"0 0 24 24"[39m
              [33mwidth[39m=[32m"24"[39m
              [33mxmlns[39m=[32m"http://www.w3.org/2000/svg"[39m
            [36m>[39m
              [36m<path[39m
                [33md[39m=[32m"M15 2H6a2 2 0 0 0-2 2v16a2 2 0 0 0 2 2h12a2 2 0 0 0 2-2V7Z"[39m
              [36m/>[39m
              [36m<path[39m
                [33md[39m=[32m"M14 2v4a2 2 0 0 0 2 2h4"[39m
              [36m/>[39m
              [36m<path[39m
                [33md[39m=[32m"M10 9H8"[39m
              [36m/>[39m
              [36m<path[39m
                [33md[39m=[32m"M16 13H8"[39m
              [36m/>[39m
              [36m<path[39m
                [33md[39m=[32m"M16 17H8"[39m
              [36m/>[39m
            [36m</svg>[39m
            [0mExport Report[0m
          [36m</button>[39m
        [36m</div>[39m
        [36m<div[39m
          [33mclass[39m=[32m"relative w-full rounded-lg border p-4 [&>svg~*]:pl-7 [&>svg+div]:translate-y-[-3px] [&>svg]:absolute [&>svg]:left-4 [&>svg]:top-4 [&>svg]:text-foreground shadow-sm bg-background text-foreground"[39m
          [33mrole[39m=[32m"alert"[39m
        [36m>[39m
          [36m<svg[39m
            [33mclass[39m=[32m"lucide lucide-circle-alert h-4 w-4"[39m
            [33mfill[39m=[32m"none"[39m
            [33mheight[39m=[32m"24"[39m
            [33mstroke[39m=[32m"currentColor"[39m
            [33mstroke-linecap[39m=[32m"round"[39m
            [33mstroke-linejoin[39m=[32m"round"[39m
            [33mstroke-width[39m=[32m"2"[39m
            [33mviewBox[39m=[32m"0 0 24 24"[39m
            [33mwidth[39m=[32m"24"[39m
            [33mxmlns[39m=[32m"http://www.w3.org/2000/svg"[39m
          [36m>[39m
            [36m<circle[39m
              [33mcx[39m=[32m"12"[39m
              [33mcy[39m=[32m"12"[39m
              [33mr[39m=[32m"10"[39m
            [36m/>[39m
            [36m<line[39m
              [33mx1[39m=[32m"12"[39m
              [33mx2[39m=[32m"12"[39m
              [33my1[39m=[32m"8"[39m
              [33my2[39m=[32m"12"[39m
            [36m/>[39m
            [36m<line[39m
              [33mx1[39m=[32m"12"[39m
              [33mx2[39m=[32m"12.01"[39m
              [33my1[39m=[32m"16"[39m
              [33my2[39m=[32m"16"[39m
            [36m/>[39m
          [36m</svg>[39m
          [36m<div[39m
            [33mclass[39m=[32m"text-sm [&_p]:leading-relaxed opacity-90"[39m
          [36m>[39m
            [0m0[0m
            [0m of [0m
            [0m0[0m
            [0m migrations applied[0m
          [36m</div>[39m
        [36m</div>[39m
        [36m<div[39m
          [33mclass[39m=[32m"space-y-2"[39m
        [36m/>[39m
      [36m</div>[39m
    [36m</div>[39m
  [36m</div>[39m
[36m</body>[39m
   × DatabaseMigrationSystem Tests > displays migration history 4ms
     → Unable to find an element with the text: /history/i. This could be because the text is broken up by multiple elements. In this case, you can provide a function for your text matcher to make your matcher more flexible.

Ignored nodes: comments, script, style
[36m<body>[39m
  [36m<div>[39m
    [36m<div[39m
      [33mclass[39m=[32m"rounded-lg border border-border/40 bg-background shadow-sm"[39m
    [36m>[39m
      [36m<div[39m
        [33mclass[39m=[32m"flex flex-col space-y-1.5 p-6"[39m
      [36m>[39m
        [36m<h3[39m
          [33mclass[39m=[32m"text-2xl font-semibold leading-none tracking-tight text-foreground flex items-center gap-2"[39m
        [36m>[39m
          [36m<svg[39m
            [33mclass[39m=[32m"lucide lucide-database h-5 w-5"[39m
            [33mfill[39m=[32m"none"[39m
            [33mheight[39m=[32m"24"[39m
            [33mstroke[39m=[32m"currentColor"[39m
            [33mstroke-linecap[39m=[32m"round"[39m
            [33mstroke-linejoin[39m=[32m"round"[39m
            [33mstroke-width[39m=[32m"2"[39m
            [33mviewBox[39m=[32m"0 0 24 24"[39m
            [33mwidth[39m=[32m"24"[39m
            [33mxmlns[39m=[32m"http://www.w3.org/2000/svg"[39m
          [36m>[39m
            [36m<ellipse[39m
              [33mcx[39m=[32m"12"[39m
              [33mcy[39m=[32m"5"[39m
              [33mrx[39m=[32m"9"[39m
              [33mry[39m=[32m"3"[39m
            [36m/>[39m
            [36m<path[39m
              [33md[39m=[32m"M3 5V19A9 3 0 0 0 21 19V5"[39m
            [36m/>[39m
            [36m<path[39m
              [33md[39m=[32m"M3 12A9 3 0 0 0 21 12"[39m
            [36m/>[39m
          [36m</svg>[39m
          [0mDatabase Migration System[0m
        [36m</h3>[39m
        [36m<p[39m
          [33mclass[39m=[32m"text-sm text-muted-foreground"[39m
        [36m>[39m
          [0mExecute and track database schema migrations with real SQL execution[0m
        [36m</p>[39m
      [36m</div>[39m
      [36m<div[39m
        [33mclass[39m=[32m"p-6 pt-0 space-y-4"[39m
      [36m>[39m
        [36m<div[39m
          [33mclass[39m=[32m"flex gap-2 flex-wrap"[39m
        [36m>[39m
          [36m<button[39m
            [33mclass[39m=[32m"inline-flex items-center justify-center whitespace-nowrap rounded-md text-sm font-medium ring-offset-background transition-colors focus-visible:outline-none focus-visible:ring-2 focus-visible:ring-ring focus-visible:ring-offset-2 disabled:pointer-events-none disabled:opacity-50 border border-input bg-background hover:bg-accent hover:text-accent-foreground h-10 px-4 py-2"[39m
            [33mdisabled[39m=[32m""[39m
          [36m>[39m
            [36m<svg[39m
              [33mclass[39m=[32m"lucide lucide-refresh-cw mr-2 h-4 w-4 animate-spin"[39m
              [33mfill[39m=[32m"none"[39m
              [33mheight[39m=[32m"24"[39m
              [33mstroke[39m=[32m"currentColor"[39m
              [33mstroke-linecap[39m=[32m"round"[39m
              [33mstroke-linejoin[39m=[32m"round"[39m
              [33mstroke-width[39m=[32m"2"[39m
              [33mviewBox[39m=[32m"0 0 24 24"[39m
              [33mwidth[39m=[32m"24"[39m
              [33mxmlns[39m=[32m"http://www.w3.org/2000/svg"[39m
            [36m>[39m
              [36m<path[39m
                [33md[39m=[32m"M3 12a9 9 0 0 1 9-9 9.75 9.75 0 0 1 6.74 2.74L21 8"[39m
              [36m/>[39m
              [36m<path[39m
                [33md[39m=[32m"M21 3v5h-5"[39m
              [36m/>[39m
              [36m<path[39m
                [33md[39m=[32m"M21 12a9 9 0 0 1-9 9 9.75 9.75 0 0 1-6.74-2.74L3 16"[39m
              [36m/>[39m
              [36m<path[39m
                [33md[39m=[32m"M8 16H3v5"[39m
              [36m/>[39m
            [36m</svg>[39m
            [0mCheck Status[0m
          [36m</button>[39m
          [36m<button[39m
            [33mclass[39m=[32m"inline-flex items-center justify-center whitespace-nowrap rounded-md text-sm font-medium ring-offset-background transition-colors focus-visible:outline-none focus-visible:ring-2 focus-visible:ring-ring focus-visible:ring-offset-2 disabled:pointer-events-none disabled:opacity-50 bg-primary text-primary-foreground hover:bg-primary/90 h-10 px-4 py-2"[39m
            [33mdisabled[39m=[32m""[39m
          [36m>[39m
            [36m<svg[39m
              [33mclass[39m=[32m"lucide lucide-play mr-2 h-4 w-4"[39m
              [33mfill[39m=[32m"none"[39m
              [33mheight[39m=[32m"24"[39m
              [33mstroke[39m=[32m"currentColor"[39m
              [33mstroke-linecap[39m=[32m"round"[39m
              [33mstroke-linejoin[39m=[32m"round"[39m
              [33mstroke-width[39m=[32m"2"[39m
              [33mviewBox[39m=[32m"0 0 24 24"[39m
              [33mwidth[39m=[32m"24"[39m
              [33mxmlns[39m=[32m"http://www.w3.org/2000/svg"[39m
            [36m>[39m
              [36m<polygon[39m
                [33mpoints[39m=[32m"6 3 20 12 6 21 6 3"[39m
              [36m/>[39m
            [36m</svg>[39m
            [0mRun Pending[0m
          [36m</button>[39m
          [36m<button[39m
            [33mclass[39m=[32m"inline-flex items-center justify-center whitespace-nowrap rounded-md text-sm font-medium ring-offset-background transition-colors focus-visible:outline-none focus-visible:ring-2 focus-visible:ring-ring focus-visible:ring-offset-2 disabled:pointer-events-none disabled:opacity-50 border border-input bg-background hover:bg-accent hover:text-accent-foreground h-10 px-4 py-2"[39m
          [36m>[39m
            [36m<svg[39m
              [33mclass[39m=[32m"lucide lucide-file-text mr-2 h-4 w-4"[39m
              [33mfill[39m=[32m"none"[39m
              [33mheight[39m=[32m"24"[39m
              [33mstroke[39m=[32m"currentColor"[39m
              [33mstroke-linecap[39m=[32m"round"[39m
              [33mstroke-linejoin[39m=[32m"round"[39m
              [33mstroke-width[39m=[32m"2"[39m
              [33mviewBox[39m=[32m"0 0 24 24"[39m
              [33mwidth[39m=[32m"24"[39m
              [33mxmlns[39m=[32m"http://www.w3.org/2000/svg"[39m
            [36m>[39m
              [36m<path[39m
                [33md[39m=[32m"M15 2H6a2 2 0 0 0-2 2v16a2 2 0 0 0 2 2h12a2 2 0 0 0 2-2V7Z"[39m
              [36m/>[39m
              [36m<path[39m
                [33md[39m=[32m"M14 2v4a2 2 0 0 0 2 2h4"[39m
              [36m/>[39m
              [36m<path[39m
                [33md[39m=[32m"M10 9H8"[39m
              [36m/>[39m
              [36m<path[39m
                [33md[39m=[32m"M16 13H8"[39m
              [36m/>[39m
              [36m<path[39m
                [33md[39m=[32m"M16 17H8"[39m
              [36m/>[39m
            [36m</svg>[39m
            [0mExport Report[0m
          [36m</button>[39m
        [36m</div>[39m
        [36m<div[39m
          [33mclass[39m=[32m"relative w-full rounded-lg border p-4 [&>svg~*]:pl-7 [&>svg+div]:translate-y-[-3px] [&>svg]:absolute [&>svg]:left-4 [&>svg]:top-4 [&>svg]:text-foreground shadow-sm bg-background text-foreground"[39m
          [33mrole[39m=[32m"alert"[39m
        [36m>[39m
          [36m<svg[39m
            [33mclass[39m=[32m"lucide lucide-circle-alert h-4 w-4"[39m
            [33mfill[39m=[32m"none"[39m
            [33mheight[39m=[32m"24"[39m
            [33mstroke[39m=[32m"currentColor"[39m
            [33mstroke-linecap[39m=[32m"round"[39m
            [33mstroke-linejoin[39m=[32m"round"[39m
            [33mstroke-width[39m=[32m"2"[39m
            [33mviewBox[39m=[32m"0 0 24 24"[39m
            [33mwidth[39m=[32m"24"[39m
            [33mxmlns[39m=[32m"http://www.w3.org/2000/svg"[39m
          [36m>[39m
            [36m<circle[39m
              [33mcx[39m=[32m"12"[39m
              [33mcy[39m=[32m"12"[39m
              [33mr[39m=[32m"10"[39m
            [36m/>[39m
            [36m<line[39m
              [33mx1[39m=[32m"12"[39m
              [33mx2[39m=[32m"12"[39m
              [33my1[39m=[32m"8"[39m
              [33my2[39m=[32m"12"[39m
            [36m/>[39m
            [36m<line[39m
              [33mx1[39m=[32m"12"[39m
              [33mx2[39m=[32m"12.01"[39m
              [33my1[39m=[32m"16"[39m
              [33my2[39m=[32m"16"[39m
            [36m/>[39m
          [36m</svg>[39m
          [36m<div[39m
            [33mclass[39m=[32m"text-sm [&_p]:leading-relaxed opacity-90"[39m
          [36m>[39m
            [0m0[0m
            [0m of [0m
            [0m0[0m
            [0m migrations applied[0m
          [36m</div>[39m
        [36m</div>[39m
        [36m<div[39m
          [33mclass[39m=[32m"space-y-2"[39m
        [36m/>[39m
      [36m</div>[39m
    [36m</div>[39m
  [36m</div>[39m
[36m</body>[39m
stderr | src/components/__tests__/SmartInstallPrompt.test.tsx > SmartInstallPrompt Tests > renders install prompt when available
Error: Uncaught [TypeError: e.preventDefault is not a function]
    at reportException (/Users/ghogue/Library/CloudStorage/OneDrive-InsightfulOutcomes,LLC/IS-LTD/APPS/CaliberVault/node_modules/jsdom/lib/jsdom/living/helpers/runtime-script-errors.js:66:24)
    at innerInvokeEventListeners (/Users/ghogue/Library/CloudStorage/OneDrive-InsightfulOutcomes,LLC/IS-LTD/APPS/CaliberVault/node_modules/jsdom/lib/jsdom/living/events/EventTarget-impl.js:353:9)
    at invokeEventListeners (/Users/ghogue/Library/CloudStorage/OneDrive-InsightfulOutcomes,LLC/IS-LTD/APPS/CaliberVault/node_modules/jsdom/lib/jsdom/living/events/EventTarget-impl.js:286:3)
    at HTMLUnknownElementImpl._dispatch (/Users/ghogue/Library/CloudStorage/OneDrive-InsightfulOutcomes,LLC/IS-LTD/APPS/CaliberVault/node_modules/jsdom/lib/jsdom/living/events/EventTarget-impl.js:233:9)
    at HTMLUnknownElementImpl.dispatchEvent (/Users/ghogue/Library/CloudStorage/OneDrive-InsightfulOutcomes,LLC/IS-LTD/APPS/CaliberVault/node_modules/jsdom/lib/jsdom/living/events/EventTarget-impl.js:104:17)
    at HTMLUnknownElement.dispatchEvent (/Users/ghogue/Library/CloudStorage/OneDrive-InsightfulOutcomes,LLC/IS-LTD/APPS/CaliberVault/node_modules/jsdom/lib/jsdom/living/generated/EventTarget.js:241:34)
    at Object.invokeGuardedCallbackDev (/Users/ghogue/Library/CloudStorage/OneDrive-InsightfulOutcomes,LLC/IS-LTD/APPS/CaliberVault/node_modules/react-dom/cjs/react-dom.development.js:4213:16)
    at invokeGuardedCallback (/Users/ghogue/Library/CloudStorage/OneDrive-InsightfulOutcomes,LLC/IS-LTD/APPS/CaliberVault/node_modules/react-dom/cjs/react-dom.development.js:4277:31)
    at reportUncaughtErrorInDEV (/Users/ghogue/Library/CloudStorage/OneDrive-InsightfulOutcomes,LLC/IS-LTD/APPS/CaliberVault/node_modules/react-dom/cjs/react-dom.development.js:22877:5)
    at captureCommitPhaseError (/Users/ghogue/Library/CloudStorage/OneDrive-InsightfulOutcomes,LLC/IS-LTD/APPS/CaliberVault/node_modules/react-dom/cjs/react-dom.development.js:27165:5) TypeError: e.preventDefault is not a function
    at handleBeforeInstallPrompt (/Users/ghogue/Library/CloudStorage/OneDrive-InsightfulOutcomes,LLC/IS-LTD/APPS/CaliberVault/src/hooks/usePWA.ts:40:9)
    at /Users/ghogue/Library/CloudStorage/OneDrive-InsightfulOutcomes,LLC/IS-LTD/APPS/CaliberVault/src/components/__tests__/SmartInstallPrompt.test.tsx:17:9
    at mockCall (file:///Users/ghogue/Library/CloudStorage/OneDrive-InsightfulOutcomes,LLC/IS-LTD/APPS/CaliberVault/node_modules/@vitest/spy/dist/index.js:61:17)
    at spy (file:///Users/ghogue/Library/CloudStorage/OneDrive-InsightfulOutcomes,LLC/IS-LTD/APPS/CaliberVault/node_modules/tinyspy/dist/index.js:45:80)
    at /Users/ghogue/Library/CloudStorage/OneDrive-InsightfulOutcomes,LLC/IS-LTD/APPS/CaliberVault/src/hooks/usePWA.ts:73:12
    at commitHookEffectListMount (/Users/ghogue/Library/CloudStorage/OneDrive-InsightfulOutcomes,LLC/IS-LTD/APPS/CaliberVault/node_modules/react-dom/cjs/react-dom.development.js:23189:26)
    at commitPassiveMountOnFiber (/Users/ghogue/Library/CloudStorage/OneDrive-InsightfulOutcomes,LLC/IS-LTD/APPS/CaliberVault/node_modules/react-dom/cjs/react-dom.development.js:24970:11)
    at commitPassiveMountEffects_complete (/Users/ghogue/Library/CloudStorage/OneDrive-InsightfulOutcomes,LLC/IS-LTD/APPS/CaliberVault/node_modules/react-dom/cjs/react-dom.development.js:24930:9)
    at commitPassiveMountEffects_begin (/Users/ghogue/Library/CloudStorage/OneDrive-InsightfulOutcomes,LLC/IS-LTD/APPS/CaliberVault/node_modules/react-dom/cjs/react-dom.development.js:24917:7)
    at commitPassiveMountEffects (/Users/ghogue/Library/CloudStorage/OneDrive-InsightfulOutcomes,LLC/IS-LTD/APPS/CaliberVault/node_modules/react-dom/cjs/react-dom.development.js:24905:3) {
  stackStr: 'TypeError: e.preventDefault is not a function\n' +
    '    at handleBeforeInstallPrompt (/Users/ghogue/Library/CloudStorage/OneDrive-InsightfulOutcomes,LLC/IS-LTD/APPS/CaliberVault/src/hooks/usePWA.ts:40:9)\n' +
    '    at /Users/ghogue/Library/CloudStorage/OneDrive-InsightfulOutcomes,LLC/IS-LTD/APPS/CaliberVault/src/components/__tests__/SmartInstallPrompt.test.tsx:17:9\n' +
    '    at mockCall (file:///Users/ghogue/Library/CloudStorage/OneDrive-InsightfulOutcomes,LLC/IS-LTD/APPS/CaliberVault/node_modules/@vitest/spy/dist/index.js:61:17)\n' +
    '    at spy (file:///Users/ghogue/Library/CloudStorage/OneDrive-InsightfulOutcomes,LLC/IS-LTD/APPS/CaliberVault/node_modules/tinyspy/dist/index.js:45:80)\n' +
    '    at /Users/ghogue/Library/CloudStorage/OneDrive-InsightfulOutcomes,LLC/IS-LTD/APPS/CaliberVault/src/hooks/usePWA.ts:73:12\n' +
    '    at commitHookEffectListMount (/Users/ghogue/Library/CloudStorage/OneDrive-InsightfulOutcomes,LLC/IS-LTD/APPS/CaliberVault/node_modules/react-dom/cjs/react-dom.development.js:23189:26)\n' +
    '    at commitPassiveMountOnFiber (/Users/ghogue/Library/CloudStorage/OneDrive-InsightfulOutcomes,LLC/IS-LTD/APPS/CaliberVault/node_modules/react-dom/cjs/react-dom.development.js:24970:11)\n' +
    '    at commitPassiveMountEffects_complete (/Users/ghogue/Library/CloudStorage/OneDrive-InsightfulOutcomes,LLC/IS-LTD/APPS/CaliberVault/node_modules/react-dom/cjs/react-dom.development.js:24930:9)\n' +
    '    at commitPassiveMountEffects_begin (/Users/ghogue/Library/CloudStorage/OneDrive-InsightfulOutcomes,LLC/IS-LTD/APPS/CaliberVault/node_modules/react-dom/cjs/react-dom.development.js:24917:7)\n' +
    '    at commitPassiveMountEffects (/Users/ghogue/Library/CloudStorage/OneDrive-InsightfulOutcomes,LLC/IS-LTD/APPS/CaliberVault/node_modules/react-dom/cjs/react-dom.development.js:24905:3)',
  nameStr: 'TypeError',
  expected: 'undefined',
  actual: 'undefined'
}
The above error occurred in the <SmartInstallPrompt> component:

    at SmartInstallPrompt (/Users/ghogue/Library/CloudStorage/OneDrive-InsightfulOutcomes,LLC/IS-LTD/APPS/CaliberVault/src/components/pwa/SmartInstallPrompt.tsx:16:61)

Consider adding an error boundary to your tree to customize error handling behavior.
Visit https://reactjs.org/link/error-boundaries to learn more about error boundaries.

stderr | src/components/__tests__/SmartInstallPrompt.test.tsx > SmartInstallPrompt Tests > shows prompt after user engagement
Error: Uncaught [TypeError: e.preventDefault is not a function]
    at reportException (/Users/ghogue/Library/CloudStorage/OneDrive-InsightfulOutcomes,LLC/IS-LTD/APPS/CaliberVault/node_modules/jsdom/lib/jsdom/living/helpers/runtime-script-errors.js:66:24)
    at innerInvokeEventListeners (/Users/ghogue/Library/CloudStorage/OneDrive-InsightfulOutcomes,LLC/IS-LTD/APPS/CaliberVault/node_modules/jsdom/lib/jsdom/living/events/EventTarget-impl.js:353:9)
    at invokeEventListeners (/Users/ghogue/Library/CloudStorage/OneDrive-InsightfulOutcomes,LLC/IS-LTD/APPS/CaliberVault/node_modules/jsdom/lib/jsdom/living/events/EventTarget-impl.js:286:3)
    at HTMLUnknownElementImpl._dispatch (/Users/ghogue/Library/CloudStorage/OneDrive-InsightfulOutcomes,LLC/IS-LTD/APPS/CaliberVault/node_modules/jsdom/lib/jsdom/living/events/EventTarget-impl.js:233:9)
    at HTMLUnknownElementImpl.dispatchEvent (/Users/ghogue/Library/CloudStorage/OneDrive-InsightfulOutcomes,LLC/IS-LTD/APPS/CaliberVault/node_modules/jsdom/lib/jsdom/living/events/EventTarget-impl.js:104:17)
    at HTMLUnknownElement.dispatchEvent (/Users/ghogue/Library/CloudStorage/OneDrive-InsightfulOutcomes,LLC/IS-LTD/APPS/CaliberVault/node_modules/jsdom/lib/jsdom/living/generated/EventTarget.js:241:34)
    at Object.invokeGuardedCallbackDev (/Users/ghogue/Library/CloudStorage/OneDrive-InsightfulOutcomes,LLC/IS-LTD/APPS/CaliberVault/node_modules/react-dom/cjs/react-dom.development.js:4213:16)
    at invokeGuardedCallback (/Users/ghogue/Library/CloudStorage/OneDrive-InsightfulOutcomes,LLC/IS-LTD/APPS/CaliberVault/node_modules/react-dom/cjs/react-dom.development.js:4277:31)
    at reportUncaughtErrorInDEV (/Users/ghogue/Library/CloudStorage/OneDrive-InsightfulOutcomes,LLC/IS-LTD/APPS/CaliberVault/node_modules/react-dom/cjs/react-dom.development.js:22877:5)
    at captureCommitPhaseError (/Users/ghogue/Library/CloudStorage/OneDrive-InsightfulOutcomes,LLC/IS-LTD/APPS/CaliberVault/node_modules/react-dom/cjs/react-dom.development.js:27165:5) TypeError: e.preventDefault is not a function
    at handleBeforeInstallPrompt (/Users/ghogue/Library/CloudStorage/OneDrive-InsightfulOutcomes,LLC/IS-LTD/APPS/CaliberVault/src/hooks/usePWA.ts:40:9)
    at /Users/ghogue/Library/CloudStorage/OneDrive-InsightfulOutcomes,LLC/IS-LTD/APPS/CaliberVault/src/components/__tests__/SmartInstallPrompt.test.tsx:17:9
    at mockCall (file:///Users/ghogue/Library/CloudStorage/OneDrive-InsightfulOutcomes,LLC/IS-LTD/APPS/CaliberVault/node_modules/@vitest/spy/dist/index.js:61:17)
    at spy (file:///Users/ghogue/Library/CloudStorage/OneDrive-InsightfulOutcomes,LLC/IS-LTD/APPS/CaliberVault/node_modules/tinyspy/dist/index.js:45:80)
    at /Users/ghogue/Library/CloudStorage/OneDrive-InsightfulOutcomes,LLC/IS-LTD/APPS/CaliberVault/src/hooks/usePWA.ts:73:12
    at commitHookEffectListMount (/Users/ghogue/Library/CloudStorage/OneDrive-InsightfulOutcomes,LLC/IS-LTD/APPS/CaliberVault/node_modules/react-dom/cjs/react-dom.development.js:23189:26)
    at commitPassiveMountOnFiber (/Users/ghogue/Library/CloudStorage/OneDrive-InsightfulOutcomes,LLC/IS-LTD/APPS/CaliberVault/node_modules/react-dom/cjs/react-dom.development.js:24970:11)
    at commitPassiveMountEffects_complete (/Users/ghogue/Library/CloudStorage/OneDrive-InsightfulOutcomes,LLC/IS-LTD/APPS/CaliberVault/node_modules/react-dom/cjs/react-dom.development.js:24930:9)
    at commitPassiveMountEffects_begin (/Users/ghogue/Library/CloudStorage/OneDrive-InsightfulOutcomes,LLC/IS-LTD/APPS/CaliberVault/node_modules/react-dom/cjs/react-dom.development.js:24917:7)
    at commitPassiveMountEffects (/Users/ghogue/Library/CloudStorage/OneDrive-InsightfulOutcomes,LLC/IS-LTD/APPS/CaliberVault/node_modules/react-dom/cjs/react-dom.development.js:24905:3) {
  stackStr: 'TypeError: e.preventDefault is not a function\n' +
    '    at handleBeforeInstallPrompt (/Users/ghogue/Library/CloudStorage/OneDrive-InsightfulOutcomes,LLC/IS-LTD/APPS/CaliberVault/src/hooks/usePWA.ts:40:9)\n' +
    '    at /Users/ghogue/Library/CloudStorage/OneDrive-InsightfulOutcomes,LLC/IS-LTD/APPS/CaliberVault/src/components/__tests__/SmartInstallPrompt.test.tsx:17:9\n' +
    '    at mockCall (file:///Users/ghogue/Library/CloudStorage/OneDrive-InsightfulOutcomes,LLC/IS-LTD/APPS/CaliberVault/node_modules/@vitest/spy/dist/index.js:61:17)\n' +
    '    at spy (file:///Users/ghogue/Library/CloudStorage/OneDrive-InsightfulOutcomes,LLC/IS-LTD/APPS/CaliberVault/node_modules/tinyspy/dist/index.js:45:80)\n' +
    '    at /Users/ghogue/Library/CloudStorage/OneDrive-InsightfulOutcomes,LLC/IS-LTD/APPS/CaliberVault/src/hooks/usePWA.ts:73:12\n' +
    '    at commitHookEffectListMount (/Users/ghogue/Library/CloudStorage/OneDrive-InsightfulOutcomes,LLC/IS-LTD/APPS/CaliberVault/node_modules/react-dom/cjs/react-dom.development.js:23189:26)\n' +
    '    at commitPassiveMountOnFiber (/Users/ghogue/Library/CloudStorage/OneDrive-InsightfulOutcomes,LLC/IS-LTD/APPS/CaliberVault/node_modules/react-dom/cjs/react-dom.development.js:24970:11)\n' +
    '    at commitPassiveMountEffects_complete (/Users/ghogue/Library/CloudStorage/OneDrive-InsightfulOutcomes,LLC/IS-LTD/APPS/CaliberVault/node_modules/react-dom/cjs/react-dom.development.js:24930:9)\n' +
    '    at commitPassiveMountEffects_begin (/Users/ghogue/Library/CloudStorage/OneDrive-InsightfulOutcomes,LLC/IS-LTD/APPS/CaliberVault/node_modules/react-dom/cjs/react-dom.development.js:24917:7)\n' +
    '    at commitPassiveMountEffects (/Users/ghogue/Library/CloudStorage/OneDrive-InsightfulOutcomes,LLC/IS-LTD/APPS/CaliberVault/node_modules/react-dom/cjs/react-dom.development.js:24905:3)',
  nameStr: 'TypeError',
  expected: 'undefined',
  actual: 'undefined'
}
The above error occurred in the <SmartInstallPrompt> component:

    at SmartInstallPrompt (/Users/ghogue/Library/CloudStorage/OneDrive-InsightfulOutcomes,LLC/IS-LTD/APPS/CaliberVault/src/components/pwa/SmartInstallPrompt.tsx:16:61)

Consider adding an error boundary to your tree to customize error handling behavior.
Visit https://reactjs.org/link/error-boundaries to learn more about error boundaries.

stderr | src/components/__tests__/SmartInstallPrompt.test.tsx > SmartInstallPrompt Tests > handles install acceptance
Error: Uncaught [TypeError: e.preventDefault is not a function]
    at reportException (/Users/ghogue/Library/CloudStorage/OneDrive-InsightfulOutcomes,LLC/IS-LTD/APPS/CaliberVault/node_modules/jsdom/lib/jsdom/living/helpers/runtime-script-errors.js:66:24)
    at innerInvokeEventListeners (/Users/ghogue/Library/CloudStorage/OneDrive-InsightfulOutcomes,LLC/IS-LTD/APPS/CaliberVault/node_modules/jsdom/lib/jsdom/living/events/EventTarget-impl.js:353:9)
    at invokeEventListeners (/Users/ghogue/Library/CloudStorage/OneDrive-InsightfulOutcomes,LLC/IS-LTD/APPS/CaliberVault/node_modules/jsdom/lib/jsdom/living/events/EventTarget-impl.js:286:3)
    at HTMLUnknownElementImpl._dispatch (/Users/ghogue/Library/CloudStorage/OneDrive-InsightfulOutcomes,LLC/IS-LTD/APPS/CaliberVault/node_modules/jsdom/lib/jsdom/living/events/EventTarget-impl.js:233:9)
    at HTMLUnknownElementImpl.dispatchEvent (/Users/ghogue/Library/CloudStorage/OneDrive-InsightfulOutcomes,LLC/IS-LTD/APPS/CaliberVault/node_modules/jsdom/lib/jsdom/living/events/EventTarget-impl.js:104:17)
    at HTMLUnknownElement.dispatchEvent (/Users/ghogue/Library/CloudStorage/OneDrive-InsightfulOutcomes,LLC/IS-LTD/APPS/CaliberVault/node_modules/jsdom/lib/jsdom/living/generated/EventTarget.js:241:34)
    at Object.invokeGuardedCallbackDev (/Users/ghogue/Library/CloudStorage/OneDrive-InsightfulOutcomes,LLC/IS-LTD/APPS/CaliberVault/node_modules/react-dom/cjs/react-dom.development.js:4213:16)
    at invokeGuardedCallback (/Users/ghogue/Library/CloudStorage/OneDrive-InsightfulOutcomes,LLC/IS-LTD/APPS/CaliberVault/node_modules/react-dom/cjs/react-dom.development.js:4277:31)
    at reportUncaughtErrorInDEV (/Users/ghogue/Library/CloudStorage/OneDrive-InsightfulOutcomes,LLC/IS-LTD/APPS/CaliberVault/node_modules/react-dom/cjs/react-dom.development.js:22877:5)
    at captureCommitPhaseError (/Users/ghogue/Library/CloudStorage/OneDrive-InsightfulOutcomes,LLC/IS-LTD/APPS/CaliberVault/node_modules/react-dom/cjs/react-dom.development.js:27165:5) TypeError: e.preventDefault is not a function
    at handleBeforeInstallPrompt (/Users/ghogue/Library/CloudStorage/OneDrive-InsightfulOutcomes,LLC/IS-LTD/APPS/CaliberVault/src/hooks/usePWA.ts:40:9)
    at /Users/ghogue/Library/CloudStorage/OneDrive-InsightfulOutcomes,LLC/IS-LTD/APPS/CaliberVault/src/components/__tests__/SmartInstallPrompt.test.tsx:17:9
    at mockCall (file:///Users/ghogue/Library/CloudStorage/OneDrive-InsightfulOutcomes,LLC/IS-LTD/APPS/CaliberVault/node_modules/@vitest/spy/dist/index.js:61:17)
    at spy (file:///Users/ghogue/Library/CloudStorage/OneDrive-InsightfulOutcomes,LLC/IS-LTD/APPS/CaliberVault/node_modules/tinyspy/dist/index.js:45:80)
    at /Users/ghogue/Library/CloudStorage/OneDrive-InsightfulOutcomes,LLC/IS-LTD/APPS/CaliberVault/src/hooks/usePWA.ts:73:12
    at commitHookEffectListMount (/Users/ghogue/Library/CloudStorage/OneDrive-InsightfulOutcomes,LLC/IS-LTD/APPS/CaliberVault/node_modules/react-dom/cjs/react-dom.development.js:23189:26)
    at commitPassiveMountOnFiber (/Users/ghogue/Library/CloudStorage/OneDrive-InsightfulOutcomes,LLC/IS-LTD/APPS/CaliberVault/node_modules/react-dom/cjs/react-dom.development.js:24970:11)
    at commitPassiveMountEffects_complete (/Users/ghogue/Library/CloudStorage/OneDrive-InsightfulOutcomes,LLC/IS-LTD/APPS/CaliberVault/node_modules/react-dom/cjs/react-dom.development.js:24930:9)
    at commitPassiveMountEffects_begin (/Users/ghogue/Library/CloudStorage/OneDrive-InsightfulOutcomes,LLC/IS-LTD/APPS/CaliberVault/node_modules/react-dom/cjs/react-dom.development.js:24917:7)
    at commitPassiveMountEffects (/Users/ghogue/Library/CloudStorage/OneDrive-InsightfulOutcomes,LLC/IS-LTD/APPS/CaliberVault/node_modules/react-dom/cjs/react-dom.development.js:24905:3) {
  stackStr: 'TypeError: e.preventDefault is not a function\n' +
    '    at handleBeforeInstallPrompt (/Users/ghogue/Library/CloudStorage/OneDrive-InsightfulOutcomes,LLC/IS-LTD/APPS/CaliberVault/src/hooks/usePWA.ts:40:9)\n' +
    '    at /Users/ghogue/Library/CloudStorage/OneDrive-InsightfulOutcomes,LLC/IS-LTD/APPS/CaliberVault/src/components/__tests__/SmartInstallPrompt.test.tsx:17:9\n' +
    '    at mockCall (file:///Users/ghogue/Library/CloudStorage/OneDrive-InsightfulOutcomes,LLC/IS-LTD/APPS/CaliberVault/node_modules/@vitest/spy/dist/index.js:61:17)\n' +
    '    at spy (file:///Users/ghogue/Library/CloudStorage/OneDrive-InsightfulOutcomes,LLC/IS-LTD/APPS/CaliberVault/node_modules/tinyspy/dist/index.js:45:80)\n' +
    '    at /Users/ghogue/Library/CloudStorage/OneDrive-InsightfulOutcomes,LLC/IS-LTD/APPS/CaliberVault/src/hooks/usePWA.ts:73:12\n' +
    '    at commitHookEffectListMount (/Users/ghogue/Library/CloudStorage/OneDrive-InsightfulOutcomes,LLC/IS-LTD/APPS/CaliberVault/node_modules/react-dom/cjs/react-dom.development.js:23189:26)\n' +
    '    at commitPassiveMountOnFiber (/Users/ghogue/Library/CloudStorage/OneDrive-InsightfulOutcomes,LLC/IS-LTD/APPS/CaliberVault/node_modules/react-dom/cjs/react-dom.development.js:24970:11)\n' +
    '    at commitPassiveMountEffects_complete (/Users/ghogue/Library/CloudStorage/OneDrive-InsightfulOutcomes,LLC/IS-LTD/APPS/CaliberVault/node_modules/react-dom/cjs/react-dom.development.js:24930:9)\n' +
    '    at commitPassiveMountEffects_begin (/Users/ghogue/Library/CloudStorage/OneDrive-InsightfulOutcomes,LLC/IS-LTD/APPS/CaliberVault/node_modules/react-dom/cjs/react-dom.development.js:24917:7)\n' +
    '    at commitPassiveMountEffects (/Users/ghogue/Library/CloudStorage/OneDrive-InsightfulOutcomes,LLC/IS-LTD/APPS/CaliberVault/node_modules/react-dom/cjs/react-dom.development.js:24905:3)',
  nameStr: 'TypeError',
  expected: 'undefined',
  actual: 'undefined'
}
The above error occurred in the <SmartInstallPrompt> component:

    at SmartInstallPrompt (/Users/ghogue/Library/CloudStorage/OneDrive-InsightfulOutcomes,LLC/IS-LTD/APPS/CaliberVault/src/components/pwa/SmartInstallPrompt.tsx:16:61)

Consider adding an error boundary to your tree to customize error handling behavior.
Visit https://reactjs.org/link/error-boundaries to learn more about error boundaries.

stderr | src/components/__tests__/SmartInstallPrompt.test.tsx > SmartInstallPrompt Tests > dismisses prompt
Error: Uncaught [TypeError: e.preventDefault is not a function]
    at reportException (/Users/ghogue/Library/CloudStorage/OneDrive-InsightfulOutcomes,LLC/IS-LTD/APPS/CaliberVault/node_modules/jsdom/lib/jsdom/living/helpers/runtime-script-errors.js:66:24)
    at innerInvokeEventListeners (/Users/ghogue/Library/CloudStorage/OneDrive-InsightfulOutcomes,LLC/IS-LTD/APPS/CaliberVault/node_modules/jsdom/lib/jsdom/living/events/EventTarget-impl.js:353:9)
    at invokeEventListeners (/Users/ghogue/Library/CloudStorage/OneDrive-InsightfulOutcomes,LLC/IS-LTD/APPS/CaliberVault/node_modules/jsdom/lib/jsdom/living/events/EventTarget-impl.js:286:3)
    at HTMLUnknownElementImpl._dispatch (/Users/ghogue/Library/CloudStorage/OneDrive-InsightfulOutcomes,LLC/IS-LTD/APPS/CaliberVault/node_modules/jsdom/lib/jsdom/living/events/EventTarget-impl.js:233:9)
    at HTMLUnknownElementImpl.dispatchEvent (/Users/ghogue/Library/CloudStorage/OneDrive-InsightfulOutcomes,LLC/IS-LTD/APPS/CaliberVault/node_modules/jsdom/lib/jsdom/living/events/EventTarget-impl.js:104:17)
    at HTMLUnknownElement.dispatchEvent (/Users/ghogue/Library/CloudStorage/OneDrive-InsightfulOutcomes,LLC/IS-LTD/APPS/CaliberVault/node_modules/jsdom/lib/jsdom/living/generated/EventTarget.js:241:34)
    at Object.invokeGuardedCallbackDev (/Users/ghogue/Library/CloudStorage/OneDrive-InsightfulOutcomes,LLC/IS-LTD/APPS/CaliberVault/node_modules/react-dom/cjs/react-dom.development.js:4213:16)
    at invokeGuardedCallback (/Users/ghogue/Library/CloudStorage/OneDrive-InsightfulOutcomes,LLC/IS-LTD/APPS/CaliberVault/node_modules/react-dom/cjs/react-dom.development.js:4277:31)
    at reportUncaughtErrorInDEV (/Users/ghogue/Library/CloudStorage/OneDrive-InsightfulOutcomes,LLC/IS-LTD/APPS/CaliberVault/node_modules/react-dom/cjs/react-dom.development.js:22877:5)
    at captureCommitPhaseError (/Users/ghogue/Library/CloudStorage/OneDrive-InsightfulOutcomes,LLC/IS-LTD/APPS/CaliberVault/node_modules/react-dom/cjs/react-dom.development.js:27165:5) TypeError: e.preventDefault is not a function
    at handleBeforeInstallPrompt (/Users/ghogue/Library/CloudStorage/OneDrive-InsightfulOutcomes,LLC/IS-LTD/APPS/CaliberVault/src/hooks/usePWA.ts:40:9)
    at /Users/ghogue/Library/CloudStorage/OneDrive-InsightfulOutcomes,LLC/IS-LTD/APPS/CaliberVault/src/components/__tests__/SmartInstallPrompt.test.tsx:17:9
    at mockCall (file:///Users/ghogue/Library/CloudStorage/OneDrive-InsightfulOutcomes,LLC/IS-LTD/APPS/CaliberVault/node_modules/@vitest/spy/dist/index.js:61:17)
    at spy (file:///Users/ghogue/Library/CloudStorage/OneDrive-InsightfulOutcomes,LLC/IS-LTD/APPS/CaliberVault/node_modules/tinyspy/dist/index.js:45:80)
    at /Users/ghogue/Library/CloudStorage/OneDrive-InsightfulOutcomes,LLC/IS-LTD/APPS/CaliberVault/src/hooks/usePWA.ts:73:12
    at commitHookEffectListMount (/Users/ghogue/Library/CloudStorage/OneDrive-InsightfulOutcomes,LLC/IS-LTD/APPS/CaliberVault/node_modules/react-dom/cjs/react-dom.development.js:23189:26)
    at commitPassiveMountOnFiber (/Users/ghogue/Library/CloudStorage/OneDrive-InsightfulOutcomes,LLC/IS-LTD/APPS/CaliberVault/node_modules/react-dom/cjs/react-dom.development.js:24970:11)
    at commitPassiveMountEffects_complete (/Users/ghogue/Library/CloudStorage/OneDrive-InsightfulOutcomes,LLC/IS-LTD/APPS/CaliberVault/node_modules/react-dom/cjs/react-dom.development.js:24930:9)
    at commitPassiveMountEffects_begin (/Users/ghogue/Library/CloudStorage/OneDrive-InsightfulOutcomes,LLC/IS-LTD/APPS/CaliberVault/node_modules/react-dom/cjs/react-dom.development.js:24917:7)
    at commitPassiveMountEffects (/Users/ghogue/Library/CloudStorage/OneDrive-InsightfulOutcomes,LLC/IS-LTD/APPS/CaliberVault/node_modules/react-dom/cjs/react-dom.development.js:24905:3) {
  stackStr: 'TypeError: e.preventDefault is not a function\n' +
    '    at handleBeforeInstallPrompt (/Users/ghogue/Library/CloudStorage/OneDrive-InsightfulOutcomes,LLC/IS-LTD/APPS/CaliberVault/src/hooks/usePWA.ts:40:9)\n' +
    '    at /Users/ghogue/Library/CloudStorage/OneDrive-InsightfulOutcomes,LLC/IS-LTD/APPS/CaliberVault/src/components/__tests__/SmartInstallPrompt.test.tsx:17:9\n' +
    '    at mockCall (file:///Users/ghogue/Library/CloudStorage/OneDrive-InsightfulOutcomes,LLC/IS-LTD/APPS/CaliberVault/node_modules/@vitest/spy/dist/index.js:61:17)\n' +
    '    at spy (file:///Users/ghogue/Library/CloudStorage/OneDrive-InsightfulOutcomes,LLC/IS-LTD/APPS/CaliberVault/node_modules/tinyspy/dist/index.js:45:80)\n' +
    '    at /Users/ghogue/Library/CloudStorage/OneDrive-InsightfulOutcomes,LLC/IS-LTD/APPS/CaliberVault/src/hooks/usePWA.ts:73:12\n' +
    '    at commitHookEffectListMount (/Users/ghogue/Library/CloudStorage/OneDrive-InsightfulOutcomes,LLC/IS-LTD/APPS/CaliberVault/node_modules/react-dom/cjs/react-dom.development.js:23189:26)\n' +
    '    at commitPassiveMountOnFiber (/Users/ghogue/Library/CloudStorage/OneDrive-InsightfulOutcomes,LLC/IS-LTD/APPS/CaliberVault/node_modules/react-dom/cjs/react-dom.development.js:24970:11)\n' +
    '    at commitPassiveMountEffects_complete (/Users/ghogue/Library/CloudStorage/OneDrive-InsightfulOutcomes,LLC/IS-LTD/APPS/CaliberVault/node_modules/react-dom/cjs/react-dom.development.js:24930:9)\n' +
    '    at commitPassiveMountEffects_begin (/Users/ghogue/Library/CloudStorage/OneDrive-InsightfulOutcomes,LLC/IS-LTD/APPS/CaliberVault/node_modules/react-dom/cjs/react-dom.development.js:24917:7)\n' +
    '    at commitPassiveMountEffects (/Users/ghogue/Library/CloudStorage/OneDrive-InsightfulOutcomes,LLC/IS-LTD/APPS/CaliberVault/node_modules/react-dom/cjs/react-dom.development.js:24905:3)',
  nameStr: 'TypeError',
  expected: 'undefined',
  actual: 'undefined'
}
The above error occurred in the <SmartInstallPrompt> component:

    at SmartInstallPrompt (/Users/ghogue/Library/CloudStorage/OneDrive-InsightfulOutcomes,LLC/IS-LTD/APPS/CaliberVault/src/components/pwa/SmartInstallPrompt.tsx:16:61)

Consider adding an error boundary to your tree to customize error handling behavior.
Visit https://reactjs.org/link/error-boundaries to learn more about error boundaries.

stderr | src/components/__tests__/SmartInstallPrompt.test.tsx > SmartInstallPrompt Tests > tracks install metrics
Error: Uncaught [TypeError: e.preventDefault is not a function]
    at reportException (/Users/ghogue/Library/CloudStorage/OneDrive-InsightfulOutcomes,LLC/IS-LTD/APPS/CaliberVault/node_modules/jsdom/lib/jsdom/living/helpers/runtime-script-errors.js:66:24)
    at innerInvokeEventListeners (/Users/ghogue/Library/CloudStorage/OneDrive-InsightfulOutcomes,LLC/IS-LTD/APPS/CaliberVault/node_modules/jsdom/lib/jsdom/living/events/EventTarget-impl.js:353:9)
    at invokeEventListeners (/Users/ghogue/Library/CloudStorage/OneDrive-InsightfulOutcomes,LLC/IS-LTD/APPS/CaliberVault/node_modules/jsdom/lib/jsdom/living/events/EventTarget-impl.js:286:3)
    at HTMLUnknownElementImpl._dispatch (/Users/ghogue/Library/CloudStorage/OneDrive-InsightfulOutcomes,LLC/IS-LTD/APPS/CaliberVault/node_modules/jsdom/lib/jsdom/living/events/EventTarget-impl.js:233:9)
    at HTMLUnknownElementImpl.dispatchEvent (/Users/ghogue/Library/CloudStorage/OneDrive-InsightfulOutcomes,LLC/IS-LTD/APPS/CaliberVault/node_modules/jsdom/lib/jsdom/living/events/EventTarget-impl.js:104:17)
    at HTMLUnknownElement.dispatchEvent (/Users/ghogue/Library/CloudStorage/OneDrive-InsightfulOutcomes,LLC/IS-LTD/APPS/CaliberVault/node_modules/jsdom/lib/jsdom/living/generated/EventTarget.js:241:34)
    at Object.invokeGuardedCallbackDev (/Users/ghogue/Library/CloudStorage/OneDrive-InsightfulOutcomes,LLC/IS-LTD/APPS/CaliberVault/node_modules/react-dom/cjs/react-dom.development.js:4213:16)
    at invokeGuardedCallback (/Users/ghogue/Library/CloudStorage/OneDrive-InsightfulOutcomes,LLC/IS-LTD/APPS/CaliberVault/node_modules/react-dom/cjs/react-dom.development.js:4277:31)
    at reportUncaughtErrorInDEV (/Users/ghogue/Library/CloudStorage/OneDrive-InsightfulOutcomes,LLC/IS-LTD/APPS/CaliberVault/node_modules/react-dom/cjs/react-dom.development.js:22877:5)
    at captureCommitPhaseError (/Users/ghogue/Library/CloudStorage/OneDrive-InsightfulOutcomes,LLC/IS-LTD/APPS/CaliberVault/node_modules/react-dom/cjs/react-dom.development.js:27165:5) TypeError: e.preventDefault is not a function
    at handleBeforeInstallPrompt (/Users/ghogue/Library/CloudStorage/OneDrive-InsightfulOutcomes,LLC/IS-LTD/APPS/CaliberVault/src/hooks/usePWA.ts:40:9)
    at /Users/ghogue/Library/CloudStorage/OneDrive-InsightfulOutcomes,LLC/IS-LTD/APPS/CaliberVault/src/components/__tests__/SmartInstallPrompt.test.tsx:17:9
    at mockCall (file:///Users/ghogue/Library/CloudStorage/OneDrive-InsightfulOutcomes,LLC/IS-LTD/APPS/CaliberVault/node_modules/@vitest/spy/dist/index.js:61:17)
    at spy (file:///Users/ghogue/Library/CloudStorage/OneDrive-InsightfulOutcomes,LLC/IS-LTD/APPS/CaliberVault/node_modules/tinyspy/dist/index.js:45:80)
    at /Users/ghogue/Library/CloudStorage/OneDrive-InsightfulOutcomes,LLC/IS-LTD/APPS/CaliberVault/src/hooks/usePWA.ts:73:12
    at commitHookEffectListMount (/Users/ghogue/Library/CloudStorage/OneDrive-InsightfulOutcomes,LLC/IS-LTD/APPS/CaliberVault/node_modules/react-dom/cjs/react-dom.development.js:23189:26)
    at commitPassiveMountOnFiber (/Users/ghogue/Library/CloudStorage/OneDrive-InsightfulOutcomes,LLC/IS-LTD/APPS/CaliberVault/node_modules/react-dom/cjs/react-dom.development.js:24970:11)
    at commitPassiveMountEffects_complete (/Users/ghogue/Library/CloudStorage/OneDrive-InsightfulOutcomes,LLC/IS-LTD/APPS/CaliberVault/node_modules/react-dom/cjs/react-dom.development.js:24930:9)
    at commitPassiveMountEffects_begin (/Users/ghogue/Library/CloudStorage/OneDrive-InsightfulOutcomes,LLC/IS-LTD/APPS/CaliberVault/node_modules/react-dom/cjs/react-dom.development.js:24917:7)
    at commitPassiveMountEffects (/Users/ghogue/Library/CloudStorage/OneDrive-InsightfulOutcomes,LLC/IS-LTD/APPS/CaliberVault/node_modules/react-dom/cjs/react-dom.development.js:24905:3) {
  stackStr: 'TypeError: e.preventDefault is not a function\n' +
    '    at handleBeforeInstallPrompt (/Users/ghogue/Library/CloudStorage/OneDrive-InsightfulOutcomes,LLC/IS-LTD/APPS/CaliberVault/src/hooks/usePWA.ts:40:9)\n' +
    '    at /Users/ghogue/Library/CloudStorage/OneDrive-InsightfulOutcomes,LLC/IS-LTD/APPS/CaliberVault/src/components/__tests__/SmartInstallPrompt.test.tsx:17:9\n' +
    '    at mockCall (file:///Users/ghogue/Library/CloudStorage/OneDrive-InsightfulOutcomes,LLC/IS-LTD/APPS/CaliberVault/node_modules/@vitest/spy/dist/index.js:61:17)\n' +
    '    at spy (file:///Users/ghogue/Library/CloudStorage/OneDrive-InsightfulOutcomes,LLC/IS-LTD/APPS/CaliberVault/node_modules/tinyspy/dist/index.js:45:80)\n' +
    '    at /Users/ghogue/Library/CloudStorage/OneDrive-InsightfulOutcomes,LLC/IS-LTD/APPS/CaliberVault/src/hooks/usePWA.ts:73:12\n' +
    '    at commitHookEffectListMount (/Users/ghogue/Library/CloudStorage/OneDrive-InsightfulOutcomes,LLC/IS-LTD/APPS/CaliberVault/node_modules/react-dom/cjs/react-dom.development.js:23189:26)\n' +
    '    at commitPassiveMountOnFiber (/Users/ghogue/Library/CloudStorage/OneDrive-InsightfulOutcomes,LLC/IS-LTD/APPS/CaliberVault/node_modules/react-dom/cjs/react-dom.development.js:24970:11)\n' +
    '    at commitPassiveMountEffects_complete (/Users/ghogue/Library/CloudStorage/OneDrive-InsightfulOutcomes,LLC/IS-LTD/APPS/CaliberVault/node_modules/react-dom/cjs/react-dom.development.js:24930:9)\n' +
    '    at commitPassiveMountEffects_begin (/Users/ghogue/Library/CloudStorage/OneDrive-InsightfulOutcomes,LLC/IS-LTD/APPS/CaliberVault/node_modules/react-dom/cjs/react-dom.development.js:24917:7)\n' +
    '    at commitPassiveMountEffects (/Users/ghogue/Library/CloudStorage/OneDrive-InsightfulOutcomes,LLC/IS-LTD/APPS/CaliberVault/node_modules/react-dom/cjs/react-dom.development.js:24905:3)',
  nameStr: 'TypeError',
  expected: 'undefined',
  actual: 'undefined'
}
The above error occurred in the <SmartInstallPrompt> component:

    at SmartInstallPrompt (/Users/ghogue/Library/CloudStorage/OneDrive-InsightfulOutcomes,LLC/IS-LTD/APPS/CaliberVault/src/components/pwa/SmartInstallPrompt.tsx:16:61)

Consider adding an error boundary to your tree to customize error handling behavior.
Visit https://reactjs.org/link/error-boundaries to learn more about error boundaries.

 ❯ src/components/__tests__/SmartInstallPrompt.test.tsx (5 tests | 5 failed) 23ms
   × SmartInstallPrompt Tests > renders install prompt when available 17ms
     → e.preventDefault is not a function
   × SmartInstallPrompt Tests > shows prompt after user engagement 2ms
     → e.preventDefault is not a function
   × SmartInstallPrompt Tests > handles install acceptance 1ms
     → e.preventDefault is not a function
   × SmartInstallPrompt Tests > dismisses prompt 1ms
     → e.preventDefault is not a function
   × SmartInstallPrompt Tests > tracks install metrics 1ms
     → e.preventDefault is not a function
 ❯ src/test/e2e/barcode-scanning.spec.ts (0 test)
stderr | src/hooks/__tests__/useInventoryFilters.test.ts > useInventoryFilters > should initialize with default filters
Error: Uncaught [TypeError: Cannot destructure property 'inventory' of 'undefined' as it is undefined.]
    at reportException (/Users/ghogue/Library/CloudStorage/OneDrive-InsightfulOutcomes,LLC/IS-LTD/APPS/CaliberVault/node_modules/jsdom/lib/jsdom/living/helpers/runtime-script-errors.js:66:24)
    at innerInvokeEventListeners (/Users/ghogue/Library/CloudStorage/OneDrive-InsightfulOutcomes,LLC/IS-LTD/APPS/CaliberVault/node_modules/jsdom/lib/jsdom/living/events/EventTarget-impl.js:353:9)
    at invokeEventListeners (/Users/ghogue/Library/CloudStorage/OneDrive-InsightfulOutcomes,LLC/IS-LTD/APPS/CaliberVault/node_modules/jsdom/lib/jsdom/living/events/EventTarget-impl.js:286:3)
    at HTMLUnknownElementImpl._dispatch (/Users/ghogue/Library/CloudStorage/OneDrive-InsightfulOutcomes,LLC/IS-LTD/APPS/CaliberVault/node_modules/jsdom/lib/jsdom/living/events/EventTarget-impl.js:233:9)
    at HTMLUnknownElementImpl.dispatchEvent (/Users/ghogue/Library/CloudStorage/OneDrive-InsightfulOutcomes,LLC/IS-LTD/APPS/CaliberVault/node_modules/jsdom/lib/jsdom/living/events/EventTarget-impl.js:104:17)
    at HTMLUnknownElement.dispatchEvent (/Users/ghogue/Library/CloudStorage/OneDrive-InsightfulOutcomes,LLC/IS-LTD/APPS/CaliberVault/node_modules/jsdom/lib/jsdom/living/generated/EventTarget.js:241:34)
    at Object.invokeGuardedCallbackDev (/Users/ghogue/Library/CloudStorage/OneDrive-InsightfulOutcomes,LLC/IS-LTD/APPS/CaliberVault/node_modules/react-dom/cjs/react-dom.development.js:4213:16)
    at invokeGuardedCallback (/Users/ghogue/Library/CloudStorage/OneDrive-InsightfulOutcomes,LLC/IS-LTD/APPS/CaliberVault/node_modules/react-dom/cjs/react-dom.development.js:4277:31)
    at beginWork$1 (/Users/ghogue/Library/CloudStorage/OneDrive-InsightfulOutcomes,LLC/IS-LTD/APPS/CaliberVault/node_modules/react-dom/cjs/react-dom.development.js:27490:7)
    at performUnitOfWork (/Users/ghogue/Library/CloudStorage/OneDrive-InsightfulOutcomes,LLC/IS-LTD/APPS/CaliberVault/node_modules/react-dom/cjs/react-dom.development.js:26599:12) TypeError: Cannot destructure property 'inventory' of 'undefined' as it is undefined.
    at Module.useInventoryFilters (/Users/ghogue/Library/CloudStorage/OneDrive-InsightfulOutcomes,LLC/IS-LTD/APPS/CaliberVault/src/hooks/useInventoryFilters.ts:17:3)
    at /Users/ghogue/Library/CloudStorage/OneDrive-InsightfulOutcomes,LLC/IS-LTD/APPS/CaliberVault/src/hooks/__tests__/useInventoryFilters.test.ts:7:41
    at TestComponent (/Users/ghogue/Library/CloudStorage/OneDrive-InsightfulOutcomes,LLC/IS-LTD/APPS/CaliberVault/node_modules/@testing-library/react/dist/pure.js:331:27)
    at renderWithHooks (/Users/ghogue/Library/CloudStorage/OneDrive-InsightfulOutcomes,LLC/IS-LTD/APPS/CaliberVault/node_modules/react-dom/cjs/react-dom.development.js:15486:18)
    at mountIndeterminateComponent (/Users/ghogue/Library/CloudStorage/OneDrive-InsightfulOutcomes,LLC/IS-LTD/APPS/CaliberVault/node_modules/react-dom/cjs/react-dom.development.js:20103:13)
    at beginWork (/Users/ghogue/Library/CloudStorage/OneDrive-InsightfulOutcomes,LLC/IS-LTD/APPS/CaliberVault/node_modules/react-dom/cjs/react-dom.development.js:21626:16)
    at HTMLUnknownElement.callCallback (/Users/ghogue/Library/CloudStorage/OneDrive-InsightfulOutcomes,LLC/IS-LTD/APPS/CaliberVault/node_modules/react-dom/cjs/react-dom.development.js:4164:14)
    at HTMLUnknownElement.callTheUserObjectsOperation (/Users/ghogue/Library/CloudStorage/OneDrive-InsightfulOutcomes,LLC/IS-LTD/APPS/CaliberVault/node_modules/jsdom/lib/jsdom/living/generated/EventListener.js:26:30)
    at innerInvokeEventListeners (/Users/ghogue/Library/CloudStorage/OneDrive-InsightfulOutcomes,LLC/IS-LTD/APPS/CaliberVault/node_modules/jsdom/lib/jsdom/living/events/EventTarget-impl.js:350:25)
    at invokeEventListeners (/Users/ghogue/Library/CloudStorage/OneDrive-InsightfulOutcomes,LLC/IS-LTD/APPS/CaliberVault/node_modules/jsdom/lib/jsdom/living/events/EventTarget-impl.js:286:3)
Error: Uncaught [TypeError: Cannot destructure property 'inventory' of 'undefined' as it is undefined.]
    at reportException (/Users/ghogue/Library/CloudStorage/OneDrive-InsightfulOutcomes,LLC/IS-LTD/APPS/CaliberVault/node_modules/jsdom/lib/jsdom/living/helpers/runtime-script-errors.js:66:24)
    at innerInvokeEventListeners (/Users/ghogue/Library/CloudStorage/OneDrive-InsightfulOutcomes,LLC/IS-LTD/APPS/CaliberVault/node_modules/jsdom/lib/jsdom/living/events/EventTarget-impl.js:353:9)
    at invokeEventListeners (/Users/ghogue/Library/CloudStorage/OneDrive-InsightfulOutcomes,LLC/IS-LTD/APPS/CaliberVault/node_modules/jsdom/lib/jsdom/living/events/EventTarget-impl.js:286:3)
    at HTMLUnknownElementImpl._dispatch (/Users/ghogue/Library/CloudStorage/OneDrive-InsightfulOutcomes,LLC/IS-LTD/APPS/CaliberVault/node_modules/jsdom/lib/jsdom/living/events/EventTarget-impl.js:233:9)
    at HTMLUnknownElementImpl.dispatchEvent (/Users/ghogue/Library/CloudStorage/OneDrive-InsightfulOutcomes,LLC/IS-LTD/APPS/CaliberVault/node_modules/jsdom/lib/jsdom/living/events/EventTarget-impl.js:104:17)
    at HTMLUnknownElement.dispatchEvent (/Users/ghogue/Library/CloudStorage/OneDrive-InsightfulOutcomes,LLC/IS-LTD/APPS/CaliberVault/node_modules/jsdom/lib/jsdom/living/generated/EventTarget.js:241:34)
    at Object.invokeGuardedCallbackDev (/Users/ghogue/Library/CloudStorage/OneDrive-InsightfulOutcomes,LLC/IS-LTD/APPS/CaliberVault/node_modules/react-dom/cjs/react-dom.development.js:4213:16)
    at invokeGuardedCallback (/Users/ghogue/Library/CloudStorage/OneDrive-InsightfulOutcomes,LLC/IS-LTD/APPS/CaliberVault/node_modules/react-dom/cjs/react-dom.development.js:4277:31)
    at beginWork$1 (/Users/ghogue/Library/CloudStorage/OneDrive-InsightfulOutcomes,LLC/IS-LTD/APPS/CaliberVault/node_modules/react-dom/cjs/react-dom.development.js:27490:7)
    at performUnitOfWork (/Users/ghogue/Library/CloudStorage/OneDrive-InsightfulOutcomes,LLC/IS-LTD/APPS/CaliberVault/node_modules/react-dom/cjs/react-dom.development.js:26599:12) TypeError: Cannot destructure property 'inventory' of 'undefined' as it is undefined.
    at Module.useInventoryFilters (/Users/ghogue/Library/CloudStorage/OneDrive-InsightfulOutcomes,LLC/IS-LTD/APPS/CaliberVault/src/hooks/useInventoryFilters.ts:17:3)
    at /Users/ghogue/Library/CloudStorage/OneDrive-InsightfulOutcomes,LLC/IS-LTD/APPS/CaliberVault/src/hooks/__tests__/useInventoryFilters.test.ts:7:41
    at TestComponent (/Users/ghogue/Library/CloudStorage/OneDrive-InsightfulOutcomes,LLC/IS-LTD/APPS/CaliberVault/node_modules/@testing-library/react/dist/pure.js:331:27)
    at renderWithHooks (/Users/ghogue/Library/CloudStorage/OneDrive-InsightfulOutcomes,LLC/IS-LTD/APPS/CaliberVault/node_modules/react-dom/cjs/react-dom.development.js:15486:18)
    at mountIndeterminateComponent (/Users/ghogue/Library/CloudStorage/OneDrive-InsightfulOutcomes,LLC/IS-LTD/APPS/CaliberVault/node_modules/react-dom/cjs/react-dom.development.js:20103:13)
    at beginWork (/Users/ghogue/Library/CloudStorage/OneDrive-InsightfulOutcomes,LLC/IS-LTD/APPS/CaliberVault/node_modules/react-dom/cjs/react-dom.development.js:21626:16)
    at HTMLUnknownElement.callCallback (/Users/ghogue/Library/CloudStorage/OneDrive-InsightfulOutcomes,LLC/IS-LTD/APPS/CaliberVault/node_modules/react-dom/cjs/react-dom.development.js:4164:14)
    at HTMLUnknownElement.callTheUserObjectsOperation (/Users/ghogue/Library/CloudStorage/OneDrive-InsightfulOutcomes,LLC/IS-LTD/APPS/CaliberVault/node_modules/jsdom/lib/jsdom/living/generated/EventListener.js:26:30)
    at innerInvokeEventListeners (/Users/ghogue/Library/CloudStorage/OneDrive-InsightfulOutcomes,LLC/IS-LTD/APPS/CaliberVault/node_modules/jsdom/lib/jsdom/living/events/EventTarget-impl.js:350:25)
    at invokeEventListeners (/Users/ghogue/Library/CloudStorage/OneDrive-InsightfulOutcomes,LLC/IS-LTD/APPS/CaliberVault/node_modules/jsdom/lib/jsdom/living/events/EventTarget-impl.js:286:3)
The above error occurred in the <TestComponent> component:

    at TestComponent (/Users/ghogue/Library/CloudStorage/OneDrive-InsightfulOutcomes,LLC/IS-LTD/APPS/CaliberVault/node_modules/@testing-library/react/dist/pure.js:329:5)

Consider adding an error boundary to your tree to customize error handling behavior.
Visit https://reactjs.org/link/error-boundaries to learn more about error boundaries.

stderr | src/hooks/__tests__/useInventoryFilters.test.ts > useInventoryFilters > should update search filter
Error: Uncaught [TypeError: Cannot destructure property 'inventory' of 'undefined' as it is undefined.]
    at reportException (/Users/ghogue/Library/CloudStorage/OneDrive-InsightfulOutcomes,LLC/IS-LTD/APPS/CaliberVault/node_modules/jsdom/lib/jsdom/living/helpers/runtime-script-errors.js:66:24)
    at innerInvokeEventListeners (/Users/ghogue/Library/CloudStorage/OneDrive-InsightfulOutcomes,LLC/IS-LTD/APPS/CaliberVault/node_modules/jsdom/lib/jsdom/living/events/EventTarget-impl.js:353:9)
    at invokeEventListeners (/Users/ghogue/Library/CloudStorage/OneDrive-InsightfulOutcomes,LLC/IS-LTD/APPS/CaliberVault/node_modules/jsdom/lib/jsdom/living/events/EventTarget-impl.js:286:3)
    at HTMLUnknownElementImpl._dispatch (/Users/ghogue/Library/CloudStorage/OneDrive-InsightfulOutcomes,LLC/IS-LTD/APPS/CaliberVault/node_modules/jsdom/lib/jsdom/living/events/EventTarget-impl.js:233:9)
    at HTMLUnknownElementImpl.dispatchEvent (/Users/ghogue/Library/CloudStorage/OneDrive-InsightfulOutcomes,LLC/IS-LTD/APPS/CaliberVault/node_modules/jsdom/lib/jsdom/living/events/EventTarget-impl.js:104:17)
    at HTMLUnknownElement.dispatchEvent (/Users/ghogue/Library/CloudStorage/OneDrive-InsightfulOutcomes,LLC/IS-LTD/APPS/CaliberVault/node_modules/jsdom/lib/jsdom/living/generated/EventTarget.js:241:34)
    at Object.invokeGuardedCallbackDev (/Users/ghogue/Library/CloudStorage/OneDrive-InsightfulOutcomes,LLC/IS-LTD/APPS/CaliberVault/node_modules/react-dom/cjs/react-dom.development.js:4213:16)
    at invokeGuardedCallback (/Users/ghogue/Library/CloudStorage/OneDrive-InsightfulOutcomes,LLC/IS-LTD/APPS/CaliberVault/node_modules/react-dom/cjs/react-dom.development.js:4277:31)
    at beginWork$1 (/Users/ghogue/Library/CloudStorage/OneDrive-InsightfulOutcomes,LLC/IS-LTD/APPS/CaliberVault/node_modules/react-dom/cjs/react-dom.development.js:27490:7)
    at performUnitOfWork (/Users/ghogue/Library/CloudStorage/OneDrive-InsightfulOutcomes,LLC/IS-LTD/APPS/CaliberVault/node_modules/react-dom/cjs/react-dom.development.js:26599:12) TypeError: Cannot destructure property 'inventory' of 'undefined' as it is undefined.
    at Module.useInventoryFilters (/Users/ghogue/Library/CloudStorage/OneDrive-InsightfulOutcomes,LLC/IS-LTD/APPS/CaliberVault/src/hooks/useInventoryFilters.ts:17:3)
    at /Users/ghogue/Library/CloudStorage/OneDrive-InsightfulOutcomes,LLC/IS-LTD/APPS/CaliberVault/src/hooks/__tests__/useInventoryFilters.test.ts:19:41
    at TestComponent (/Users/ghogue/Library/CloudStorage/OneDrive-InsightfulOutcomes,LLC/IS-LTD/APPS/CaliberVault/node_modules/@testing-library/react/dist/pure.js:331:27)
    at renderWithHooks (/Users/ghogue/Library/CloudStorage/OneDrive-InsightfulOutcomes,LLC/IS-LTD/APPS/CaliberVault/node_modules/react-dom/cjs/react-dom.development.js:15486:18)
    at mountIndeterminateComponent (/Users/ghogue/Library/CloudStorage/OneDrive-InsightfulOutcomes,LLC/IS-LTD/APPS/CaliberVault/node_modules/react-dom/cjs/react-dom.development.js:20103:13)
    at beginWork (/Users/ghogue/Library/CloudStorage/OneDrive-InsightfulOutcomes,LLC/IS-LTD/APPS/CaliberVault/node_modules/react-dom/cjs/react-dom.development.js:21626:16)
    at HTMLUnknownElement.callCallback (/Users/ghogue/Library/CloudStorage/OneDrive-InsightfulOutcomes,LLC/IS-LTD/APPS/CaliberVault/node_modules/react-dom/cjs/react-dom.development.js:4164:14)
    at HTMLUnknownElement.callTheUserObjectsOperation (/Users/ghogue/Library/CloudStorage/OneDrive-InsightfulOutcomes,LLC/IS-LTD/APPS/CaliberVault/node_modules/jsdom/lib/jsdom/living/generated/EventListener.js:26:30)
    at innerInvokeEventListeners (/Users/ghogue/Library/CloudStorage/OneDrive-InsightfulOutcomes,LLC/IS-LTD/APPS/CaliberVault/node_modules/jsdom/lib/jsdom/living/events/EventTarget-impl.js:350:25)
    at invokeEventListeners (/Users/ghogue/Library/CloudStorage/OneDrive-InsightfulOutcomes,LLC/IS-LTD/APPS/CaliberVault/node_modules/jsdom/lib/jsdom/living/events/EventTarget-impl.js:286:3)
Error: Uncaught [TypeError: Cannot destructure property 'inventory' of 'undefined' as it is undefined.]
    at reportException (/Users/ghogue/Library/CloudStorage/OneDrive-InsightfulOutcomes,LLC/IS-LTD/APPS/CaliberVault/node_modules/jsdom/lib/jsdom/living/helpers/runtime-script-errors.js:66:24)
    at innerInvokeEventListeners (/Users/ghogue/Library/CloudStorage/OneDrive-InsightfulOutcomes,LLC/IS-LTD/APPS/CaliberVault/node_modules/jsdom/lib/jsdom/living/events/EventTarget-impl.js:353:9)
    at invokeEventListeners (/Users/ghogue/Library/CloudStorage/OneDrive-InsightfulOutcomes,LLC/IS-LTD/APPS/CaliberVault/node_modules/jsdom/lib/jsdom/living/events/EventTarget-impl.js:286:3)
    at HTMLUnknownElementImpl._dispatch (/Users/ghogue/Library/CloudStorage/OneDrive-InsightfulOutcomes,LLC/IS-LTD/APPS/CaliberVault/node_modules/jsdom/lib/jsdom/living/events/EventTarget-impl.js:233:9)
    at HTMLUnknownElementImpl.dispatchEvent (/Users/ghogue/Library/CloudStorage/OneDrive-InsightfulOutcomes,LLC/IS-LTD/APPS/CaliberVault/node_modules/jsdom/lib/jsdom/living/events/EventTarget-impl.js:104:17)
    at HTMLUnknownElement.dispatchEvent (/Users/ghogue/Library/CloudStorage/OneDrive-InsightfulOutcomes,LLC/IS-LTD/APPS/CaliberVault/node_modules/jsdom/lib/jsdom/living/generated/EventTarget.js:241:34)
    at Object.invokeGuardedCallbackDev (/Users/ghogue/Library/CloudStorage/OneDrive-InsightfulOutcomes,LLC/IS-LTD/APPS/CaliberVault/node_modules/react-dom/cjs/react-dom.development.js:4213:16)
    at invokeGuardedCallback (/Users/ghogue/Library/CloudStorage/OneDrive-InsightfulOutcomes,LLC/IS-LTD/APPS/CaliberVault/node_modules/react-dom/cjs/react-dom.development.js:4277:31)
    at beginWork$1 (/Users/ghogue/Library/CloudStorage/OneDrive-InsightfulOutcomes,LLC/IS-LTD/APPS/CaliberVault/node_modules/react-dom/cjs/react-dom.development.js:27490:7)
    at performUnitOfWork (/Users/ghogue/Library/CloudStorage/OneDrive-InsightfulOutcomes,LLC/IS-LTD/APPS/CaliberVault/node_modules/react-dom/cjs/react-dom.development.js:26599:12) TypeError: Cannot destructure property 'inventory' of 'undefined' as it is undefined.
    at Module.useInventoryFilters (/Users/ghogue/Library/CloudStorage/OneDrive-InsightfulOutcomes,LLC/IS-LTD/APPS/CaliberVault/src/hooks/useInventoryFilters.ts:17:3)
    at /Users/ghogue/Library/CloudStorage/OneDrive-InsightfulOutcomes,LLC/IS-LTD/APPS/CaliberVault/src/hooks/__tests__/useInventoryFilters.test.ts:19:41
    at TestComponent (/Users/ghogue/Library/CloudStorage/OneDrive-InsightfulOutcomes,LLC/IS-LTD/APPS/CaliberVault/node_modules/@testing-library/react/dist/pure.js:331:27)
    at renderWithHooks (/Users/ghogue/Library/CloudStorage/OneDrive-InsightfulOutcomes,LLC/IS-LTD/APPS/CaliberVault/node_modules/react-dom/cjs/react-dom.development.js:15486:18)
    at mountIndeterminateComponent (/Users/ghogue/Library/CloudStorage/OneDrive-InsightfulOutcomes,LLC/IS-LTD/APPS/CaliberVault/node_modules/react-dom/cjs/react-dom.development.js:20103:13)
    at beginWork (/Users/ghogue/Library/CloudStorage/OneDrive-InsightfulOutcomes,LLC/IS-LTD/APPS/CaliberVault/node_modules/react-dom/cjs/react-dom.development.js:21626:16)
    at HTMLUnknownElement.callCallback (/Users/ghogue/Library/CloudStorage/OneDrive-InsightfulOutcomes,LLC/IS-LTD/APPS/CaliberVault/node_modules/react-dom/cjs/react-dom.development.js:4164:14)
    at HTMLUnknownElement.callTheUserObjectsOperation (/Users/ghogue/Library/CloudStorage/OneDrive-InsightfulOutcomes,LLC/IS-LTD/APPS/CaliberVault/node_modules/jsdom/lib/jsdom/living/generated/EventListener.js:26:30)
    at innerInvokeEventListeners (/Users/ghogue/Library/CloudStorage/OneDrive-InsightfulOutcomes,LLC/IS-LTD/APPS/CaliberVault/node_modules/jsdom/lib/jsdom/living/events/EventTarget-impl.js:350:25)
    at invokeEventListeners (/Users/ghogue/Library/CloudStorage/OneDrive-InsightfulOutcomes,LLC/IS-LTD/APPS/CaliberVault/node_modules/jsdom/lib/jsdom/living/events/EventTarget-impl.js:286:3)
The above error occurred in the <TestComponent> component:

    at TestComponent (/Users/ghogue/Library/CloudStorage/OneDrive-InsightfulOutcomes,LLC/IS-LTD/APPS/CaliberVault/node_modules/@testing-library/react/dist/pure.js:329:5)

Consider adding an error boundary to your tree to customize error handling behavior.
Visit https://reactjs.org/link/error-boundaries to learn more about error boundaries.

 ❯ src/hooks/__tests__/useInventoryFilters.test.ts (3 tests | 3 failed) 19ms
   × useInventoryFilters > should initialize with default filters 15ms
     → Cannot destructure property 'inventory' of 'undefined' as it is undefined.
   × useInventoryFilters > should update search filter 2ms
     → Cannot destructure property 'inventory' of 'undefined' as it is undefined.
   × useInventoryFilters > should reset all filters 2ms
     → Cannot destructure property 'inventory' of 'undefined' as it is undefined.
stderr | src/hooks/__tests__/useInventoryFilters.test.ts > useInventoryFilters > should reset all filters
Error: Uncaught [TypeError: Cannot destructure property 'inventory' of 'undefined' as it is undefined.]
    at reportException (/Users/ghogue/Library/CloudStorage/OneDrive-InsightfulOutcomes,LLC/IS-LTD/APPS/CaliberVault/node_modules/jsdom/lib/jsdom/living/helpers/runtime-script-errors.js:66:24)
    at innerInvokeEventListeners (/Users/ghogue/Library/CloudStorage/OneDrive-InsightfulOutcomes,LLC/IS-LTD/APPS/CaliberVault/node_modules/jsdom/lib/jsdom/living/events/EventTarget-impl.js:353:9)
    at invokeEventListeners (/Users/ghogue/Library/CloudStorage/OneDrive-InsightfulOutcomes,LLC/IS-LTD/APPS/CaliberVault/node_modules/jsdom/lib/jsdom/living/events/EventTarget-impl.js:286:3)
    at HTMLUnknownElementImpl._dispatch (/Users/ghogue/Library/CloudStorage/OneDrive-InsightfulOutcomes,LLC/IS-LTD/APPS/CaliberVault/node_modules/jsdom/lib/jsdom/living/events/EventTarget-impl.js:233:9)
    at HTMLUnknownElementImpl.dispatchEvent (/Users/ghogue/Library/CloudStorage/OneDrive-InsightfulOutcomes,LLC/IS-LTD/APPS/CaliberVault/node_modules/jsdom/lib/jsdom/living/events/EventTarget-impl.js:104:17)
    at HTMLUnknownElement.dispatchEvent (/Users/ghogue/Library/CloudStorage/OneDrive-InsightfulOutcomes,LLC/IS-LTD/APPS/CaliberVault/node_modules/jsdom/lib/jsdom/living/generated/EventTarget.js:241:34)
    at Object.invokeGuardedCallbackDev (/Users/ghogue/Library/CloudStorage/OneDrive-InsightfulOutcomes,LLC/IS-LTD/APPS/CaliberVault/node_modules/react-dom/cjs/react-dom.development.js:4213:16)
    at invokeGuardedCallback (/Users/ghogue/Library/CloudStorage/OneDrive-InsightfulOutcomes,LLC/IS-LTD/APPS/CaliberVault/node_modules/react-dom/cjs/react-dom.development.js:4277:31)
    at beginWork$1 (/Users/ghogue/Library/CloudStorage/OneDrive-InsightfulOutcomes,LLC/IS-LTD/APPS/CaliberVault/node_modules/react-dom/cjs/react-dom.development.js:27490:7)
    at performUnitOfWork (/Users/ghogue/Library/CloudStorage/OneDrive-InsightfulOutcomes,LLC/IS-LTD/APPS/CaliberVault/node_modules/react-dom/cjs/react-dom.development.js:26599:12) TypeError: Cannot destructure property 'inventory' of 'undefined' as it is undefined.
    at Module.useInventoryFilters (/Users/ghogue/Library/CloudStorage/OneDrive-InsightfulOutcomes,LLC/IS-LTD/APPS/CaliberVault/src/hooks/useInventoryFilters.ts:17:3)
    at /Users/ghogue/Library/CloudStorage/OneDrive-InsightfulOutcomes,LLC/IS-LTD/APPS/CaliberVault/src/hooks/__tests__/useInventoryFilters.test.ts:29:41
    at TestComponent (/Users/ghogue/Library/CloudStorage/OneDrive-InsightfulOutcomes,LLC/IS-LTD/APPS/CaliberVault/node_modules/@testing-library/react/dist/pure.js:331:27)
    at renderWithHooks (/Users/ghogue/Library/CloudStorage/OneDrive-InsightfulOutcomes,LLC/IS-LTD/APPS/CaliberVault/node_modules/react-dom/cjs/react-dom.development.js:15486:18)
    at mountIndeterminateComponent (/Users/ghogue/Library/CloudStorage/OneDrive-InsightfulOutcomes,LLC/IS-LTD/APPS/CaliberVault/node_modules/react-dom/cjs/react-dom.development.js:20103:13)
    at beginWork (/Users/ghogue/Library/CloudStorage/OneDrive-InsightfulOutcomes,LLC/IS-LTD/APPS/CaliberVault/node_modules/react-dom/cjs/react-dom.development.js:21626:16)
    at HTMLUnknownElement.callCallback (/Users/ghogue/Library/CloudStorage/OneDrive-InsightfulOutcomes,LLC/IS-LTD/APPS/CaliberVault/node_modules/react-dom/cjs/react-dom.development.js:4164:14)
    at HTMLUnknownElement.callTheUserObjectsOperation (/Users/ghogue/Library/CloudStorage/OneDrive-InsightfulOutcomes,LLC/IS-LTD/APPS/CaliberVault/node_modules/jsdom/lib/jsdom/living/generated/EventListener.js:26:30)
    at innerInvokeEventListeners (/Users/ghogue/Library/CloudStorage/OneDrive-InsightfulOutcomes,LLC/IS-LTD/APPS/CaliberVault/node_modules/jsdom/lib/jsdom/living/events/EventTarget-impl.js:350:25)
    at invokeEventListeners (/Users/ghogue/Library/CloudStorage/OneDrive-InsightfulOutcomes,LLC/IS-LTD/APPS/CaliberVault/node_modules/jsdom/lib/jsdom/living/events/EventTarget-impl.js:286:3)
Error: Uncaught [TypeError: Cannot destructure property 'inventory' of 'undefined' as it is undefined.]
    at reportException (/Users/ghogue/Library/CloudStorage/OneDrive-InsightfulOutcomes,LLC/IS-LTD/APPS/CaliberVault/node_modules/jsdom/lib/jsdom/living/helpers/runtime-script-errors.js:66:24)
    at innerInvokeEventListeners (/Users/ghogue/Library/CloudStorage/OneDrive-InsightfulOutcomes,LLC/IS-LTD/APPS/CaliberVault/node_modules/jsdom/lib/jsdom/living/events/EventTarget-impl.js:353:9)
    at invokeEventListeners (/Users/ghogue/Library/CloudStorage/OneDrive-InsightfulOutcomes,LLC/IS-LTD/APPS/CaliberVault/node_modules/jsdom/lib/jsdom/living/events/EventTarget-impl.js:286:3)
    at HTMLUnknownElementImpl._dispatch (/Users/ghogue/Library/CloudStorage/OneDrive-InsightfulOutcomes,LLC/IS-LTD/APPS/CaliberVault/node_modules/jsdom/lib/jsdom/living/events/EventTarget-impl.js:233:9)
    at HTMLUnknownElementImpl.dispatchEvent (/Users/ghogue/Library/CloudStorage/OneDrive-InsightfulOutcomes,LLC/IS-LTD/APPS/CaliberVault/node_modules/jsdom/lib/jsdom/living/events/EventTarget-impl.js:104:17)
    at HTMLUnknownElement.dispatchEvent (/Users/ghogue/Library/CloudStorage/OneDrive-InsightfulOutcomes,LLC/IS-LTD/APPS/CaliberVault/node_modules/jsdom/lib/jsdom/living/generated/EventTarget.js:241:34)
    at Object.invokeGuardedCallbackDev (/Users/ghogue/Library/CloudStorage/OneDrive-InsightfulOutcomes,LLC/IS-LTD/APPS/CaliberVault/node_modules/react-dom/cjs/react-dom.development.js:4213:16)
    at invokeGuardedCallback (/Users/ghogue/Library/CloudStorage/OneDrive-InsightfulOutcomes,LLC/IS-LTD/APPS/CaliberVault/node_modules/react-dom/cjs/react-dom.development.js:4277:31)
    at beginWork$1 (/Users/ghogue/Library/CloudStorage/OneDrive-InsightfulOutcomes,LLC/IS-LTD/APPS/CaliberVault/node_modules/react-dom/cjs/react-dom.development.js:27490:7)
    at performUnitOfWork (/Users/ghogue/Library/CloudStorage/OneDrive-InsightfulOutcomes,LLC/IS-LTD/APPS/CaliberVault/node_modules/react-dom/cjs/react-dom.development.js:26599:12) TypeError: Cannot destructure property 'inventory' of 'undefined' as it is undefined.
    at Module.useInventoryFilters (/Users/ghogue/Library/CloudStorage/OneDrive-InsightfulOutcomes,LLC/IS-LTD/APPS/CaliberVault/src/hooks/useInventoryFilters.ts:17:3)
    at /Users/ghogue/Library/CloudStorage/OneDrive-InsightfulOutcomes,LLC/IS-LTD/APPS/CaliberVault/src/hooks/__tests__/useInventoryFilters.test.ts:29:41
    at TestComponent (/Users/ghogue/Library/CloudStorage/OneDrive-InsightfulOutcomes,LLC/IS-LTD/APPS/CaliberVault/node_modules/@testing-library/react/dist/pure.js:331:27)
    at renderWithHooks (/Users/ghogue/Library/CloudStorage/OneDrive-InsightfulOutcomes,LLC/IS-LTD/APPS/CaliberVault/node_modules/react-dom/cjs/react-dom.development.js:15486:18)
    at mountIndeterminateComponent (/Users/ghogue/Library/CloudStorage/OneDrive-InsightfulOutcomes,LLC/IS-LTD/APPS/CaliberVault/node_modules/react-dom/cjs/react-dom.development.js:20103:13)
    at beginWork (/Users/ghogue/Library/CloudStorage/OneDrive-InsightfulOutcomes,LLC/IS-LTD/APPS/CaliberVault/node_modules/react-dom/cjs/react-dom.development.js:21626:16)
    at HTMLUnknownElement.callCallback (/Users/ghogue/Library/CloudStorage/OneDrive-InsightfulOutcomes,LLC/IS-LTD/APPS/CaliberVault/node_modules/react-dom/cjs/react-dom.development.js:4164:14)
    at HTMLUnknownElement.callTheUserObjectsOperation (/Users/ghogue/Library/CloudStorage/OneDrive-InsightfulOutcomes,LLC/IS-LTD/APPS/CaliberVault/node_modules/jsdom/lib/jsdom/living/generated/EventListener.js:26:30)
    at innerInvokeEventListeners (/Users/ghogue/Library/CloudStorage/OneDrive-InsightfulOutcomes,LLC/IS-LTD/APPS/CaliberVault/node_modules/jsdom/lib/jsdom/living/events/EventTarget-impl.js:350:25)
    at invokeEventListeners (/Users/ghogue/Library/CloudStorage/OneDrive-InsightfulOutcomes,LLC/IS-LTD/APPS/CaliberVault/node_modules/jsdom/lib/jsdom/living/events/EventTarget-impl.js:286:3)
The above error occurred in the <TestComponent> component:

    at TestComponent (/Users/ghogue/Library/CloudStorage/OneDrive-InsightfulOutcomes,LLC/IS-LTD/APPS/CaliberVault/node_modules/@testing-library/react/dist/pure.js:329:5)

Consider adding an error boundary to your tree to customize error handling behavior.
Visit https://reactjs.org/link/error-boundaries to learn more about error boundaries.

 ❯ src/components/__tests__/SyncStatusDashboard.test.tsx (5 tests | 4 failed) 35ms
   × SyncStatusDashboard > displays sync status 21ms
     → Found multiple elements with the text: /sync/i

Here are the matching elements:

Ignored nodes: comments, script, style
[36m<span>[39m
  [0mSync Status[0m
[36m</span>[39m

Ignored nodes: comments, script, style
[36m<button[39m
  [33mclass[39m=[32m"inline-flex items-center justify-center whitespace-nowrap rounded-md text-sm font-medium ring-offset-background transition-colors focus-visible:outline-none focus-visible:ring-2 focus-visible:ring-ring focus-visible:ring-offset-2 disabled:pointer-events-none disabled:opacity-50 bg-primary text-primary-foreground hover:bg-primary/90 h-10 px-4 py-2 flex-1"[39m
[36m>[39m
  [36m<svg[39m
    [33mclass[39m=[32m"lucide lucide-refresh-cw h-4 w-4 mr-2"[39m
    [33mfill[39m=[32m"none"[39m
    [33mheight[39m=[32m"24"[39m
    [33mstroke[39m=[32m"currentColor"[39m
    [33mstroke-linecap[39m=[32m"round"[39m
    [33mstroke-linejoin[39m=[32m"round"[39m
    [33mstroke-width[39m=[32m"2"[39m
    [33mviewBox[39m=[32m"0 0 24 24"[39m
    [33mwidth[39m=[32m"24"[39m
    [33mxmlns[39m=[32m"http://www.w3.org/2000/svg"[39m
  [36m>[39m
    [36m<path[39m
      [33md[39m=[32m"M3 12a9 9 0 0 1 9-9 9.75 9.75 0 0 1 6.74 2.74L21 8"[39m
    [36m/>[39m
    [36m<path[39m
      [33md[39m=[32m"M21 3v5h-5"[39m
    [36m/>[39m
    [36m<path[39m
      [33md[39m=[32m"M21 12a9 9 0 0 1-9 9 9.75 9.75 0 0 1-6.74-2.74L3 16"[39m
    [36m/>[39m
    [36m<path[39m
      [33md[39m=[32m"M8 16H3v5"[39m
    [36m/>[39m
  [36m</svg>[39m
  [0mSync Now[0m
[36m</button>[39m

(If this is intentional, then use the `*AllBy*` variant of the query (like `queryAllByText`, `getAllByText`, or `findAllByText`)).

Ignored nodes: comments, script, style
[36m<body>[39m
  [36m<div>[39m
    [36m<div[39m
      [33mclass[39m=[32m"rounded-lg border border-border/40 bg-background shadow-sm"[39m
    [36m>[39m
      [36m<div[39m
        [33mclass[39m=[32m"flex flex-col space-y-1.5 p-6"[39m
      [36m>[39m
        [36m<h3[39m
          [33mclass[39m=[32m"text-2xl font-semibold leading-none tracking-tight text-foreground flex items-center justify-between"[39m
        [36m>[39m
          [36m<span>[39m
            [0mSync Status[0m
          [36m</span>[39m
          [36m<div[39m
            [33mclass[39m=[32m"inline-flex items-center rounded-full border font-semibold transition-all focus:outline-none focus:ring-2 focus:ring-primary focus:ring-offset-2 text-foreground border-border px-2.5 py-0.5 text-xs gap-1"[39m
          [36m>[39m
            [36m<svg[39m
              [33mclass[39m=[32m"lucide lucide-wifi h-3 w-3"[39m
              [33mfill[39m=[32m"none"[39m
              [33mheight[39m=[32m"24"[39m
              [33mstroke[39m=[32m"currentColor"[39m
              [33mstroke-linecap[39m=[32m"round"[39m
              [33mstroke-linejoin[39m=[32m"round"[39m
              [33mstroke-width[39m=[32m"2"[39m
              [33mviewBox[39m=[32m"0 0 24 24"[39m
              [33mwidth[39m=[32m"24"[39m
              [33mxmlns[39m=[32m"http://www.w3.org/2000/svg"[39m
            [36m>[39m
              [36m<path[39m
                [33md[39m=[32m"M12 20h.01"[39m
              [36m/>[39m
              [36m<path[39m
                [33md[39m=[32m"M2 8.82a15 15 0 0 1 20 0"[39m
              [36m/>[39m
              [36m<path[39m
                [33md[39m=[32m"M5 12.859a10 10 0 0 1 14 0"[39m
              [36m/>[39m
              [36m<path[39m
                [33md[39m=[32m"M8.5 16.429a5 5 0 0 1 7 0"[39m
              [36m/>[39m
            [36m</svg>[39m
            [0m Online[0m
          [36m</div>[39m
        [36m</h3>[39m
      [36m</div>[39m
      [36m<div[39m
        [33mclass[39m=[32m"p-6 pt-0 space-y-4"[39m
      [36m>[39m
        [36m<div[39m
          [33mclass[39m=[32m"grid grid-cols-3 gap-4"[39m
        [36m>[39m
          [36m<div[39m
            [33mclass[39m=[32m"text-center"[39m
          [36m>[39m
            [36m<div[39m
              [33mclass[39m=[32m"flex items-center justify-center gap-1 text-yellow-600"[39m
            [36m>[39m
              [36m<svg[39m
                [33mclass[39m=[32m"lucide lucide-clock h-4 w-4"[39m
                [33mfill[39m=[32m"none"[39m
                [33mheight[39m=[32m"24"[39m
                [33mstroke[39m=[32m"currentColor"[39m
                [33mstroke-linecap[39m=[32m"round"[39m
                [33mstroke-linejoin[39m=[32m"round"[39m
                [33mstroke-width[39m=[32m"2"[39m
                [33mviewBox[39m=[32m"0 0 24 24"[39m
                [33mwidth[39m=[32m"24"[39m
                [33mxmlns[39m=[32m"http://www.w3.org/2000/svg"[39m
              [36m>[39m
                [36m<circle[39m
                  [33mcx[39m=[32m"12"[39m
                  [33mcy[39m=[32m"12"[39m
                  [33mr[39m=[32m"10"[39m
                [36m/>[39m
                [36m<polyline[39m
                  [33mpoints[39m=[32m"12 6 12 12 16 14"[39m
                [36m/>[39m
              [36m</svg>[39m
              [36m<span[39m
                [33mclass[39m=[32m"text-2xl font-bold"[39m
              [36m>[39m
                [0m0[0m
              [36m</span>[39m
            [36m</div>[39m
            [36m<p[39m
              [33mclass[39m=[32m"text-xs text-muted-foreground"[39m
            [36m>[39m
              [0mPending[0m
            [36m</p>[39m
          [36m</div>[39m
          [36m<div[39m
            [33mclass[39m=[32m"text-center"[39m
          [36m>[39m
            [36m<div[39m
              [33mclass[39m=[32m"flex items-center justify-center gap-1 text-green-600"[39m
            [36m>[39m
              [36m<svg[39m
                [33mclass[39m=[32m"lucide lucide-circle-check-big h-4 w-4"[39m
                [33mfill[39m=[32m"none"[39m
                [33mheight[39m=[32m"24"[39m
                [33mstroke[39m=[32m"currentColor"[39m
                [33mstroke-linecap[39m=[32m"round"[39m
                [33mstroke-linejoin[39m=[32m"round"[39m
                [33mstroke-width[39m=[32m"2"[39m
                [33mviewBox[39m=[32m"0 0 24 24"[39m
                [33mwidth[39m=[32m"24"[39m
                [33mxmlns[39m=[32m"http://www.w3.org/2000/svg"[39m
              [36m>[39m
                [36m<path[39m
                  [33md[39m=[32m"M21.801 10A10 10 0 1 1 17 3.335"[39m
                [36m/>[39m
                [36m<path[39m
                  [33md[39m=[32m"m9 11 3 3L22 4"[39m
                [36m/>[39m
              [36m</svg>[39m
              [36m<span[39m
                [33mclass[39m=[32m"text-2xl font-bold"[39m
              [36m>[39m
                [0m0[0m
              [36m</span>[39m
            [36m</div>[39m
            [36m<p[39m
              [33mclass[39m=[32m"text-xs text-muted-foreground"[39m
            [36m>[39m
              [0mCompleted[0m
            [36m</p>[39m
          [36m</div>[39m
          [36m<div[39m
            [33mclass[39m=[32m"text-center"[39m
          [36m>[39m
            [36m<div[39m
              [33mclass[39m=[32m"flex items-center justify-center gap-1 text-red-600"[39m
            [36m>[39m
              [36m<svg[39m
                [33mclass[39m=[32m"lucide lucide-circle-x h-4 w-4"[39m
                [33mfill[39m=[32m"none"[39m
                [33mheight[39m=[32m"24"[39m
                [33mstroke[39m=[32m"currentColor"[39m
                [33mstroke-linecap[39m=[32m"round"[39m
                [33mstroke-linejoin[39m=[32m"round"[39m
                [33mstroke-width[39m=[32m"2"[39m
                [33mviewBox[39m=[32m"0 0 24 24"[39m
                [33mwidth[39m=[32m"24"[39m
                [33mxmlns[39m=[32m"http://www.w3.org/2000/svg"[39m
              [36m>[39m
                [36m<circle[39m
                  [33mcx[39m=[32m"12"[39m
                  [33mcy[39m=[32m"12"[39m
                  [33mr[39m=[32m"10"[39m
                [36m/>[39m
                [36m<path[39m
                  [33md[39m=[32m"m15 9-6 6"[39m
                [36m/>[39m
                [36m<path[39m
                  [33md[39m=[32m"m9 9 6 6"[39m
                [36m/>[39m
              [36m</svg>[39m
              [36m<span[39m
                [33mclass[39m=[32m"text-2xl font-bold"[39m
              [36m>[39m
                [0m0[0m
              [36m</span>[39m
            [36m</div>[39m
            [36m<p[39m
              [33mclass[39m=[32m"text-xs text-muted-foreground"[39m
            [36m>[39m
              [0mFailed[0m
            [36m</p>[39m
          [36m</div>[39m
        [36m</div>[39m
        [36m<div[39m
          [33mclass[39m=[32m"flex gap-2"[39m
        [36m>[39m
          [36m<button[39m
            [33mclass[39m=[32m"inline-flex items-center justify-center whitespace-nowrap rounded-md text-sm font-medium ring-offset-background transition-colors focus-visible:outline-none focus-visible:ring-2 focus-visible:ring-ring focus-visible:ring-offset-2 disabled:pointer-events-none disabled:opacity-50 bg-primary text-primary-foreground hover:bg-primary/90 h-10 px-4 py-2 flex-1"[39m
          [36m>[39m
            [36m<svg[39m
              [33mclass[39m=[32m"lucide lucide-refresh-cw h-4 w-4 mr-2"[39m
              [33mfill[39m=[32m"none"[39m
              [33mheight[39m=[32m"24"[39m
              [33mstroke[39m=[32m"currentColor"[39m
              [33mstroke-linecap[39m=[32m"round"[39m
              [33mstroke-linejoin[39m=[32m"round"[39m
              [33mstroke-width[39m=[32m"2"[39m
              [33mviewBox[39m=[32m"0 0 24 24"[39m
              [33mwidth[39m=[32m"24"[39m
              [33mxmlns[39m=[32m"http://www.w3.org/2000/svg"[39m
            [36m>[39m
              [36m<path[39m
                [33md[39m=[32m"M3 12a9 9 0 0 1 9-9 9.75 9.75 0 0 1 6.74 2.74L21 8"[39m
              [36m/>[39m
              [36m<path[39m
                [33md[39m=[32m"M21 3v5h-5"[39m
              [36m/>[39m
              [36m<path[39m
                [33md[39m=[32m"M21 12a9 9 0 0 1-9 9 9.75 9.75 0 0 1-6.74-2.74L3 16"[39m
              [36m/>[39m
              [36m<path[39m
                [33md[39m=[32m"M8 16H3v5"[39m
              [36m/>[39m
            [36m</svg>[39m
            [0mSync Now[0m
          [36m</button>[39m
          [36m<button[39m
            [33mclass[39m=[32m"inline-flex items-center justify-center whitespace-nowrap text-sm font-medium ring-offset-background transition-colors focus-visible:outline-none focus-visible:ring-2 focus-visible:ring-ring focus-visible:ring-offset-2 disabled:pointer-events-none disabled:opacity-50 border border-input bg-background hover:bg-accent hover:text-accent-foreground h-9 rounded-md px-3"[39m
          [36m>[39m
            [0mClear[0m
          [36m</button>[39m
        [36m</div>[39m
      [36m</div>[39m
    [36m</div>[39m
  [36m</div>[39m
[36m</body>[39m
   × SyncStatusDashboard > shows pending sync items 5ms
     → Invalid Chai property: toBeInTheDocument
   × SyncStatusDashboard > displays last sync time 4ms
     → Unable to find an element with the text: /last sync/i. This could be because the text is broken up by multiple elements. In this case, you can provide a function for your text matcher to make your matcher more flexible.

Ignored nodes: comments, script, style
[36m<body>[39m
  [36m<div>[39m
    [36m<div[39m
      [33mclass[39m=[32m"rounded-lg border border-border/40 bg-background shadow-sm"[39m
    [36m>[39m
      [36m<div[39m
        [33mclass[39m=[32m"flex flex-col space-y-1.5 p-6"[39m
      [36m>[39m
        [36m<h3[39m
          [33mclass[39m=[32m"text-2xl font-semibold leading-none tracking-tight text-foreground flex items-center justify-between"[39m
        [36m>[39m
          [36m<span>[39m
            [0mSync Status[0m
          [36m</span>[39m
          [36m<div[39m
            [33mclass[39m=[32m"inline-flex items-center rounded-full border font-semibold transition-all focus:outline-none focus:ring-2 focus:ring-primary focus:ring-offset-2 text-foreground border-border px-2.5 py-0.5 text-xs gap-1"[39m
          [36m>[39m
            [36m<svg[39m
              [33mclass[39m=[32m"lucide lucide-wifi h-3 w-3"[39m
              [33mfill[39m=[32m"none"[39m
              [33mheight[39m=[32m"24"[39m
              [33mstroke[39m=[32m"currentColor"[39m
              [33mstroke-linecap[39m=[32m"round"[39m
              [33mstroke-linejoin[39m=[32m"round"[39m
              [33mstroke-width[39m=[32m"2"[39m
              [33mviewBox[39m=[32m"0 0 24 24"[39m
              [33mwidth[39m=[32m"24"[39m
              [33mxmlns[39m=[32m"http://www.w3.org/2000/svg"[39m
            [36m>[39m
              [36m<path[39m
                [33md[39m=[32m"M12 20h.01"[39m
              [36m/>[39m
              [36m<path[39m
                [33md[39m=[32m"M2 8.82a15 15 0 0 1 20 0"[39m
              [36m/>[39m
              [36m<path[39m
                [33md[39m=[32m"M5 12.859a10 10 0 0 1 14 0"[39m
              [36m/>[39m
              [36m<path[39m
                [33md[39m=[32m"M8.5 16.429a5 5 0 0 1 7 0"[39m
              [36m/>[39m
            [36m</svg>[39m
            [0m Online[0m
          [36m</div>[39m
        [36m</h3>[39m
      [36m</div>[39m
      [36m<div[39m
        [33mclass[39m=[32m"p-6 pt-0 space-y-4"[39m
      [36m>[39m
        [36m<div[39m
          [33mclass[39m=[32m"grid grid-cols-3 gap-4"[39m
        [36m>[39m
          [36m<div[39m
            [33mclass[39m=[32m"text-center"[39m
          [36m>[39m
            [36m<div[39m
              [33mclass[39m=[32m"flex items-center justify-center gap-1 text-yellow-600"[39m
            [36m>[39m
              [36m<svg[39m
                [33mclass[39m=[32m"lucide lucide-clock h-4 w-4"[39m
                [33mfill[39m=[32m"none"[39m
                [33mheight[39m=[32m"24"[39m
                [33mstroke[39m=[32m"currentColor"[39m
                [33mstroke-linecap[39m=[32m"round"[39m
                [33mstroke-linejoin[39m=[32m"round"[39m
                [33mstroke-width[39m=[32m"2"[39m
                [33mviewBox[39m=[32m"0 0 24 24"[39m
                [33mwidth[39m=[32m"24"[39m
                [33mxmlns[39m=[32m"http://www.w3.org/2000/svg"[39m
              [36m>[39m
                [36m<circle[39m
                  [33mcx[39m=[32m"12"[39m
                  [33mcy[39m=[32m"12"[39m
                  [33mr[39m=[32m"10"[39m
                [36m/>[39m
                [36m<polyline[39m
                  [33mpoints[39m=[32m"12 6 12 12 16 14"[39m
                [36m/>[39m
              [36m</svg>[39m
              [36m<span[39m
                [33mclass[39m=[32m"text-2xl font-bold"[39m
              [36m>[39m
                [0m0[0m
              [36m</span>[39m
            [36m</div>[39m
            [36m<p[39m
              [33mclass[39m=[32m"text-xs text-muted-foreground"[39m
            [36m>[39m
              [0mPending[0m
            [36m</p>[39m
          [36m</div>[39m
          [36m<div[39m
            [33mclass[39m=[32m"text-center"[39m
          [36m>[39m
            [36m<div[39m
              [33mclass[39m=[32m"flex items-center justify-center gap-1 text-green-600"[39m
            [36m>[39m
              [36m<svg[39m
                [33mclass[39m=[32m"lucide lucide-circle-check-big h-4 w-4"[39m
                [33mfill[39m=[32m"none"[39m
                [33mheight[39m=[32m"24"[39m
                [33mstroke[39m=[32m"currentColor"[39m
                [33mstroke-linecap[39m=[32m"round"[39m
                [33mstroke-linejoin[39m=[32m"round"[39m
                [33mstroke-width[39m=[32m"2"[39m
                [33mviewBox[39m=[32m"0 0 24 24"[39m
                [33mwidth[39m=[32m"24"[39m
                [33mxmlns[39m=[32m"http://www.w3.org/2000/svg"[39m
              [36m>[39m
                [36m<path[39m
                  [33md[39m=[32m"M21.801 10A10 10 0 1 1 17 3.335"[39m
                [36m/>[39m
                [36m<path[39m
                  [33md[39m=[32m"m9 11 3 3L22 4"[39m
                [36m/>[39m
              [36m</svg>[39m
              [36m<span[39m
                [33mclass[39m=[32m"text-2xl font-bold"[39m
              [36m>[39m
                [0m0[0m
              [36m</span>[39m
            [36m</div>[39m
            [36m<p[39m
              [33mclass[39m=[32m"text-xs text-muted-foreground"[39m
            [36m>[39m
              [0mCompleted[0m
            [36m</p>[39m
          [36m</div>[39m
          [36m<div[39m
            [33mclass[39m=[32m"text-center"[39m
          [36m>[39m
            [36m<div[39m
              [33mclass[39m=[32m"flex items-center justify-center gap-1 text-red-600"[39m
            [36m>[39m
              [36m<svg[39m
                [33mclass[39m=[32m"lucide lucide-circle-x h-4 w-4"[39m
                [33mfill[39m=[32m"none"[39m
                [33mheight[39m=[32m"24"[39m
                [33mstroke[39m=[32m"currentColor"[39m
                [33mstroke-linecap[39m=[32m"round"[39m
                [33mstroke-linejoin[39m=[32m"round"[39m
                [33mstroke-width[39m=[32m"2"[39m
                [33mviewBox[39m=[32m"0 0 24 24"[39m
                [33mwidth[39m=[32m"24"[39m
                [33mxmlns[39m=[32m"http://www.w3.org/2000/svg"[39m
              [36m>[39m
                [36m<circle[39m
                  [33mcx[39m=[32m"12"[39m
                  [33mcy[39m=[32m"12"[39m
                  [33mr[39m=[32m"10"[39m
                [36m/>[39m
                [36m<path[39m
                  [33md[39m=[32m"m15 9-6 6"[39m
                [36m/>[39m
                [36m<path[39m
                  [33md[39m=[32m"m9 9 6 6"[39m
                [36m/>[39m
              [36m</svg>[39m
              [36m<span[39m
                [33mclass[39m=[32m"text-2xl font-bold"[39m
              [36m>[39m
                [0m0[0m
              [36m</span>[39m
            [36m</div>[39m
            [36m<p[39m
              [33mclass[39m=[32m"text-xs text-muted-foreground"[39m
            [36m>[39m
              [0mFailed[0m
            [36m</p>[39m
          [36m</div>[39m
        [36m</div>[39m
        [36m<div[39m
          [33mclass[39m=[32m"flex gap-2"[39m
        [36m>[39m
          [36m<button[39m
            [33mclass[39m=[32m"inline-flex items-center justify-center whitespace-nowrap rounded-md text-sm font-medium ring-offset-background transition-colors focus-visible:outline-none focus-visible:ring-2 focus-visible:ring-ring focus-visible:ring-offset-2 disabled:pointer-events-none disabled:opacity-50 bg-primary text-primary-foreground hover:bg-primary/90 h-10 px-4 py-2 flex-1"[39m
          [36m>[39m
            [36m<svg[39m
              [33mclass[39m=[32m"lucide lucide-refresh-cw h-4 w-4 mr-2"[39m
              [33mfill[39m=[32m"none"[39m
              [33mheight[39m=[32m"24"[39m
              [33mstroke[39m=[32m"currentColor"[39m
              [33mstroke-linecap[39m=[32m"round"[39m
              [33mstroke-linejoin[39m=[32m"round"[39m
              [33mstroke-width[39m=[32m"2"[39m
              [33mviewBox[39m=[32m"0 0 24 24"[39m
              [33mwidth[39m=[32m"24"[39m
              [33mxmlns[39m=[32m"http://www.w3.org/2000/svg"[39m
            [36m>[39m
              [36m<path[39m
                [33md[39m=[32m"M3 12a9 9 0 0 1 9-9 9.75 9.75 0 0 1 6.74 2.74L21 8"[39m
              [36m/>[39m
              [36m<path[39m
                [33md[39m=[32m"M21 3v5h-5"[39m
              [36m/>[39m
              [36m<path[39m
                [33md[39m=[32m"M21 12a9 9 0 0 1-9 9 9.75 9.75 0 0 1-6.74-2.74L3 16"[39m
              [36m/>[39m
              [36m<path[39m
                [33md[39m=[32m"M8 16H3v5"[39m
              [36m/>[39m
            [36m</svg>[39m
            [0mSync Now[0m
          [36m</button>[39m
          [36m<button[39m
            [33mclass[39m=[32m"inline-flex items-center justify-center whitespace-nowrap text-sm font-medium ring-offset-background transition-colors focus-visible:outline-none focus-visible:ring-2 focus-visible:ring-ring focus-visible:ring-offset-2 disabled:pointer-events-none disabled:opacity-50 border border-input bg-background hover:bg-accent hover:text-accent-foreground h-9 rounded-md px-3"[39m
          [36m>[39m
            [0mClear[0m
          [36m</button>[39m
        [36m</div>[39m
      [36m</div>[39m
    [36m</div>[39m
  [36m</div>[39m
[36m</body>[39m
   × SyncStatusDashboard > displays sync queue count 3ms
     → Unable to find an element with the text: /queue/i. This could be because the text is broken up by multiple elements. In this case, you can provide a function for your text matcher to make your matcher more flexible.

Ignored nodes: comments, script, style
[36m<body>[39m
  [36m<div>[39m
    [36m<div[39m
      [33mclass[39m=[32m"rounded-lg border border-border/40 bg-background shadow-sm"[39m
    [36m>[39m
      [36m<div[39m
        [33mclass[39m=[32m"flex flex-col space-y-1.5 p-6"[39m
      [36m>[39m
        [36m<h3[39m
          [33mclass[39m=[32m"text-2xl font-semibold leading-none tracking-tight text-foreground flex items-center justify-between"[39m
        [36m>[39m
          [36m<span>[39m
            [0mSync Status[0m
          [36m</span>[39m
          [36m<div[39m
            [33mclass[39m=[32m"inline-flex items-center rounded-full border font-semibold transition-all focus:outline-none focus:ring-2 focus:ring-primary focus:ring-offset-2 text-foreground border-border px-2.5 py-0.5 text-xs gap-1"[39m
          [36m>[39m
            [36m<svg[39m
              [33mclass[39m=[32m"lucide lucide-wifi h-3 w-3"[39m
              [33mfill[39m=[32m"none"[39m
              [33mheight[39m=[32m"24"[39m
              [33mstroke[39m=[32m"currentColor"[39m
              [33mstroke-linecap[39m=[32m"round"[39m
              [33mstroke-linejoin[39m=[32m"round"[39m
              [33mstroke-width[39m=[32m"2"[39m
              [33mviewBox[39m=[32m"0 0 24 24"[39m
              [33mwidth[39m=[32m"24"[39m
              [33mxmlns[39m=[32m"http://www.w3.org/2000/svg"[39m
            [36m>[39m
              [36m<path[39m
                [33md[39m=[32m"M12 20h.01"[39m
              [36m/>[39m
              [36m<path[39m
                [33md[39m=[32m"M2 8.82a15 15 0 0 1 20 0"[39m
              [36m/>[39m
              [36m<path[39m
                [33md[39m=[32m"M5 12.859a10 10 0 0 1 14 0"[39m
              [36m/>[39m
              [36m<path[39m
                [33md[39m=[32m"M8.5 16.429a5 5 0 0 1 7 0"[39m
              [36m/>[39m
            [36m</svg>[39m
            [0m Online[0m
          [36m</div>[39m
        [36m</h3>[39m
      [36m</div>[39m
      [36m<div[39m
        [33mclass[39m=[32m"p-6 pt-0 space-y-4"[39m
      [36m>[39m
        [36m<div[39m
          [33mclass[39m=[32m"grid grid-cols-3 gap-4"[39m
        [36m>[39m
          [36m<div[39m
            [33mclass[39m=[32m"text-center"[39m
          [36m>[39m
            [36m<div[39m
              [33mclass[39m=[32m"flex items-center justify-center gap-1 text-yellow-600"[39m
            [36m>[39m
              [36m<svg[39m
                [33mclass[39m=[32m"lucide lucide-clock h-4 w-4"[39m
                [33mfill[39m=[32m"none"[39m
                [33mheight[39m=[32m"24"[39m
                [33mstroke[39m=[32m"currentColor"[39m
                [33mstroke-linecap[39m=[32m"round"[39m
                [33mstroke-linejoin[39m=[32m"round"[39m
                [33mstroke-width[39m=[32m"2"[39m
                [33mviewBox[39m=[32m"0 0 24 24"[39m
                [33mwidth[39m=[32m"24"[39m
                [33mxmlns[39m=[32m"http://www.w3.org/2000/svg"[39m
              [36m>[39m
                [36m<circle[39m
                  [33mcx[39m=[32m"12"[39m
                  [33mcy[39m=[32m"12"[39m
                  [33mr[39m=[32m"10"[39m
                [36m/>[39m
                [36m<polyline[39m
                  [33mpoints[39m=[32m"12 6 12 12 16 14"[39m
                [36m/>[39m
              [36m</svg>[39m
              [36m<span[39m
                [33mclass[39m=[32m"text-2xl font-bold"[39m
              [36m>[39m
                [0m0[0m
              [36m</span>[39m
            [36m</div>[39m
            [36m<p[39m
              [33mclass[39m=[32m"text-xs text-muted-foreground"[39m
            [36m>[39m
              [0mPending[0m
            [36m</p>[39m
          [36m</div>[39m
          [36m<div[39m
            [33mclass[39m=[32m"text-center"[39m
          [36m>[39m
            [36m<div[39m
              [33mclass[39m=[32m"flex items-center justify-center gap-1 text-green-600"[39m
            [36m>[39m
              [36m<svg[39m
                [33mclass[39m=[32m"lucide lucide-circle-check-big h-4 w-4"[39m
                [33mfill[39m=[32m"none"[39m
                [33mheight[39m=[32m"24"[39m
                [33mstroke[39m=[32m"currentColor"[39m
                [33mstroke-linecap[39m=[32m"round"[39m
                [33mstroke-linejoin[39m=[32m"round"[39m
                [33mstroke-width[39m=[32m"2"[39m
                [33mviewBox[39m=[32m"0 0 24 24"[39m
                [33mwidth[39m=[32m"24"[39m
                [33mxmlns[39m=[32m"http://www.w3.org/2000/svg"[39m
              [36m>[39m
                [36m<path[39m
                  [33md[39m=[32m"M21.801 10A10 10 0 1 1 17 3.335"[39m
                [36m/>[39m
                [36m<path[39m
                  [33md[39m=[32m"m9 11 3 3L22 4"[39m
                [36m/>[39m
              [36m</svg>[39m
              [36m<span[39m
                [33mclass[39m=[32m"text-2xl font-bold"[39m
              [36m>[39m
                [0m0[0m
              [36m</span>[39m
            [36m</div>[39m
            [36m<p[39m
              [33mclass[39m=[32m"text-xs text-muted-foreground"[39m
            [36m>[39m
              [0mCompleted[0m
            [36m</p>[39m
          [36m</div>[39m
          [36m<div[39m
            [33mclass[39m=[32m"text-center"[39m
          [36m>[39m
            [36m<div[39m
              [33mclass[39m=[32m"flex items-center justify-center gap-1 text-red-600"[39m
            [36m>[39m
              [36m<svg[39m
                [33mclass[39m=[32m"lucide lucide-circle-x h-4 w-4"[39m
                [33mfill[39m=[32m"none"[39m
                [33mheight[39m=[32m"24"[39m
                [33mstroke[39m=[32m"currentColor"[39m
                [33mstroke-linecap[39m=[32m"round"[39m
                [33mstroke-linejoin[39m=[32m"round"[39m
                [33mstroke-width[39m=[32m"2"[39m
                [33mviewBox[39m=[32m"0 0 24 24"[39m
                [33mwidth[39m=[32m"24"[39m
                [33mxmlns[39m=[32m"http://www.w3.org/2000/svg"[39m
              [36m>[39m
                [36m<circle[39m
                  [33mcx[39m=[32m"12"[39m
                  [33mcy[39m=[32m"12"[39m
                  [33mr[39m=[32m"10"[39m
                [36m/>[39m
                [36m<path[39m
                  [33md[39m=[32m"m15 9-6 6"[39m
                [36m/>[39m
                [36m<path[39m
                  [33md[39m=[32m"m9 9 6 6"[39m
                [36m/>[39m
              [36m</svg>[39m
              [36m<span[39m
                [33mclass[39m=[32m"text-2xl font-bold"[39m
              [36m>[39m
                [0m0[0m
              [36m</span>[39m
            [36m</div>[39m
            [36m<p[39m
              [33mclass[39m=[32m"text-xs text-muted-foreground"[39m
            [36m>[39m
              [0mFailed[0m
            [36m</p>[39m
          [36m</div>[39m
        [36m</div>[39m
        [36m<div[39m
          [33mclass[39m=[32m"flex gap-2"[39m
        [36m>[39m
          [36m<button[39m
            [33mclass[39m=[32m"inline-flex items-center justify-center whitespace-nowrap rounded-md text-sm font-medium ring-offset-background transition-colors focus-visible:outline-none focus-visible:ring-2 focus-visible:ring-ring focus-visible:ring-offset-2 disabled:pointer-events-none disabled:opacity-50 bg-primary text-primary-foreground hover:bg-primary/90 h-10 px-4 py-2 flex-1"[39m
          [36m>[39m
            [36m<svg[39m
              [33mclass[39m=[32m"lucide lucide-refresh-cw h-4 w-4 mr-2"[39m
              [33mfill[39m=[32m"none"[39m
              [33mheight[39m=[32m"24"[39m
              [33mstroke[39m=[32m"currentColor"[39m
              [33mstroke-linecap[39m=[32m"round"[39m
              [33mstroke-linejoin[39m=[32m"round"[39m
              [33mstroke-width[39m=[32m"2"[39m
              [33mviewBox[39m=[32m"0 0 24 24"[39m
              [33mwidth[39m=[32m"24"[39m
              [33mxmlns[39m=[32m"http://www.w3.org/2000/svg"[39m
            [36m>[39m
              [36m<path[39m
                [33md[39m=[32m"M3 12a9 9 0 0 1 9-9 9.75 9.75 0 0 1 6.74 2.74L21 8"[39m
              [36m/>[39m
              [36m<path[39m
                [33md[39m=[32m"M21 3v5h-5"[39m
              [36m/>[39m
              [36m<path[39m
                [33md[39m=[32m"M21 12a9 9 0 0 1-9 9 9.75 9.75 0 0 1-6.74-2.74L3 16"[39m
              [36m/>[39m
              [36m<path[39m
                [33md[39m=[32m"M8 16H3v5"[39m
              [36m/>[39m
            [36m</svg>[39m
            [0mSync Now[0m
          [36m</button>[39m
          [36m<button[39m
            [33mclass[39m=[32m"inline-flex items-center justify-center whitespace-nowrap text-sm font-medium ring-offset-background transition-colors focus-visible:outline-none focus-visible:ring-2 focus-visible:ring-ring focus-visible:ring-offset-2 disabled:pointer-events-none disabled:opacity-50 border border-input bg-background hover:bg-accent hover:text-accent-foreground h-9 rounded-md px-3"[39m
          [36m>[39m
            [0mClear[0m
          [36m</button>[39m
        [36m</div>[39m
      [36m</div>[39m
    [36m</div>[39m
  [36m</div>[39m
[36m</body>[39m
stderr | src/services/__tests__/inventory.service.test.ts > InventoryService > should save firearm item
Save item error: TypeError: Cannot destructure property 'data' of '(intermediate value)' as it is undefined.
    at InventoryService.getCategoryId (/Users/ghogue/Library/CloudStorage/OneDrive-InsightfulOutcomes,LLC/IS-LTD/APPS/CaliberVault/src/services/inventory.service.ts:223:13)
    at processTicksAndRejections (node:internal/process/task_queues:103:5)
    at InventoryService.saveItem (/Users/ghogue/Library/CloudStorage/OneDrive-InsightfulOutcomes,LLC/IS-LTD/APPS/CaliberVault/src/services/inventory.service.ts:8:26)
    at /Users/ghogue/Library/CloudStorage/OneDrive-InsightfulOutcomes,LLC/IS-LTD/APPS/CaliberVault/src/services/__tests__/inventory.service.test.ts:48:5
    at file:///Users/ghogue/Library/CloudStorage/OneDrive-InsightfulOutcomes,LLC/IS-LTD/APPS/CaliberVault/node_modules/@vitest/runner/dist/index.js:533:5
    at runTest (file:///Users/ghogue/Library/CloudStorage/OneDrive-InsightfulOutcomes,LLC/IS-LTD/APPS/CaliberVault/node_modules/@vitest/runner/dist/index.js:1056:11)
    at runSuite (file:///Users/ghogue/Library/CloudStorage/OneDrive-InsightfulOutcomes,LLC/IS-LTD/APPS/CaliberVault/node_modules/@vitest/runner/dist/index.js:1205:15)
    at runSuite (file:///Users/ghogue/Library/CloudStorage/OneDrive-InsightfulOutcomes,LLC/IS-LTD/APPS/CaliberVault/node_modules/@vitest/runner/dist/index.js:1205:15)
    at runFiles (file:///Users/ghogue/Library/CloudStorage/OneDrive-InsightfulOutcomes,LLC/IS-LTD/APPS/CaliberVault/node_modules/@vitest/runner/dist/index.js:1262:5)
    at startTests (file:///Users/ghogue/Library/CloudStorage/OneDrive-InsightfulOutcomes,LLC/IS-LTD/APPS/CaliberVault/node_modules/@vitest/runner/dist/index.js:1271:3)

 ❯ src/services/__tests__/inventory.service.test.ts (1 test | 1 failed) 4ms
   × InventoryService > should save firearm item 3ms
     → Cannot destructure property 'data' of '(intermediate value)' as it is undefined.
 ❯ src/services/__tests__/barcode.service.test.ts (3 tests | 3 failed) 3ms
   × BarcodeService > should validate UPC format 3ms
     → barcodeService.isValidUPC is not a function
   × BarcodeService > should validate EAN format 0ms
     → barcodeService.isValidEAN is not a function
   × BarcodeService > should detect barcode type 0ms
     → barcodeService.detectBarcodeType is not a function
stderr | src/components/__tests__/AddItemModal.test.tsx > AddItemModal > should render when open
Failed to get auth session: TypeError: Cannot read properties of undefined (reading 'getSession')
    at initAuth (/Users/ghogue/Library/CloudStorage/OneDrive-InsightfulOutcomes,LLC/IS-LTD/APPS/CaliberVault/src/components/auth/AuthProvider.tsx:41:66)
    at /Users/ghogue/Library/CloudStorage/OneDrive-InsightfulOutcomes,LLC/IS-LTD/APPS/CaliberVault/src/components/auth/AuthProvider.tsx:54:5
    at commitHookEffectListMount (/Users/ghogue/Library/CloudStorage/OneDrive-InsightfulOutcomes,LLC/IS-LTD/APPS/CaliberVault/node_modules/react-dom/cjs/react-dom.development.js:23189:26)
    at commitPassiveMountOnFiber (/Users/ghogue/Library/CloudStorage/OneDrive-InsightfulOutcomes,LLC/IS-LTD/APPS/CaliberVault/node_modules/react-dom/cjs/react-dom.development.js:24970:11)
    at commitPassiveMountEffects_complete (/Users/ghogue/Library/CloudStorage/OneDrive-InsightfulOutcomes,LLC/IS-LTD/APPS/CaliberVault/node_modules/react-dom/cjs/react-dom.development.js:24930:9)
    at commitPassiveMountEffects_begin (/Users/ghogue/Library/CloudStorage/OneDrive-InsightfulOutcomes,LLC/IS-LTD/APPS/CaliberVault/node_modules/react-dom/cjs/react-dom.development.js:24917:7)
    at commitPassiveMountEffects (/Users/ghogue/Library/CloudStorage/OneDrive-InsightfulOutcomes,LLC/IS-LTD/APPS/CaliberVault/node_modules/react-dom/cjs/react-dom.development.js:24905:3)
    at flushPassiveEffectsImpl (/Users/ghogue/Library/CloudStorage/OneDrive-InsightfulOutcomes,LLC/IS-LTD/APPS/CaliberVault/node_modules/react-dom/cjs/react-dom.development.js:27078:3)
    at flushPassiveEffects (/Users/ghogue/Library/CloudStorage/OneDrive-InsightfulOutcomes,LLC/IS-LTD/APPS/CaliberVault/node_modules/react-dom/cjs/react-dom.development.js:27023:14)
    at /Users/ghogue/Library/CloudStorage/OneDrive-InsightfulOutcomes,LLC/IS-LTD/APPS/CaliberVault/node_modules/react-dom/cjs/react-dom.development.js:26808:9
Error: Uncaught [TypeError: Cannot read properties of undefined (reading 'onAuthStateChange')]
    at reportException (/Users/ghogue/Library/CloudStorage/OneDrive-InsightfulOutcomes,LLC/IS-LTD/APPS/CaliberVault/node_modules/jsdom/lib/jsdom/living/helpers/runtime-script-errors.js:66:24)
    at innerInvokeEventListeners (/Users/ghogue/Library/CloudStorage/OneDrive-InsightfulOutcomes,LLC/IS-LTD/APPS/CaliberVault/node_modules/jsdom/lib/jsdom/living/events/EventTarget-impl.js:353:9)
    at invokeEventListeners (/Users/ghogue/Library/CloudStorage/OneDrive-InsightfulOutcomes,LLC/IS-LTD/APPS/CaliberVault/node_modules/jsdom/lib/jsdom/living/events/EventTarget-impl.js:286:3)
    at HTMLUnknownElementImpl._dispatch (/Users/ghogue/Library/CloudStorage/OneDrive-InsightfulOutcomes,LLC/IS-LTD/APPS/CaliberVault/node_modules/jsdom/lib/jsdom/living/events/EventTarget-impl.js:233:9)
    at HTMLUnknownElementImpl.dispatchEvent (/Users/ghogue/Library/CloudStorage/OneDrive-InsightfulOutcomes,LLC/IS-LTD/APPS/CaliberVault/node_modules/jsdom/lib/jsdom/living/events/EventTarget-impl.js:104:17)
    at HTMLUnknownElement.dispatchEvent (/Users/ghogue/Library/CloudStorage/OneDrive-InsightfulOutcomes,LLC/IS-LTD/APPS/CaliberVault/node_modules/jsdom/lib/jsdom/living/generated/EventTarget.js:241:34)
    at Object.invokeGuardedCallbackDev (/Users/ghogue/Library/CloudStorage/OneDrive-InsightfulOutcomes,LLC/IS-LTD/APPS/CaliberVault/node_modules/react-dom/cjs/react-dom.development.js:4213:16)
    at invokeGuardedCallback (/Users/ghogue/Library/CloudStorage/OneDrive-InsightfulOutcomes,LLC/IS-LTD/APPS/CaliberVault/node_modules/react-dom/cjs/react-dom.development.js:4277:31)
    at reportUncaughtErrorInDEV (/Users/ghogue/Library/CloudStorage/OneDrive-InsightfulOutcomes,LLC/IS-LTD/APPS/CaliberVault/node_modules/react-dom/cjs/react-dom.development.js:22877:5)
    at captureCommitPhaseError (/Users/ghogue/Library/CloudStorage/OneDrive-InsightfulOutcomes,LLC/IS-LTD/APPS/CaliberVault/node_modules/react-dom/cjs/react-dom.development.js:27165:5) TypeError: Cannot read properties of undefined (reading 'onAuthStateChange')
    at /Users/ghogue/Library/CloudStorage/OneDrive-InsightfulOutcomes,LLC/IS-LTD/APPS/CaliberVault/src/components/auth/AuthProvider.tsx:57:54
    at commitHookEffectListMount (/Users/ghogue/Library/CloudStorage/OneDrive-InsightfulOutcomes,LLC/IS-LTD/APPS/CaliberVault/node_modules/react-dom/cjs/react-dom.development.js:23189:26)
    at commitPassiveMountOnFiber (/Users/ghogue/Library/CloudStorage/OneDrive-InsightfulOutcomes,LLC/IS-LTD/APPS/CaliberVault/node_modules/react-dom/cjs/react-dom.development.js:24970:11)
    at commitPassiveMountEffects_complete (/Users/ghogue/Library/CloudStorage/OneDrive-InsightfulOutcomes,LLC/IS-LTD/APPS/CaliberVault/node_modules/react-dom/cjs/react-dom.development.js:24930:9)
    at commitPassiveMountEffects_begin (/Users/ghogue/Library/CloudStorage/OneDrive-InsightfulOutcomes,LLC/IS-LTD/APPS/CaliberVault/node_modules/react-dom/cjs/react-dom.development.js:24917:7)
    at commitPassiveMountEffects (/Users/ghogue/Library/CloudStorage/OneDrive-InsightfulOutcomes,LLC/IS-LTD/APPS/CaliberVault/node_modules/react-dom/cjs/react-dom.development.js:24905:3)
    at flushPassiveEffectsImpl (/Users/ghogue/Library/CloudStorage/OneDrive-InsightfulOutcomes,LLC/IS-LTD/APPS/CaliberVault/node_modules/react-dom/cjs/react-dom.development.js:27078:3)
    at flushPassiveEffects (/Users/ghogue/Library/CloudStorage/OneDrive-InsightfulOutcomes,LLC/IS-LTD/APPS/CaliberVault/node_modules/react-dom/cjs/react-dom.development.js:27023:14)
    at /Users/ghogue/Library/CloudStorage/OneDrive-InsightfulOutcomes,LLC/IS-LTD/APPS/CaliberVault/node_modules/react-dom/cjs/react-dom.development.js:26808:9
    at flushActQueue (/Users/ghogue/Library/CloudStorage/OneDrive-InsightfulOutcomes,LLC/IS-LTD/APPS/CaliberVault/node_modules/react/cjs/react.development.js:2667:24)
⚠️ React Router Future Flag Warning: React Router will begin wrapping state updates in `React.startTransition` in v7. You can use the `v7_startTransition` future flag to opt-in early. For more information, see https://reactrouter.com/v6/upgrading/future#v7_starttransition.
⚠️ React Router Future Flag Warning: Relative route resolution within Splat routes is changing in v7. You can use the `v7_relativeSplatPath` future flag to opt-in early. For more information, see https://reactrouter.com/v6/upgrading/future#v7_relativesplatpath.
The above error occurred in the <AuthProvider> component:

    at AuthProvider (/Users/ghogue/Library/CloudStorage/OneDrive-InsightfulOutcomes,LLC/IS-LTD/APPS/CaliberVault/src/components/auth/AuthProvider.tsx:31:25)
    at Router (/Users/ghogue/Library/CloudStorage/OneDrive-InsightfulOutcomes,LLC/IS-LTD/APPS/CaliberVault/node_modules/react-router/dist/umd/react-router.development.js:1207:17)
    at BrowserRouter (/Users/ghogue/Library/CloudStorage/OneDrive-InsightfulOutcomes,LLC/IS-LTD/APPS/CaliberVault/node_modules/react-router-dom/dist/umd/react-router-dom.development.js:695:7)
    at QueryClientProvider (file:///Users/ghogue/Library/CloudStorage/OneDrive-InsightfulOutcomes,LLC/IS-LTD/APPS/CaliberVault/node_modules/@tanstack/react-query/build/modern/QueryClientProvider.js:20:3)
    at AllTheProviders (/Users/ghogue/Library/CloudStorage/OneDrive-InsightfulOutcomes,LLC/IS-LTD/APPS/CaliberVault/src/test/testUtils.tsx:17:28)

Consider adding an error boundary to your tree to customize error handling behavior.
Visit https://reactjs.org/link/error-boundaries to learn more about error boundaries.

stderr | src/components/__tests__/AddItemModal.test.tsx > AddItemModal > should not render when closed
Failed to get auth session: TypeError: Cannot read properties of undefined (reading 'getSession')
    at initAuth (/Users/ghogue/Library/CloudStorage/OneDrive-InsightfulOutcomes,LLC/IS-LTD/APPS/CaliberVault/src/components/auth/AuthProvider.tsx:41:66)
    at /Users/ghogue/Library/CloudStorage/OneDrive-InsightfulOutcomes,LLC/IS-LTD/APPS/CaliberVault/src/components/auth/AuthProvider.tsx:54:5
    at commitHookEffectListMount (/Users/ghogue/Library/CloudStorage/OneDrive-InsightfulOutcomes,LLC/IS-LTD/APPS/CaliberVault/node_modules/react-dom/cjs/react-dom.development.js:23189:26)
    at commitPassiveMountOnFiber (/Users/ghogue/Library/CloudStorage/OneDrive-InsightfulOutcomes,LLC/IS-LTD/APPS/CaliberVault/node_modules/react-dom/cjs/react-dom.development.js:24970:11)
    at commitPassiveMountEffects_complete (/Users/ghogue/Library/CloudStorage/OneDrive-InsightfulOutcomes,LLC/IS-LTD/APPS/CaliberVault/node_modules/react-dom/cjs/react-dom.development.js:24930:9)
    at commitPassiveMountEffects_begin (/Users/ghogue/Library/CloudStorage/OneDrive-InsightfulOutcomes,LLC/IS-LTD/APPS/CaliberVault/node_modules/react-dom/cjs/react-dom.development.js:24917:7)
    at commitPassiveMountEffects (/Users/ghogue/Library/CloudStorage/OneDrive-InsightfulOutcomes,LLC/IS-LTD/APPS/CaliberVault/node_modules/react-dom/cjs/react-dom.development.js:24905:3)
    at flushPassiveEffectsImpl (/Users/ghogue/Library/CloudStorage/OneDrive-InsightfulOutcomes,LLC/IS-LTD/APPS/CaliberVault/node_modules/react-dom/cjs/react-dom.development.js:27078:3)
    at flushPassiveEffects (/Users/ghogue/Library/CloudStorage/OneDrive-InsightfulOutcomes,LLC/IS-LTD/APPS/CaliberVault/node_modules/react-dom/cjs/react-dom.development.js:27023:14)
    at /Users/ghogue/Library/CloudStorage/OneDrive-InsightfulOutcomes,LLC/IS-LTD/APPS/CaliberVault/node_modules/react-dom/cjs/react-dom.development.js:26808:9
Error: Uncaught [TypeError: Cannot read properties of undefined (reading 'onAuthStateChange')]
    at reportException (/Users/ghogue/Library/CloudStorage/OneDrive-InsightfulOutcomes,LLC/IS-LTD/APPS/CaliberVault/node_modules/jsdom/lib/jsdom/living/helpers/runtime-script-errors.js:66:24)
    at innerInvokeEventListeners (/Users/ghogue/Library/CloudStorage/OneDrive-InsightfulOutcomes,LLC/IS-LTD/APPS/CaliberVault/node_modules/jsdom/lib/jsdom/living/events/EventTarget-impl.js:353:9)
    at invokeEventListeners (/Users/ghogue/Library/CloudStorage/OneDrive-InsightfulOutcomes,LLC/IS-LTD/APPS/CaliberVault/node_modules/jsdom/lib/jsdom/living/events/EventTarget-impl.js:286:3)
    at HTMLUnknownElementImpl._dispatch (/Users/ghogue/Library/CloudStorage/OneDrive-InsightfulOutcomes,LLC/IS-LTD/APPS/CaliberVault/node_modules/jsdom/lib/jsdom/living/events/EventTarget-impl.js:233:9)
    at HTMLUnknownElementImpl.dispatchEvent (/Users/ghogue/Library/CloudStorage/OneDrive-InsightfulOutcomes,LLC/IS-LTD/APPS/CaliberVault/node_modules/jsdom/lib/jsdom/living/events/EventTarget-impl.js:104:17)
    at HTMLUnknownElement.dispatchEvent (/Users/ghogue/Library/CloudStorage/OneDrive-InsightfulOutcomes,LLC/IS-LTD/APPS/CaliberVault/node_modules/jsdom/lib/jsdom/living/generated/EventTarget.js:241:34)
    at Object.invokeGuardedCallbackDev (/Users/ghogue/Library/CloudStorage/OneDrive-InsightfulOutcomes,LLC/IS-LTD/APPS/CaliberVault/node_modules/react-dom/cjs/react-dom.development.js:4213:16)
    at invokeGuardedCallback (/Users/ghogue/Library/CloudStorage/OneDrive-InsightfulOutcomes,LLC/IS-LTD/APPS/CaliberVault/node_modules/react-dom/cjs/react-dom.development.js:4277:31)
    at reportUncaughtErrorInDEV (/Users/ghogue/Library/CloudStorage/OneDrive-InsightfulOutcomes,LLC/IS-LTD/APPS/CaliberVault/node_modules/react-dom/cjs/react-dom.development.js:22877:5)
    at captureCommitPhaseError (/Users/ghogue/Library/CloudStorage/OneDrive-InsightfulOutcomes,LLC/IS-LTD/APPS/CaliberVault/node_modules/react-dom/cjs/react-dom.development.js:27165:5) TypeError: Cannot read properties of undefined (reading 'onAuthStateChange')
    at /Users/ghogue/Library/CloudStorage/OneDrive-InsightfulOutcomes,LLC/IS-LTD/APPS/CaliberVault/src/components/auth/AuthProvider.tsx:57:54
    at commitHookEffectListMount (/Users/ghogue/Library/CloudStorage/OneDrive-InsightfulOutcomes,LLC/IS-LTD/APPS/CaliberVault/node_modules/react-dom/cjs/react-dom.development.js:23189:26)
    at commitPassiveMountOnFiber (/Users/ghogue/Library/CloudStorage/OneDrive-InsightfulOutcomes,LLC/IS-LTD/APPS/CaliberVault/node_modules/react-dom/cjs/react-dom.development.js:24970:11)
    at commitPassiveMountEffects_complete (/Users/ghogue/Library/CloudStorage/OneDrive-InsightfulOutcomes,LLC/IS-LTD/APPS/CaliberVault/node_modules/react-dom/cjs/react-dom.development.js:24930:9)
    at commitPassiveMountEffects_begin (/Users/ghogue/Library/CloudStorage/OneDrive-InsightfulOutcomes,LLC/IS-LTD/APPS/CaliberVault/node_modules/react-dom/cjs/react-dom.development.js:24917:7)
    at commitPassiveMountEffects (/Users/ghogue/Library/CloudStorage/OneDrive-InsightfulOutcomes,LLC/IS-LTD/APPS/CaliberVault/node_modules/react-dom/cjs/react-dom.development.js:24905:3)
    at flushPassiveEffectsImpl (/Users/ghogue/Library/CloudStorage/OneDrive-InsightfulOutcomes,LLC/IS-LTD/APPS/CaliberVault/node_modules/react-dom/cjs/react-dom.development.js:27078:3)
    at flushPassiveEffects (/Users/ghogue/Library/CloudStorage/OneDrive-InsightfulOutcomes,LLC/IS-LTD/APPS/CaliberVault/node_modules/react-dom/cjs/react-dom.development.js:27023:14)
    at /Users/ghogue/Library/CloudStorage/OneDrive-InsightfulOutcomes,LLC/IS-LTD/APPS/CaliberVault/node_modules/react-dom/cjs/react-dom.development.js:26808:9
    at flushActQueue (/Users/ghogue/Library/CloudStorage/OneDrive-InsightfulOutcomes,LLC/IS-LTD/APPS/CaliberVault/node_modules/react/cjs/react.development.js:2667:24)
The above error occurred in the <AuthProvider> component:

    at AuthProvider (/Users/ghogue/Library/CloudStorage/OneDrive-InsightfulOutcomes,LLC/IS-LTD/APPS/CaliberVault/src/components/auth/AuthProvider.tsx:31:25)
    at Router (/Users/ghogue/Library/CloudStorage/OneDrive-InsightfulOutcomes,LLC/IS-LTD/APPS/CaliberVault/node_modules/react-router/dist/umd/react-router.development.js:1207:17)
    at BrowserRouter (/Users/ghogue/Library/CloudStorage/OneDrive-InsightfulOutcomes,LLC/IS-LTD/APPS/CaliberVault/node_modules/react-router-dom/dist/umd/react-router-dom.development.js:695:7)
    at QueryClientProvider (file:///Users/ghogue/Library/CloudStorage/OneDrive-InsightfulOutcomes,LLC/IS-LTD/APPS/CaliberVault/node_modules/@tanstack/react-query/build/modern/QueryClientProvider.js:20:3)
    at AllTheProviders (/Users/ghogue/Library/CloudStorage/OneDrive-InsightfulOutcomes,LLC/IS-LTD/APPS/CaliberVault/src/test/testUtils.tsx:17:28)

Consider adding an error boundary to your tree to customize error handling behavior.
Visit https://reactjs.org/link/error-boundaries to learn more about error boundaries.

stderr | src/components/__tests__/AddItemModal.test.tsx > AddItemModal > should have category selection
Failed to get auth session: TypeError: Cannot read properties of undefined (reading 'getSession')
    at initAuth (/Users/ghogue/Library/CloudStorage/OneDrive-InsightfulOutcomes,LLC/IS-LTD/APPS/CaliberVault/src/components/auth/AuthProvider.tsx:41:66)
    at /Users/ghogue/Library/CloudStorage/OneDrive-InsightfulOutcomes,LLC/IS-LTD/APPS/CaliberVault/src/components/auth/AuthProvider.tsx:54:5
    at commitHookEffectListMount (/Users/ghogue/Library/CloudStorage/OneDrive-InsightfulOutcomes,LLC/IS-LTD/APPS/CaliberVault/node_modules/react-dom/cjs/react-dom.development.js:23189:26)
    at commitPassiveMountOnFiber (/Users/ghogue/Library/CloudStorage/OneDrive-InsightfulOutcomes,LLC/IS-LTD/APPS/CaliberVault/node_modules/react-dom/cjs/react-dom.development.js:24970:11)
    at commitPassiveMountEffects_complete (/Users/ghogue/Library/CloudStorage/OneDrive-InsightfulOutcomes,LLC/IS-LTD/APPS/CaliberVault/node_modules/react-dom/cjs/react-dom.development.js:24930:9)
    at commitPassiveMountEffects_begin (/Users/ghogue/Library/CloudStorage/OneDrive-InsightfulOutcomes,LLC/IS-LTD/APPS/CaliberVault/node_modules/react-dom/cjs/react-dom.development.js:24917:7)
    at commitPassiveMountEffects (/Users/ghogue/Library/CloudStorage/OneDrive-InsightfulOutcomes,LLC/IS-LTD/APPS/CaliberVault/node_modules/react-dom/cjs/react-dom.development.js:24905:3)
    at flushPassiveEffectsImpl (/Users/ghogue/Library/CloudStorage/OneDrive-InsightfulOutcomes,LLC/IS-LTD/APPS/CaliberVault/node_modules/react-dom/cjs/react-dom.development.js:27078:3)
    at flushPassiveEffects (/Users/ghogue/Library/CloudStorage/OneDrive-InsightfulOutcomes,LLC/IS-LTD/APPS/CaliberVault/node_modules/react-dom/cjs/react-dom.development.js:27023:14)
    at /Users/ghogue/Library/CloudStorage/OneDrive-InsightfulOutcomes,LLC/IS-LTD/APPS/CaliberVault/node_modules/react-dom/cjs/react-dom.development.js:26808:9
Error: Uncaught [TypeError: Cannot read properties of undefined (reading 'onAuthStateChange')]
    at reportException (/Users/ghogue/Library/CloudStorage/OneDrive-InsightfulOutcomes,LLC/IS-LTD/APPS/CaliberVault/node_modules/jsdom/lib/jsdom/living/helpers/runtime-script-errors.js:66:24)
    at innerInvokeEventListeners (/Users/ghogue/Library/CloudStorage/OneDrive-InsightfulOutcomes,LLC/IS-LTD/APPS/CaliberVault/node_modules/jsdom/lib/jsdom/living/events/EventTarget-impl.js:353:9)
    at invokeEventListeners (/Users/ghogue/Library/CloudStorage/OneDrive-InsightfulOutcomes,LLC/IS-LTD/APPS/CaliberVault/node_modules/jsdom/lib/jsdom/living/events/EventTarget-impl.js:286:3)
    at HTMLUnknownElementImpl._dispatch (/Users/ghogue/Library/CloudStorage/OneDrive-InsightfulOutcomes,LLC/IS-LTD/APPS/CaliberVault/node_modules/jsdom/lib/jsdom/living/events/EventTarget-impl.js:233:9)
    at HTMLUnknownElementImpl.dispatchEvent (/Users/ghogue/Library/CloudStorage/OneDrive-InsightfulOutcomes,LLC/IS-LTD/APPS/CaliberVault/node_modules/jsdom/lib/jsdom/living/events/EventTarget-impl.js:104:17)
    at HTMLUnknownElement.dispatchEvent (/Users/ghogue/Library/CloudStorage/OneDrive-InsightfulOutcomes,LLC/IS-LTD/APPS/CaliberVault/node_modules/jsdom/lib/jsdom/living/generated/EventTarget.js:241:34)
    at Object.invokeGuardedCallbackDev (/Users/ghogue/Library/CloudStorage/OneDrive-InsightfulOutcomes,LLC/IS-LTD/APPS/CaliberVault/node_modules/react-dom/cjs/react-dom.development.js:4213:16)
    at invokeGuardedCallback (/Users/ghogue/Library/CloudStorage/OneDrive-InsightfulOutcomes,LLC/IS-LTD/APPS/CaliberVault/node_modules/react-dom/cjs/react-dom.development.js:4277:31)
    at reportUncaughtErrorInDEV (/Users/ghogue/Library/CloudStorage/OneDrive-InsightfulOutcomes,LLC/IS-LTD/APPS/CaliberVault/node_modules/react-dom/cjs/react-dom.development.js:22877:5)
    at captureCommitPhaseError (/Users/ghogue/Library/CloudStorage/OneDrive-InsightfulOutcomes,LLC/IS-LTD/APPS/CaliberVault/node_modules/react-dom/cjs/react-dom.development.js:27165:5) TypeError: Cannot read properties of undefined (reading 'onAuthStateChange')
    at /Users/ghogue/Library/CloudStorage/OneDrive-InsightfulOutcomes,LLC/IS-LTD/APPS/CaliberVault/src/components/auth/AuthProvider.tsx:57:54
    at commitHookEffectListMount (/Users/ghogue/Library/CloudStorage/OneDrive-InsightfulOutcomes,LLC/IS-LTD/APPS/CaliberVault/node_modules/react-dom/cjs/react-dom.development.js:23189:26)
    at commitPassiveMountOnFiber (/Users/ghogue/Library/CloudStorage/OneDrive-InsightfulOutcomes,LLC/IS-LTD/APPS/CaliberVault/node_modules/react-dom/cjs/react-dom.development.js:24970:11)
    at commitPassiveMountEffects_complete (/Users/ghogue/Library/CloudStorage/OneDrive-InsightfulOutcomes,LLC/IS-LTD/APPS/CaliberVault/node_modules/react-dom/cjs/react-dom.development.js:24930:9)
    at commitPassiveMountEffects_begin (/Users/ghogue/Library/CloudStorage/OneDrive-InsightfulOutcomes,LLC/IS-LTD/APPS/CaliberVault/node_modules/react-dom/cjs/react-dom.development.js:24917:7)
    at commitPassiveMountEffects (/Users/ghogue/Library/CloudStorage/OneDrive-InsightfulOutcomes,LLC/IS-LTD/APPS/CaliberVault/node_modules/react-dom/cjs/react-dom.development.js:24905:3)
    at flushPassiveEffectsImpl (/Users/ghogue/Library/CloudStorage/OneDrive-InsightfulOutcomes,LLC/IS-LTD/APPS/CaliberVault/node_modules/react-dom/cjs/react-dom.development.js:27078:3)
    at flushPassiveEffects (/Users/ghogue/Library/CloudStorage/OneDrive-InsightfulOutcomes,LLC/IS-LTD/APPS/CaliberVault/node_modules/react-dom/cjs/react-dom.development.js:27023:14)
    at /Users/ghogue/Library/CloudStorage/OneDrive-InsightfulOutcomes,LLC/IS-LTD/APPS/CaliberVault/node_modules/react-dom/cjs/react-dom.development.js:26808:9
    at flushActQueue (/Users/ghogue/Library/CloudStorage/OneDrive-InsightfulOutcomes,LLC/IS-LTD/APPS/CaliberVault/node_modules/react/cjs/react.development.js:2667:24)
The above error occurred in the <AuthProvider> component:

    at AuthProvider (/Users/ghogue/Library/CloudStorage/OneDrive-InsightfulOutcomes,LLC/IS-LTD/APPS/CaliberVault/src/components/auth/AuthProvider.tsx:31:25)
    at Router (/Users/ghogue/Library/CloudStorage/OneDrive-InsightfulOutcomes,LLC/IS-LTD/APPS/CaliberVault/node_modules/react-router/dist/umd/react-router.development.js:1207:17)
    at BrowserRouter (/Users/ghogue/Library/CloudStorage/OneDrive-InsightfulOutcomes,LLC/IS-LTD/APPS/CaliberVault/node_modules/react-router-dom/dist/umd/react-router-dom.development.js:695:7)
    at QueryClientProvider (file:///Users/ghogue/Library/CloudStorage/OneDrive-InsightfulOutcomes,LLC/IS-LTD/APPS/CaliberVault/node_modules/@tanstack/react-query/build/modern/QueryClientProvider.js:20:3)
    at AllTheProviders (/Users/ghogue/Library/CloudStorage/OneDrive-InsightfulOutcomes,LLC/IS-LTD/APPS/CaliberVault/src/test/testUtils.tsx:17:28)

Consider adding an error boundary to your tree to customize error handling behavior.
Visit https://reactjs.org/link/error-boundaries to learn more about error boundaries.

stderr | src/components/__tests__/AddItemModal.test.tsx > AddItemModal > should have name input field
Failed to get auth session: TypeError: Cannot read properties of undefined (reading 'getSession')
    at initAuth (/Users/ghogue/Library/CloudStorage/OneDrive-InsightfulOutcomes,LLC/IS-LTD/APPS/CaliberVault/src/components/auth/AuthProvider.tsx:41:66)
    at /Users/ghogue/Library/CloudStorage/OneDrive-InsightfulOutcomes,LLC/IS-LTD/APPS/CaliberVault/src/components/auth/AuthProvider.tsx:54:5
    at commitHookEffectListMount (/Users/ghogue/Library/CloudStorage/OneDrive-InsightfulOutcomes,LLC/IS-LTD/APPS/CaliberVault/node_modules/react-dom/cjs/react-dom.development.js:23189:26)
    at commitPassiveMountOnFiber (/Users/ghogue/Library/CloudStorage/OneDrive-InsightfulOutcomes,LLC/IS-LTD/APPS/CaliberVault/node_modules/react-dom/cjs/react-dom.development.js:24970:11)
    at commitPassiveMountEffects_complete (/Users/ghogue/Library/CloudStorage/OneDrive-InsightfulOutcomes,LLC/IS-LTD/APPS/CaliberVault/node_modules/react-dom/cjs/react-dom.development.js:24930:9)
    at commitPassiveMountEffects_begin (/Users/ghogue/Library/CloudStorage/OneDrive-InsightfulOutcomes,LLC/IS-LTD/APPS/CaliberVault/node_modules/react-dom/cjs/react-dom.development.js:24917:7)
    at commitPassiveMountEffects (/Users/ghogue/Library/CloudStorage/OneDrive-InsightfulOutcomes,LLC/IS-LTD/APPS/CaliberVault/node_modules/react-dom/cjs/react-dom.development.js:24905:3)
    at flushPassiveEffectsImpl (/Users/ghogue/Library/CloudStorage/OneDrive-InsightfulOutcomes,LLC/IS-LTD/APPS/CaliberVault/node_modules/react-dom/cjs/react-dom.development.js:27078:3)
    at flushPassiveEffects (/Users/ghogue/Library/CloudStorage/OneDrive-InsightfulOutcomes,LLC/IS-LTD/APPS/CaliberVault/node_modules/react-dom/cjs/react-dom.development.js:27023:14)
    at /Users/ghogue/Library/CloudStorage/OneDrive-InsightfulOutcomes,LLC/IS-LTD/APPS/CaliberVault/node_modules/react-dom/cjs/react-dom.development.js:26808:9
Error: Uncaught [TypeError: Cannot read properties of undefined (reading 'onAuthStateChange')]
    at reportException (/Users/ghogue/Library/CloudStorage/OneDrive-InsightfulOutcomes,LLC/IS-LTD/APPS/CaliberVault/node_modules/jsdom/lib/jsdom/living/helpers/runtime-script-errors.js:66:24)
    at innerInvokeEventListeners (/Users/ghogue/Library/CloudStorage/OneDrive-InsightfulOutcomes,LLC/IS-LTD/APPS/CaliberVault/node_modules/jsdom/lib/jsdom/living/events/EventTarget-impl.js:353:9)
    at invokeEventListeners (/Users/ghogue/Library/CloudStorage/OneDrive-InsightfulOutcomes,LLC/IS-LTD/APPS/CaliberVault/node_modules/jsdom/lib/jsdom/living/events/EventTarget-impl.js:286:3)
    at HTMLUnknownElementImpl._dispatch (/Users/ghogue/Library/CloudStorage/OneDrive-InsightfulOutcomes,LLC/IS-LTD/APPS/CaliberVault/node_modules/jsdom/lib/jsdom/living/events/EventTarget-impl.js:233:9)
    at HTMLUnknownElementImpl.dispatchEvent (/Users/ghogue/Library/CloudStorage/OneDrive-InsightfulOutcomes,LLC/IS-LTD/APPS/CaliberVault/node_modules/jsdom/lib/jsdom/living/events/EventTarget-impl.js:104:17)
    at HTMLUnknownElement.dispatchEvent (/Users/ghogue/Library/CloudStorage/OneDrive-InsightfulOutcomes,LLC/IS-LTD/APPS/CaliberVault/node_modules/jsdom/lib/jsdom/living/generated/EventTarget.js:241:34)
    at Object.invokeGuardedCallbackDev (/Users/ghogue/Library/CloudStorage/OneDrive-InsightfulOutcomes,LLC/IS-LTD/APPS/CaliberVault/node_modules/react-dom/cjs/react-dom.development.js:4213:16)
    at invokeGuardedCallback (/Users/ghogue/Library/CloudStorage/OneDrive-InsightfulOutcomes,LLC/IS-LTD/APPS/CaliberVault/node_modules/react-dom/cjs/react-dom.development.js:4277:31)
    at reportUncaughtErrorInDEV (/Users/ghogue/Library/CloudStorage/OneDrive-InsightfulOutcomes,LLC/IS-LTD/APPS/CaliberVault/node_modules/react-dom/cjs/react-dom.development.js:22877:5)
    at captureCommitPhaseError (/Users/ghogue/Library/CloudStorage/OneDrive-InsightfulOutcomes,LLC/IS-LTD/APPS/CaliberVault/node_modules/react-dom/cjs/react-dom.development.js:27165:5) TypeError: Cannot read properties of undefined (reading 'onAuthStateChange')
    at /Users/ghogue/Library/CloudStorage/OneDrive-InsightfulOutcomes,LLC/IS-LTD/APPS/CaliberVault/src/components/auth/AuthProvider.tsx:57:54
    at commitHookEffectListMount (/Users/ghogue/Library/CloudStorage/OneDrive-InsightfulOutcomes,LLC/IS-LTD/APPS/CaliberVault/node_modules/react-dom/cjs/react-dom.development.js:23189:26)
    at commitPassiveMountOnFiber (/Users/ghogue/Library/CloudStorage/OneDrive-InsightfulOutcomes,LLC/IS-LTD/APPS/CaliberVault/node_modules/react-dom/cjs/react-dom.development.js:24970:11)
    at commitPassiveMountEffects_complete (/Users/ghogue/Library/CloudStorage/OneDrive-InsightfulOutcomes,LLC/IS-LTD/APPS/CaliberVault/node_modules/react-dom/cjs/react-dom.development.js:24930:9)
    at commitPassiveMountEffects_begin (/Users/ghogue/Library/CloudStorage/OneDrive-InsightfulOutcomes,LLC/IS-LTD/APPS/CaliberVault/node_modules/react-dom/cjs/react-dom.development.js:24917:7)
    at commitPassiveMountEffects (/Users/ghogue/Library/CloudStorage/OneDrive-InsightfulOutcomes,LLC/IS-LTD/APPS/CaliberVault/node_modules/react-dom/cjs/react-dom.development.js:24905:3)
    at flushPassiveEffectsImpl (/Users/ghogue/Library/CloudStorage/OneDrive-InsightfulOutcomes,LLC/IS-LTD/APPS/CaliberVault/node_modules/react-dom/cjs/react-dom.development.js:27078:3)
    at flushPassiveEffects (/Users/ghogue/Library/CloudStorage/OneDrive-InsightfulOutcomes,LLC/IS-LTD/APPS/CaliberVault/node_modules/react-dom/cjs/react-dom.development.js:27023:14)
    at /Users/ghogue/Library/CloudStorage/OneDrive-InsightfulOutcomes,LLC/IS-LTD/APPS/CaliberVault/node_modules/react-dom/cjs/react-dom.development.js:26808:9
    at flushActQueue (/Users/ghogue/Library/CloudStorage/OneDrive-InsightfulOutcomes,LLC/IS-LTD/APPS/CaliberVault/node_modules/react/cjs/react.development.js:2667:24)
The above error occurred in the <AuthProvider> component:

    at AuthProvider (/Users/ghogue/Library/CloudStorage/OneDrive-InsightfulOutcomes,LLC/IS-LTD/APPS/CaliberVault/src/components/auth/AuthProvider.tsx:31:25)
    at Router (/Users/ghogue/Library/CloudStorage/OneDrive-InsightfulOutcomes,LLC/IS-LTD/APPS/CaliberVault/node_modules/react-router/dist/umd/react-router.development.js:1207:17)
    at BrowserRouter (/Users/ghogue/Library/CloudStorage/OneDrive-InsightfulOutcomes,LLC/IS-LTD/APPS/CaliberVault/node_modules/react-router-dom/dist/umd/react-router-dom.development.js:695:7)
    at QueryClientProvider (file:///Users/ghogue/Library/CloudStorage/OneDrive-InsightfulOutcomes,LLC/IS-LTD/APPS/CaliberVault/node_modules/@tanstack/react-query/build/modern/QueryClientProvider.js:20:3)
    at AllTheProviders (/Users/ghogue/Library/CloudStorage/OneDrive-InsightfulOutcomes,LLC/IS-LTD/APPS/CaliberVault/src/test/testUtils.tsx:17:28)

Consider adding an error boundary to your tree to customize error handling behavior.
Visit https://reactjs.org/link/error-boundaries to learn more about error boundaries.

 ❯ src/components/__tests__/AddItemModal.test.tsx (4 tests | 4 failed) 23ms
   × AddItemModal > should render when open 18ms
     → Cannot read properties of undefined (reading 'onAuthStateChange')
   × AddItemModal > should not render when closed 2ms
     → Cannot read properties of undefined (reading 'onAuthStateChange')
   × AddItemModal > should have category selection 2ms
     → Cannot read properties of undefined (reading 'onAuthStateChange')
   × AddItemModal > should have name input field 1ms
     → Cannot read properties of undefined (reading 'onAuthStateChange')
 ❯ src/test/e2e/auth.spec.ts (0 test)
 ❯ src/test/e2e/inventory-crud.spec.ts (0 test)
 ❯ src/test/e2e/search-filter.spec.ts (0 test)
 ❯ src/test/e2e/export.spec.ts (0 test)
 ❯ src/test/e2e/addItem.spec.ts (0 test)
 ❯ src/test/e2e/aiValuation.spec.ts (0 test)
 ❯ src/test/e2e/editItem.spec.ts (0 test)
 ❯ src/test/e2e/bulkImport.spec.ts (0 test)
 ❯ src/lib/__tests__/barcodeCache.test.ts (2 tests | 2 failed) 10008ms
   × BarcodeCacheManager > initializes cache 5005ms
     → Test timed out in 5000ms.
If this is a long-running test, pass a timeout value as the last argument or configure it globally with "testTimeout".
   × BarcodeCacheManager > stores and retrieves barcode data 5002ms
     → Test timed out in 5000ms.
If this is a long-running test, pass a timeout value as the last argument or configure it globally with "testTimeout".

⎯⎯⎯⎯⎯⎯ Failed Suites 25 ⎯⎯⎯⎯⎯⎯

 FAIL  src/test/accessibility/accessibility.spec.ts [ src/test/accessibility/accessibility.spec.ts ]
Error: Playwright Test did not expect test.describe() to be called here.
Most common reasons include:
- You are calling test.describe() in a configuration file.
- You are calling test.describe() in a file that is imported by the configuration file.
- You have two different versions of @playwright/test. This usually happens
  when one of the dependencies in your package.json depends on @playwright/test.
 ❯ TestTypeImpl._currentSuite node_modules/playwright/lib/common/testType.js:74:13
 ❯ TestTypeImpl._describe node_modules/playwright/lib/common/testType.js:114:24
 ❯ Function.describe node_modules/playwright/lib/transform/transform.js:275:12
 ❯ src/test/accessibility/accessibility.spec.ts:9:6
      7|  */
      8| 
      9| test.describe('Accessibility Tests', () => {
       |      ^
     10|   test('homepage has no accessibility violations', async ({ page }) =>…
     11|     await page.goto('/');

⎯⎯⎯⎯⎯⎯⎯⎯⎯⎯⎯⎯⎯⎯⎯⎯⎯⎯⎯⎯⎯⎯[1/186]⎯

 FAIL  src/test/e2e/addItem.spec.ts [ src/test/e2e/addItem.spec.ts ]
Error: Playwright Test did not expect test.describe() to be called here.
Most common reasons include:
- You are calling test.describe() in a configuration file.
- You are calling test.describe() in a file that is imported by the configuration file.
- You have two different versions of @playwright/test. This usually happens
  when one of the dependencies in your package.json depends on @playwright/test.
 ❯ TestTypeImpl._currentSuite node_modules/playwright/lib/common/testType.js:74:13
 ❯ TestTypeImpl._describe node_modules/playwright/lib/common/testType.js:114:24
 ❯ Function.describe node_modules/playwright/lib/transform/transform.js:275:12
 ❯ src/test/e2e/addItem.spec.ts:3:6
      1| import { test, expect } from '@playwright/test';
      2| 
      3| test.describe('Add Item Flow', () => {
       |      ^
      4|   test.beforeEach(async ({ page }) => {
      5|     await page.goto('/');

⎯⎯⎯⎯⎯⎯⎯⎯⎯⎯⎯⎯⎯⎯⎯⎯⎯⎯⎯⎯⎯⎯[2/186]⎯

 FAIL  src/test/e2e/aiValuation.spec.ts [ src/test/e2e/aiValuation.spec.ts ]
Error: Playwright Test did not expect test.describe() to be called here.
Most common reasons include:
- You are calling test.describe() in a configuration file.
- You are calling test.describe() in a file that is imported by the configuration file.
- You have two different versions of @playwright/test. This usually happens
  when one of the dependencies in your package.json depends on @playwright/test.
 ❯ TestTypeImpl._currentSuite node_modules/playwright/lib/common/testType.js:74:13
 ❯ TestTypeImpl._describe node_modules/playwright/lib/common/testType.js:114:24
 ❯ Function.describe node_modules/playwright/lib/transform/transform.js:275:12
 ❯ src/test/e2e/aiValuation.spec.ts:3:6
      1| import { test, expect } from '@playwright/test';
      2| 
      3| test.describe('AI Valuation Flow', () => {
       |      ^
      4|   test.beforeEach(async ({ page }) => {
      5|     await page.goto('/');

⎯⎯⎯⎯⎯⎯⎯⎯⎯⎯⎯⎯⎯⎯⎯⎯⎯⎯⎯⎯⎯⎯[3/186]⎯

 FAIL  src/test/e2e/all-11-categories-complete.spec.ts [ src/test/e2e/all-11-categories-complete.spec.ts ]
Error: Playwright Test did not expect test.describe() to be called here.
Most common reasons include:
- You are calling test.describe() in a configuration file.
- You are calling test.describe() in a file that is imported by the configuration file.
- You have two different versions of @playwright/test. This usually happens
  when one of the dependencies in your package.json depends on @playwright/test.
 ❯ TestTypeImpl._currentSuite node_modules/playwright/lib/common/testType.js:74:13
 ❯ TestTypeImpl._describe node_modules/playwright/lib/common/testType.js:114:24
 ❯ Function.describe node_modules/playwright/lib/transform/transform.js:275:12
 ❯ src/test/e2e/all-11-categories-complete.spec.ts:3:6
      1| import { test, expect } from '@playwright/test';
      2| 
      3| test.describe('All 11 Categories CRUD Operations', () => {
       |      ^
      4|   test.beforeEach(async ({ page }) => {
      5|     await page.goto('/');

⎯⎯⎯⎯⎯⎯⎯⎯⎯⎯⎯⎯⎯⎯⎯⎯⎯⎯⎯⎯⎯⎯[4/186]⎯

 FAIL  src/test/e2e/all-categories.spec.ts [ src/test/e2e/all-categories.spec.ts ]
Error: Playwright Test did not expect test.describe() to be called here.
Most common reasons include:
- You are calling test.describe() in a configuration file.
- You are calling test.describe() in a file that is imported by the configuration file.
- You have two different versions of @playwright/test. This usually happens
  when one of the dependencies in your package.json depends on @playwright/test.
 ❯ TestTypeImpl._currentSuite node_modules/playwright/lib/common/testType.js:74:13
 ❯ TestTypeImpl._describe node_modules/playwright/lib/common/testType.js:114:24
 ❯ Function.describe node_modules/playwright/lib/transform/transform.js:275:12
 ❯ src/test/e2e/all-categories.spec.ts:3:6
      1| import { test, expect } from '@playwright/test';
      2| 
      3| test.describe('All Categories CRUD Operations', () => {
       |      ^
      4|   test.beforeEach(async ({ page }) => {
      5|     await page.goto('/');

⎯⎯⎯⎯⎯⎯⎯⎯⎯⎯⎯⎯⎯⎯⎯⎯⎯⎯⎯⎯⎯⎯[5/186]⎯

 FAIL  src/test/e2e/auth.spec.ts [ src/test/e2e/auth.spec.ts ]
Error: Playwright Test did not expect test.describe() to be called here.
Most common reasons include:
- You are calling test.describe() in a configuration file.
- You are calling test.describe() in a file that is imported by the configuration file.
- You have two different versions of @playwright/test. This usually happens
  when one of the dependencies in your package.json depends on @playwright/test.
 ❯ TestTypeImpl._currentSuite node_modules/playwright/lib/common/testType.js:74:13
 ❯ TestTypeImpl._describe node_modules/playwright/lib/common/testType.js:114:24
 ❯ Function.describe node_modules/playwright/lib/transform/transform.js:275:12
 ❯ src/test/e2e/auth.spec.ts:3:6
      1| import { test, expect } from '@playwright/test';
      2| 
      3| test.describe('Authentication Flow', () => {
       |      ^
      4|   test.beforeEach(async ({ page }) => {
      5|     await page.goto('/');

⎯⎯⎯⎯⎯⎯⎯⎯⎯⎯⎯⎯⎯⎯⎯⎯⎯⎯⎯⎯⎯⎯[6/186]⎯

 FAIL  src/test/e2e/authentication.spec.ts [ src/test/e2e/authentication.spec.ts ]
Error: Playwright Test did not expect test.describe() to be called here.
Most common reasons include:
- You are calling test.describe() in a configuration file.
- You are calling test.describe() in a file that is imported by the configuration file.
- You have two different versions of @playwright/test. This usually happens
  when one of the dependencies in your package.json depends on @playwright/test.
 ❯ TestTypeImpl._currentSuite node_modules/playwright/lib/common/testType.js:74:13
 ❯ TestTypeImpl._describe node_modules/playwright/lib/common/testType.js:114:24
 ❯ Function.describe node_modules/playwright/lib/transform/transform.js:275:12
 ❯ src/test/e2e/authentication.spec.ts:3:6
      1| import { test, expect } from '@playwright/test';
      2| 
      3| test.describe('Authentication Flows', () => {
       |      ^
      4|   test.beforeEach(async ({ page }) => {
      5|     await page.goto('/');

⎯⎯⎯⎯⎯⎯⎯⎯⎯⎯⎯⎯⎯⎯⎯⎯⎯⎯⎯⎯⎯⎯[7/186]⎯

 FAIL  src/test/e2e/barcode-scanning.spec.ts [ src/test/e2e/barcode-scanning.spec.ts ]
Error: Playwright Test did not expect test.describe() to be called here.
Most common reasons include:
- You are calling test.describe() in a configuration file.
- You are calling test.describe() in a file that is imported by the configuration file.
- You have two different versions of @playwright/test. This usually happens
  when one of the dependencies in your package.json depends on @playwright/test.
 ❯ TestTypeImpl._currentSuite node_modules/playwright/lib/common/testType.js:74:13
 ❯ TestTypeImpl._describe node_modules/playwright/lib/common/testType.js:114:24
 ❯ Function.describe node_modules/playwright/lib/transform/transform.js:275:12
 ❯ src/test/e2e/barcode-scanning.spec.ts:3:6
      1| import { test, expect } from '@playwright/test';
      2| 
      3| test.describe('Barcode Scanning E2E Tests', () => {
       |      ^
      4|   test.beforeEach(async ({ page }) => {
      5|     await page.goto('/');

⎯⎯⎯⎯⎯⎯⎯⎯⎯⎯⎯⎯⎯⎯⎯⎯⎯⎯⎯⎯⎯⎯[8/186]⎯

 FAIL  src/test/e2e/bulkImport.spec.ts [ src/test/e2e/bulkImport.spec.ts ]
Error: Playwright Test did not expect test.describe() to be called here.
Most common reasons include:
- You are calling test.describe() in a configuration file.
- You are calling test.describe() in a file that is imported by the configuration file.
- You have two different versions of @playwright/test. This usually happens
  when one of the dependencies in your package.json depends on @playwright/test.
 ❯ TestTypeImpl._currentSuite node_modules/playwright/lib/common/testType.js:74:13
 ❯ TestTypeImpl._describe node_modules/playwright/lib/common/testType.js:114:24
 ❯ Function.describe node_modules/playwright/lib/transform/transform.js:275:12
 ❯ src/test/e2e/bulkImport.spec.ts:3:6
      1| import { test, expect } from '@playwright/test';
      2| 
      3| test.describe('Bulk Import Flow', () => {
       |      ^
      4|   test.beforeEach(async ({ page }) => {
      5|     await page.goto('/');

⎯⎯⎯⎯⎯⎯⎯⎯⎯⎯⎯⎯⎯⎯⎯⎯⎯⎯⎯⎯⎯⎯[9/186]⎯

 FAIL  src/test/e2e/category-filters.spec.ts [ src/test/e2e/category-filters.spec.ts ]
Error: Playwright Test did not expect test.describe() to be called here.
Most common reasons include:
- You are calling test.describe() in a configuration file.
- You are calling test.describe() in a file that is imported by the configuration file.
- You have two different versions of @playwright/test. This usually happens
  when one of the dependencies in your package.json depends on @playwright/test.
 ❯ TestTypeImpl._currentSuite node_modules/playwright/lib/common/testType.js:74:13
 ❯ TestTypeImpl._describe node_modules/playwright/lib/common/testType.js:114:24
 ❯ Function.describe node_modules/playwright/lib/transform/transform.js:275:12
 ❯ src/test/e2e/category-filters.spec.ts:3:6
      1| import { test, expect } from '@playwright/test';
      2| 
      3| test.describe('Category Filter Verification', () => {
       |      ^
      4|   test.beforeEach(async ({ page }) => {
      5|     await page.goto('/');

⎯⎯⎯⎯⎯⎯⎯⎯⎯⎯⎯⎯⎯⎯⎯⎯⎯⎯⎯⎯⎯[10/186]⎯

 FAIL  src/test/e2e/comprehensive-categories.spec.ts [ src/test/e2e/comprehensive-categories.spec.ts ]
Error: Playwright Test did not expect test.describe() to be called here.
Most common reasons include:
- You are calling test.describe() in a configuration file.
- You are calling test.describe() in a file that is imported by the configuration file.
- You have two different versions of @playwright/test. This usually happens
  when one of the dependencies in your package.json depends on @playwright/test.
 ❯ TestTypeImpl._currentSuite node_modules/playwright/lib/common/testType.js:74:13
 ❯ TestTypeImpl._describe node_modules/playwright/lib/common/testType.js:114:24
 ❯ Function.describe node_modules/playwright/lib/transform/transform.js:275:12
 ❯ src/test/e2e/comprehensive-categories.spec.ts:3:6
      1| import { test, expect } from '@playwright/test';
      2| 
      3| test.describe('Comprehensive Category Testing', () => {
       |      ^
      4|   test.beforeEach(async ({ page }) => {
      5|     await page.goto('/');

⎯⎯⎯⎯⎯⎯⎯⎯⎯⎯⎯⎯⎯⎯⎯⎯⎯⎯⎯⎯⎯[11/186]⎯

 FAIL  src/test/e2e/comprehensive-crud-all-categories.spec.ts [ src/test/e2e/comprehensive-crud-all-categories.spec.ts ]
Error: Playwright Test did not expect test.describe() to be called here.
Most common reasons include:
- You are calling test.describe() in a configuration file.
- You are calling test.describe() in a file that is imported by the configuration file.
- You have two different versions of @playwright/test. This usually happens
  when one of the dependencies in your package.json depends on @playwright/test.
 ❯ TestTypeImpl._currentSuite node_modules/playwright/lib/common/testType.js:74:13
 ❯ TestTypeImpl._describe node_modules/playwright/lib/common/testType.js:114:24
 ❯ Function.describe node_modules/playwright/lib/transform/transform.js:275:12
 ❯ src/test/e2e/comprehensive-crud-all-categories.spec.ts:16:6
     14| ];
     15| 
     16| test.describe('Comprehensive CRUD Tests - All Categories', () => {
       |      ^
     17|   test.beforeEach(async ({ page }) => {
     18|     await page.goto('/');

⎯⎯⎯⎯⎯⎯⎯⎯⎯⎯⎯⎯⎯⎯⎯⎯⎯⎯⎯⎯⎯[12/186]⎯

 FAIL  src/test/e2e/comprehensive-inventory-crud.spec.ts [ src/test/e2e/comprehensive-inventory-crud.spec.ts ]
Error: Playwright Test did not expect test.describe() to be called here.
Most common reasons include:
- You are calling test.describe() in a configuration file.
- You are calling test.describe() in a file that is imported by the configuration file.
- You have two different versions of @playwright/test. This usually happens
  when one of the dependencies in your package.json depends on @playwright/test.
 ❯ TestTypeImpl._currentSuite node_modules/playwright/lib/common/testType.js:74:13
 ❯ TestTypeImpl._describe node_modules/playwright/lib/common/testType.js:114:24
 ❯ Function.describe node_modules/playwright/lib/transform/transform.js:275:12
 ❯ src/test/e2e/comprehensive-inventory-crud.spec.ts:4:6
      2| import { allMockItems } from '../fixtures/inventory.fixtures';
      3| 
      4| test.describe('Comprehensive Inventory CRUD Operations', () => {
       |      ^
      5|   test.beforeEach(async ({ page }) => {
      6|     await page.goto('/');

⎯⎯⎯⎯⎯⎯⎯⎯⎯⎯⎯⎯⎯⎯⎯⎯⎯⎯⎯⎯⎯[13/186]⎯

 FAIL  src/test/e2e/comprehensive-user-flows.spec.ts [ src/test/e2e/comprehensive-user-flows.spec.ts ]
Error: Playwright Test did not expect test.describe() to be called here.
Most common reasons include:
- You are calling test.describe() in a configuration file.
- You are calling test.describe() in a file that is imported by the configuration file.
- You have two different versions of @playwright/test. This usually happens
  when one of the dependencies in your package.json depends on @playwright/test.
 ❯ TestTypeImpl._currentSuite node_modules/playwright/lib/common/testType.js:74:13
 ❯ TestTypeImpl._describe node_modules/playwright/lib/common/testType.js:114:24
 ❯ Function.describe node_modules/playwright/lib/transform/transform.js:275:12
 ❯ src/test/e2e/comprehensive-user-flows.spec.ts:3:6
      1| import { test, expect } from '@playwright/test';
      2| 
      3| test.describe('Comprehensive User Flows', () => {
       |      ^
      4|   test.beforeEach(async ({ page }) => {
      5|     await page.goto('/');

⎯⎯⎯⎯⎯⎯⎯⎯⎯⎯⎯⎯⎯⎯⎯⎯⎯⎯⎯⎯⎯[14/186]⎯

 FAIL  src/test/e2e/comprehensive.spec.ts [ src/test/e2e/comprehensive.spec.ts ]
Error: Playwright Test did not expect test.describe() to be called here.
Most common reasons include:
- You are calling test.describe() in a configuration file.
- You are calling test.describe() in a file that is imported by the configuration file.
- You have two different versions of @playwright/test. This usually happens
  when one of the dependencies in your package.json depends on @playwright/test.
 ❯ TestTypeImpl._currentSuite node_modules/playwright/lib/common/testType.js:74:13
 ❯ TestTypeImpl._describe node_modules/playwright/lib/common/testType.js:114:24
 ❯ Function.describe node_modules/playwright/lib/transform/transform.js:275:12
 ❯ src/test/e2e/comprehensive.spec.ts:3:6
      1| import { test, expect } from '@playwright/test';
      2| 
      3| test.describe('Comprehensive User Journey', () => {
       |      ^
      4|   test('complete user workflow', async ({ page }) => {
      5|     // 1. Navigate to app

⎯⎯⎯⎯⎯⎯⎯⎯⎯⎯⎯⎯⎯⎯⎯⎯⎯⎯⎯⎯⎯[15/186]⎯

 FAIL  src/test/e2e/editItem.spec.ts [ src/test/e2e/editItem.spec.ts ]
Error: Playwright Test did not expect test.describe() to be called here.
Most common reasons include:
- You are calling test.describe() in a configuration file.
- You are calling test.describe() in a file that is imported by the configuration file.
- You have two different versions of @playwright/test. This usually happens
  when one of the dependencies in your package.json depends on @playwright/test.
 ❯ TestTypeImpl._currentSuite node_modules/playwright/lib/common/testType.js:74:13
 ❯ TestTypeImpl._describe node_modules/playwright/lib/common/testType.js:114:24
 ❯ Function.describe node_modules/playwright/lib/transform/transform.js:275:12
 ❯ src/test/e2e/editItem.spec.ts:3:6
      1| import { test, expect } from '@playwright/test';
      2| 
      3| test.describe('Edit Item Flow', () => {
       |      ^
      4|   test.beforeEach(async ({ page }) => {
      5|     await page.goto('/');

⎯⎯⎯⎯⎯⎯⎯⎯⎯⎯⎯⎯⎯⎯⎯⎯⎯⎯⎯⎯⎯[16/186]⎯

 FAIL  src/test/e2e/export.spec.ts [ src/test/e2e/export.spec.ts ]
Error: Playwright Test did not expect test.describe() to be called here.
Most common reasons include:
- You are calling test.describe() in a configuration file.
- You are calling test.describe() in a file that is imported by the configuration file.
- You have two different versions of @playwright/test. This usually happens
  when one of the dependencies in your package.json depends on @playwright/test.
 ❯ TestTypeImpl._currentSuite node_modules/playwright/lib/common/testType.js:74:13
 ❯ TestTypeImpl._describe node_modules/playwright/lib/common/testType.js:114:24
 ❯ Function.describe node_modules/playwright/lib/transform/transform.js:275:12
 ❯ src/test/e2e/export.spec.ts:5:6
      3| import * as path from 'path';
      4| 
      5| test.describe('Export Functionality', () => {
       |      ^
      6|   test.beforeEach(async ({ page }) => {
      7|     await page.goto('/');

⎯⎯⎯⎯⎯⎯⎯⎯⎯⎯⎯⎯⎯⎯⎯⎯⎯⎯⎯⎯⎯[17/186]⎯

 FAIL  src/test/e2e/filtering-and-search.spec.ts [ src/test/e2e/filtering-and-search.spec.ts ]
Error: Playwright Test did not expect test.describe() to be called here.
Most common reasons include:
- You are calling test.describe() in a configuration file.
- You are calling test.describe() in a file that is imported by the configuration file.
- You have two different versions of @playwright/test. This usually happens
  when one of the dependencies in your package.json depends on @playwright/test.
 ❯ TestTypeImpl._currentSuite node_modules/playwright/lib/common/testType.js:74:13
 ❯ TestTypeImpl._describe node_modules/playwright/lib/common/testType.js:114:24
 ❯ Function.describe node_modules/playwright/lib/transform/transform.js:275:12
 ❯ src/test/e2e/filtering-and-search.spec.ts:3:6
      1| import { test, expect } from '@playwright/test';
      2| 
      3| test.describe('Filtering and Search', () => {
       |      ^
      4|   test.beforeEach(async ({ page }) => {
      5|     await page.goto('/');

⎯⎯⎯⎯⎯⎯⎯⎯⎯⎯⎯⎯⎯⎯⎯⎯⎯⎯⎯⎯⎯[18/186]⎯

 FAIL  src/test/e2e/inventory-crud.spec.ts [ src/test/e2e/inventory-crud.spec.ts ]
Error: Playwright Test did not expect test.describe() to be called here.
Most common reasons include:
- You are calling test.describe() in a configuration file.
- You are calling test.describe() in a file that is imported by the configuration file.
- You have two different versions of @playwright/test. This usually happens
  when one of the dependencies in your package.json depends on @playwright/test.
 ❯ TestTypeImpl._currentSuite node_modules/playwright/lib/common/testType.js:74:13
 ❯ TestTypeImpl._describe node_modules/playwright/lib/common/testType.js:114:24
 ❯ Function.describe node_modules/playwright/lib/transform/transform.js:275:12
 ❯ src/test/e2e/inventory-crud.spec.ts:3:6
      1| import { test, expect } from '@playwright/test';
      2| 
      3| test.describe('Inventory CRUD Operations', () => {
       |      ^
      4|   test.beforeEach(async ({ page }) => {
      5|     await page.goto('/');

⎯⎯⎯⎯⎯⎯⎯⎯⎯⎯⎯⎯⎯⎯⎯⎯⎯⎯⎯⎯⎯[19/186]⎯

 FAIL  src/test/e2e/search-filter.spec.ts [ src/test/e2e/search-filter.spec.ts ]
Error: Playwright Test did not expect test.describe() to be called here.
Most common reasons include:
- You are calling test.describe() in a configuration file.
- You are calling test.describe() in a file that is imported by the configuration file.
- You have two different versions of @playwright/test. This usually happens
  when one of the dependencies in your package.json depends on @playwright/test.
 ❯ TestTypeImpl._currentSuite node_modules/playwright/lib/common/testType.js:74:13
 ❯ TestTypeImpl._describe node_modules/playwright/lib/common/testType.js:114:24
 ❯ Function.describe node_modules/playwright/lib/transform/transform.js:275:12
 ❯ src/test/e2e/search-filter.spec.ts:3:6
      1| import { test, expect } from '@playwright/test';
      2| 
      3| test.describe('Search and Filter', () => {
       |      ^
      4|   test.beforeEach(async ({ page }) => {
      5|     await page.goto('/');

⎯⎯⎯⎯⎯⎯⎯⎯⎯⎯⎯⎯⎯⎯⎯⎯⎯⎯⎯⎯⎯[20/186]⎯

 FAIL  src/test/integration/data-migration.test.ts > Data Migration Validation
TypeError: Cannot read properties of undefined (reading 'getUser')
 ❯ src/test/integration/data-migration.test.ts:8:52
      6| 
      7|   beforeAll(async () => {
      8|     const { data: { user } } = await supabase.auth.getUser();
       |                                                    ^
      9|     testUserId = user?.id || '';
     10|   });

⎯⎯⎯⎯⎯⎯⎯⎯⎯⎯⎯⎯⎯⎯⎯⎯⎯⎯⎯⎯⎯[21/186]⎯

 FAIL  src/test/performance/performance.spec.ts [ src/test/performance/performance.spec.ts ]
Error: Playwright Test did not expect test.describe() to be called here.
Most common reasons include:
- You are calling test.describe() in a configuration file.
- You are calling test.describe() in a file that is imported by the configuration file.
- You have two different versions of @playwright/test. This usually happens
  when one of the dependencies in your package.json depends on @playwright/test.
 ❯ TestTypeImpl._currentSuite node_modules/playwright/lib/common/testType.js:74:13
 ❯ TestTypeImpl._describe node_modules/playwright/lib/common/testType.js:114:24
 ❯ Function.describe node_modules/playwright/lib/transform/transform.js:275:12
 ❯ src/test/performance/performance.spec.ts:8:6
      6|  */
      7| 
      8| test.describe('Performance Tests', () => {
       |      ^
      9|   test('homepage loads within acceptable time', async ({ page }) => {
     10|     const startTime = Date.now();

⎯⎯⎯⎯⎯⎯⎯⎯⎯⎯⎯⎯⎯⎯⎯⎯⎯⎯⎯⎯⎯[22/186]⎯

 FAIL  src/test/security/security.spec.ts [ src/test/security/security.spec.ts ]
Error: Playwright Test did not expect test.describe() to be called here.
Most common reasons include:
- You are calling test.describe() in a configuration file.
- You are calling test.describe() in a file that is imported by the configuration file.
- You have two different versions of @playwright/test. This usually happens
  when one of the dependencies in your package.json depends on @playwright/test.
 ❯ TestTypeImpl._currentSuite node_modules/playwright/lib/common/testType.js:74:13
 ❯ TestTypeImpl._describe node_modules/playwright/lib/common/testType.js:114:24
 ❯ Function.describe node_modules/playwright/lib/transform/transform.js:275:12
 ❯ src/test/security/security.spec.ts:3:6
      1| import { test, expect } from '@playwright/test';
      2| 
      3| test.describe('Security Testing Suite', () => {
       |      ^
      4|   
      5|   test.describe('Authentication Security', () => {

⎯⎯⎯⎯⎯⎯⎯⎯⎯⎯⎯⎯⎯⎯⎯⎯⎯⎯⎯⎯⎯[23/186]⎯

 FAIL  src/test/visual/visual-regression.spec.ts [ src/test/visual/visual-regression.spec.ts ]
Error: Playwright Test did not expect test.describe() to be called here.
Most common reasons include:
- You are calling test.describe() in a configuration file.
- You are calling test.describe() in a file that is imported by the configuration file.
- You have two different versions of @playwright/test. This usually happens
  when one of the dependencies in your package.json depends on @playwright/test.
 ❯ TestTypeImpl._currentSuite node_modules/playwright/lib/common/testType.js:74:13
 ❯ TestTypeImpl._describe node_modules/playwright/lib/common/testType.js:114:24
 ❯ Function.describe node_modules/playwright/lib/transform/transform.js:275:12
 ❯ src/test/visual/visual-regression.spec.ts:8:6
      6|  */
      7| 
      8| test.describe('Visual Regression Tests', () => {
       |      ^
      9|   test.beforeEach(async ({ page }) => {
     10|     await page.goto('/');

⎯⎯⎯⎯⎯⎯⎯⎯⎯⎯⎯⎯⎯⎯⎯⎯⎯⎯⎯⎯⎯[24/186]⎯

 FAIL  src/services/inventory/__tests__/BatchOperationsService.test.ts [ src/services/inventory/__tests__/BatchOperationsService.test.ts ]
Error: Transform failed with 1 error:
/Users/ghogue/Library/CloudStorage/OneDrive-InsightfulOutcomes,LLC/IS-LTD/APPS/CaliberVault/src/services/inventory/__tests__/BatchOperationsService.test.ts:23:0: ERROR: Unexpected "}"
  Plugin: vite:esbuild
  File: /Users/ghogue/Library/CloudStorage/OneDrive-InsightfulOutcomes,LLC/IS-LTD/APPS/CaliberVault/src/services/inventory/__tests__/BatchOperationsService.test.ts:23:0
  
  Unexpected "}"
  21 |      }
  22 |    };
  23 |  });import { describe, it, expect, vi, beforeEach } from 'vitest';
     |  ^
  24 |  import { batchOperationsService } from '../BatchOperationsService';
  25 |  import * as categoryServices from '../../category';
  
 ❯ failureErrorWithLog node_modules/esbuild/lib/main.js:1476:15
 ❯ node_modules/esbuild/lib/main.js:755:50
 ❯ responseCallbacks.<computed> node_modules/esbuild/lib/main.js:622:9
 ❯ handleIncomingPacket node_modules/esbuild/lib/main.js:677:12
 ❯ Socket.readFromStdout node_modules/esbuild/lib/main.js:600:7

⎯⎯⎯⎯⎯⎯⎯⎯⎯⎯⎯⎯⎯⎯⎯⎯⎯⎯⎯⎯⎯[25/186]⎯

⎯⎯⎯⎯⎯⎯ Failed Tests 161 ⎯⎯⎯⎯⎯⎯

 FAIL  src/components/__tests__/AIValuationModal.test.tsx > AIValuationModal Tests > renders valuation modal
TestingLibraryElementError: Found multiple elements with the text: /valuation/i

Here are the matching elements:

Ignored nodes: comments, script, style
[36m<h2[39m
  [33mclass[39m=[32m"text-2xl font-bold text-white flex items-center gap-2"[39m
[36m>[39m
  [36m<svg[39m
    [33mclass[39m=[32m"lucide lucide-sparkles h-6 w-6 text-purple-400"[39m
    [33mfill[39m=[32m"none"[39m
    [33mheight[39m=[32m"24"[39m
    [33mstroke[39m=[32m"currentColor"[39m
    [33mstroke-linecap[39m=[32m"round"[39m
    [33mstroke-linejoin[39m=[32m"round"[39m
    [33mstroke-width[39m=[32m"2"[39m
    [33mviewBox[39m=[32m"0 0 24 24"[39m
    [33mwidth[39m=[32m"24"[39m
    [33mxmlns[39m=[32m"http://www.w3.org/2000/svg"[39m
  [36m>[39m
    [36m<path[39m
      [33md[39m=[32m"M9.937 15.5A2 2 0 0 0 8.5 14.063l-6.135-1.582a.5.5 0 0 1 0-.962L8.5 9.936A2 2 0 0 0 9.937 8.5l1.582-6.135a.5.5 0 0 1 .963 0L14.063 8.5A2 2 0 0 0 15.5 9.937l6.135 1.581a.5.5 0 0 1 0 .964L15.5 14.063a2 2 0 0 0-1.437 1.437l-1.582 6.135a.5.5 0 0 1-.963 0z"[39m
    [36m/>[39m
    [36m<path[39m
      [33md[39m=[32m"M20 3v4"[39m
    [36m/>[39m
    [36m<path[39m
      [33md[39m=[32m"M22 5h-4"[39m
    [36m/>[39m
    [36m<path[39m
      [33md[39m=[32m"M4 17v2"[39m
    [36m/>[39m
    [36m<path[39m
      [33md[39m=[32m"M5 18H3"[39m
    [36m/>[39m
  [36m</svg>[39m
  [0mAI Valuation[0m
[36m</h2>[39m

Ignored nodes: comments, script, style
[36m<button[39m
  [33mclass[39m=[32m"w-full bg-gradient-to-r from-purple-600 to-blue-600 text-white py-3 rounded-lg font-semibold hover:from-purple-700 hover:to-blue-700 disabled:opacity-50"[39m
[36m>[39m
  [0mGet AI Valuation[0m
[36m</button>[39m

(If this is intentional, then use the `*AllBy*` variant of the query (like `queryAllByText`, `getAllByText`, or `findAllByText`)).

Ignored nodes: comments, script, style
[36m<body>[39m
  [36m<div>[39m
    [36m<div[39m
      [33mclass[39m=[32m"fixed inset-0 bg-black/50 flex items-center justify-center z-50 p-4"[39m
    [36m>[39m
      [36m<div[39m
        [33mclass[39m=[32m"bg-slate-800 rounded-lg max-w-3xl w-full max-h-[90vh] overflow-y-auto"[39m
      [36m>[39m
        [36m<div[39m
          [33mclass[39m=[32m"p-6 border-b border-slate-700 flex justify-between items-center"[39m
        [36m>[39m
          [36m<h2[39m
            [33mclass[39m=[32m"text-2xl font-bold text-white flex items-center gap-2"[39m
          [36m>[39m
            [36m<svg[39m
              [33mclass[39m=[32m"lucide lucide-sparkles h-6 w-6 text-purple-400"[39m
              [33mfill[39m=[32m"none"[39m
              [33mheight[39m=[32m"24"[39m
              [33mstroke[39m=[32m"currentColor"[39m
              [33mstroke-linecap[39m=[32m"round"[39m
              [33mstroke-linejoin[39m=[32m"round"[39m
              [33mstroke-width[39m=[32m"2"[39m
              [33mviewBox[39m=[32m"0 0 24 24"[39m
              [33mwidth[39m=[32m"24"[39m
              [33mxmlns[39m=[32m"http://www.w3.org/2000/svg"[39m
            [36m>[39m
              [36m<path[39m
                [33md[39m=[32m"M9.937 15.5A2 2 0 0 0 8.5 14.063l-6.135-1.582a.5.5 0 0 1 0-.962L8.5 9.936A2 2 0 0 0 9.937 8.5l1.582-6.135a.5.5 0 0 1 .963 0L14.063 8.5A2 2 0 0 0 15.5 9.937l6.135 1.581a.5.5 0 0 1 0 .964L15.5 14.063a2 2 0 0 0-1.437 1.437l-1.582 6.135a.5.5 0 0 1-.963 0z"[39m
              [36m/>[39m
              [36m<path[39m
                [33md[39m=[32m"M20 3v4"[39m
              [36m/>[39m
              [36m<path[39m
                [33md[39m=[32m"M22 5h-4"[39m
              [36m/>[39m
              [36m<path[39m
                [33md[39m=[32m"M4 17v2"[39m
              [36m/>[39m
              [36m<path[39m
                [33md[39m=[32m"M5 18H3"[39m
              [36m/>[39m
            [36m</svg>[39m
            [0mAI Valuation[0m
          [36m</h2>[39m
          [36m<button[39m
            [33mclass[39m=[32m"text-slate-400 hover:text-white"[39m
          [36m>[39m
            [36m<svg[39m
              [33mclass[39m=[32m"lucide lucide-x h-6 w-6"[39m
              [33mfill[39m=[32m"none"[39m
              [33mheight[39m=[32m"24"[39m
              [33mstroke[39m=[32m"currentColor"[39m
              [33mstroke-linecap[39m=[32m"round"[39m
              [33mstroke-linejoin[39m=[32m"round"[39m
              [33mstroke-width[39m=[32m"2"[39m
              [33mviewBox[39m=[32m"0 0 24 24"[39m
              [33mwidth[39m=[32m"24"[39m
              [33mxmlns[39m=[32m"http://www.w3.org/2000/svg"[39m
            [36m>[39m
              [36m<path[39m
                [33md[39m=[32m"M18 6 6 18"[39m
              [36m/>[39m
              [36m<path[39m
                [33md[39m=[32m"m6 6 12 12"[39m
              [36m/>[39m
            [36m</svg>[39m
          [36m</button>[39m
        [36m</div>[39m
        [36m<div[39m
          [33mclass[39m=[32m"p-6 space-y-6"[39m
        [36m>[39m
          [36m<div[39m
            [33mclass[39m=[32m"bg-slate-700/50 rounded-lg p-4"[39m
          [36m>[39m
            [36m<h3[39m
              [33mclass[39m=[32m"font-semibold text-white mb-2"[39m
            [36m>[39m
              [0mItem Details[0m
            [36m</h3>[39m
            [36m<div[39m
              [33mclass[39m=[32m"grid grid-cols-2 gap-2 text-sm"[39m
            [36m>[39m
              [36m<div>[39m
                [36m<span[39m
                  [33mclass[39m=[32m"text-slate-400"[39m
                [36m>[39m
                  [0mManufacturer:[0m
                [36m</span>[39m
                [0m [0m
                [36m<span[39m
                  [33mclass[39m=[32m"text-white"[39m
                [36m>[39m
                  [0mTest Mfg[0m
                [36m</span>[39m
              [36m</div>[39m
              [36m<div>[39m
                [36m<span[39m
                  [33mclass[39m=[32m"text-slate-400"[39m
                [36m>[39m
                  [0mModel:[0m
                [36m</span>[39m
                [0m [0m
                [36m<span[39m
                  [33mclass[39m=[32m"text-white"[39m
                [36m>[39m
                  [0mTM-1[0m
                [36m</span>[39m
              [36m</div>[39m
            [36m</div>[39m
          [36m</div>[39m
          [36m<button[39m
            [33mclass[39m=[32m"w-full bg-gradient-to-r from-purple-600 to-blue-600 text-white py-3 rounded-lg font-semibold hover:from-purple-700 hover:to-blue-700 disabled:opacity-50"[39m
          [36m>[39m
            [0mGet AI Valuation[0m
          [36m</button>[39m
        [36m</div>[39m
      [36m</div>[39m
    [36m</div>[39m
  [36m</div>[39m
[36m</body>[39m
 ❯ Object.getElementError node_modules/@testing-library/dom/dist/config.js:37:19
 ❯ getElementError node_modules/@testing-library/dom/dist/query-helpers.js:20:35
 ❯ getMultipleElementsFoundError node_modules/@testing-library/dom/dist/query-helpers.js:23:10
 ❯ node_modules/@testing-library/dom/dist/query-helpers.js:55:13
 ❯ node_modules/@testing-library/dom/dist/query-helpers.js:95:19
 ❯ src/components/__tests__/AIValuationModal.test.tsx:33:19
     31|     );
     32| 
     33|     expect(screen.getByText(/valuation/i)).toBeInTheDocument();
       |                   ^
     34|   });
     35| 

⎯⎯⎯⎯⎯⎯⎯⎯⎯⎯⎯⎯⎯⎯⎯⎯⎯⎯⎯⎯⎯[26/186]⎯

 FAIL  src/components/__tests__/AIValuationModal.test.tsx > AIValuationModal Tests > fetches AI valuation
TestingLibraryElementError: Unable to find an element with the text: /get valuation/i. This could be because the text is broken up by multiple elements. In this case, you can provide a function for your text matcher to make your matcher more flexible.

Ignored nodes: comments, script, style
[36m<body>[39m
  [36m<div>[39m
    [36m<div[39m
      [33mclass[39m=[32m"fixed inset-0 bg-black/50 flex items-center justify-center z-50 p-4"[39m
    [36m>[39m
      [36m<div[39m
        [33mclass[39m=[32m"bg-slate-800 rounded-lg max-w-3xl w-full max-h-[90vh] overflow-y-auto"[39m
      [36m>[39m
        [36m<div[39m
          [33mclass[39m=[32m"p-6 border-b border-slate-700 flex justify-between items-center"[39m
        [36m>[39m
          [36m<h2[39m
            [33mclass[39m=[32m"text-2xl font-bold text-white flex items-center gap-2"[39m
          [36m>[39m
            [36m<svg[39m
              [33mclass[39m=[32m"lucide lucide-sparkles h-6 w-6 text-purple-400"[39m
              [33mfill[39m=[32m"none"[39m
              [33mheight[39m=[32m"24"[39m
              [33mstroke[39m=[32m"currentColor"[39m
              [33mstroke-linecap[39m=[32m"round"[39m
              [33mstroke-linejoin[39m=[32m"round"[39m
              [33mstroke-width[39m=[32m"2"[39m
              [33mviewBox[39m=[32m"0 0 24 24"[39m
              [33mwidth[39m=[32m"24"[39m
              [33mxmlns[39m=[32m"http://www.w3.org/2000/svg"[39m
            [36m>[39m
              [36m<path[39m
                [33md[39m=[32m"M9.937 15.5A2 2 0 0 0 8.5 14.063l-6.135-1.582a.5.5 0 0 1 0-.962L8.5 9.936A2 2 0 0 0 9.937 8.5l1.582-6.135a.5.5 0 0 1 .963 0L14.063 8.5A2 2 0 0 0 15.5 9.937l6.135 1.581a.5.5 0 0 1 0 .964L15.5 14.063a2 2 0 0 0-1.437 1.437l-1.582 6.135a.5.5 0 0 1-.963 0z"[39m
              [36m/>[39m
              [36m<path[39m
                [33md[39m=[32m"M20 3v4"[39m
              [36m/>[39m
              [36m<path[39m
                [33md[39m=[32m"M22 5h-4"[39m
              [36m/>[39m
              [36m<path[39m
                [33md[39m=[32m"M4 17v2"[39m
              [36m/>[39m
              [36m<path[39m
                [33md[39m=[32m"M5 18H3"[39m
              [36m/>[39m
            [36m</svg>[39m
            [0mAI Valuation[0m
          [36m</h2>[39m
          [36m<button[39m
            [33mclass[39m=[32m"text-slate-400 hover:text-white"[39m
          [36m>[39m
            [36m<svg[39m
              [33mclass[39m=[32m"lucide lucide-x h-6 w-6"[39m
              [33mfill[39m=[32m"none"[39m
              [33mheight[39m=[32m"24"[39m
              [33mstroke[39m=[32m"currentColor"[39m
              [33mstroke-linecap[39m=[32m"round"[39m
              [33mstroke-linejoin[39m=[32m"round"[39m
              [33mstroke-width[39m=[32m"2"[39m
              [33mviewBox[39m=[32m"0 0 24 24"[39m
              [33mwidth[39m=[32m"24"[39m
              [33mxmlns[39m=[32m"http://www.w3.org/2000/svg"[39m
            [36m>[39m
              [36m<path[39m
                [33md[39m=[32m"M18 6 6 18"[39m
              [36m/>[39m
              [36m<path[39m
                [33md[39m=[32m"m6 6 12 12"[39m
              [36m/>[39m
            [36m</svg>[39m
          [36m</button>[39m
        [36m</div>[39m
        [36m<div[39m
          [33mclass[39m=[32m"p-6 space-y-6"[39m
        [36m>[39m
          [36m<div[39m
            [33mclass[39m=[32m"bg-slate-700/50 rounded-lg p-4"[39m
          [36m>[39m
            [36m<h3[39m
              [33mclass[39m=[32m"font-semibold text-white mb-2"[39m
            [36m>[39m
              [0mItem Details[0m
            [36m</h3>[39m
            [36m<div[39m
              [33mclass[39m=[32m"grid grid-cols-2 gap-2 text-sm"[39m
            [36m>[39m
              [36m<div>[39m
                [36m<span[39m
                  [33mclass[39m=[32m"text-slate-400"[39m
                [36m>[39m
                  [0mManufacturer:[0m
                [36m</span>[39m
                [0m [0m
                [36m<span[39m
                  [33mclass[39m=[32m"text-white"[39m
                [36m>[39m
                  [0mTest Mfg[0m
                [36m</span>[39m
              [36m</div>[39m
              [36m<div>[39m
                [36m<span[39m
                  [33mclass[39m=[32m"text-slate-400"[39m
                [36m>[39m
                  [0mModel:[0m
                [36m</span>[39m
                [0m [0m
                [36m<span[39m
                  [33mclass[39m=[32m"text-white"[39m
                [36m>[39m
                  [0mTM-1[0m
                [36m</span>[39m
              [36m</div>[39m
            [36m</div>[39m
          [36m</div>[39m
          [36m<button[39m
            [33mclass[39m=[32m"w-full bg-gradient-to-r from-purple-600 to-blue-600 text-white py-3 rounded-lg font-semibold hover:from-purple-700 hover:to-blue-700 disabled:opacity-50"[39m
          [36m>[39m
            [0mGet AI Valuation[0m
          [36m</button>[39m
        [36m</div>[39m
      [36m</div>[39m
    [36m</div>[39m
  [36m</div>[39m
[36m</body>[39m
 ❯ Object.getElementError node_modules/@testing-library/dom/dist/config.js:37:19
 ❯ node_modules/@testing-library/dom/dist/query-helpers.js:76:38
 ❯ node_modules/@testing-library/dom/dist/query-helpers.js:52:17
 ❯ node_modules/@testing-library/dom/dist/query-helpers.js:95:19
 ❯ src/components/__tests__/AIValuationModal.test.tsx:46:34
     44|     );
     45| 
     46|     const valuateButton = screen.getByText(/get valuation/i);
       |                                  ^
     47|     fireEvent.click(valuateButton);
     48| 

⎯⎯⎯⎯⎯⎯⎯⎯⎯⎯⎯⎯⎯⎯⎯⎯⎯⎯⎯⎯⎯[27/186]⎯

 FAIL  src/components/__tests__/AddItemModal.enhanced.test.tsx > AddItemModal - Enhanced Tests > renders modal when open
 FAIL  src/components/__tests__/AddItemModal.enhanced.test.tsx > AddItemModal - Enhanced Tests > validates required fields
 FAIL  src/components/__tests__/AddItemModal.enhanced.test.tsx > AddItemModal - Enhanced Tests > submits form with valid data
Error: useNavigate() may be used only in the context of a <Router> component.
 ❯ Object.invariant [as UNSAFE_invariant] node_modules/@remix-run/router/history.ts:494:11
 ❯ useNavigateUnstable node_modules/react-router/lib/hooks.tsx:189:3
 ❯ Proxy.useNavigate node_modules/react-router/lib/hooks.tsx:185:46
 ❯ AddItemModal src/components/inventory/AddItemModal.tsx:24:20
     22| export const AddItemModal: React.FC<AddItemModalProps> = ({ onClose, o…
     23|   const subscription = useSubscription();
     24|   const navigate = useNavigate();
       |                    ^
     25|   const isEditMode = !!initialData?.id;
     26| 
 ❯ renderWithHooks node_modules/react-dom/cjs/react-dom.development.js:15486:18
 ❯ mountIndeterminateComponent node_modules/react-dom/cjs/react-dom.development.js:20103:13
 ❯ beginWork node_modules/react-dom/cjs/react-dom.development.js:21626:16
 ❯ beginWork$1 node_modules/react-dom/cjs/react-dom.development.js:27465:14
 ❯ performUnitOfWork node_modules/react-dom/cjs/react-dom.development.js:26599:12
 ❯ workLoopSync node_modules/react-dom/cjs/react-dom.development.js:26505:5

⎯⎯⎯⎯⎯⎯⎯⎯⎯⎯⎯⎯⎯⎯⎯⎯⎯⎯⎯⎯⎯[28/186]⎯

 FAIL  src/components/__tests__/AddItemModal.test.tsx > AddItemModal > should render when open
 FAIL  src/components/__tests__/AddItemModal.test.tsx > AddItemModal > should not render when closed
 FAIL  src/components/__tests__/AddItemModal.test.tsx > AddItemModal > should have category selection
 FAIL  src/components/__tests__/AddItemModal.test.tsx > AddItemModal > should have name input field
TypeError: Cannot read properties of undefined (reading 'onAuthStateChange')
 ❯ src/components/auth/AuthProvider.tsx:57:54
     55| 
     56|     // Listen for changes on auth state
     57|     const { data: { subscription } } = supabase.auth.onAuthStateChange…
       |                                                      ^
     58|       try {
     59|         setUser(session?.user ?? null);
 ❯ commitHookEffectListMount node_modules/react-dom/cjs/react-dom.development.js:23189:26
 ❯ commitPassiveMountOnFiber node_modules/react-dom/cjs/react-dom.development.js:24970:11
 ❯ commitPassiveMountEffects_complete node_modules/react-dom/cjs/react-dom.development.js:24930:9
 ❯ commitPassiveMountEffects_begin node_modules/react-dom/cjs/react-dom.development.js:24917:7
 ❯ commitPassiveMountEffects node_modules/react-dom/cjs/react-dom.development.js:24905:3
 ❯ flushPassiveEffectsImpl node_modules/react-dom/cjs/react-dom.development.js:27078:3
 ❯ flushPassiveEffects node_modules/react-dom/cjs/react-dom.development.js:27023:14
 ❯ node_modules/react-dom/cjs/react-dom.development.js:26808:9
 ❯ flushActQueue node_modules/react/cjs/react.development.js:2667:24

⎯⎯⎯⎯⎯⎯⎯⎯⎯⎯⎯⎯⎯⎯⎯⎯⎯⎯⎯⎯⎯[29/186]⎯

 FAIL  src/components/__tests__/DatabaseMigrationSystem.test.tsx > DatabaseMigrationSystem Tests > renders migration interface
TestingLibraryElementError: Found multiple elements with the text: /migration/i

Here are the matching elements:

Ignored nodes: comments, script, style
[36m<h3[39m
  [33mclass[39m=[32m"text-2xl font-semibold leading-none tracking-tight text-foreground flex items-center gap-2"[39m
[36m>[39m
  [36m<svg[39m
    [33mclass[39m=[32m"lucide lucide-database h-5 w-5"[39m
    [33mfill[39m=[32m"none"[39m
    [33mheight[39m=[32m"24"[39m
    [33mstroke[39m=[32m"currentColor"[39m
    [33mstroke-linecap[39m=[32m"round"[39m
    [33mstroke-linejoin[39m=[32m"round"[39m
    [33mstroke-width[39m=[32m"2"[39m
    [33mviewBox[39m=[32m"0 0 24 24"[39m
    [33mwidth[39m=[32m"24"[39m
    [33mxmlns[39m=[32m"http://www.w3.org/2000/svg"[39m
  [36m>[39m
    [36m<ellipse[39m
      [33mcx[39m=[32m"12"[39m
      [33mcy[39m=[32m"5"[39m
      [33mrx[39m=[32m"9"[39m
      [33mry[39m=[32m"3"[39m
    [36m/>[39m
    [36m<path[39m
      [33md[39m=[32m"M3 5V19A9 3 0 0 0 21 19V5"[39m
    [36m/>[39m
    [36m<path[39m
      [33md[39m=[32m"M3 12A9 3 0 0 0 21 12"[39m
    [36m/>[39m
  [36m</svg>[39m
  [0mDatabase Migration System[0m
[36m</h3>[39m

Ignored nodes: comments, script, style
[36m<p[39m
  [33mclass[39m=[32m"text-sm text-muted-foreground"[39m
[36m>[39m
  [0mExecute and track database schema migrations with real SQL execution[0m
[36m</p>[39m

Ignored nodes: comments, script, style
[36m<div[39m
  [33mclass[39m=[32m"text-sm [&_p]:leading-relaxed opacity-90"[39m
[36m>[39m
  [0m0[0m
  [0m of [0m
  [0m0[0m
  [0m migrations applied[0m
[36m</div>[39m

(If this is intentional, then use the `*AllBy*` variant of the query (like `queryAllByText`, `getAllByText`, or `findAllByText`)).

Ignored nodes: comments, script, style
[36m<body>[39m
  [36m<div>[39m
    [36m<div[39m
      [33mclass[39m=[32m"rounded-lg border border-border/40 bg-background shadow-sm"[39m
    [36m>[39m
      [36m<div[39m
        [33mclass[39m=[32m"flex flex-col space-y-1.5 p-6"[39m
      [36m>[39m
        [36m<h3[39m
          [33mclass[39m=[32m"text-2xl font-semibold leading-none tracking-tight text-foreground flex items-center gap-2"[39m
        [36m>[39m
          [36m<svg[39m
            [33mclass[39m=[32m"lucide lucide-database h-5 w-5"[39m
            [33mfill[39m=[32m"none"[39m
            [33mheight[39m=[32m"24"[39m
            [33mstroke[39m=[32m"currentColor"[39m
            [33mstroke-linecap[39m=[32m"round"[39m
            [33mstroke-linejoin[39m=[32m"round"[39m
            [33mstroke-width[39m=[32m"2"[39m
            [33mviewBox[39m=[32m"0 0 24 24"[39m
            [33mwidth[39m=[32m"24"[39m
            [33mxmlns[39m=[32m"http://www.w3.org/2000/svg"[39m
          [36m>[39m
            [36m<ellipse[39m
              [33mcx[39m=[32m"12"[39m
              [33mcy[39m=[32m"5"[39m
              [33mrx[39m=[32m"9"[39m
              [33mry[39m=[32m"3"[39m
            [36m/>[39m
            [36m<path[39m
              [33md[39m=[32m"M3 5V19A9 3 0 0 0 21 19V5"[39m
            [36m/>[39m
            [36m<path[39m
              [33md[39m=[32m"M3 12A9 3 0 0 0 21 12"[39m
            [36m/>[39m
          [36m</svg>[39m
          [0mDatabase Migration System[0m
        [36m</h3>[39m
        [36m<p[39m
          [33mclass[39m=[32m"text-sm text-muted-foreground"[39m
        [36m>[39m
          [0mExecute and track database schema migrations with real SQL execution[0m
        [36m</p>[39m
      [36m</div>[39m
      [36m<div[39m
        [33mclass[39m=[32m"p-6 pt-0 space-y-4"[39m
      [36m>[39m
        [36m<div[39m
          [33mclass[39m=[32m"flex gap-2 flex-wrap"[39m
        [36m>[39m
          [36m<button[39m
            [33mclass[39m=[32m"inline-flex items-center justify-center whitespace-nowrap rounded-md text-sm font-medium ring-offset-background transition-colors focus-visible:outline-none focus-visible:ring-2 focus-visible:ring-ring focus-visible:ring-offset-2 disabled:pointer-events-none disabled:opacity-50 border border-input bg-background hover:bg-accent hover:text-accent-foreground h-10 px-4 py-2"[39m
            [33mdisabled[39m=[32m""[39m
          [36m>[39m
            [36m<svg[39m
              [33mclass[39m=[32m"lucide lucide-refresh-cw mr-2 h-4 w-4 animate-spin"[39m
              [33mfill[39m=[32m"none"[39m
              [33mheight[39m=[32m"24"[39m
              [33mstroke[39m=[32m"currentColor"[39m
              [33mstroke-linecap[39m=[32m"round"[39m
              [33mstroke-linejoin[39m=[32m"round"[39m
              [33mstroke-width[39m=[32m"2"[39m
              [33mviewBox[39m=[32m"0 0 24 24"[39m
              [33mwidth[39m=[32m"24"[39m
              [33mxmlns[39m=[32m"http://www.w3.org/2000/svg"[39m
            [36m>[39m
              [36m<path[39m
                [33md[39m=[32m"M3 12a9 9 0 0 1 9-9 9.75 9.75 0 0 1 6.74 2.74L21 8"[39m
              [36m/>[39m
              [36m<path[39m
                [33md[39m=[32m"M21 3v5h-5"[39m
              [36m/>[39m
              [36m<path[39m
                [33md[39m=[32m"M21 12a9 9 0 0 1-9 9 9.75 9.75 0 0 1-6.74-2.74L3 16"[39m
              [36m/>[39m
              [36m<path[39m
                [33md[39m=[32m"M8 16H3v5"[39m
              [36m/>[39m
            [36m</svg>[39m
            [0mCheck Status[0m
          [36m</button>[39m
          [36m<button[39m
            [33mclass[39m=[32m"inline-flex items-center justify-center whitespace-nowrap rounded-md text-sm font-medium ring-offset-background transition-colors focus-visible:outline-none focus-visible:ring-2 focus-visible:ring-ring focus-visible:ring-offset-2 disabled:pointer-events-none disabled:opacity-50 bg-primary text-primary-foreground hover:bg-primary/90 h-10 px-4 py-2"[39m
            [33mdisabled[39m=[32m""[39m
          [36m>[39m
            [36m<svg[39m
              [33mclass[39m=[32m"lucide lucide-play mr-2 h-4 w-4"[39m
              [33mfill[39m=[32m"none"[39m
              [33mheight[39m=[32m"24"[39m
              [33mstroke[39m=[32m"currentColor"[39m
              [33mstroke-linecap[39m=[32m"round"[39m
              [33mstroke-linejoin[39m=[32m"round"[39m
              [33mstroke-width[39m=[32m"2"[39m
              [33mviewBox[39m=[32m"0 0 24 24"[39m
              [33mwidth[39m=[32m"24"[39m
              [33mxmlns[39m=[32m"http://www.w3.org/2000/svg"[39m
            [36m>[39m
              [36m<polygon[39m
                [33mpoints[39m=[32m"6 3 20 12 6 21 6 3"[39m
              [36m/>[39m
            [36m</svg>[39m
            [0mRun Pending[0m
          [36m</button>[39m
          [36m<button[39m
            [33mclass[39m=[32m"inline-flex items-center justify-center whitespace-nowrap rounded-md text-sm font-medium ring-offset-background transition-colors focus-visible:outline-none focus-visible:ring-2 focus-visible:ring-ring focus-visible:ring-offset-2 disabled:pointer-events-none disabled:opacity-50 border border-input bg-background hover:bg-accent hover:text-accent-foreground h-10 px-4 py-2"[39m
          [36m>[39m
            [36m<svg[39m
              [33mclass[39m=[32m"lucide lucide-file-text mr-2 h-4 w-4"[39m
              [33mfill[39m=[32m"none"[39m
              [33mheight[39m=[32m"24"[39m
              [33mstroke[39m=[32m"currentColor"[39m
              [33mstroke-linecap[39m=[32m"round"[39m
              [33mstroke-linejoin[39m=[32m"round"[39m
              [33mstroke-width[39m=[32m"2"[39m
              [33mviewBox[39m=[32m"0 0 24 24"[39m
              [33mwidth[39m=[32m"24"[39m
              [33mxmlns[39m=[32m"http://www.w3.org/2000/svg"[39m
            [36m>[39m
              [36m<path[39m
                [33md[39m=[32m"M15 2H6a2 2 0 0 0-2 2v16a2 2 0 0 0 2 2h12a2 2 0 0 0 2-2V7Z"[39m
              [36m/>[39m
              [36m<path[39m
                [33md[39m=[32m"M14 2v4a2 2 0 0 0 2 2h4"[39m
              [36m/>[39m
              [36m<path[39m
                [33md[39m=[32m"M10 9H8"[39m
              [36m/>[39m
              [36m<path[39m
                [33md[39m=[32m"M16 13H8"[39m
              [36m/>[39m
              [36m<path[39m
                [33md[39m=[32m"M16 17H8"[39m
              [36m/>[39m
            [36m</svg>[39m
            [0mExport Report[0m
          [36m</button>[39m
        [36m</div>[39m
        [36m<div[39m
          [33mclass[39m=[32m"relative w-full rounded-lg border p-4 [&>svg~*]:pl-7 [&>svg+div]:translate-y-[-3px] [&>svg]:absolute [&>svg]:left-4 [&>svg]:top-4 [&>svg]:text-foreground shadow-sm bg-background text-foreground"[39m
          [33mrole[39m=[32m"alert"[39m
        [36m>[39m
          [36m<svg[39m
            [33mclass[39m=[32m"lucide lucide-circle-alert h-4 w-4"[39m
            [33mfill[39m=[32m"none"[39m
            [33mheight[39m=[32m"24"[39m
            [33mstroke[39m=[32m"currentColor"[39m
            [33mstroke-linecap[39m=[32m"round"[39m
            [33mstroke-linejoin[39m=[32m"round"[39m
            [33mstroke-width[39m=[32m"2"[39m
            [33mviewBox[39m=[32m"0 0 24 24"[39m
            [33mwidth[39m=[32m"24"[39m
            [33mxmlns[39m=[32m"http://www.w3.org/2000/svg"[39m
          [36m>[39m
            [36m<circle[39m
              [33mcx[39m=[32m"12"[39m
              [33mcy[39m=[32m"12"[39m
              [33mr[39m=[32m"10"[39m
            [36m/>[39m
            [36m<line[39m
              [33mx1[39m=[32m"12"[39m
              [33mx2[39m=[32m"12"[39m
              [33my1[39m=[32m"8"[39m
              [33my2[39m=[32m"12"[39m
            [36m/>[39m
            [36m<line[39m
              [33mx1[39m=[32m"12"[39m
              [33mx2[39m=[32m"12.01"[39m
              [33my1[39m=[32m"16"[39m
              [33my2[39m=[32m"16"[39m
            [36m/>[39m
          [36m</svg>[39m
          [36m<div[39m
            [33mclass[39m=[32m"text-sm [&_p]:leading-relaxed opacity-90"[39m
          [36m>[39m
            [0m0[0m
            [0m of [0m
            [0m0[0m
            [0m migrations applied[0m
          [36m</div>[39m
        [36m</div>[39m
        [36m<div[39m
          [33mclass[39m=[32m"space-y-2"[39m
        [36m/>[39m
      [36m</div>[39m
    [36m</div>[39m
  [36m</div>[39m
[36m</body>[39m
 ❯ Object.getElementError node_modules/@testing-library/dom/dist/config.js:37:19
 ❯ getElementError node_modules/@testing-library/dom/dist/query-helpers.js:20:35
 ❯ getMultipleElementsFoundError node_modules/@testing-library/dom/dist/query-helpers.js:23:10
 ❯ node_modules/@testing-library/dom/dist/query-helpers.js:55:13
 ❯ node_modules/@testing-library/dom/dist/query-helpers.js:95:19
 ❯ src/components/__tests__/DatabaseMigrationSystem.test.tsx:17:19
     15|   it('renders migration interface', () => {
     16|     render(<DatabaseMigrationSystem />, { wrapper });
     17|     expect(screen.getByText(/migration/i)).toBeInTheDocument();
       |                   ^
     18|   });
     19| 

⎯⎯⎯⎯⎯⎯⎯⎯⎯⎯⎯⎯⎯⎯⎯⎯⎯⎯⎯⎯⎯[30/186]⎯

 FAIL  src/components/__tests__/DatabaseMigrationSystem.test.tsx > DatabaseMigrationSystem Tests > lists available migrations
TestingLibraryElementError: Unable to find an element with the text: /available/i. This could be because the text is broken up by multiple elements. In this case, you can provide a function for your text matcher to make your matcher more flexible.

Ignored nodes: comments, script, style
[36m<body>[39m
  [36m<div>[39m
    [36m<div[39m
      [33mclass[39m=[32m"rounded-lg border border-border/40 bg-background shadow-sm"[39m
    [36m>[39m
      [36m<div[39m
        [33mclass[39m=[32m"flex flex-col space-y-1.5 p-6"[39m
      [36m>[39m
        [36m<h3[39m
          [33mclass[39m=[32m"text-2xl font-semibold leading-none tracking-tight text-foreground flex items-center gap-2"[39m
        [36m>[39m
          [36m<svg[39m
            [33mclass[39m=[32m"lucide lucide-database h-5 w-5"[39m
            [33mfill[39m=[32m"none"[39m
            [33mheight[39m=[32m"24"[39m
            [33mstroke[39m=[32m"currentColor"[39m
            [33mstroke-linecap[39m=[32m"round"[39m
            [33mstroke-linejoin[39m=[32m"round"[39m
            [33mstroke-width[39m=[32m"2"[39m
            [33mviewBox[39m=[32m"0 0 24 24"[39m
            [33mwidth[39m=[32m"24"[39m
            [33mxmlns[39m=[32m"http://www.w3.org/2000/svg"[39m
          [36m>[39m
            [36m<ellipse[39m
              [33mcx[39m=[32m"12"[39m
              [33mcy[39m=[32m"5"[39m
              [33mrx[39m=[32m"9"[39m
              [33mry[39m=[32m"3"[39m
            [36m/>[39m
            [36m<path[39m
              [33md[39m=[32m"M3 5V19A9 3 0 0 0 21 19V5"[39m
            [36m/>[39m
            [36m<path[39m
              [33md[39m=[32m"M3 12A9 3 0 0 0 21 12"[39m
            [36m/>[39m
          [36m</svg>[39m
          [0mDatabase Migration System[0m
        [36m</h3>[39m
        [36m<p[39m
          [33mclass[39m=[32m"text-sm text-muted-foreground"[39m
        [36m>[39m
          [0mExecute and track database schema migrations with real SQL execution[0m
        [36m</p>[39m
      [36m</div>[39m
      [36m<div[39m
        [33mclass[39m=[32m"p-6 pt-0 space-y-4"[39m
      [36m>[39m
        [36m<div[39m
          [33mclass[39m=[32m"flex gap-2 flex-wrap"[39m
        [36m>[39m
          [36m<button[39m
            [33mclass[39m=[32m"inline-flex items-center justify-center whitespace-nowrap rounded-md text-sm font-medium ring-offset-background transition-colors focus-visible:outline-none focus-visible:ring-2 focus-visible:ring-ring focus-visible:ring-offset-2 disabled:pointer-events-none disabled:opacity-50 border border-input bg-background hover:bg-accent hover:text-accent-foreground h-10 px-4 py-2"[39m
          [36m>[39m
            [36m<svg[39m
              [33mclass[39m=[32m"lucide lucide-history mr-2 h-4 w-4"[39m
              [33mfill[39m=[32m"none"[39m
              [33mheight[39m=[32m"24"[39m
              [33mstroke[39m=[32m"currentColor"[39m
              [33mstroke-linecap[39m=[32m"round"[39m
              [33mstroke-linejoin[39m=[32m"round"[39m
              [33mstroke-width[39m=[32m"2"[39m
              [33mviewBox[39m=[32m"0 0 24 24"[39m
              [33mwidth[39m=[32m"24"[39m
              [33mxmlns[39m=[32m"http://www.w3.org/2000/svg"[39m
            [36m>[39m
              [36m<path[39m
                [33md[39m=[32m"M3 12a9 9 0 1 0 9-9 9.75 9.75 0 0 0-6.74 2.74L3 8"[39m
              [36m/>[39m
              [36m<path[39m
                [33md[39m=[32m"M3 3v5h5"[39m
              [36m/>[39m
              [36m<path[39m
                [33md[39m=[32m"M12 7v5l4 2"[39m
              [36m/>[39m
            [36m</svg>[39m
            [0mCheck Status[0m
          [36m</button>[39m
          [36m<button[39m
            [33mclass[39m=[32m"inline-flex items-center justify-center whitespace-nowrap rounded-md text-sm font-medium ring-offset-background transition-colors focus-visible:outline-none focus-visible:ring-2 focus-visible:ring-ring focus-visible:ring-offset-2 disabled:pointer-events-none disabled:opacity-50 bg-primary text-primary-foreground hover:bg-primary/90 h-10 px-4 py-2"[39m
          [36m>[39m
            [36m<svg[39m
              [33mclass[39m=[32m"lucide lucide-play mr-2 h-4 w-4"[39m
              [33mfill[39m=[32m"none"[39m
              [33mheight[39m=[32m"24"[39m
              [33mstroke[39m=[32m"currentColor"[39m
              [33mstroke-linecap[39m=[32m"round"[39m
              [33mstroke-linejoin[39m=[32m"round"[39m
              [33mstroke-width[39m=[32m"2"[39m
              [33mviewBox[39m=[32m"0 0 24 24"[39m
              [33mwidth[39m=[32m"24"[39m
              [33mxmlns[39m=[32m"http://www.w3.org/2000/svg"[39m
            [36m>[39m
              [36m<polygon[39m
                [33mpoints[39m=[32m"6 3 20 12 6 21 6 3"[39m
              [36m/>[39m
            [36m</svg>[39m
            [0mRun Pending[0m
          [36m</button>[39m
          [36m<button[39m
            [33mclass[39m=[32m"inline-flex items-center justify-center whitespace-nowrap rounded-md text-sm font-medium ring-offset-background transition-colors focus-visible:outline-none focus-visible:ring-2 focus-visible:ring-ring focus-visible:ring-offset-2 disabled:pointer-events-none disabled:opacity-50 border border-input bg-background hover:bg-accent hover:text-accent-foreground h-10 px-4 py-2"[39m
          [36m>[39m
            [36m<svg[39m
              [33mclass[39m=[32m"lucide lucide-file-text mr-2 h-4 w-4"[39m
              [33mfill[39m=[32m"none"[39m
              [33mheight[39m=[32m"24"[39m
              [33mstroke[39m=[32m"currentColor"[39m
              [33mstroke-linecap[39m=[32m"round"[39m
              [33mstroke-linejoin[39m=[32m"round"[39m
              [33mstroke-width[39m=[32m"2"[39m
              [33mviewBox[39m=[32m"0 0 24 24"[39m
              [33mwidth[39m=[32m"24"[39m
              [33mxmlns[39m=[32m"http://www.w3.org/2000/svg"[39m
            [36m>[39m
              [36m<path[39m
                [33md[39m=[32m"M15 2H6a2 2 0 0 0-2 2v16a2 2 0 0 0 2 2h12a2 2 0 0 0 2-2V7Z"[39m
              [36m/>[39m
              [36m<path[39m
                [33md[39m=[32m"M14 2v4a2 2 0 0 0 2 2h4"[39m
              [36m/>[39m
              [36m<path[39m
                [33md[39m=[32m"M10 9H8"[39m
              [36m/>[39m
              [36m<path[39m
                [33md[39m=[32m"M16 13H8"[39m
              [36m/>[39m
              [36m<path[39m
                [33md[39m=[32m"M16 17H8"[39m
              [36m/>[39m
            [36m</svg>[39m
            [0mExport Report[0m
          [36m</button>[39m
        [36m</div>[39m
        [36m<div[39m
          [33mclass[39m=[32m"relative w-full rounded-lg border p-4 [&>svg~*]:pl-7 [&>svg+div]:translate-y-[-3px] [&>svg]:absolute [&>svg]:left-4 [&>svg]:top-4 [&>svg]:text-foreground shadow-sm bg-background text-foreground"[39m
          [33mrole[39m=[32m"alert"[39m
        [36m>[39m
          [36m<svg[39m
            [33mclass[39m=[32m"lucide lucide-circle-alert h-4 w-4"[39m
  ...

Ignored nodes: comments, script, style
[36m<html>[39m
  [36m<head />[39m
  [36m<body>[39m
    [36m<div>[39m
      [36m<div[39m
        [33mclass[39m=[32m"rounded-lg border border-border/40 bg-background shadow-sm"[39m
      [36m>[39m
        [36m<div[39m
          [33mclass[39m=[32m"flex flex-col space-y-1.5 p-6"[39m
        [36m>[39m
          [36m<h3[39m
            [33mclass[39m=[32m"text-2xl font-semibold leading-none tracking-tight text-foreground flex items-center gap-2"[39m
          [36m>[39m
            [36m<svg[39m
              [33mclass[39m=[32m"lucide lucide-database h-5 w-5"[39m
              [33mfill[39m=[32m"none"[39m
              [33mheight[39m=[32m"24"[39m
              [33mstroke[39m=[32m"currentColor"[39m
              [33mstroke-linecap[39m=[32m"round"[39m
              [33mstroke-linejoin[39m=[32m"round"[39m
              [33mstroke-width[39m=[32m"2"[39m
              [33mviewBox[39m=[32m"0 0 24 24"[39m
              [33mwidth[39m=[32m"24"[39m
              [33mxmlns[39m=[32m"http://www.w3.org/2000/svg"[39m
            [36m>[39m
              [36m<ellipse[39m
                [33mcx[39m=[32m"12"[39m
                [33mcy[39m=[32m"5"[39m
                [33mrx[39m=[32m"9"[39m
                [33mry[39m=[32m"3"[39m
              [36m/>[39m
              [36m<path[39m
                [33md[39m=[32m"M3 5V19A9 3 0 0 0 21 19V5"[39m
              [36m/>[39m
              [36m<path[39m
                [33md[39m=[32m"M3 12A9 3 0 0 0 21 12"[39m
              [36m/>[39m
            [36m</svg>[39m
            [0mDatabase Migration System[0m
          [36m</h3>[39m
          [36m<p[39m
            [33mclass[39m=[32m"text-sm text-muted-foreground"[39m
          [36m>[39m
            [0mExecute and track database schema migrations with real SQL execution[0m
          [36m</p>[39m
        [36m</div>[39m
        [36m<div[39m
          [33mclass[39m=[32m"p-6 pt-0 space-y-4"[39m
        [36m>[39m
          [36m<div[39m
            [33mclass[39m=[32m"flex gap-2 flex-wrap"[39m
          [36m>[39m
            [36m<button[39m
              [33mclass[39m=[32m"inline-flex items-center justify-center whitespace-nowrap rounded-md text-sm font-medium ring-offset-background transition-colors focus-visible:outline-none focus-visible:ring-2 focus-visible:ring-ring focus-visible:ring-offset-2 disabled:pointer-events-none disabled:opacity-50 border border-input bg-background hover:bg-accent hover:text-accent-foreground h-10 px-4 py-2"[39m
            [36m>[39m
              [36m<svg[39m
                [33mclass[39m=[32m"lucide lucide-history mr-2 h-4 w-4"[39m
                [33mfill[39m=[32m"none"[39m
                [33mheight[39m=[32m"24"[39m
                [33mstroke[39m=[32m"currentColor"[39m
                [33mstroke-linecap[39m=[32m"round"[39m
                [33mstroke-linejoin[39m=[32m"round"[39m
                [33mstroke-width[39m=[32m"2"[39m
                [33mviewBox[39m=[32m"0 0 24 24"[39m
                [33mwidth[39m=[32m"24"[39m
                [33mxmlns[39m=[32m"http://www.w3.org/2000/svg"[39m
              [36m>[39m
                [36m<path[39m
                  [33md[39m=[32m"M3 12a9 9 0 1 0 9-9 9.75 9.75 0 0 0-6.74 2.74L3 8"[39m
                [36m/>[39m
                [36m<path[39m
                  [33md[39m=[32m"M3 3v5h5"[39m
                [36m/>[39m
                [36m<path[39m
                  [33md[39m=[32m"M12 7v5l4 2"[39m
                [36m/>[39m
              [36m</svg>[39m
              [0mCheck Status[0m
            [36m</button>[39m
            [36m<button[39m
              [33mclass[39m=[32m"inline-flex items-center justify-center whitespace-nowrap rounded-md text-sm font-medium ring-offset-background transition-colors focus-visible:outline-none focus-visible:ring-2 focus-visible:ring-ring focus-visible:ring-offset-2 disabled:pointer-events-none disabled:opacity-50 bg-primary text-primary-foreground hover:bg-primary/90 h-10 px-4 py-2"[39m
            [36m>[39m
              [36m<svg[39m
                [33mclass[39m=[32m"lucide lucide-play mr-2 h-4 w-4"[39m
                [33mfill[39m=[32m"none"[39m
                [33mheight[39m=[32m"24"[39m
                [33mstroke[39m=[32m"currentColor"[39m
                [33mstroke-linecap[39m=[32m"round"[39m
                [33mstroke-linejoin[39m=[32m"round"[39m
                [33mstroke-width[39m=[32m"2"[39m
                [33mviewBox[39m=[32m"0 0 24 24"[39m
                [33mwidth[39m=[32m"24"[39m
                [33mxmlns[39m=[32m"http://www.w3.org/2000/svg"[39m
              [36m>[39m
                [36m<polygon[39m
                  [33mpoints[39m=[32m"6 3 20 12 6 21 6 3"[39m
                [36m/>[39m
              [36m</svg>[39m
              [0mRun Pending[0m
            [36m</button>[39m
            [36m<button[39m
              [33mclass[39m=[32m"inline-flex items-center justify-center whitespace-nowrap rounded-md text-sm font-medium ring-offset-background transition-colors focus-visible:outline-none focus-visible:ring-2 focus-visible:ring-ring focus-visible:ring-offset-2 disabled:pointer-events-none disabled:opacity-50 border border-input bg-background hover:bg-accent hover:text-accent-foreground h-10 px-4 py-2"[39m
            [36m>[39m
              [36m<svg[39m
                [33mclass[39m=[32m"lucide lucide-file-text mr-2 h-4 w-4"[39m
                [33mfill[39m=[32m"none"[39m
                [33mheight[39m=[32m"24"[39m
                [33mstroke[39m=[32m"currentColor"[39m
                [33mstroke-linecap[39m=[32m"round"[39m
                [33mstroke-linejoin[39m=[32m"round"[39m
                [33mstroke-width[39m=[32m"2"[39m
                [33mviewBox[39m=[32m"0 0 24 24"[39m
                [33mwidth[39m=[32m"24"[39m
                [33mxmlns[39m=[32m"http://www.w3.org/2000/svg"[39m
              [36m>[39m
                [36m<path[39m
                  [33md[39m=[32m"M15 2H6a2 2 0 0 0-2 2v16a2 2 0 0 0 2 2h12a2 2 0 0 0 2-2V7Z"[39m
                [36m/>[39m
                [36m<path[39m
                  [33md[39m=[32m"M14 2v4a2 2 0 0 0 2 2h4"[39m
                [36m/>[39m
                [36m<path[39m
                  [33md[39m=[32m"M10 9H8"[39m
                [36m/>[39m
                [36m<path[39m
                  [33md[39m=[32m"M16 13H8"[39m
                [36m/>[39m
                [36m<path[39m
                  [33md[39m=[32m"M16 17H8"[39m
                [36m/>[39m
              [36m</svg>[39m
              [0mExport Report[0m
            [36m</button>[39m
          [36m</div>[39m
          [36m<div[39m
            [33mclass[39m=[32m"relative w-full rounded-lg border p-4 [&>svg~*]:pl-7 [&>svg...
 ❯ Proxy.waitForWrapper node_modules/@testing-library/dom/dist/wait-for.js:163:27
 ❯ src/components/__tests__/DatabaseMigrationSystem.test.tsx:22:11
     20|   it('lists available migrations', async () => {
     21|     render(<DatabaseMigrationSystem />, { wrapper });
     22|     await waitFor(() => {
       |           ^
     23|       expect(screen.getByText(/available/i)).toBeInTheDocument();
     24|     });

⎯⎯⎯⎯⎯⎯⎯⎯⎯⎯⎯⎯⎯⎯⎯⎯⎯⎯⎯⎯⎯[31/186]⎯

 FAIL  src/components/__tests__/DatabaseMigrationSystem.test.tsx > DatabaseMigrationSystem Tests > executes migration
TestingLibraryElementError: Unable to find an element with the text: /run migration/i. This could be because the text is broken up by multiple elements. In this case, you can provide a function for your text matcher to make your matcher more flexible.

Ignored nodes: comments, script, style
[36m<body>[39m
  [36m<div>[39m
    [36m<div[39m
      [33mclass[39m=[32m"rounded-lg border border-border/40 bg-background shadow-sm"[39m
    [36m>[39m
      [36m<div[39m
        [33mclass[39m=[32m"flex flex-col space-y-1.5 p-6"[39m
      [36m>[39m
        [36m<h3[39m
          [33mclass[39m=[32m"text-2xl font-semibold leading-none tracking-tight text-foreground flex items-center gap-2"[39m
        [36m>[39m
          [36m<svg[39m
            [33mclass[39m=[32m"lucide lucide-database h-5 w-5"[39m
            [33mfill[39m=[32m"none"[39m
            [33mheight[39m=[32m"24"[39m
            [33mstroke[39m=[32m"currentColor"[39m
            [33mstroke-linecap[39m=[32m"round"[39m
            [33mstroke-linejoin[39m=[32m"round"[39m
            [33mstroke-width[39m=[32m"2"[39m
            [33mviewBox[39m=[32m"0 0 24 24"[39m
            [33mwidth[39m=[32m"24"[39m
            [33mxmlns[39m=[32m"http://www.w3.org/2000/svg"[39m
          [36m>[39m
            [36m<ellipse[39m
              [33mcx[39m=[32m"12"[39m
              [33mcy[39m=[32m"5"[39m
              [33mrx[39m=[32m"9"[39m
              [33mry[39m=[32m"3"[39m
            [36m/>[39m
            [36m<path[39m
              [33md[39m=[32m"M3 5V19A9 3 0 0 0 21 19V5"[39m
            [36m/>[39m
            [36m<path[39m
              [33md[39m=[32m"M3 12A9 3 0 0 0 21 12"[39m
            [36m/>[39m
          [36m</svg>[39m
          [0mDatabase Migration System[0m
        [36m</h3>[39m
        [36m<p[39m
          [33mclass[39m=[32m"text-sm text-muted-foreground"[39m
        [36m>[39m
          [0mExecute and track database schema migrations with real SQL execution[0m
        [36m</p>[39m
      [36m</div>[39m
      [36m<div[39m
        [33mclass[39m=[32m"p-6 pt-0 space-y-4"[39m
      [36m>[39m
        [36m<div[39m
          [33mclass[39m=[32m"flex gap-2 flex-wrap"[39m
        [36m>[39m
          [36m<button[39m
            [33mclass[39m=[32m"inline-flex items-center justify-center whitespace-nowrap rounded-md text-sm font-medium ring-offset-background transition-colors focus-visible:outline-none focus-visible:ring-2 focus-visible:ring-ring focus-visible:ring-offset-2 disabled:pointer-events-none disabled:opacity-50 border border-input bg-background hover:bg-accent hover:text-accent-foreground h-10 px-4 py-2"[39m
            [33mdisabled[39m=[32m""[39m
          [36m>[39m
            [36m<svg[39m
              [33mclass[39m=[32m"lucide lucide-refresh-cw mr-2 h-4 w-4 animate-spin"[39m
              [33mfill[39m=[32m"none"[39m
              [33mheight[39m=[32m"24"[39m
              [33mstroke[39m=[32m"currentColor"[39m
              [33mstroke-linecap[39m=[32m"round"[39m
              [33mstroke-linejoin[39m=[32m"round"[39m
              [33mstroke-width[39m=[32m"2"[39m
              [33mviewBox[39m=[32m"0 0 24 24"[39m
              [33mwidth[39m=[32m"24"[39m
              [33mxmlns[39m=[32m"http://www.w3.org/2000/svg"[39m
            [36m>[39m
              [36m<path[39m
                [33md[39m=[32m"M3 12a9 9 0 0 1 9-9 9.75 9.75 0 0 1 6.74 2.74L21 8"[39m
              [36m/>[39m
              [36m<path[39m
                [33md[39m=[32m"M21 3v5h-5"[39m
              [36m/>[39m
              [36m<path[39m
                [33md[39m=[32m"M21 12a9 9 0 0 1-9 9 9.75 9.75 0 0 1-6.74-2.74L3 16"[39m
              [36m/>[39m
              [36m<path[39m
                [33md[39m=[32m"M8 16H3v5"[39m
              [36m/>[39m
            [36m</svg>[39m
            [0mCheck Status[0m
          [36m</button>[39m
          [36m<button[39m
            [33mclass[39m=[32m"inline-flex items-center justify-center whitespace-nowrap rounded-md text-sm font-medium ring-offset-background transition-colors focus-visible:outline-none focus-visible:ring-2 focus-visible:ring-ring focus-visible:ring-offset-2 disabled:pointer-events-none disabled:opacity-50 bg-primary text-primary-foreground hover:bg-primary/90 h-10 px-4 py-2"[39m
            [33mdisabled[39m=[32m""[39m
          [36m>[39m
            [36m<svg[39m
              [33mclass[39m=[32m"lucide lucide-play mr-2 h-4 w-4"[39m
              [33mfill[39m=[32m"none"[39m
              [33mheight[39m=[32m"24"[39m
              [33mstroke[39m=[32m"currentColor"[39m
              [33mstroke-linecap[39m=[32m"round"[39m
              [33mstroke-linejoin[39m=[32m"round"[39m
              [33mstroke-width[39m=[32m"2"[39m
              [33mviewBox[39m=[32m"0 0 24 24"[39m
              [33mwidth[39m=[32m"24"[39m
              [33mxmlns[39m=[32m"http://www.w3.org/2000/svg"[39m
            [36m>[39m
              [36m<polygon[39m
                [33mpoints[39m=[32m"6 3 20 12 6 21 6 3"[39m
              [36m/>[39m
            [36m</svg>[39m
            [0mRun Pending[0m
          [36m</button>[39m
          [36m<button[39m
            [33mclass[39m=[32m"inline-flex items-center justify-center whitespace-nowrap rounded-md text-sm font-medium ring-offset-background transition-colors focus-visible:outline-none focus-visible:ring-2 focus-visible:ring-ring focus-visible:ring-offset-2 disabled:pointer-events-none disabled:opacity-50 border border-input bg-background hover:bg-accent hover:text-accent-foreground h-10 px-4 py-2"[39m
          [36m>[39m
            [36m<svg[39m
              [33mclass[39m=[32m"lucide lucide-file-text mr-2 h-4 w-4"[39m
              [33mfill[39m=[32m"none"[39m
              [33mheight[39m=[32m"24"[39m
              [33mstroke[39m=[32m"currentColor"[39m
              [33mstroke-linecap[39m=[32m"round"[39m
              [33mstroke-linejoin[39m=[32m"round"[39m
              [33mstroke-width[39m=[32m"2"[39m
              [33mviewBox[39m=[32m"0 0 24 24"[39m
              [33mwidth[39m=[32m"24"[39m
              [33mxmlns[39m=[32m"http://www.w3.org/2000/svg"[39m
            [36m>[39m
              [36m<path[39m
                [33md[39m=[32m"M15 2H6a2 2 0 0 0-2 2v16a2 2 0 0 0 2 2h12a2 2 0 0 0 2-2V7Z"[39m
              [36m/>[39m
              [36m<path[39m
                [33md[39m=[32m"M14 2v4a2 2 0 0 0 2 2h4"[39m
              [36m/>[39m
              [36m<path[39m
                [33md[39m=[32m"M10 9H8"[39m
              [36m/>[39m
              [36m<path[39m
                [33md[39m=[32m"M16 13H8"[39m
              [36m/>[39m
              [36m<path[39m
                [33md[39m=[32m"M16 17H8"[39m
              [36m/>[39m
            [36m</svg>[39m
            [0mExport Report[0m
          [36m</button>[39m
        [36m</div>[39m
        [36m<div[39m
          [33mclass[39m=[32m"relative w-full rounded-lg border p-4 [&>svg~*]:pl-7 [&>svg+div]:translate-y-[-3px] [&>svg]:absolute [&>svg]:left-4 [&>svg]:top-4 [&>svg]:text-foreground shadow-sm bg-background text-foreground"[39m
          [33mrole[39m=[32m"alert"[39m
        [36m>[39m
          [36m<svg[39m
            [33mclass[39m=[32m"lucide lucide-circle-alert h-4 w-4"[39m
            [33mfill[39m=[32m"none"[39m
            [33mheight[39m=[32m"24"[39m
            [33mstroke[39m=[32m"currentColor"[39m
            [33mstroke-linecap[39m=[32m"round"[39m
            [33mstroke-linejoin[39m=[32m"round"[39m
            [33mstroke-width[39m=[32m"2"[39m
            [33mviewBox[39m=[32m"0 0 24 24"[39m
            [33mwidth[39m=[32m"24"[39m
            [33mxmlns[39m=[32m"http://www.w3.org/2000/svg"[39m
          [36m>[39m
            [36m<circle[39m
              [33mcx[39m=[32m"12"[39m
              [33mcy[39m=[32m"12"[39m
              [33mr[39m=[32m"10"[39m
            [36m/>[39m
            [36m<line[39m
              [33mx1[39m=[32m"12"[39m
              [33mx2[39m=[32m"12"[39m
              [33my1[39m=[32m"8"[39m
              [33my2[39m=[32m"12"[39m
            [36m/>[39m
            [36m<line[39m
              [33mx1[39m=[32m"12"[39m
              [33mx2[39m=[32m"12.01"[39m
              [33my1[39m=[32m"16"[39m
              [33my2[39m=[32m"16"[39m
            [36m/>[39m
          [36m</svg>[39m
          [36m<div[39m
            [33mclass[39m=[32m"text-sm [&_p]:leading-relaxed opacity-90"[39m
          [36m>[39m
            [0m0[0m
            [0m of [0m
            [0m0[0m
            [0m migrations applied[0m
          [36m</div>[39m
        [36m</div>[39m
        [36m<div[39m
          [33mclass[39m=[32m"space-y-2"[39m
        [36m/>[39m
      [36m</div>[39m
    [36m</div>[39m
  [36m</div>[39m
[36m</body>[39m
 ❯ Object.getElementError node_modules/@testing-library/dom/dist/config.js:37:19
 ❯ node_modules/@testing-library/dom/dist/query-helpers.js:76:38
 ❯ node_modules/@testing-library/dom/dist/query-helpers.js:52:17
 ❯ node_modules/@testing-library/dom/dist/query-helpers.js:95:19
 ❯ src/components/__tests__/DatabaseMigrationSystem.test.tsx:30:30
     28|     render(<DatabaseMigrationSystem />, { wrapper });
     29|     
     30|     const runButton = screen.getByText(/run migration/i);
       |                              ^
     31|     fireEvent.click(runButton);
     32| 

⎯⎯⎯⎯⎯⎯⎯⎯⎯⎯⎯⎯⎯⎯⎯⎯⎯⎯⎯⎯⎯[32/186]⎯

 FAIL  src/components/__tests__/DatabaseMigrationSystem.test.tsx > DatabaseMigrationSystem Tests > displays migration history
TestingLibraryElementError: Unable to find an element with the text: /history/i. This could be because the text is broken up by multiple elements. In this case, you can provide a function for your text matcher to make your matcher more flexible.

Ignored nodes: comments, script, style
[36m<body>[39m
  [36m<div>[39m
    [36m<div[39m
      [33mclass[39m=[32m"rounded-lg border border-border/40 bg-background shadow-sm"[39m
    [36m>[39m
      [36m<div[39m
        [33mclass[39m=[32m"flex flex-col space-y-1.5 p-6"[39m
      [36m>[39m
        [36m<h3[39m
          [33mclass[39m=[32m"text-2xl font-semibold leading-none tracking-tight text-foreground flex items-center gap-2"[39m
        [36m>[39m
          [36m<svg[39m
            [33mclass[39m=[32m"lucide lucide-database h-5 w-5"[39m
            [33mfill[39m=[32m"none"[39m
            [33mheight[39m=[32m"24"[39m
            [33mstroke[39m=[32m"currentColor"[39m
            [33mstroke-linecap[39m=[32m"round"[39m
            [33mstroke-linejoin[39m=[32m"round"[39m
            [33mstroke-width[39m=[32m"2"[39m
            [33mviewBox[39m=[32m"0 0 24 24"[39m
            [33mwidth[39m=[32m"24"[39m
            [33mxmlns[39m=[32m"http://www.w3.org/2000/svg"[39m
          [36m>[39m
            [36m<ellipse[39m
              [33mcx[39m=[32m"12"[39m
              [33mcy[39m=[32m"5"[39m
              [33mrx[39m=[32m"9"[39m
              [33mry[39m=[32m"3"[39m
            [36m/>[39m
            [36m<path[39m
              [33md[39m=[32m"M3 5V19A9 3 0 0 0 21 19V5"[39m
            [36m/>[39m
            [36m<path[39m
              [33md[39m=[32m"M3 12A9 3 0 0 0 21 12"[39m
            [36m/>[39m
          [36m</svg>[39m
          [0mDatabase Migration System[0m
        [36m</h3>[39m
        [36m<p[39m
          [33mclass[39m=[32m"text-sm text-muted-foreground"[39m
        [36m>[39m
          [0mExecute and track database schema migrations with real SQL execution[0m
        [36m</p>[39m
      [36m</div>[39m
      [36m<div[39m
        [33mclass[39m=[32m"p-6 pt-0 space-y-4"[39m
      [36m>[39m
        [36m<div[39m
          [33mclass[39m=[32m"flex gap-2 flex-wrap"[39m
        [36m>[39m
          [36m<button[39m
            [33mclass[39m=[32m"inline-flex items-center justify-center whitespace-nowrap rounded-md text-sm font-medium ring-offset-background transition-colors focus-visible:outline-none focus-visible:ring-2 focus-visible:ring-ring focus-visible:ring-offset-2 disabled:pointer-events-none disabled:opacity-50 border border-input bg-background hover:bg-accent hover:text-accent-foreground h-10 px-4 py-2"[39m
            [33mdisabled[39m=[32m""[39m
          [36m>[39m
            [36m<svg[39m
              [33mclass[39m=[32m"lucide lucide-refresh-cw mr-2 h-4 w-4 animate-spin"[39m
              [33mfill[39m=[32m"none"[39m
              [33mheight[39m=[32m"24"[39m
              [33mstroke[39m=[32m"currentColor"[39m
              [33mstroke-linecap[39m=[32m"round"[39m
              [33mstroke-linejoin[39m=[32m"round"[39m
              [33mstroke-width[39m=[32m"2"[39m
              [33mviewBox[39m=[32m"0 0 24 24"[39m
              [33mwidth[39m=[32m"24"[39m
              [33mxmlns[39m=[32m"http://www.w3.org/2000/svg"[39m
            [36m>[39m
              [36m<path[39m
                [33md[39m=[32m"M3 12a9 9 0 0 1 9-9 9.75 9.75 0 0 1 6.74 2.74L21 8"[39m
              [36m/>[39m
              [36m<path[39m
                [33md[39m=[32m"M21 3v5h-5"[39m
              [36m/>[39m
              [36m<path[39m
                [33md[39m=[32m"M21 12a9 9 0 0 1-9 9 9.75 9.75 0 0 1-6.74-2.74L3 16"[39m
              [36m/>[39m
              [36m<path[39m
                [33md[39m=[32m"M8 16H3v5"[39m
              [36m/>[39m
            [36m</svg>[39m
            [0mCheck Status[0m
          [36m</button>[39m
          [36m<button[39m
            [33mclass[39m=[32m"inline-flex items-center justify-center whitespace-nowrap rounded-md text-sm font-medium ring-offset-background transition-colors focus-visible:outline-none focus-visible:ring-2 focus-visible:ring-ring focus-visible:ring-offset-2 disabled:pointer-events-none disabled:opacity-50 bg-primary text-primary-foreground hover:bg-primary/90 h-10 px-4 py-2"[39m
            [33mdisabled[39m=[32m""[39m
          [36m>[39m
            [36m<svg[39m
              [33mclass[39m=[32m"lucide lucide-play mr-2 h-4 w-4"[39m
              [33mfill[39m=[32m"none"[39m
              [33mheight[39m=[32m"24"[39m
              [33mstroke[39m=[32m"currentColor"[39m
              [33mstroke-linecap[39m=[32m"round"[39m
              [33mstroke-linejoin[39m=[32m"round"[39m
              [33mstroke-width[39m=[32m"2"[39m
              [33mviewBox[39m=[32m"0 0 24 24"[39m
              [33mwidth[39m=[32m"24"[39m
              [33mxmlns[39m=[32m"http://www.w3.org/2000/svg"[39m
            [36m>[39m
              [36m<polygon[39m
                [33mpoints[39m=[32m"6 3 20 12 6 21 6 3"[39m
              [36m/>[39m
            [36m</svg>[39m
            [0mRun Pending[0m
          [36m</button>[39m
          [36m<button[39m
            [33mclass[39m=[32m"inline-flex items-center justify-center whitespace-nowrap rounded-md text-sm font-medium ring-offset-background transition-colors focus-visible:outline-none focus-visible:ring-2 focus-visible:ring-ring focus-visible:ring-offset-2 disabled:pointer-events-none disabled:opacity-50 border border-input bg-background hover:bg-accent hover:text-accent-foreground h-10 px-4 py-2"[39m
          [36m>[39m
            [36m<svg[39m
              [33mclass[39m=[32m"lucide lucide-file-text mr-2 h-4 w-4"[39m
              [33mfill[39m=[32m"none"[39m
              [33mheight[39m=[32m"24"[39m
              [33mstroke[39m=[32m"currentColor"[39m
              [33mstroke-linecap[39m=[32m"round"[39m
              [33mstroke-linejoin[39m=[32m"round"[39m
              [33mstroke-width[39m=[32m"2"[39m
              [33mviewBox[39m=[32m"0 0 24 24"[39m
              [33mwidth[39m=[32m"24"[39m
              [33mxmlns[39m=[32m"http://www.w3.org/2000/svg"[39m
            [36m>[39m
              [36m<path[39m
                [33md[39m=[32m"M15 2H6a2 2 0 0 0-2 2v16a2 2 0 0 0 2 2h12a2 2 0 0 0 2-2V7Z"[39m
              [36m/>[39m
              [36m<path[39m
                [33md[39m=[32m"M14 2v4a2 2 0 0 0 2 2h4"[39m
              [36m/>[39m
              [36m<path[39m
                [33md[39m=[32m"M10 9H8"[39m
              [36m/>[39m
              [36m<path[39m
                [33md[39m=[32m"M16 13H8"[39m
              [36m/>[39m
              [36m<path[39m
                [33md[39m=[32m"M16 17H8"[39m
              [36m/>[39m
            [36m</svg>[39m
            [0mExport Report[0m
          [36m</button>[39m
        [36m</div>[39m
        [36m<div[39m
          [33mclass[39m=[32m"relative w-full rounded-lg border p-4 [&>svg~*]:pl-7 [&>svg+div]:translate-y-[-3px] [&>svg]:absolute [&>svg]:left-4 [&>svg]:top-4 [&>svg]:text-foreground shadow-sm bg-background text-foreground"[39m
          [33mrole[39m=[32m"alert"[39m
        [36m>[39m
          [36m<svg[39m
            [33mclass[39m=[32m"lucide lucide-circle-alert h-4 w-4"[39m
            [33mfill[39m=[32m"none"[39m
            [33mheight[39m=[32m"24"[39m
            [33mstroke[39m=[32m"currentColor"[39m
            [33mstroke-linecap[39m=[32m"round"[39m
            [33mstroke-linejoin[39m=[32m"round"[39m
            [33mstroke-width[39m=[32m"2"[39m
            [33mviewBox[39m=[32m"0 0 24 24"[39m
            [33mwidth[39m=[32m"24"[39m
            [33mxmlns[39m=[32m"http://www.w3.org/2000/svg"[39m
          [36m>[39m
            [36m<circle[39m
              [33mcx[39m=[32m"12"[39m
              [33mcy[39m=[32m"12"[39m
              [33mr[39m=[32m"10"[39m
            [36m/>[39m
            [36m<line[39m
              [33mx1[39m=[32m"12"[39m
              [33mx2[39m=[32m"12"[39m
              [33my1[39m=[32m"8"[39m
              [33my2[39m=[32m"12"[39m
            [36m/>[39m
            [36m<line[39m
              [33mx1[39m=[32m"12"[39m
              [33mx2[39m=[32m"12.01"[39m
              [33my1[39m=[32m"16"[39m
              [33my2[39m=[32m"16"[39m
            [36m/>[39m
          [36m</svg>[39m
          [36m<div[39m
            [33mclass[39m=[32m"text-sm [&_p]:leading-relaxed opacity-90"[39m
          [36m>[39m
            [0m0[0m
            [0m of [0m
            [0m0[0m
            [0m migrations applied[0m
          [36m</div>[39m
        [36m</div>[39m
        [36m<div[39m
          [33mclass[39m=[32m"space-y-2"[39m
        [36m/>[39m
      [36m</div>[39m
    [36m</div>[39m
  [36m</div>[39m
[36m</body>[39m
 ❯ Object.getElementError node_modules/@testing-library/dom/dist/config.js:37:19
 ❯ node_modules/@testing-library/dom/dist/query-helpers.js:76:38
 ❯ node_modules/@testing-library/dom/dist/query-helpers.js:52:17
 ❯ node_modules/@testing-library/dom/dist/query-helpers.js:95:19
 ❯ src/components/__tests__/DatabaseMigrationSystem.test.tsx:50:19
     48|   it('displays migration history', () => {
     49|     render(<DatabaseMigrationSystem />, { wrapper });
     50|     expect(screen.getByText(/history/i)).toBeInTheDocument();
       |                   ^
     51|   });
     52| });

⎯⎯⎯⎯⎯⎯⎯⎯⎯⎯⎯⎯⎯⎯⎯⎯⎯⎯⎯⎯⎯[33/186]⎯

 FAIL  src/components/__tests__/EnhancedBulkImport.test.tsx > EnhancedBulkImport Tests > renders import interface
TestingLibraryElementError: Found multiple elements with the text: /import/i

Here are the matching elements:

Ignored nodes: comments, script, style
[36m<h3[39m
  [33mclass[39m=[32m"text-2xl font-semibold leading-none tracking-tight text-foreground flex items-center gap-2"[39m
[36m>[39m
  [36m<svg[39m
    [33mclass[39m=[32m"lucide lucide-upload h-5 w-5"[39m
    [33mfill[39m=[32m"none"[39m
    [33mheight[39m=[32m"24"[39m
    [33mstroke[39m=[32m"currentColor"[39m
    [33mstroke-linecap[39m=[32m"round"[39m
    [33mstroke-linejoin[39m=[32m"round"[39m
    [33mstroke-width[39m=[32m"2"[39m
    [33mviewBox[39m=[32m"0 0 24 24"[39m
    [33mwidth[39m=[32m"24"[39m
    [33mxmlns[39m=[32m"http://www.w3.org/2000/svg"[39m
  [36m>[39m
    [36m<path[39m
      [33md[39m=[32m"M21 15v4a2 2 0 0 1-2 2H5a2 2 0 0 1-2-2v-4"[39m
    [36m/>[39m
    [36m<polyline[39m
      [33mpoints[39m=[32m"17 8 12 3 7 8"[39m
    [36m/>[39m
    [36m<line[39m
      [33mx1[39m=[32m"12"[39m
      [33mx2[39m=[32m"12"[39m
      [33my1[39m=[32m"3"[39m
      [33my2[39m=[32m"15"[39m
    [36m/>[39m
  [36m</svg>[39m
  [0mEnhanced Bulk Import[0m
[36m</h3>[39m

Ignored nodes: comments, script, style
[36m<p[39m
  [33mclass[39m=[32m"text-sm text-muted-foreground"[39m
[36m>[39m
  [0mImport multiple items with validation, preview, and detailed error reporting[0m
[36m</p>[39m

(If this is intentional, then use the `*AllBy*` variant of the query (like `queryAllByText`, `getAllByText`, or `findAllByText`)).

Ignored nodes: comments, script, style
[36m<body>[39m
  [36m<div>[39m
    [36m<div[39m
      [33mclass[39m=[32m"rounded-lg border border-border/40 bg-background shadow-sm"[39m
    [36m>[39m
      [36m<div[39m
        [33mclass[39m=[32m"flex flex-col space-y-1.5 p-6"[39m
      [36m>[39m
        [36m<h3[39m
          [33mclass[39m=[32m"text-2xl font-semibold leading-none tracking-tight text-foreground flex items-center gap-2"[39m
        [36m>[39m
          [36m<svg[39m
            [33mclass[39m=[32m"lucide lucide-upload h-5 w-5"[39m
            [33mfill[39m=[32m"none"[39m
            [33mheight[39m=[32m"24"[39m
            [33mstroke[39m=[32m"currentColor"[39m
            [33mstroke-linecap[39m=[32m"round"[39m
            [33mstroke-linejoin[39m=[32m"round"[39m
            [33mstroke-width[39m=[32m"2"[39m
            [33mviewBox[39m=[32m"0 0 24 24"[39m
            [33mwidth[39m=[32m"24"[39m
            [33mxmlns[39m=[32m"http://www.w3.org/2000/svg"[39m
          [36m>[39m
            [36m<path[39m
              [33md[39m=[32m"M21 15v4a2 2 0 0 1-2 2H5a2 2 0 0 1-2-2v-4"[39m
            [36m/>[39m
            [36m<polyline[39m
              [33mpoints[39m=[32m"17 8 12 3 7 8"[39m
            [36m/>[39m
            [36m<line[39m
              [33mx1[39m=[32m"12"[39m
              [33mx2[39m=[32m"12"[39m
              [33my1[39m=[32m"3"[39m
              [33my2[39m=[32m"15"[39m
            [36m/>[39m
          [36m</svg>[39m
          [0mEnhanced Bulk Import[0m
        [36m</h3>[39m
        [36m<p[39m
          [33mclass[39m=[32m"text-sm text-muted-foreground"[39m
        [36m>[39m
          [0mImport multiple items with validation, preview, and detailed error reporting[0m
        [36m</p>[39m
      [36m</div>[39m
      [36m<div[39m
        [33mclass[39m=[32m"p-6 pt-0 space-y-4"[39m
      [36m>[39m
        [36m<div[39m
          [33mclass[39m=[32m"flex gap-2"[39m
        [36m>[39m
          [36m<button[39m
            [33mclass[39m=[32m"inline-flex items-center justify-center whitespace-nowrap rounded-md text-sm font-medium ring-offset-background transition-colors focus-visible:outline-none focus-visible:ring-2 focus-visible:ring-ring focus-visible:ring-offset-2 disabled:pointer-events-none disabled:opacity-50 border border-input bg-background hover:bg-accent hover:text-accent-foreground h-10 px-4 py-2"[39m
          [36m>[39m
            [36m<svg[39m
              [33mclass[39m=[32m"lucide lucide-download mr-2 h-4 w-4"[39m
              [33mfill[39m=[32m"none"[39m
              [33mheight[39m=[32m"24"[39m
              [33mstroke[39m=[32m"currentColor"[39m
              [33mstroke-linecap[39m=[32m"round"[39m
              [33mstroke-linejoin[39m=[32m"round"[39m
              [33mstroke-width[39m=[32m"2"[39m
              [33mviewBox[39m=[32m"0 0 24 24"[39m
              [33mwidth[39m=[32m"24"[39m
              [33mxmlns[39m=[32m"http://www.w3.org/2000/svg"[39m
            [36m>[39m
              [36m<path[39m
                [33md[39m=[32m"M21 15v4a2 2 0 0 1-2 2H5a2 2 0 0 1-2-2v-4"[39m
              [36m/>[39m
              [36m<polyline[39m
                [33mpoints[39m=[32m"7 10 12 15 17 10"[39m
              [36m/>[39m
              [36m<line[39m
                [33mx1[39m=[32m"12"[39m
                [33mx2[39m=[32m"12"[39m
                [33my1[39m=[32m"15"[39m
                [33my2[39m=[32m"3"[39m
              [36m/>[39m
            [36m</svg>[39m
            [0mDownload Template[0m
          [36m</button>[39m
        [36m</div>[39m
        [36m<div[39m
          [33mclass[39m=[32m"border-2 border-dashed rounded-lg p-8 text-center"[39m
        [36m>[39m
          [36m<svg[39m
            [33mclass[39m=[32m"lucide lucide-file-text h-12 w-12 text-muted-foreground mx-auto mb-4"[39m
            [33mfill[39m=[32m"none"[39m
            [33mheight[39m=[32m"24"[39m
            [33mstroke[39m=[32m"currentColor"[39m
            [33mstroke-linecap[39m=[32m"round"[39m
            [33mstroke-linejoin[39m=[32m"round"[39m
            [33mstroke-width[39m=[32m"2"[39m
            [33mviewBox[39m=[32m"0 0 24 24"[39m
            [33mwidth[39m=[32m"24"[39m
            [33mxmlns[39m=[32m"http://www.w3.org/2000/svg"[39m
          [36m>[39m
            [36m<path[39m
              [33md[39m=[32m"M15 2H6a2 2 0 0 0-2 2v16a2 2 0 0 0 2 2h12a2 2 0 0 0 2-2V7Z"[39m
            [36m/>[39m
            [36m<path[39m
              [33md[39m=[32m"M14 2v4a2 2 0 0 0 2 2h4"[39m
            [36m/>[39m
            [36m<path[39m
              [33md[39m=[32m"M10 9H8"[39m
            [36m/>[39m
            [36m<path[39m
              [33md[39m=[32m"M16 13H8"[39m
            [36m/>[39m
            [36m<path[39m
              [33md[39m=[32m"M16 17H8"[39m
            [36m/>[39m
          [36m</svg>[39m
          [36m<input[39m
            [33maccept[39m=[32m".csv"[39m
            [33mclass[39m=[32m"hidden"[39m
            [33mid[39m=[32m"csv-upload"[39m
            [33mtype[39m=[32m"file"[39m
          [36m/>[39m
          [36m<label[39m
            [33mfor[39m=[32m"csv-upload"[39m
          [36m>[39m
            [36m<span[39m
              [33mclass[39m=[32m"inline-flex items-center justify-center whitespace-nowrap rounded-md text-sm font-medium ring-offset-background transition-colors focus-visible:outline-none focus-visible:ring-2 focus-visible:ring-ring focus-visible:ring-offset-2 disabled:pointer-events-none disabled:opacity-50 bg-primary text-primary-foreground hover:bg-primary/90 h-10 px-4 py-2"[39m
            [36m>[39m
              [0mSelect CSV File[0m
            [36m</span>[39m
          [36m</label>[39m
        [36m</div>[39m
      [36m</div>[39m
    [36m</div>[39m
  [36m</div>[39m
[36m</body>[39m
 ❯ Object.getElementError node_modules/@testing-library/dom/dist/config.js:37:19
 ❯ getElementError node_modules/@testing-library/dom/dist/query-helpers.js:20:35
 ❯ getMultipleElementsFoundError node_modules/@testing-library/dom/dist/query-helpers.js:23:10
 ❯ node_modules/@testing-library/dom/dist/query-helpers.js:55:13
 ❯ node_modules/@testing-library/dom/dist/query-helpers.js:95:19
 ❯ src/components/__tests__/EnhancedBulkImport.test.tsx:17:19
     15|   it('renders import interface', () => {
     16|     render(<EnhancedBulkImport onComplete={vi.fn()} />, { wrapper });
     17|     expect(screen.getByText(/import/i)).toBeInTheDocument();
       |                   ^
     18|   });
     19| 

⎯⎯⎯⎯⎯⎯⎯⎯⎯⎯⎯⎯⎯⎯⎯⎯⎯⎯⎯⎯⎯[34/186]⎯

 FAIL  src/components/__tests__/EnhancedBulkImport.test.tsx > EnhancedBulkImport Tests > accepts CSV file upload
TestingLibraryElementError: Unable to find a label with the text of: /upload/i

Ignored nodes: comments, script, style
[36m<body>[39m
  [36m<div>[39m
    [36m<div[39m
      [33mclass[39m=[32m"rounded-lg border border-border/40 bg-background shadow-sm"[39m
    [36m>[39m
      [36m<div[39m
        [33mclass[39m=[32m"flex flex-col space-y-1.5 p-6"[39m
      [36m>[39m
        [36m<h3[39m
          [33mclass[39m=[32m"text-2xl font-semibold leading-none tracking-tight text-foreground flex items-center gap-2"[39m
        [36m>[39m
          [36m<svg[39m
            [33mclass[39m=[32m"lucide lucide-upload h-5 w-5"[39m
            [33mfill[39m=[32m"none"[39m
            [33mheight[39m=[32m"24"[39m
            [33mstroke[39m=[32m"currentColor"[39m
            [33mstroke-linecap[39m=[32m"round"[39m
            [33mstroke-linejoin[39m=[32m"round"[39m
            [33mstroke-width[39m=[32m"2"[39m
            [33mviewBox[39m=[32m"0 0 24 24"[39m
            [33mwidth[39m=[32m"24"[39m
            [33mxmlns[39m=[32m"http://www.w3.org/2000/svg"[39m
          [36m>[39m
            [36m<path[39m
              [33md[39m=[32m"M21 15v4a2 2 0 0 1-2 2H5a2 2 0 0 1-2-2v-4"[39m
            [36m/>[39m
            [36m<polyline[39m
              [33mpoints[39m=[32m"17 8 12 3 7 8"[39m
            [36m/>[39m
            [36m<line[39m
              [33mx1[39m=[32m"12"[39m
              [33mx2[39m=[32m"12"[39m
              [33my1[39m=[32m"3"[39m
              [33my2[39m=[32m"15"[39m
            [36m/>[39m
          [36m</svg>[39m
          [0mEnhanced Bulk Import[0m
        [36m</h3>[39m
        [36m<p[39m
          [33mclass[39m=[32m"text-sm text-muted-foreground"[39m
        [36m>[39m
          [0mImport multiple items with validation, preview, and detailed error reporting[0m
        [36m</p>[39m
      [36m</div>[39m
      [36m<div[39m
        [33mclass[39m=[32m"p-6 pt-0 space-y-4"[39m
      [36m>[39m
        [36m<div[39m
          [33mclass[39m=[32m"flex gap-2"[39m
        [36m>[39m
          [36m<button[39m
            [33mclass[39m=[32m"inline-flex items-center justify-center whitespace-nowrap rounded-md text-sm font-medium ring-offset-background transition-colors focus-visible:outline-none focus-visible:ring-2 focus-visible:ring-ring focus-visible:ring-offset-2 disabled:pointer-events-none disabled:opacity-50 border border-input bg-background hover:bg-accent hover:text-accent-foreground h-10 px-4 py-2"[39m
          [36m>[39m
            [36m<svg[39m
              [33mclass[39m=[32m"lucide lucide-download mr-2 h-4 w-4"[39m
              [33mfill[39m=[32m"none"[39m
              [33mheight[39m=[32m"24"[39m
              [33mstroke[39m=[32m"currentColor"[39m
              [33mstroke-linecap[39m=[32m"round"[39m
              [33mstroke-linejoin[39m=[32m"round"[39m
              [33mstroke-width[39m=[32m"2"[39m
              [33mviewBox[39m=[32m"0 0 24 24"[39m
              [33mwidth[39m=[32m"24"[39m
              [33mxmlns[39m=[32m"http://www.w3.org/2000/svg"[39m
            [36m>[39m
              [36m<path[39m
                [33md[39m=[32m"M21 15v4a2 2 0 0 1-2 2H5a2 2 0 0 1-2-2v-4"[39m
              [36m/>[39m
              [36m<polyline[39m
                [33mpoints[39m=[32m"7 10 12 15 17 10"[39m
              [36m/>[39m
              [36m<line[39m
                [33mx1[39m=[32m"12"[39m
                [33mx2[39m=[32m"12"[39m
                [33my1[39m=[32m"15"[39m
                [33my2[39m=[32m"3"[39m
              [36m/>[39m
            [36m</svg>[39m
            [0mDownload Template[0m
          [36m</button>[39m
        [36m</div>[39m
        [36m<div[39m
          [33mclass[39m=[32m"border-2 border-dashed rounded-lg p-8 text-center"[39m
        [36m>[39m
          [36m<svg[39m
            [33mclass[39m=[32m"lucide lucide-file-text h-12 w-12 text-muted-foreground mx-auto mb-4"[39m
            [33mfill[39m=[32m"none"[39m
            [33mheight[39m=[32m"24"[39m
            [33mstroke[39m=[32m"currentColor"[39m
            [33mstroke-linecap[39m=[32m"round"[39m
            [33mstroke-linejoin[39m=[32m"round"[39m
            [33mstroke-width[39m=[32m"2"[39m
            [33mviewBox[39m=[32m"0 0 24 24"[39m
            [33mwidth[39m=[32m"24"[39m
            [33mxmlns[39m=[32m"http://www.w3.org/2000/svg"[39m
          [36m>[39m
            [36m<path[39m
              [33md[39m=[32m"M15 2H6a2 2 0 0 0-2 2v16a2 2 0 0 0 2 2h12a2 2 0 0 0 2-2V7Z"[39m
            [36m/>[39m
            [36m<path[39m
              [33md[39m=[32m"M14 2v4a2 2 0 0 0 2 2h4"[39m
            [36m/>[39m
            [36m<path[39m
              [33md[39m=[32m"M10 9H8"[39m
            [36m/>[39m
            [36m<path[39m
              [33md[39m=[32m"M16 13H8"[39m
            [36m/>[39m
            [36m<path[39m
              [33md[39m=[32m"M16 17H8"[39m
            [36m/>[39m
          [36m</svg>[39m
          [36m<input[39m
            [33maccept[39m=[32m".csv"[39m
            [33mclass[39m=[32m"hidden"[39m
            [33mid[39m=[32m"csv-upload"[39m
            [33mtype[39m=[32m"file"[39m
          [36m/>[39m
          [36m<label[39m
            [33mfor[39m=[32m"csv-upload"[39m
          [36m>[39m
            [36m<span[39m
              [33mclass[39m=[32m"inline-flex items-center justify-center whitespace-nowrap rounded-md text-sm font-medium ring-offset-background transition-colors focus-visible:outline-none focus-visible:ring-2 focus-visible:ring-ring focus-visible:ring-offset-2 disabled:pointer-events-none disabled:opacity-50 bg-primary text-primary-foreground hover:bg-primary/90 h-10 px-4 py-2"[39m
            [36m>[39m
              [0mSelect CSV File[0m
            [36m</span>[39m
          [36m</label>[39m
        [36m</div>[39m
      [36m</div>[39m
    [36m</div>[39m
  [36m</div>[39m
[36m</body>[39m
 ❯ Object.getElementError node_modules/@testing-library/dom/dist/config.js:37:19
 ❯ getAllByLabelText node_modules/@testing-library/dom/dist/queries/label-text.js:111:38
 ❯ node_modules/@testing-library/dom/dist/query-helpers.js:52:17
 ❯ node_modules/@testing-library/dom/dist/query-helpers.js:95:19
 ❯ src/components/__tests__/EnhancedBulkImport.test.tsx:27:26
     25|     });
     26|     
     27|     const input = screen.getByLabelText(/upload/i);
       |                          ^
     28|     fireEvent.change(input, { target: { files: [file] } });
     29| 

⎯⎯⎯⎯⎯⎯⎯⎯⎯⎯⎯⎯⎯⎯⎯⎯⎯⎯⎯⎯⎯[35/186]⎯

 FAIL  src/components/__tests__/EnhancedBulkImport.test.tsx > EnhancedBulkImport Tests > validates CSV format
TestingLibraryElementError: Unable to find a label with the text of: /upload/i

Ignored nodes: comments, script, style
[36m<body>[39m
  [36m<div>[39m
    [36m<div[39m
      [33mclass[39m=[32m"rounded-lg border border-border/40 bg-background shadow-sm"[39m
    [36m>[39m
      [36m<div[39m
        [33mclass[39m=[32m"flex flex-col space-y-1.5 p-6"[39m
      [36m>[39m
        [36m<h3[39m
          [33mclass[39m=[32m"text-2xl font-semibold leading-none tracking-tight text-foreground flex items-center gap-2"[39m
        [36m>[39m
          [36m<svg[39m
            [33mclass[39m=[32m"lucide lucide-upload h-5 w-5"[39m
            [33mfill[39m=[32m"none"[39m
            [33mheight[39m=[32m"24"[39m
            [33mstroke[39m=[32m"currentColor"[39m
            [33mstroke-linecap[39m=[32m"round"[39m
            [33mstroke-linejoin[39m=[32m"round"[39m
            [33mstroke-width[39m=[32m"2"[39m
            [33mviewBox[39m=[32m"0 0 24 24"[39m
            [33mwidth[39m=[32m"24"[39m
            [33mxmlns[39m=[32m"http://www.w3.org/2000/svg"[39m
          [36m>[39m
            [36m<path[39m
              [33md[39m=[32m"M21 15v4a2 2 0 0 1-2 2H5a2 2 0 0 1-2-2v-4"[39m
            [36m/>[39m
            [36m<polyline[39m
              [33mpoints[39m=[32m"17 8 12 3 7 8"[39m
            [36m/>[39m
            [36m<line[39m
              [33mx1[39m=[32m"12"[39m
              [33mx2[39m=[32m"12"[39m
              [33my1[39m=[32m"3"[39m
              [33my2[39m=[32m"15"[39m
            [36m/>[39m
          [36m</svg>[39m
          [0mEnhanced Bulk Import[0m
        [36m</h3>[39m
        [36m<p[39m
          [33mclass[39m=[32m"text-sm text-muted-foreground"[39m
        [36m>[39m
          [0mImport multiple items with validation, preview, and detailed error reporting[0m
        [36m</p>[39m
      [36m</div>[39m
      [36m<div[39m
        [33mclass[39m=[32m"p-6 pt-0 space-y-4"[39m
      [36m>[39m
        [36m<div[39m
          [33mclass[39m=[32m"flex gap-2"[39m
        [36m>[39m
          [36m<button[39m
            [33mclass[39m=[32m"inline-flex items-center justify-center whitespace-nowrap rounded-md text-sm font-medium ring-offset-background transition-colors focus-visible:outline-none focus-visible:ring-2 focus-visible:ring-ring focus-visible:ring-offset-2 disabled:pointer-events-none disabled:opacity-50 border border-input bg-background hover:bg-accent hover:text-accent-foreground h-10 px-4 py-2"[39m
          [36m>[39m
            [36m<svg[39m
              [33mclass[39m=[32m"lucide lucide-download mr-2 h-4 w-4"[39m
              [33mfill[39m=[32m"none"[39m
              [33mheight[39m=[32m"24"[39m
              [33mstroke[39m=[32m"currentColor"[39m
              [33mstroke-linecap[39m=[32m"round"[39m
              [33mstroke-linejoin[39m=[32m"round"[39m
              [33mstroke-width[39m=[32m"2"[39m
              [33mviewBox[39m=[32m"0 0 24 24"[39m
              [33mwidth[39m=[32m"24"[39m
              [33mxmlns[39m=[32m"http://www.w3.org/2000/svg"[39m
            [36m>[39m
              [36m<path[39m
                [33md[39m=[32m"M21 15v4a2 2 0 0 1-2 2H5a2 2 0 0 1-2-2v-4"[39m
              [36m/>[39m
              [36m<polyline[39m
                [33mpoints[39m=[32m"7 10 12 15 17 10"[39m
              [36m/>[39m
              [36m<line[39m
                [33mx1[39m=[32m"12"[39m
                [33mx2[39m=[32m"12"[39m
                [33my1[39m=[32m"15"[39m
                [33my2[39m=[32m"3"[39m
              [36m/>[39m
            [36m</svg>[39m
            [0mDownload Template[0m
          [36m</button>[39m
        [36m</div>[39m
        [36m<div[39m
          [33mclass[39m=[32m"border-2 border-dashed rounded-lg p-8 text-center"[39m
        [36m>[39m
          [36m<svg[39m
            [33mclass[39m=[32m"lucide lucide-file-text h-12 w-12 text-muted-foreground mx-auto mb-4"[39m
            [33mfill[39m=[32m"none"[39m
            [33mheight[39m=[32m"24"[39m
            [33mstroke[39m=[32m"currentColor"[39m
            [33mstroke-linecap[39m=[32m"round"[39m
            [33mstroke-linejoin[39m=[32m"round"[39m
            [33mstroke-width[39m=[32m"2"[39m
            [33mviewBox[39m=[32m"0 0 24 24"[39m
            [33mwidth[39m=[32m"24"[39m
            [33mxmlns[39m=[32m"http://www.w3.org/2000/svg"[39m
          [36m>[39m
            [36m<path[39m
              [33md[39m=[32m"M15 2H6a2 2 0 0 0-2 2v16a2 2 0 0 0 2 2h12a2 2 0 0 0 2-2V7Z"[39m
            [36m/>[39m
            [36m<path[39m
              [33md[39m=[32m"M14 2v4a2 2 0 0 0 2 2h4"[39m
            [36m/>[39m
            [36m<path[39m
              [33md[39m=[32m"M10 9H8"[39m
            [36m/>[39m
            [36m<path[39m
              [33md[39m=[32m"M16 13H8"[39m
            [36m/>[39m
            [36m<path[39m
              [33md[39m=[32m"M16 17H8"[39m
            [36m/>[39m
          [36m</svg>[39m
          [36m<input[39m
            [33maccept[39m=[32m".csv"[39m
            [33mclass[39m=[32m"hidden"[39m
            [33mid[39m=[32m"csv-upload"[39m
            [33mtype[39m=[32m"file"[39m
          [36m/>[39m
          [36m<label[39m
            [33mfor[39m=[32m"csv-upload"[39m
          [36m>[39m
            [36m<span[39m
              [33mclass[39m=[32m"inline-flex items-center justify-center whitespace-nowrap rounded-md text-sm font-medium ring-offset-background transition-colors focus-visible:outline-none focus-visible:ring-2 focus-visible:ring-ring focus-visible:ring-offset-2 disabled:pointer-events-none disabled:opacity-50 bg-primary text-primary-foreground hover:bg-primary/90 h-10 px-4 py-2"[39m
            [36m>[39m
              [0mSelect CSV File[0m
            [36m</span>[39m
          [36m</label>[39m
        [36m</div>[39m
      [36m</div>[39m
    [36m</div>[39m
  [36m</div>[39m
[36m</body>[39m
 ❯ Object.getElementError node_modules/@testing-library/dom/dist/config.js:37:19
 ❯ getAllByLabelText node_modules/@testing-library/dom/dist/queries/label-text.js:111:38
 ❯ node_modules/@testing-library/dom/dist/query-helpers.js:52:17
 ❯ node_modules/@testing-library/dom/dist/query-helpers.js:95:19
 ❯ src/components/__tests__/EnhancedBulkImport.test.tsx:42:26
     40|     });
     41|     
     42|     const input = screen.getByLabelText(/upload/i);
       |                          ^
     43|     fireEvent.change(input, { target: { files: [invalidFile] } });
     44| 

⎯⎯⎯⎯⎯⎯⎯⎯⎯⎯⎯⎯⎯⎯⎯⎯⎯⎯⎯⎯⎯[36/186]⎯

 FAIL  src/components/__tests__/FeedbackSystem.test.tsx > Feedback System Tests > renders feedback modal
Error: Invalid Chai property: toBeInTheDocument
 ❯ src/components/__tests__/FeedbackSystem.test.tsx:25:41
     23|     );
     24| 
     25|     expect(screen.getByText(/feedback/i)).toBeInTheDocument();
       |                                         ^
     26|   });
     27| 

⎯⎯⎯⎯⎯⎯⎯⎯⎯⎯⎯⎯⎯⎯⎯⎯⎯⎯⎯⎯⎯[37/186]⎯

 FAIL  src/components/__tests__/FeedbackSystem.test.tsx > Feedback System Tests > submits feedback successfully
TestingLibraryElementError: Unable to find an element with the placeholder text of: /feedback/i

Ignored nodes: comments, script, style
[36m<body[39m
  [33mdata-scroll-locked[39m=[32m"1"[39m
  [33mstyle[39m=[32m"pointer-events: none;"[39m
[36m>[39m
  [36m<span[39m
    [33maria-hidden[39m=[32m"true"[39m
    [33mdata-aria-hidden[39m=[32m"true"[39m
    [33mdata-radix-focus-guard[39m=[32m""[39m
    [33mstyle[39m=[32m"outline: none; opacity: 0; position: fixed; pointer-events: none;"[39m
    [33mtabindex[39m=[32m"0"[39m
  [36m/>[39m
  [36m<div[39m
    [33maria-hidden[39m=[32m"true"[39m
    [33mdata-aria-hidden[39m=[32m"true"[39m
  [36m/>[39m
  [36m<div[39m
    [33maria-hidden[39m=[32m"true"[39m
    [33mclass[39m=[32m"fixed inset-0 z-50 bg-background/80 backdrop-blur-sm data-[state=open]:animate-in data-[state=closed]:animate-out data-[state=closed]:fade-out-0 data-[state=open]:fade-in-0"[39m
    [33mdata-aria-hidden[39m=[32m"true"[39m
    [33mdata-state[39m=[32m"open"[39m
    [33mstyle[39m=[32m"pointer-events: auto;"[39m
  [36m/>[39m
  [36m<div[39m
    [33maria-describedby[39m=[32m"radix-:r5:"[39m
    [33maria-labelledby[39m=[32m"radix-:r4:"[39m
    [33mclass[39m=[32m"fixed left-[50%] top-[50%] z-50 grid w-full max-w-lg translate-x-[-50%] translate-y-[-50%] gap-4 border border-border/40 bg-background p-6 shadow-lg duration-200 data-[state=open]:animate-in data-[state=closed]:animate-out data-[state=closed]:fade-out-0 data-[state=open]:fade-in-0 data-[state=closed]:zoom-out-95 data-[state=open]:zoom-in-95 data-[state=closed]:slide-out-to-left-1/2 data-[state=closed]:slide-out-to-top-[48%] data-[state=open]:slide-in-from-left-1/2 data-[state=open]:slide-in-from-top-[48%] sm:rounded-lg sm:max-w-md"[39m
    [33mdata-state[39m=[32m"open"[39m
    [33mid[39m=[32m"radix-:r3:"[39m
    [33mrole[39m=[32m"dialog"[39m
    [33mstyle[39m=[32m"pointer-events: auto;"[39m
    [33mtabindex[39m=[32m"-1"[39m
  [36m>[39m
    [36m<div[39m
      [33mclass[39m=[32m"flex flex-col space-y-1.5 text-center sm:text-left"[39m
    [36m>[39m
      [36m<h2[39m
        [33mclass[39m=[32m"text-lg font-semibold leading-none tracking-tight text-foreground"[39m
        [33mid[39m=[32m"radix-:r4:"[39m
      [36m>[39m
        [0mHow was this step?[0m
      [36m</h2>[39m
      [36m<p[39m
        [33mclass[39m=[32m"text-sm text-muted-foreground"[39m
        [33mid[39m=[32m"radix-:r5:"[39m
      [36m>[39m
        [0mHelp us improve the onboarding experience for [0m
      [36m</p>[39m
    [36m</div>[39m
    [36m<div[39m
      [33mclass[39m=[32m"space-y-6 py-4"[39m
    [36m>[39m
      [36m<div[39m
        [33mclass[39m=[32m"space-y-2"[39m
      [36m>[39m
        [36m<label[39m
          [33mclass[39m=[32m"text-sm font-medium"[39m
        [36m>[39m
          [0mRate this step[0m
        [36m</label>[39m
        [36m<div[39m
          [33mclass[39m=[32m"flex gap-2 justify-center"[39m
        [36m>[39m
          [36m<button[39m
            [33mclass[39m=[32m"transition-transform hover:scale-110"[39m
            [33mtype[39m=[32m"button"[39m
          [36m>[39m
            [36m<svg[39m
              [33mclass[39m=[32m"lucide lucide-star w-8 h-8 text-gray-300"[39m
              [33mfill[39m=[32m"none"[39m
              [33mheight[39m=[32m"24"[39m
              [33mstroke[39m=[32m"currentColor"[39m
              [33mstroke-linecap[39m=[32m"round"[39m
              [33mstroke-linejoin[39m=[32m"round"[39m
              [33mstroke-width[39m=[32m"2"[39m
              [33mviewBox[39m=[32m"0 0 24 24"[39m
              [33mwidth[39m=[32m"24"[39m
              [33mxmlns[39m=[32m"http://www.w3.org/2000/svg"[39m
            [36m>[39m
              [36m<path[39m
                [33md[39m=[32m"M11.525 2.295a.53.53 0 0 1 .95 0l2.31 4.679a2.123 2.123 0 0 0 1.595 1.16l5.166.756a.53.53 0 0 1 .294.904l-3.736 3.638a2.123 2.123 0 0 0-.611 1.878l.882 5.14a.53.53 0 0 1-.771.56l-4.618-2.428a2.122 2.122 0 0 0-1.973 0L6.396 21.01a.53.53 0 0 1-.77-.56l.881-5.139a2.122 2.122 0 0 0-.611-1.879L2.16 9.795a.53.53 0 0 1 .294-.906l5.165-.755a2.122 2.122 0 0 0 1.597-1.16z"[39m
              [36m/>[39m
            [36m</svg>[39m
          [36m</button>[39m
          [36m<button[39m
            [33mclass[39m=[32m"transition-transform hover:scale-110"[39m
            [33mtype[39m=[32m"button"[39m
          [36m>[39m
            [36m<svg[39m
              [33mclass[39m=[32m"lucide lucide-star w-8 h-8 text-gray-300"[39m
              [33mfill[39m=[32m"none"[39m
              [33mheight[39m=[32m"24"[39m
              [33mstroke[39m=[32m"currentColor"[39m
              [33mstroke-linecap[39m=[32m"round"[39m
              [33mstroke-linejoin[39m=[32m"round"[39m
              [33mstroke-width[39m=[32m"2"[39m
              [33mviewBox[39m=[32m"0 0 24 24"[39m
              [33mwidth[39m=[32m"24"[39m
              [33mxmlns[39m=[32m"http://www.w3.org/2000/svg"[39m
            [36m>[39m
              [36m<path[39m
                [33md[39m=[32m"M11.525 2.295a.53.53 0 0 1 .95 0l2.31 4.679a2.123 2.123 0 0 0 1.595 1.16l5.166.756a.53.53 0 0 1 .294.904l-3.736 3.638a2.123 2.123 0 0 0-.611 1.878l.882 5.14a.53.53 0 0 1-.771.56l-4.618-2.428a2.122 2.122 0 0 0-1.973 0L6.396 21.01a.53.53 0 0 1-.77-.56l.881-5.139a2.122 2.122 0 0 0-.611-1.879L2.16 9.795a.53.53 0 0 1 .294-.906l5.165-.755a2.122 2.122 0 0 0 1.597-1.16z"[39m
              [36m/>[39m
            [36m</svg>[39m
          [36m</button>[39m
          [36m<button[39m
            [33mclass[39m=[32m"transition-transform hover:scale-110"[39m
            [33mtype[39m=[32m"button"[39m
          [36m>[39m
            [36m<svg[39m
              [33mclass[39m=[32m"lucide lucide-star w-8 h-8 text-gray-300"[39m
              [33mfill[39m=[32m"none"[39m
              [33mheight[39m=[32m"24"[39m
              [33mstroke[39m=[32m"currentColor"[39m
              [33mstroke-linecap[39m=[32m"round"[39m
              [33mstroke-linejoin[39m=[32m"round"[39m
              [33mstroke-width[39m=[32m"2"[39m
              [33mviewBox[39m=[32m"0 0 24 24"[39m
              [33mwidth[39m=[32m"24"[39m
              [33mxmlns[39m=[32m"http://www.w3.org/2000/svg"[39m
            [36m>[39m
              [36m<path[39m
                [33md[39m=[32m"M11.525 2.295a.53.53 0 0 1 .95 0l2.31 4.679a2.123 2.123 0 0 0 1.595 1.16l5.166.756a.53.53 0 0 1 .294.904l-3.736 3.638a2.123 2.123 0 0 0-.611 1.878l.882 5.14a.53.53 0 0 1-.771.56l-4.618-2.428a2.122 2.122 0 0 0-1.973 0L6.396 21.01a.53.53 0 0 1-.77-.56l.881-5.139a2.122 2.122 0 0 0-.611-1.879L2.16 9.795a.53.53 0 0 1 .294-.906l5.165-.755a2.122 2.122 0 0 0 1.597-1.16z"[39m
              [36m/>[39m
            [36m</svg>[39m
          [36m</button>[39m
          [36m<button[39m
            [33mclass[39m=[32m"transition-transform hover:scale-110"[39m
            ...
 ❯ Object.getElementError node_modules/@testing-library/dom/dist/config.js:37:19
 ❯ node_modules/@testing-library/dom/dist/query-helpers.js:76:38
 ❯ node_modules/@testing-library/dom/dist/query-helpers.js:52:17
 ❯ node_modules/@testing-library/dom/dist/query-helpers.js:95:19
 ❯ src/components/__tests__/FeedbackSystem.test.tsx:39:29
     37|     );
     38| 
     39|     const textarea = screen.getByPlaceholderText(/feedback/i);
       |                             ^
     40|     fireEvent.change(textarea, { target: { value: 'Great experience!' …
     41| 

⎯⎯⎯⎯⎯⎯⎯⎯⎯⎯⎯⎯⎯⎯⎯⎯⎯⎯⎯⎯⎯[38/186]⎯

 FAIL  src/components/__tests__/FeedbackSystem.test.tsx > Feedback System Tests > validates feedback input
TestingLibraryElementError: Unable to find an element with the text: /required/i. This could be because the text is broken up by multiple elements. In this case, you can provide a function for your text matcher to make your matcher more flexible.

Ignored nodes: comments, script, style
[36m<body[39m
  [33mdata-scroll-locked[39m=[32m"1"[39m
  [33mstyle[39m=[32m"pointer-events: none;"[39m
[36m>[39m
  [36m<span[39m
    [33maria-hidden[39m=[32m"true"[39m
    [33mdata-aria-hidden[39m=[32m"true"[39m
    [33mdata-radix-focus-guard[39m=[32m""[39m
    [33mstyle[39m=[32m"outline: none; opacity: 0; position: fixed; pointer-events: none;"[39m
    [33mtabindex[39m=[32m"0"[39m
  [36m/>[39m
  [36m<div[39m
    [33maria-hidden[39m=[32m"true"[39m
    [33mdata-aria-hidden[39m=[32m"true"[39m
  [36m/>[39m
  [36m<div[39m
    [33maria-hidden[39m=[32m"true"[39m
    [33mclass[39m=[32m"fixed inset-0 z-50 bg-background/80 backdrop-blur-sm data-[state=open]:animate-in data-[state=closed]:animate-out data-[state=closed]:fade-out-0 data-[state=open]:fade-in-0"[39m
    [33mdata-aria-hidden[39m=[32m"true"[39m
    [33mdata-state[39m=[32m"open"[39m
    [33mstyle[39m=[32m"pointer-events: auto;"[39m
  [36m/>[39m
  [36m<div[39m
    [33maria-describedby[39m=[32m"radix-:r8:"[39m
    [33maria-labelledby[39m=[32m"radix-:r7:"[39m
    [33mclass[39m=[32m"fixed left-[50%] top-[50%] z-50 grid w-full max-w-lg translate-x-[-50%] translate-y-[-50%] gap-4 border border-border/40 bg-background p-6 shadow-lg duration-200 data-[state=open]:animate-in data-[state=closed]:animate-out data-[state=closed]:fade-out-0 data-[state=open]:fade-in-0 data-[state=closed]:zoom-out-95 data-[state=open]:zoom-in-95 data-[state=closed]:slide-out-to-left-1/2 data-[state=closed]:slide-out-to-top-[48%] data-[state=open]:slide-in-from-left-1/2 data-[state=open]:slide-in-from-top-[48%] sm:rounded-lg sm:max-w-md"[39m
    [33mdata-state[39m=[32m"open"[39m
    [33mid[39m=[32m"radix-:r6:"[39m
    [33mrole[39m=[32m"dialog"[39m
    [33mstyle[39m=[32m"pointer-events: auto;"[39m
    [33mtabindex[39m=[32m"-1"[39m
  [36m>[39m
    [36m<div[39m
      [33mclass[39m=[32m"flex flex-col space-y-1.5 text-center sm:text-left"[39m
    [36m>[39m
      [36m<h2[39m
        [33mclass[39m=[32m"text-lg font-semibold leading-none tracking-tight text-foreground"[39m
        [33mid[39m=[32m"radix-:r7:"[39m
      [36m>[39m
        [0mHow was this step?[0m
      [36m</h2>[39m
      [36m<p[39m
        [33mclass[39m=[32m"text-sm text-muted-foreground"[39m
        [33mid[39m=[32m"radix-:r8:"[39m
      [36m>[39m
        [0mHelp us improve the onboarding experience for [0m
      [36m</p>[39m
    [36m</div>[39m
    [36m<div[39m
      [33mclass[39m=[32m"space-y-6 py-4"[39m
    [36m>[39m
      [36m<div[39m
        [33mclass[39m=[32m"space-y-2"[39m
      [36m>[39m
        [36m<label[39m
          [33mclass[39m=[32m"text-sm font-medium"[39m
        [36m>[39m
          [0mRate this step[0m
        [36m</label>[39m
        [36m<div[39m
          [33mclass[39m=[32m"flex gap-2 justify-center"[39m
        [36m>[39m
          [36m<button[39m
            [33mclass[39m=[32m"transition-transform hover:scale-110"[39m
            [33mtype[39m=[32m"button"[39m
          [36m>[39m
            [36m<svg[39m
              [33mclass[39m=[32m"lucide lucide-star w-8 h-8 text-gray-300"[39m
              [33mfill[39m=[32m"none"[39m
              [33mheight[39m=[32m"24"[39m
              [33mstroke[39m=[32m"currentColor"[39m
              [33mstroke-linecap[39m=[32m"round"[39m
              [33mstroke-linejoin[39m=[32m"round"[39m
              [33mstroke-width[39m=[32m"2"[39m
              [33mviewBox[39m=[32m"0 0 24 24"[39m
              [33mwidth[39m=[32m"24"[39m
              [33mxmlns[39m=[32m"http://www.w3.org/2000/svg"[39m
            [36m>[39m
              [36m<path[39m
                [33md[39m=[32m"M11.525 2.295a.53.53 0 0 1 .95 0l2.31 4.679a2.123 2.123 0 0 0 1.595 1.16l5.166.756a.53.53 0 0 1 .294.904l-3.736 3.638a2.123 2.123 0 0 0-.611 1.878l.882 5.14a.53.53 0 0 1-.771.56l-4.618-2.428a2.122 2.122 0 0 0-1.973 0L6.396 21.01a.53.53 0 0 1-.77-.56l.881-5.139a2.122 2.122 0 0 0-.611-1.879L2.16 9.795a.53.53 0 0 1 .294-.906l5.165-.755a2.122 2.122 0 0 0 1.597-1.16z"[39m
              [36m/>[39m
            [36m</svg>[39m
          [36m</button>[39m
          [36m<button[39m
            [33mclass[39m=[32m"transition-transform hover:scale-110"[39m
            [33mtype[39m=[32m"button"[39m
          [36m>[39m
            [36m<svg[39m
              [33mclass[39m=[32m"lucide lucide-star w-8 h-8 text-gray-300"[39m
              [33mfill[39m=[32m"none"[39m
              [33mheight[39m=[32m"24"[39m
              [33mstroke[39m=[32m"currentColor"[39m
              [33mstroke-linecap[39m=[32m"round"[39m
              [33mstroke-linejoin[39m=[32m"round"[39m
              [33mstroke-width[39m=[32m"2"[39m
              [33mviewBox[39m=[32m"0 0 24 24"[39m
              [33mwidth[39m=[32m"24"[39m
              [33mxmlns[39m=[32m"http://www.w3.org/2000/svg"[39m
            [36m>[39m
              [36m<path[39m
                [33md[39m=[32m"M11.525 2.295a.53.53 0 0 1 .95 0l2.31 4.679a2.123 2.123 0 0 0 1.595 1.16l5.166.756a.53.53 0 0 1 .294.904l-3.736 3.638a2.123 2.123 0 0 0-.611 1.878l.882 5.14a.53.53 0 0 1-.771.56l-4.618-2.428a2.122 2.122 0 0 0-1.973 0L6.396 21.01a.53.53 0 0 1-.77-.56l.881-5.139a2.122 2.122 0 0 0-.611-1.879L2.16 9.795a.53.53 0 0 1 .294-.906l5.165-.755a2.122 2.122 0 0 0 1.597-1.16z"[39m
              [36m/>[39m
            [36m</svg>[39m
          [36m</button>[39m
          [36m<button[39m
            [33mclass[39m=[32m"transition-transform hover:scale-110"[39m
            [33mtype[39m=[32m"button"[39m
          [36m>[39m
            [36m<svg[39m
              [33mclass[39m=[32m"lucide lucide-star w-8 h-8 text-gray-300"[39m
              [33mfill[39m=[32m"none"[39m
              [33mheight[39m=[32m"24"[39m
              [33mstroke[39m=[32m"currentColor"[39m
              [33mstroke-linecap[39m=[32m"round"[39m
              [33mstroke-linejoin[39m=[32m"round"[39m
              [33mstroke-width[39m=[32m"2"[39m
              [33mviewBox[39m=[32m"0 0 24 24"[39m
              [33mwidth[39m=[32m"24"[39m
              [33mxmlns[39m=[32m"http://www.w3.org/2000/svg"[39m
            [36m>[39m
              [36m<path[39m
                [33md[39m=[32m"M11.525 2.295a.53.53 0 0 1 .95 0l2.31 4.679a2.123 2.123 0 0 0 1.595 1.16l5.166.756a.53.53 0 0 1 .294.904l-3.736 3.638a2.123 2.123 0 0 0-.611 1.878l.882 5.14a.53.53 0 0 1-.771.56l-4.618-2.428a2.122 2.122 0 0 0-1.973 0L6.396 21.01a.53.53 0 0 1-.77-.56l.881-5.139a2.122 2.122 0 0 0-.611-1.879L2.16 9.795a.53.53 0 0 1 .294-.906l5.165-.755a2.122 2.122 0 0 0 1.597-1.16z"[39m
              [36m/>[39m
            [36m</svg>[39m
          [36m</button>[39m
          [36m<button[39m
            [33mclass[39m=[32m"transition-transform hover:scale-110"[39m
            ...

Ignored nodes: comments, script, style
[36m<html>[39m
  [36m<head />[39m
  [36m<body[39m
    [33mdata-scroll-locked[39m=[32m"1"[39m
    [33mstyle[39m=[32m"pointer-events: none;"[39m
  [36m>[39m
    [36m<span[39m
      [33maria-hidden[39m=[32m"true"[39m
      [33mdata-aria-hidden[39m=[32m"true"[39m
      [33mdata-radix-focus-guard[39m=[32m""[39m
      [33mstyle[39m=[32m"outline: none; opacity: 0; position: fixed; pointer-events: none;"[39m
      [33mtabindex[39m=[32m"0"[39m
    [36m/>[39m
    [36m<div[39m
      [33maria-hidden[39m=[32m"true"[39m
      [33mdata-aria-hidden[39m=[32m"true"[39m
    [36m/>[39m
    [36m<div[39m
      [33maria-hidden[39m=[32m"true"[39m
      [33mclass[39m=[32m"fixed inset-0 z-50 bg-background/80 backdrop-blur-sm data-[state=open]:animate-in data-[state=closed]:animate-out data-[state=closed]:fade-out-0 data-[state=open]:fade-in-0"[39m
      [33mdata-aria-hidden[39m=[32m"true"[39m
      [33mdata-state[39m=[32m"open"[39m
      [33mstyle[39m=[32m"pointer-events: auto;"[39m
    [36m/>[39m
    [36m<div[39m
      [33maria-describedby[39m=[32m"radix-:r8:"[39m
      [33maria-labelledby[39m=[32m"radix-:r7:"[39m
      [33mclass[39m=[32m"fixed left-[50%] top-[50%] z-50 grid w-full max-w-lg translate-x-[-50%] translate-y-[-50%] gap-4 border border-border/40 bg-background p-6 shadow-lg duration-200 data-[state=open]:animate-in data-[state=closed]:animate-out data-[state=closed]:fade-out-0 data-[state=open]:fade-in-0 data-[state=closed]:zoom-out-95 data-[state=open]:zoom-in-95 data-[state=closed]:slide-out-to-left-1/2 data-[state=closed]:slide-out-to-top-[48%] data-[state=open]:slide-in-from-left-1/2 data-[state=open]:slide-in-from-top-[48%] sm:rounded-lg sm:max-w-md"[39m
      [33mdata-state[39m=[32m"open"[39m
      [33mid[39m=[32m"radix-:r6:"[39m
      [33mrole[39m=[32m"dialog"[39m
      [33mstyle[39m=[32m"pointer-events: auto;"[39m
      [33mtabindex[39m=[32m"-1"[39m
    [36m>[39m
      [36m<div[39m
        [33mclass[39m=[32m"flex flex-col space-y-1.5 text-center sm:text-left"[39m
      [36m>[39m
        [36m<h2[39m
          [33mclass[39m=[32m"text-lg font-semibold leading-none tracking-tight text-foreground"[39m
          [33mid[39m=[32m"radix-:r7:"[39m
        [36m>[39m
          [0mHow was this step?[0m
        [36m</h2>[39m
        [36m<p[39m
          [33mclass[39m=[32m"text-sm text-muted-foreground"[39m
          [33mid[39m=[32m"radix-:r8:"[39m
        [36m>[39m
          [0mHelp us improve the onboarding experience for [0m
        [36m</p>[39m
      [36m</div>[39m
      [36m<div[39m
        [33mclass[39m=[32m"space-y-6 py-4"[39m
      [36m>[39m
        [36m<div[39m
          [33mclass[39m=[32m"space-y-2"[39m
        [36m>[39m
          [36m<label[39m
            [33mclass[39m=[32m"text-sm font-medium"[39m
          [36m>[39m
            [0mRate this step[0m
          [36m</label>[39m
          [36m<div[39m
            [33mclass[39m=[32m"flex gap-2 justify-center"[39m
          [36m>[39m
            [36m<button[39m
              [33mclass[39m=[32m"transition-transform hover:scale-110"[39m
              [33mtype[39m=[32m"button"[39m
            [36m>[39m
              [36m<svg[39m
                [33mclass[39m=[32m"lucide lucide-star w-8 h-8 text-gray-300"[39m
                [33mfill[39m=[32m"none"[39m
                [33mheight[39m=[32m"24"[39m
                [33mstroke[39m=[32m"currentColor"[39m
                [33mstroke-linecap[39m=[32m"round"[39m
                [33mstroke-linejoin[39m=[32m"round"[39m
                [33mstroke-width[39m=[32m"2"[39m
                [33mviewBox[39m=[32m"0 0 24 24"[39m
                [33mwidth[39m=[32m"24"[39m
                [33mxmlns[39m=[32m"http://www.w3.org/2000/svg"[39m
              [36m>[39m
                [36m<path[39m
                  [33md[39m=[32m"M11.525 2.295a.53.53 0 0 1 .95 0l2.31 4.679a2.123 2.123 0 0 0 1.595 1.16l5.166.756a.53.53 0 0 1 .294.904l-3.736 3.638a2.123 2.123 0 0 0-.611 1.878l.882 5.14a.53.53 0 0 1-.771.56l-4.618-2.428a2.122 2.122 0 0 0-1.973 0L6.396 21.01a.53.53 0 0 1-.77-.56l.881-5.139a2.122 2.122 0 0 0-.611-1.879L2.16 9.795a.53.53 0 0 1 .294-.906l5.165-.755a2.122 2.122 0 0 0 1.597-1.16z"[39m
                [36m/>[39m
              [36m</svg>[39m
            [36m</button>[39m
            [36m<button[39m
              [33mclass[39m=[32m"transition-transform hover:scale-110"[39m
              [33mtype[39m=[32m"button"[39m
            [36m>[39m
              [36m<svg[39m
                [33mclass[39m=[32m"lucide lucide-star w-8 h-8 text-gray-300"[39m
                [33mfill[39m=[32m"none"[39m
                [33mheight[39m=[32m"24"[39m
                [33mstroke[39m=[32m"currentColor"[39m
                [33mstroke-linecap[39m=[32m"round"[39m
                [33mstroke-linejoin[39m=[32m"round"[39m
                [33mstroke-width[39m=[32m"2"[39m
                [33mviewBox[39m=[32m"0 0 24 24"[39m
                [33mwidth[39m=[32m"24"[39m
                [33mxmlns[39m=[32m"http://www.w3.org/2000/svg"[39m
              [36m>[39m
                [36m<path[39m
                  [33md[39m=[32m"M11.525 2.295a.53.53 0 0 1 .95 0l2.31 4.679a2.123 2.123 0 0 0 1.595 1.16l5.166.756a.53.53 0 0 1 .294.904l-3.736 3.638a2.123 2.123 0 0 0-.611 1.878l.882 5.14a.53.53 0 0 1-.771.56l-4.618-2.428a2.122 2.122 0 0 0-1.973 0L6.396 21.01a.53.53 0 0 1-.77-.56l.881-5.139a2.122 2.122 0 0 0-.611-1.879L2.16 9.795a.53.53 0 0 1 .294-.906l5.165-.755a2.122 2.122 0 0 0 1.597-1.16z"[39m
                [36m/>[39m
              [36m</svg>[39m
            [36m</button>[39m
            [36m<button[39m
              [33mclass[39m=[32m"transition-transform hover:scale-110"[39m
              [33mtype[39m=[32m"button"[39m
            [36m>[39m
              [36m<svg[39m
                [33mclass[39m=[32m"lucide lucide-star w-8 h-8 text-gray-300"[39m
                [33mfill[39m=[32m"none"[39m
                [33mheight[39m=[32m"24"[39m
                [33mstroke[39m=[32m"currentColor"[39m
                [33mstroke-linecap[39m=[32m"round"[39m
                [33mstroke-linejoin[39m=[32m"round"[39m
                [33mstroke-width[39m=[32m"2"[39m
                [33mviewBox[39m=[32m"0 0 24 24"[39m
                [33mwidth[39m=[32m"24"[39m
                [33mxmlns[39m=[32m"http://www.w3.org/2000/svg"[39m
              [36m>[39m
                [36m<path[39m
                  [33md[39m=[32m"M11.525 2.295a.53.53 0 0 1 .95 0l2.31 4.679a2.123 2.123 0 0 0 1.595 1.16l5.166.756a.53.53 0 0 1 .294.904l-3.736 3.638a2.123 2.123 0 0 0-.611 1.878l.882 5.14a.53.53 0 0 1-.771.56l-4.618-2.428a2.122 2.122 0 0 0-1.973 0L6.396 21.01a.53.53 0 0 1-.77-.56l.881-5.139a2.122 2.122 0 0 0-.611-1.879L2.1...
 ❯ Proxy.waitForWrapper node_modules/@testing-library/dom/dist/wait-for.js:163:27
 ❯ src/components/__tests__/FeedbackSystem.test.tsx:63:11
     61|     fireEvent.click(submitButton);
     62| 
     63|     await waitFor(() => {
       |           ^
     64|       expect(screen.getByText(/required/i)).toBeInTheDocument();
     65|     });

⎯⎯⎯⎯⎯⎯⎯⎯⎯⎯⎯⎯⎯⎯⎯⎯⎯⎯⎯⎯⎯[39/186]⎯

 FAIL  src/components/__tests__/FeedbackSystem.test.tsx > Feedback System Tests > allows rating selection
TestingLibraryElementError: Unable to find a label with the text of: /5 stars/i

Ignored nodes: comments, script, style
[36m<body[39m
  [33mdata-scroll-locked[39m=[32m"1"[39m
  [33mstyle[39m=[32m"pointer-events: none;"[39m
[36m>[39m
  [36m<span[39m
    [33maria-hidden[39m=[32m"true"[39m
    [33mdata-aria-hidden[39m=[32m"true"[39m
    [33mdata-radix-focus-guard[39m=[32m""[39m
    [33mstyle[39m=[32m"outline: none; opacity: 0; position: fixed; pointer-events: none;"[39m
    [33mtabindex[39m=[32m"0"[39m
  [36m/>[39m
  [36m<div[39m
    [33maria-hidden[39m=[32m"true"[39m
    [33mdata-aria-hidden[39m=[32m"true"[39m
  [36m/>[39m
  [36m<div[39m
    [33maria-hidden[39m=[32m"true"[39m
    [33mclass[39m=[32m"fixed inset-0 z-50 bg-background/80 backdrop-blur-sm data-[state=open]:animate-in data-[state=closed]:animate-out data-[state=closed]:fade-out-0 data-[state=open]:fade-in-0"[39m
    [33mdata-aria-hidden[39m=[32m"true"[39m
    [33mdata-state[39m=[32m"open"[39m
    [33mstyle[39m=[32m"pointer-events: auto;"[39m
  [36m/>[39m
  [36m<div[39m
    [33maria-describedby[39m=[32m"radix-:rb:"[39m
    [33maria-labelledby[39m=[32m"radix-:ra:"[39m
    [33mclass[39m=[32m"fixed left-[50%] top-[50%] z-50 grid w-full max-w-lg translate-x-[-50%] translate-y-[-50%] gap-4 border border-border/40 bg-background p-6 shadow-lg duration-200 data-[state=open]:animate-in data-[state=closed]:animate-out data-[state=closed]:fade-out-0 data-[state=open]:fade-in-0 data-[state=closed]:zoom-out-95 data-[state=open]:zoom-in-95 data-[state=closed]:slide-out-to-left-1/2 data-[state=closed]:slide-out-to-top-[48%] data-[state=open]:slide-in-from-left-1/2 data-[state=open]:slide-in-from-top-[48%] sm:rounded-lg sm:max-w-md"[39m
    [33mdata-state[39m=[32m"open"[39m
    [33mid[39m=[32m"radix-:r9:"[39m
    [33mrole[39m=[32m"dialog"[39m
    [33mstyle[39m=[32m"pointer-events: auto;"[39m
    [33mtabindex[39m=[32m"-1"[39m
  [36m>[39m
    [36m<div[39m
      [33mclass[39m=[32m"flex flex-col space-y-1.5 text-center sm:text-left"[39m
    [36m>[39m
      [36m<h2[39m
        [33mclass[39m=[32m"text-lg font-semibold leading-none tracking-tight text-foreground"[39m
        [33mid[39m=[32m"radix-:ra:"[39m
      [36m>[39m
        [0mHow was this step?[0m
      [36m</h2>[39m
      [36m<p[39m
        [33mclass[39m=[32m"text-sm text-muted-foreground"[39m
        [33mid[39m=[32m"radix-:rb:"[39m
      [36m>[39m
        [0mHelp us improve the onboarding experience for [0m
      [36m</p>[39m
    [36m</div>[39m
    [36m<div[39m
      [33mclass[39m=[32m"space-y-6 py-4"[39m
    [36m>[39m
      [36m<div[39m
        [33mclass[39m=[32m"space-y-2"[39m
      [36m>[39m
        [36m<label[39m
          [33mclass[39m=[32m"text-sm font-medium"[39m
        [36m>[39m
          [0mRate this step[0m
        [36m</label>[39m
        [36m<div[39m
          [33mclass[39m=[32m"flex gap-2 justify-center"[39m
        [36m>[39m
          [36m<button[39m
            [33mclass[39m=[32m"transition-transform hover:scale-110"[39m
            [33mtype[39m=[32m"button"[39m
          [36m>[39m
            [36m<svg[39m
              [33mclass[39m=[32m"lucide lucide-star w-8 h-8 text-gray-300"[39m
              [33mfill[39m=[32m"none"[39m
              [33mheight[39m=[32m"24"[39m
              [33mstroke[39m=[32m"currentColor"[39m
              [33mstroke-linecap[39m=[32m"round"[39m
              [33mstroke-linejoin[39m=[32m"round"[39m
              [33mstroke-width[39m=[32m"2"[39m
              [33mviewBox[39m=[32m"0 0 24 24"[39m
              [33mwidth[39m=[32m"24"[39m
              [33mxmlns[39m=[32m"http://www.w3.org/2000/svg"[39m
            [36m>[39m
              [36m<path[39m
                [33md[39m=[32m"M11.525 2.295a.53.53 0 0 1 .95 0l2.31 4.679a2.123 2.123 0 0 0 1.595 1.16l5.166.756a.53.53 0 0 1 .294.904l-3.736 3.638a2.123 2.123 0 0 0-.611 1.878l.882 5.14a.53.53 0 0 1-.771.56l-4.618-2.428a2.122 2.122 0 0 0-1.973 0L6.396 21.01a.53.53 0 0 1-.77-.56l.881-5.139a2.122 2.122 0 0 0-.611-1.879L2.16 9.795a.53.53 0 0 1 .294-.906l5.165-.755a2.122 2.122 0 0 0 1.597-1.16z"[39m
              [36m/>[39m
            [36m</svg>[39m
          [36m</button>[39m
          [36m<button[39m
            [33mclass[39m=[32m"transition-transform hover:scale-110"[39m
            [33mtype[39m=[32m"button"[39m
          [36m>[39m
            [36m<svg[39m
              [33mclass[39m=[32m"lucide lucide-star w-8 h-8 text-gray-300"[39m
              [33mfill[39m=[32m"none"[39m
              [33mheight[39m=[32m"24"[39m
              [33mstroke[39m=[32m"currentColor"[39m
              [33mstroke-linecap[39m=[32m"round"[39m
              [33mstroke-linejoin[39m=[32m"round"[39m
              [33mstroke-width[39m=[32m"2"[39m
              [33mviewBox[39m=[32m"0 0 24 24"[39m
              [33mwidth[39m=[32m"24"[39m
              [33mxmlns[39m=[32m"http://www.w3.org/2000/svg"[39m
            [36m>[39m
              [36m<path[39m
                [33md[39m=[32m"M11.525 2.295a.53.53 0 0 1 .95 0l2.31 4.679a2.123 2.123 0 0 0 1.595 1.16l5.166.756a.53.53 0 0 1 .294.904l-3.736 3.638a2.123 2.123 0 0 0-.611 1.878l.882 5.14a.53.53 0 0 1-.771.56l-4.618-2.428a2.122 2.122 0 0 0-1.973 0L6.396 21.01a.53.53 0 0 1-.77-.56l.881-5.139a2.122 2.122 0 0 0-.611-1.879L2.16 9.795a.53.53 0 0 1 .294-.906l5.165-.755a2.122 2.122 0 0 0 1.597-1.16z"[39m
              [36m/>[39m
            [36m</svg>[39m
          [36m</button>[39m
          [36m<button[39m
            [33mclass[39m=[32m"transition-transform hover:scale-110"[39m
            [33mtype[39m=[32m"button"[39m
          [36m>[39m
            [36m<svg[39m
              [33mclass[39m=[32m"lucide lucide-star w-8 h-8 text-gray-300"[39m
              [33mfill[39m=[32m"none"[39m
              [33mheight[39m=[32m"24"[39m
              [33mstroke[39m=[32m"currentColor"[39m
              [33mstroke-linecap[39m=[32m"round"[39m
              [33mstroke-linejoin[39m=[32m"round"[39m
              [33mstroke-width[39m=[32m"2"[39m
              [33mviewBox[39m=[32m"0 0 24 24"[39m
              [33mwidth[39m=[32m"24"[39m
              [33mxmlns[39m=[32m"http://www.w3.org/2000/svg"[39m
            [36m>[39m
              [36m<path[39m
                [33md[39m=[32m"M11.525 2.295a.53.53 0 0 1 .95 0l2.31 4.679a2.123 2.123 0 0 0 1.595 1.16l5.166.756a.53.53 0 0 1 .294.904l-3.736 3.638a2.123 2.123 0 0 0-.611 1.878l.882 5.14a.53.53 0 0 1-.771.56l-4.618-2.428a2.122 2.122 0 0 0-1.973 0L6.396 21.01a.53.53 0 0 1-.77-.56l.881-5.139a2.122 2.122 0 0 0-.611-1.879L2.16 9.795a.53.53 0 0 1 .294-.906l5.165-.755a2.122 2.122 0 0 0 1.597-1.16z"[39m
              [36m/>[39m
            [36m</svg>[39m
          [36m</button>[39m
          [36m<button[39m
            [33mclass[39m=[32m"transition-transform hover:scale-110"[39m
            ...
 ❯ Object.getElementError node_modules/@testing-library/dom/dist/config.js:37:19
 ❯ getAllByLabelText node_modules/@testing-library/dom/dist/queries/label-text.js:111:38
 ❯ node_modules/@testing-library/dom/dist/query-helpers.js:52:17
 ❯ node_modules/@testing-library/dom/dist/query-helpers.js:95:19
 ❯ src/components/__tests__/FeedbackSystem.test.tsx:78:28
     76|     );
     77| 
     78|     const rating5 = screen.getByLabelText(/5 stars/i);
       |                            ^
     79|     fireEvent.click(rating5);
     80|     expect(rating5).toBeChecked();

⎯⎯⎯⎯⎯⎯⎯⎯⎯⎯⎯⎯⎯⎯⎯⎯⎯⎯⎯⎯⎯[40/186]⎯

 FAIL  src/components/__tests__/FilterPanel.test.tsx > FilterPanel Component > renders all filter options
 FAIL  src/components/__tests__/FilterPanel.test.tsx > FilterPanel Component > calls onFilterChange when category selected
 FAIL  src/components/__tests__/FilterPanel.test.tsx > FilterPanel Component > clears all filters
ReferenceError: ResizeObserver is not defined
 ❯ node_modules/@radix-ui/react-use-size/src/use-size.tsx:14:30
 ❯ commitHookEffectListMount node_modules/react-dom/cjs/react-dom.development.js:23189:26
 ❯ commitLayoutEffectOnFiber node_modules/react-dom/cjs/react-dom.development.js:23312:15
 ❯ commitLayoutMountEffects_complete node_modules/react-dom/cjs/react-dom.development.js:24727:9
 ❯ commitLayoutEffects_begin node_modules/react-dom/cjs/react-dom.development.js:24713:7
 ❯ commitLayoutEffects node_modules/react-dom/cjs/react-dom.development.js:24651:3
 ❯ commitRootImpl node_modules/react-dom/cjs/react-dom.development.js:26862:5
 ❯ commitRoot node_modules/react-dom/cjs/react-dom.development.js:26721:5
 ❯ performSyncWorkOnRoot node_modules/react-dom/cjs/react-dom.development.js:26156:3
 ❯ flushSyncCallbacks node_modules/react-dom/cjs/react-dom.development.js:12042:22

⎯⎯⎯⎯⎯⎯⎯⎯⎯⎯⎯⎯⎯⎯⎯⎯⎯⎯⎯⎯⎯[41/186]⎯

 FAIL  src/components/__tests__/InventoryOperations.test.tsx > Inventory Operations > displays inventory items
 FAIL  src/components/__tests__/InventoryOperations.test.tsx > Inventory Operations > opens add item modal
 FAIL  src/components/__tests__/InventoryOperations.test.tsx > Inventory Operations > performs search operation
 FAIL  src/components/__tests__/InventoryOperations.test.tsx > Inventory Operations > applies filters
 FAIL  src/components/__tests__/InventoryOperations.test.tsx > Inventory Operations > handles bulk selection
Error: Element type is invalid: expected a string (for built-in components) or a class/function (for composite components) but got: undefined. You likely forgot to export your component from the file it's defined in, or you might have mixed up default and named imports.
 ❯ createFiberFromTypeAndProps node_modules/react-dom/cjs/react-dom.development.js:28478:17
 ❯ createFiberFromElement node_modules/react-dom/cjs/react-dom.development.js:28504:15
 ❯ reconcileSingleElement node_modules/react-dom/cjs/react-dom.development.js:13986:23
 ❯ reconcileChildFibers node_modules/react-dom/cjs/react-dom.development.js:14044:35
 ❯ reconcileChildren node_modules/react-dom/cjs/react-dom.development.js:19186:28
 ❯ updateContextProvider node_modules/react-dom/cjs/react-dom.development.js:21193:3
 ❯ beginWork node_modules/react-dom/cjs/react-dom.development.js:21688:14
 ❯ beginWork$1 node_modules/react-dom/cjs/react-dom.development.js:27465:14
 ❯ performUnitOfWork node_modules/react-dom/cjs/react-dom.development.js:26599:12
 ❯ workLoopSync node_modules/react-dom/cjs/react-dom.development.js:26505:5

⎯⎯⎯⎯⎯⎯⎯⎯⎯⎯⎯⎯⎯⎯⎯⎯⎯⎯⎯⎯⎯[42/186]⎯

 FAIL  src/components/__tests__/ItemCard.test.tsx > ItemCard Component > renders item information
Error: Invalid Chai property: toBeInTheDocument
 ❯ src/components/__tests__/ItemCard.test.tsx:21:46
     19|     );
     20|     
     21|     expect(screen.getByText(mockFirearm.name)).toBeInTheDocument();
       |                                              ^
     22|     expect(screen.getByText(mockFirearm.manufacturer)).toBeInTheDocume…
     23|   });

⎯⎯⎯⎯⎯⎯⎯⎯⎯⎯⎯⎯⎯⎯⎯⎯⎯⎯⎯⎯⎯[43/186]⎯

 FAIL  src/components/__tests__/ItemCard.test.tsx > ItemCard Component > calls onEdit when edit button clicked
TestingLibraryElementError: Unable to find a label with the text of: /edit/i

Ignored nodes: comments, script, style
[36m<body>[39m
  [36m<div>[39m
    [36m<div[39m
      [33mclass[39m=[32m"bg-slate-800 rounded-lg overflow-hidden border border-slate-700 hover:border-yellow-600 transition-all cursor-pointer group relative"[39m
    [36m>[39m
      [36m<div[39m
        [33mclass[39m=[32m"aspect-[2/1] bg-slate-900 overflow-hidden relative"[39m
      [36m>[39m
        [36m<div[39m
          [33mclass[39m=[32m"absolute top-0 left-0 bg-green-500 text-white text-[8px] px-1 py-0.5 z-20 font-bold"[39m
        [36m>[39m
          [0mv2.1.0[0m
        [36m</div>[39m
        [36m<div[39m
          [33mclass[39m=[32m"w-full h-full flex items-center justify-center text-slate-600"[39m
        [36m>[39m
          [36m<svg[39m
            [33mclass[39m=[32m"w-12 h-12"[39m
            [33mfill[39m=[32m"none"[39m
            [33mstroke[39m=[32m"currentColor"[39m
            [33mviewBox[39m=[32m"0 0 24 24"[39m
          [36m>[39m
            [36m<path[39m
              [33md[39m=[32m"M4 16l4.586-4.586a2 2 0 012.828 0L16 16m-2-2l1.586-1.586a2 2 0 012.828 0L20 14m-6-6h.01M6 20h12a2 2 0 002-2V6a2 2 0 00-2-2H6a2 2 0 00-2 2v12a2 2 0 002 2z"[39m
              [33mstroke-linecap[39m=[32m"round"[39m
              [33mstroke-linejoin[39m=[32m"round"[39m
              [33mstroke-width[39m=[32m"2"[39m
            [36m/>[39m
          [36m</svg>[39m
        [36m</div>[39m
      [36m</div>[39m
      [36m<div[39m
        [33mclass[39m=[32m"p-2"[39m
      [36m>[39m
        [36m<div[39m
          [33mclass[39m=[32m"flex items-center gap-2 mb-1"[39m
        [36m>[39m
          [36m<svg[39m
            [33mclass[39m=[32m"lucide lucide-crosshair w-4 h-4 text-yellow-500"[39m
            [33mfill[39m=[32m"none"[39m
            [33mheight[39m=[32m"24"[39m
            [33mstroke[39m=[32m"currentColor"[39m
            [33mstroke-linecap[39m=[32m"round"[39m
            [33mstroke-linejoin[39m=[32m"round"[39m
            [33mstroke-width[39m=[32m"2"[39m
            [33mviewBox[39m=[32m"0 0 24 24"[39m
            [33mwidth[39m=[32m"24"[39m
            [33mxmlns[39m=[32m"http://www.w3.org/2000/svg"[39m
          [36m>[39m
            [36m<circle[39m
              [33mcx[39m=[32m"12"[39m
              [33mcy[39m=[32m"12"[39m
              [33mr[39m=[32m"10"[39m
            [36m/>[39m
            [36m<line[39m
              [33mx1[39m=[32m"22"[39m
              [33mx2[39m=[32m"18"[39m
              [33my1[39m=[32m"12"[39m
              [33my2[39m=[32m"12"[39m
            [36m/>[39m
            [36m<line[39m
              [33mx1[39m=[32m"6"[39m
              [33mx2[39m=[32m"2"[39m
              [33my1[39m=[32m"12"[39m
              [33my2[39m=[32m"12"[39m
            [36m/>[39m
            [36m<line[39m
              [33mx1[39m=[32m"12"[39m
              [33mx2[39m=[32m"12"[39m
              [33my1[39m=[32m"6"[39m
              [33my2[39m=[32m"2"[39m
            [36m/>[39m
            [36m<line[39m
              [33mx1[39m=[32m"12"[39m
              [33mx2[39m=[32m"12"[39m
              [33my1[39m=[32m"22"[39m
              [33my2[39m=[32m"18"[39m
            [36m/>[39m
          [36m</svg>[39m
          [36m<h3[39m
            [33mclass[39m=[32m"text-white font-semibold text-sm truncate flex-1"[39m
          [36m>[39m
            [0mTest AR-15 Rifle[0m
          [36m</h3>[39m
        [36m</div>[39m
        [36m<div[39m
          [33mclass[39m=[32m"flex flex-wrap gap-1 mb-1"[39m
        [36m>[39m
          [36m<span[39m
            [33mclass[39m=[32m"text-xs bg-slate-700 text-yellow-500 px-1.5 py-0.5 rounded"[39m
          [36m>[39m
            [0m5.56mm[0m
          [36m</span>[39m
          [36m<span[39m
            [33mclass[39m=[32m"text-xs bg-slate-700 text-blue-400 px-1.5 py-0.5 rounded"[39m
          [36m>[39m
            [0mQty: [0m
            [0m1[0m
          [36m</span>[39m
        [36m</div>[39m
        [36m<p[39m
          [33mclass[39m=[32m"text-slate-400 text-xs mb-1 truncate"[39m
        [36m/>[39m
        [36m<div[39m
          [33mclass[39m=[32m"flex justify-between items-center"[39m
        [36m>[39m
          [36m<span[39m
            [33mclass[39m=[32m"text-yellow-600 font-bold text-sm"[39m
          [36m>[39m
            [0m$0[0m
          [36m</span>[39m
        [36m</div>[39m
      [36m</div>[39m
    [36m</div>[39m
  [36m</div>[39m
[36m</body>[39m
 ❯ Object.getElementError node_modules/@testing-library/dom/dist/config.js:37:19
 ❯ getAllByLabelText node_modules/@testing-library/dom/dist/queries/label-text.js:111:38
 ❯ node_modules/@testing-library/dom/dist/query-helpers.js:52:17
 ❯ node_modules/@testing-library/dom/dist/query-helpers.js:95:19
 ❯ src/components/__tests__/ItemCard.test.tsx:35:31
     33|     );
     34|     
     35|     const editButton = screen.getByLabelText(/edit/i);
       |                               ^
     36|     fireEvent.click(editButton);
     37|     

⎯⎯⎯⎯⎯⎯⎯⎯⎯⎯⎯⎯⎯⎯⎯⎯⎯⎯⎯⎯⎯[44/186]⎯

 FAIL  src/components/__tests__/ItemCard.test.tsx > ItemCard Component > calls onDelete when delete button clicked
TestingLibraryElementError: Unable to find a label with the text of: /delete/i

Ignored nodes: comments, script, style
[36m<body>[39m
  [36m<div>[39m
    [36m<div[39m
      [33mclass[39m=[32m"bg-slate-800 rounded-lg overflow-hidden border border-slate-700 hover:border-yellow-600 transition-all cursor-pointer group relative"[39m
    [36m>[39m
      [36m<div[39m
        [33mclass[39m=[32m"aspect-[2/1] bg-slate-900 overflow-hidden relative"[39m
      [36m>[39m
        [36m<div[39m
          [33mclass[39m=[32m"absolute top-0 left-0 bg-green-500 text-white text-[8px] px-1 py-0.5 z-20 font-bold"[39m
        [36m>[39m
          [0mv2.1.0[0m
        [36m</div>[39m
        [36m<div[39m
          [33mclass[39m=[32m"w-full h-full flex items-center justify-center text-slate-600"[39m
        [36m>[39m
          [36m<svg[39m
            [33mclass[39m=[32m"w-12 h-12"[39m
            [33mfill[39m=[32m"none"[39m
            [33mstroke[39m=[32m"currentColor"[39m
            [33mviewBox[39m=[32m"0 0 24 24"[39m
          [36m>[39m
            [36m<path[39m
              [33md[39m=[32m"M4 16l4.586-4.586a2 2 0 012.828 0L16 16m-2-2l1.586-1.586a2 2 0 012.828 0L20 14m-6-6h.01M6 20h12a2 2 0 002-2V6a2 2 0 00-2-2H6a2 2 0 00-2 2v12a2 2 0 002 2z"[39m
              [33mstroke-linecap[39m=[32m"round"[39m
              [33mstroke-linejoin[39m=[32m"round"[39m
              [33mstroke-width[39m=[32m"2"[39m
            [36m/>[39m
          [36m</svg>[39m
        [36m</div>[39m
      [36m</div>[39m
      [36m<div[39m
        [33mclass[39m=[32m"p-2"[39m
      [36m>[39m
        [36m<div[39m
          [33mclass[39m=[32m"flex items-center gap-2 mb-1"[39m
        [36m>[39m
          [36m<svg[39m
            [33mclass[39m=[32m"lucide lucide-crosshair w-4 h-4 text-yellow-500"[39m
            [33mfill[39m=[32m"none"[39m
            [33mheight[39m=[32m"24"[39m
            [33mstroke[39m=[32m"currentColor"[39m
            [33mstroke-linecap[39m=[32m"round"[39m
            [33mstroke-linejoin[39m=[32m"round"[39m
            [33mstroke-width[39m=[32m"2"[39m
            [33mviewBox[39m=[32m"0 0 24 24"[39m
            [33mwidth[39m=[32m"24"[39m
            [33mxmlns[39m=[32m"http://www.w3.org/2000/svg"[39m
          [36m>[39m
            [36m<circle[39m
              [33mcx[39m=[32m"12"[39m
              [33mcy[39m=[32m"12"[39m
              [33mr[39m=[32m"10"[39m
            [36m/>[39m
            [36m<line[39m
              [33mx1[39m=[32m"22"[39m
              [33mx2[39m=[32m"18"[39m
              [33my1[39m=[32m"12"[39m
              [33my2[39m=[32m"12"[39m
            [36m/>[39m
            [36m<line[39m
              [33mx1[39m=[32m"6"[39m
              [33mx2[39m=[32m"2"[39m
              [33my1[39m=[32m"12"[39m
              [33my2[39m=[32m"12"[39m
            [36m/>[39m
            [36m<line[39m
              [33mx1[39m=[32m"12"[39m
              [33mx2[39m=[32m"12"[39m
              [33my1[39m=[32m"6"[39m
              [33my2[39m=[32m"2"[39m
            [36m/>[39m
            [36m<line[39m
              [33mx1[39m=[32m"12"[39m
              [33mx2[39m=[32m"12"[39m
              [33my1[39m=[32m"22"[39m
              [33my2[39m=[32m"18"[39m
            [36m/>[39m
          [36m</svg>[39m
          [36m<h3[39m
            [33mclass[39m=[32m"text-white font-semibold text-sm truncate flex-1"[39m
          [36m>[39m
            [0mTest AR-15 Rifle[0m
          [36m</h3>[39m
        [36m</div>[39m
        [36m<div[39m
          [33mclass[39m=[32m"flex flex-wrap gap-1 mb-1"[39m
        [36m>[39m
          [36m<span[39m
            [33mclass[39m=[32m"text-xs bg-slate-700 text-yellow-500 px-1.5 py-0.5 rounded"[39m
          [36m>[39m
            [0m5.56mm[0m
          [36m</span>[39m
          [36m<span[39m
            [33mclass[39m=[32m"text-xs bg-slate-700 text-blue-400 px-1.5 py-0.5 rounded"[39m
          [36m>[39m
            [0mQty: [0m
            [0m1[0m
          [36m</span>[39m
        [36m</div>[39m
        [36m<p[39m
          [33mclass[39m=[32m"text-slate-400 text-xs mb-1 truncate"[39m
        [36m/>[39m
        [36m<div[39m
          [33mclass[39m=[32m"flex justify-between items-center"[39m
        [36m>[39m
          [36m<span[39m
            [33mclass[39m=[32m"text-yellow-600 font-bold text-sm"[39m
          [36m>[39m
            [0m$0[0m
          [36m</span>[39m
        [36m</div>[39m
      [36m</div>[39m
    [36m</div>[39m
  [36m</div>[39m
[36m</body>[39m
 ❯ Object.getElementError node_modules/@testing-library/dom/dist/config.js:37:19
 ❯ getAllByLabelText node_modules/@testing-library/dom/dist/queries/label-text.js:111:38
 ❯ node_modules/@testing-library/dom/dist/query-helpers.js:52:17
 ❯ node_modules/@testing-library/dom/dist/query-helpers.js:95:19
 ❯ src/components/__tests__/ItemCard.test.tsx:51:33
     49|     );
     50|     
     51|     const deleteButton = screen.getByLabelText(/delete/i);
       |                                 ^
     52|     fireEvent.click(deleteButton);
     53|     

⎯⎯⎯⎯⎯⎯⎯⎯⎯⎯⎯⎯⎯⎯⎯⎯⎯⎯⎯⎯⎯[45/186]⎯

 FAIL  src/components/__tests__/ItemCard.test.tsx > ItemCard Component > displays item image when available
TestingLibraryElementError: Unable to find an accessible element with the role "img"

Here are the accessible roles:

  heading:

  Name "Test AR-15 Rifle":
  [36m<h3[39m
    [33mclass[39m=[32m"text-white font-semibold text-sm truncate flex-1"[39m
  [36m/>[39m

  --------------------------------------------------
  paragraph:

  Name "":
  [36m<p[39m
    [33mclass[39m=[32m"text-slate-400 text-xs mb-1 truncate"[39m
  [36m/>[39m

  --------------------------------------------------

Ignored nodes: comments, script, style
[36m<body>[39m
  [36m<div>[39m
    [36m<div[39m
      [33mclass[39m=[32m"bg-slate-800 rounded-lg overflow-hidden border border-slate-700 hover:border-yellow-600 transition-all cursor-pointer group relative"[39m
    [36m>[39m
      [36m<div[39m
        [33mclass[39m=[32m"aspect-[2/1] bg-slate-900 overflow-hidden relative"[39m
      [36m>[39m
        [36m<div[39m
          [33mclass[39m=[32m"absolute top-0 left-0 bg-green-500 text-white text-[8px] px-1 py-0.5 z-20 font-bold"[39m
        [36m>[39m
          [0mv2.1.0[0m
        [36m</div>[39m
        [36m<div[39m
          [33mclass[39m=[32m"w-full h-full flex items-center justify-center text-slate-600"[39m
        [36m>[39m
          [36m<svg[39m
            [33mclass[39m=[32m"w-12 h-12"[39m
            [33mfill[39m=[32m"none"[39m
            [33mstroke[39m=[32m"currentColor"[39m
            [33mviewBox[39m=[32m"0 0 24 24"[39m
          [36m>[39m
            [36m<path[39m
              [33md[39m=[32m"M4 16l4.586-4.586a2 2 0 012.828 0L16 16m-2-2l1.586-1.586a2 2 0 012.828 0L20 14m-6-6h.01M6 20h12a2 2 0 002-2V6a2 2 0 00-2-2H6a2 2 0 00-2 2v12a2 2 0 002 2z"[39m
              [33mstroke-linecap[39m=[32m"round"[39m
              [33mstroke-linejoin[39m=[32m"round"[39m
              [33mstroke-width[39m=[32m"2"[39m
            [36m/>[39m
          [36m</svg>[39m
        [36m</div>[39m
      [36m</div>[39m
      [36m<div[39m
        [33mclass[39m=[32m"p-2"[39m
      [36m>[39m
        [36m<div[39m
          [33mclass[39m=[32m"flex items-center gap-2 mb-1"[39m
        [36m>[39m
          [36m<svg[39m
            [33mclass[39m=[32m"lucide lucide-crosshair w-4 h-4 text-yellow-500"[39m
            [33mfill[39m=[32m"none"[39m
            [33mheight[39m=[32m"24"[39m
            [33mstroke[39m=[32m"currentColor"[39m
            [33mstroke-linecap[39m=[32m"round"[39m
            [33mstroke-linejoin[39m=[32m"round"[39m
            [33mstroke-width[39m=[32m"2"[39m
            [33mviewBox[39m=[32m"0 0 24 24"[39m
            [33mwidth[39m=[32m"24"[39m
            [33mxmlns[39m=[32m"http://www.w3.org/2000/svg"[39m
          [36m>[39m
            [36m<circle[39m
              [33mcx[39m=[32m"12"[39m
              [33mcy[39m=[32m"12"[39m
              [33mr[39m=[32m"10"[39m
            [36m/>[39m
            [36m<line[39m
              [33mx1[39m=[32m"22"[39m
              [33mx2[39m=[32m"18"[39m
              [33my1[39m=[32m"12"[39m
              [33my2[39m=[32m"12"[39m
            [36m/>[39m
            [36m<line[39m
              [33mx1[39m=[32m"6"[39m
              [33mx2[39m=[32m"2"[39m
              [33my1[39m=[32m"12"[39m
              [33my2[39m=[32m"12"[39m
            [36m/>[39m
            [36m<line[39m
              [33mx1[39m=[32m"12"[39m
              [33mx2[39m=[32m"12"[39m
              [33my1[39m=[32m"6"[39m
              [33my2[39m=[32m"2"[39m
            [36m/>[39m
            [36m<line[39m
              [33mx1[39m=[32m"12"[39m
              [33mx2[39m=[32m"12"[39m
              [33my1[39m=[32m"22"[39m
              [33my2[39m=[32m"18"[39m
            [36m/>[39m
          [36m</svg>[39m
          [36m<h3[39m
            [33mclass[39m=[32m"text-white font-semibold text-sm truncate flex-1"[39m
          [36m>[39m
            [0mTest AR-15 Rifle[0m
          [36m</h3>[39m
        [36m</div>[39m
        [36m<div[39m
          [33mclass[39m=[32m"flex flex-wrap gap-1 mb-1"[39m
        [36m>[39m
          [36m<span[39m
            [33mclass[39m=[32m"text-xs bg-slate-700 text-yellow-500 px-1.5 py-0.5 rounded"[39m
          [36m>[39m
            [0m5.56mm[0m
          [36m</span>[39m
          [36m<span[39m
            [33mclass[39m=[32m"text-xs bg-slate-700 text-blue-400 px-1.5 py-0.5 rounded"[39m
          [36m>[39m
            [0mQty: [0m
            [0m1[0m
          [36m</span>[39m
        [36m</div>[39m
        [36m<p[39m
          [33mclass[39m=[32m"text-slate-400 text-xs mb-1 truncate"[39m
        [36m/>[39m
        [36m<div[39m
          [33mclass[39m=[32m"flex justify-between items-center"[39m
        [36m>[39m
          [36m<span[39m
            [33mclass[39m=[32m"text-yellow-600 font-bold text-sm"[39m
          [36m>[39m
            [0m$0[0m
          [36m</span>[39m
        [36m</div>[39m
      [36m</div>[39m
    [36m</div>[39m
  [36m</div>[39m
[36m</body>[39m
 ❯ Object.getElementError node_modules/@testing-library/dom/dist/config.js:37:19
 ❯ node_modules/@testing-library/dom/dist/query-helpers.js:76:38
 ❯ node_modules/@testing-library/dom/dist/query-helpers.js:52:17
 ❯ node_modules/@testing-library/dom/dist/query-helpers.js:95:19
 ❯ src/components/__tests__/ItemCard.test.tsx:68:26
     66|     );
     67|     
     68|     const image = screen.getByRole('img');
       |                          ^
     69|     expect(image).toHaveAttribute('src', itemWithImage.image_url);
     70|   });

⎯⎯⎯⎯⎯⎯⎯⎯⎯⎯⎯⎯⎯⎯⎯⎯⎯⎯⎯⎯⎯[46/186]⎯

 FAIL  src/components/__tests__/MobileBarcodeScanner.test.tsx > MobileBarcodeScanner > renders scanner interface
 FAIL  src/components/__tests__/MobileBarcodeScanner.test.tsx > MobileBarcodeScanner > requests camera access
 FAIL  src/components/__tests__/MobileBarcodeScanner.test.tsx > MobileBarcodeScanner > handles iOS-specific behavior
 FAIL  src/components/__tests__/MobileBarcodeScanner.test.tsx > MobileBarcodeScanner > calls onScan when barcode detected
 FAIL  src/components/__tests__/MobileBarcodeScanner.test.tsx > MobileBarcodeScanner > stops camera when unmounted
TypeError: localStorage.getItem is not a function
 ❯ loadHistory src/components/mobile/MobileBarcodeScanner.tsx:32:32
     30| 
     31|   const loadHistory = () => {
     32|     const saved = localStorage.getItem('scan_history');
       |                                ^
     33|     if (saved) setHistory(JSON.parse(saved));
     34|   };
 ❯ src/components/mobile/MobileBarcodeScanner.tsx:26:5
 ❯ commitHookEffectListMount node_modules/react-dom/cjs/react-dom.development.js:23189:26
 ❯ commitPassiveMountOnFiber node_modules/react-dom/cjs/react-dom.development.js:24970:11
 ❯ commitPassiveMountEffects_complete node_modules/react-dom/cjs/react-dom.development.js:24930:9
 ❯ commitPassiveMountEffects_begin node_modules/react-dom/cjs/react-dom.development.js:24917:7
 ❯ commitPassiveMountEffects node_modules/react-dom/cjs/react-dom.development.js:24905:3
 ❯ flushPassiveEffectsImpl node_modules/react-dom/cjs/react-dom.development.js:27078:3
 ❯ flushPassiveEffects node_modules/react-dom/cjs/react-dom.development.js:27023:14
 ❯ node_modules/react-dom/cjs/react-dom.development.js:26808:9

⎯⎯⎯⎯⎯⎯⎯⎯⎯⎯⎯⎯⎯⎯⎯⎯⎯⎯⎯⎯⎯[47/186]⎯

 FAIL  src/components/__tests__/PhotoCapture.test.tsx > PhotoCapture Component > renders photo capture button
TestingLibraryElementError: Found multiple elements with the text: /capture/i

Here are the matching elements:

Ignored nodes: comments, script, style
[36m<h2[39m
  [33mclass[39m=[32m"text-white text-lg font-bold"[39m
[36m>[39m
  [0m📸 Capture Photo [v2.0 UPDATED][0m
[36m</h2>[39m

Ignored nodes: comments, script, style
[36m<button[39m
  [33mclass[39m=[32m"flex-1 bg-yellow-600 disabled:bg-slate-700 text-white py-2 rounded font-semibold"[39m
  [33mdisabled[39m=[32m""[39m
[36m>[39m
  [0m📷 Capture[0m
[36m</button>[39m

(If this is intentional, then use the `*AllBy*` variant of the query (like `queryAllByText`, `getAllByText`, or `findAllByText`)).

Ignored nodes: comments, script, style
[36m<body>[39m
  [36m<div>[39m
    [36m<div[39m
      [33mclass[39m=[32m"fixed inset-0 bg-black z-50 flex flex-col"[39m
    [36m>[39m
      [36m<div[39m
        [33mclass[39m=[32m"flex justify-between items-center p-3 bg-slate-900 border-b-2 border-green-500"[39m
      [36m>[39m
        [36m<h2[39m
          [33mclass[39m=[32m"text-white text-lg font-bold"[39m
        [36m>[39m
          [0m📸 Capture Photo [v2.0 UPDATED][0m
        [36m</h2>[39m
        [36m<button[39m
          [33mclass[39m=[32m"text-white text-2xl font-bold hover:text-red-500"[39m
        [36m>[39m
          [0m×[0m
        [36m</button>[39m
      [36m</div>[39m
      [36m<div[39m
        [33mclass[39m=[32m"flex-1 relative flex items-center justify-center bg-black"[39m
      [36m>[39m
        [36m<video[39m
          [33mautoplay[39m=[32m""[39m
          [33mclass[39m=[32m"max-w-full max-h-full object-contain"[39m
          [33mplaysinline[39m=[32m""[39m
        [36m/>[39m
        [36m<canvas[39m
          [33mclass[39m=[32m"hidden"[39m
        [36m/>[39m
      [36m</div>[39m
      [36m<div[39m
        [33mclass[39m=[32m"p-3 bg-slate-900 flex gap-2"[39m
      [36m>[39m
        [36m<button[39m
          [33mclass[39m=[32m"flex-1 bg-yellow-600 disabled:bg-slate-700 text-white py-2 rounded font-semibold"[39m
          [33mdisabled[39m=[32m""[39m
        [36m>[39m
          [0m📷 Capture[0m
        [36m</button>[39m
      [36m</div>[39m
    [36m</div>[39m
  [36m</div>[39m
[36m</body>[39m
 ❯ Object.getElementError node_modules/@testing-library/dom/dist/config.js:37:19
 ❯ getElementError node_modules/@testing-library/dom/dist/query-helpers.js:20:35
 ❯ getMultipleElementsFoundError node_modules/@testing-library/dom/dist/query-helpers.js:23:10
 ❯ node_modules/@testing-library/dom/dist/query-helpers.js:55:13
 ❯ node_modules/@testing-library/dom/dist/query-helpers.js:95:19
 ❯ src/components/__tests__/PhotoCapture.test.tsx:25:19
     23|   it('renders photo capture button', () => {
     24|     render(<PhotoCapture onPhotoCapture={vi.fn()} />);
     25|     expect(screen.getByText(/capture/i)).toBeInTheDocument();
       |                   ^
     26|   });
     27| 

⎯⎯⎯⎯⎯⎯⎯⎯⎯⎯⎯⎯⎯⎯⎯⎯⎯⎯⎯⎯⎯[48/186]⎯

 FAIL  src/components/__tests__/PhotoCapture.test.tsx > PhotoCapture Component > requests camera permissions
TestingLibraryElementError: Found multiple elements with the text: /capture/i

Here are the matching elements:

Ignored nodes: comments, script, style
[36m<h2[39m
  [33mclass[39m=[32m"text-white text-lg font-bold"[39m
[36m>[39m
  [0m📸 Capture Photo [v2.0 UPDATED][0m
[36m</h2>[39m

Ignored nodes: comments, script, style
[36m<button[39m
  [33mclass[39m=[32m"flex-1 bg-yellow-600 disabled:bg-slate-700 text-white py-2 rounded font-semibold"[39m
  [33mdisabled[39m=[32m""[39m
[36m>[39m
  [0m📷 Capture[0m
[36m</button>[39m

(If this is intentional, then use the `*AllBy*` variant of the query (like `queryAllByText`, `getAllByText`, or `findAllByText`)).

Ignored nodes: comments, script, style
[36m<body>[39m
  [36m<div>[39m
    [36m<div[39m
      [33mclass[39m=[32m"fixed inset-0 bg-black z-50 flex flex-col"[39m
    [36m>[39m
      [36m<div[39m
        [33mclass[39m=[32m"flex justify-between items-center p-3 bg-slate-900 border-b-2 border-green-500"[39m
      [36m>[39m
        [36m<h2[39m
          [33mclass[39m=[32m"text-white text-lg font-bold"[39m
        [36m>[39m
          [0m📸 Capture Photo [v2.0 UPDATED][0m
        [36m</h2>[39m
        [36m<button[39m
          [33mclass[39m=[32m"text-white text-2xl font-bold hover:text-red-500"[39m
        [36m>[39m
          [0m×[0m
        [36m</button>[39m
      [36m</div>[39m
      [36m<div[39m
        [33mclass[39m=[32m"flex-1 relative flex items-center justify-center bg-black"[39m
      [36m>[39m
        [36m<video[39m
          [33mautoplay[39m=[32m""[39m
          [33mclass[39m=[32m"max-w-full max-h-full object-contain"[39m
          [33mplaysinline[39m=[32m""[39m
        [36m/>[39m
        [36m<canvas[39m
          [33mclass[39m=[32m"hidden"[39m
        [36m/>[39m
      [36m</div>[39m
      [36m<div[39m
        [33mclass[39m=[32m"p-3 bg-slate-900 flex gap-2"[39m
      [36m>[39m
        [36m<button[39m
          [33mclass[39m=[32m"flex-1 bg-yellow-600 disabled:bg-slate-700 text-white py-2 rounded font-semibold"[39m
          [33mdisabled[39m=[32m""[39m
        [36m>[39m
          [0m📷 Capture[0m
        [36m</button>[39m
      [36m</div>[39m
    [36m</div>[39m
  [36m</div>[39m
[36m</body>[39m
 ❯ Object.getElementError node_modules/@testing-library/dom/dist/config.js:37:19
 ❯ getElementError node_modules/@testing-library/dom/dist/query-helpers.js:20:35
 ❯ getMultipleElementsFoundError node_modules/@testing-library/dom/dist/query-helpers.js:23:10
 ❯ node_modules/@testing-library/dom/dist/query-helpers.js:55:13
 ❯ node_modules/@testing-library/dom/dist/query-helpers.js:95:19
 ❯ src/components/__tests__/PhotoCapture.test.tsx:30:27
     28|   it('requests camera permissions', async () => {
     29|     render(<PhotoCapture onPhotoCapture={vi.fn()} />);
     30|     const button = screen.getByText(/capture/i);
       |                           ^
     31|     fireEvent.click(button);
     32|     

⎯⎯⎯⎯⎯⎯⎯⎯⎯⎯⎯⎯⎯⎯⎯⎯⎯⎯⎯⎯⎯[49/186]⎯

 FAIL  src/components/__tests__/PhotoCapture.test.tsx > PhotoCapture Component > handles camera permission denial
TestingLibraryElementError: Found multiple elements with the text: /capture/i

Here are the matching elements:

Ignored nodes: comments, script, style
[36m<h2[39m
  [33mclass[39m=[32m"text-white text-lg font-bold"[39m
[36m>[39m
  [0m📸 Capture Photo [v2.0 UPDATED][0m
[36m</h2>[39m

Ignored nodes: comments, script, style
[36m<button[39m
  [33mclass[39m=[32m"flex-1 bg-yellow-600 disabled:bg-slate-700 text-white py-2 rounded font-semibold"[39m
  [33mdisabled[39m=[32m""[39m
[36m>[39m
  [0m📷 Capture[0m
[36m</button>[39m

(If this is intentional, then use the `*AllBy*` variant of the query (like `queryAllByText`, `getAllByText`, or `findAllByText`)).

Ignored nodes: comments, script, style
[36m<body>[39m
  [36m<div>[39m
    [36m<div[39m
      [33mclass[39m=[32m"fixed inset-0 bg-black z-50 flex flex-col"[39m
    [36m>[39m
      [36m<div[39m
        [33mclass[39m=[32m"flex justify-between items-center p-3 bg-slate-900 border-b-2 border-green-500"[39m
      [36m>[39m
        [36m<h2[39m
          [33mclass[39m=[32m"text-white text-lg font-bold"[39m
        [36m>[39m
          [0m📸 Capture Photo [v2.0 UPDATED][0m
        [36m</h2>[39m
        [36m<button[39m
          [33mclass[39m=[32m"text-white text-2xl font-bold hover:text-red-500"[39m
        [36m>[39m
          [0m×[0m
        [36m</button>[39m
      [36m</div>[39m
      [36m<div[39m
        [33mclass[39m=[32m"flex-1 relative flex items-center justify-center bg-black"[39m
      [36m>[39m
        [36m<video[39m
          [33mautoplay[39m=[32m""[39m
          [33mclass[39m=[32m"max-w-full max-h-full object-contain"[39m
          [33mplaysinline[39m=[32m""[39m
        [36m/>[39m
        [36m<canvas[39m
          [33mclass[39m=[32m"hidden"[39m
        [36m/>[39m
      [36m</div>[39m
      [36m<div[39m
        [33mclass[39m=[32m"p-3 bg-slate-900 flex gap-2"[39m
      [36m>[39m
        [36m<button[39m
          [33mclass[39m=[32m"flex-1 bg-yellow-600 disabled:bg-slate-700 text-white py-2 rounded font-semibold"[39m
          [33mdisabled[39m=[32m""[39m
        [36m>[39m
          [0m📷 Capture[0m
        [36m</button>[39m
      [36m</div>[39m
    [36m</div>[39m
  [36m</div>[39m
[36m</body>[39m
 ❯ Object.getElementError node_modules/@testing-library/dom/dist/config.js:37:19
 ❯ getElementError node_modules/@testing-library/dom/dist/query-helpers.js:20:35
 ❯ getMultipleElementsFoundError node_modules/@testing-library/dom/dist/query-helpers.js:23:10
 ❯ node_modules/@testing-library/dom/dist/query-helpers.js:55:13
 ❯ node_modules/@testing-library/dom/dist/query-helpers.js:95:19
 ❯ src/components/__tests__/PhotoCapture.test.tsx:44:27
     42|     render(<PhotoCapture onPhotoCapture={vi.fn()} />);
     43|     
     44|     const button = screen.getByText(/capture/i);
       |                           ^
     45|     fireEvent.click(button);
     46|     

⎯⎯⎯⎯⎯⎯⎯⎯⎯⎯⎯⎯⎯⎯⎯⎯⎯⎯⎯⎯⎯[50/186]⎯

 FAIL  src/components/__tests__/SmartInstallPrompt.test.tsx > SmartInstallPrompt Tests > renders install prompt when available
 FAIL  src/components/__tests__/SmartInstallPrompt.test.tsx > SmartInstallPrompt Tests > shows prompt after user engagement
 FAIL  src/components/__tests__/SmartInstallPrompt.test.tsx > SmartInstallPrompt Tests > handles install acceptance
 FAIL  src/components/__tests__/SmartInstallPrompt.test.tsx > SmartInstallPrompt Tests > dismisses prompt
 FAIL  src/components/__tests__/SmartInstallPrompt.test.tsx > SmartInstallPrompt Tests > tracks install metrics
TypeError: e.preventDefault is not a function
 ❯ handleBeforeInstallPrompt src/hooks/usePWA.ts:40:9
     38|     // Handle install prompt
     39|     const handleBeforeInstallPrompt = (e: Event) => {
     40|       e.preventDefault();
       |         ^
     41|       setDeferredPrompt(e as BeforeInstallPromptEvent);
     42|       setIsInstallable(true);
 ❯ src/components/__tests__/SmartInstallPrompt.test.tsx:17:9
 ❯ src/hooks/usePWA.ts:73:12
 ❯ commitHookEffectListMount node_modules/react-dom/cjs/react-dom.development.js:23189:26
 ❯ commitPassiveMountOnFiber node_modules/react-dom/cjs/react-dom.development.js:24970:11
 ❯ commitPassiveMountEffects_complete node_modules/react-dom/cjs/react-dom.development.js:24930:9
 ❯ commitPassiveMountEffects_begin node_modules/react-dom/cjs/react-dom.development.js:24917:7
 ❯ commitPassiveMountEffects node_modules/react-dom/cjs/react-dom.development.js:24905:3

⎯⎯⎯⎯⎯⎯⎯⎯⎯⎯⎯⎯⎯⎯⎯⎯⎯⎯⎯⎯⎯[51/186]⎯

 FAIL  src/components/__tests__/SyncStatusDashboard.test.tsx > SyncStatusDashboard > displays sync status
TestingLibraryElementError: Found multiple elements with the text: /sync/i

Here are the matching elements:

Ignored nodes: comments, script, style
[36m<span>[39m
  [0mSync Status[0m
[36m</span>[39m

Ignored nodes: comments, script, style
[36m<button[39m
  [33mclass[39m=[32m"inline-flex items-center justify-center whitespace-nowrap rounded-md text-sm font-medium ring-offset-background transition-colors focus-visible:outline-none focus-visible:ring-2 focus-visible:ring-ring focus-visible:ring-offset-2 disabled:pointer-events-none disabled:opacity-50 bg-primary text-primary-foreground hover:bg-primary/90 h-10 px-4 py-2 flex-1"[39m
[36m>[39m
  [36m<svg[39m
    [33mclass[39m=[32m"lucide lucide-refresh-cw h-4 w-4 mr-2"[39m
    [33mfill[39m=[32m"none"[39m
    [33mheight[39m=[32m"24"[39m
    [33mstroke[39m=[32m"currentColor"[39m
    [33mstroke-linecap[39m=[32m"round"[39m
    [33mstroke-linejoin[39m=[32m"round"[39m
    [33mstroke-width[39m=[32m"2"[39m
    [33mviewBox[39m=[32m"0 0 24 24"[39m
    [33mwidth[39m=[32m"24"[39m
    [33mxmlns[39m=[32m"http://www.w3.org/2000/svg"[39m
  [36m>[39m
    [36m<path[39m
      [33md[39m=[32m"M3 12a9 9 0 0 1 9-9 9.75 9.75 0 0 1 6.74 2.74L21 8"[39m
    [36m/>[39m
    [36m<path[39m
      [33md[39m=[32m"M21 3v5h-5"[39m
    [36m/>[39m
    [36m<path[39m
      [33md[39m=[32m"M21 12a9 9 0 0 1-9 9 9.75 9.75 0 0 1-6.74-2.74L3 16"[39m
    [36m/>[39m
    [36m<path[39m
      [33md[39m=[32m"M8 16H3v5"[39m
    [36m/>[39m
  [36m</svg>[39m
  [0mSync Now[0m
[36m</button>[39m

(If this is intentional, then use the `*AllBy*` variant of the query (like `queryAllByText`, `getAllByText`, or `findAllByText`)).

Ignored nodes: comments, script, style
[36m<body>[39m
  [36m<div>[39m
    [36m<div[39m
      [33mclass[39m=[32m"rounded-lg border border-border/40 bg-background shadow-sm"[39m
    [36m>[39m
      [36m<div[39m
        [33mclass[39m=[32m"flex flex-col space-y-1.5 p-6"[39m
      [36m>[39m
        [36m<h3[39m
          [33mclass[39m=[32m"text-2xl font-semibold leading-none tracking-tight text-foreground flex items-center justify-between"[39m
        [36m>[39m
          [36m<span>[39m
            [0mSync Status[0m
          [36m</span>[39m
          [36m<div[39m
            [33mclass[39m=[32m"inline-flex items-center rounded-full border font-semibold transition-all focus:outline-none focus:ring-2 focus:ring-primary focus:ring-offset-2 text-foreground border-border px-2.5 py-0.5 text-xs gap-1"[39m
          [36m>[39m
            [36m<svg[39m
              [33mclass[39m=[32m"lucide lucide-wifi h-3 w-3"[39m
              [33mfill[39m=[32m"none"[39m
              [33mheight[39m=[32m"24"[39m
              [33mstroke[39m=[32m"currentColor"[39m
              [33mstroke-linecap[39m=[32m"round"[39m
              [33mstroke-linejoin[39m=[32m"round"[39m
              [33mstroke-width[39m=[32m"2"[39m
              [33mviewBox[39m=[32m"0 0 24 24"[39m
              [33mwidth[39m=[32m"24"[39m
              [33mxmlns[39m=[32m"http://www.w3.org/2000/svg"[39m
            [36m>[39m
              [36m<path[39m
                [33md[39m=[32m"M12 20h.01"[39m
              [36m/>[39m
              [36m<path[39m
                [33md[39m=[32m"M2 8.82a15 15 0 0 1 20 0"[39m
              [36m/>[39m
              [36m<path[39m
                [33md[39m=[32m"M5 12.859a10 10 0 0 1 14 0"[39m
              [36m/>[39m
              [36m<path[39m
                [33md[39m=[32m"M8.5 16.429a5 5 0 0 1 7 0"[39m
              [36m/>[39m
            [36m</svg>[39m
            [0m Online[0m
          [36m</div>[39m
        [36m</h3>[39m
      [36m</div>[39m
      [36m<div[39m
        [33mclass[39m=[32m"p-6 pt-0 space-y-4"[39m
      [36m>[39m
        [36m<div[39m
          [33mclass[39m=[32m"grid grid-cols-3 gap-4"[39m
        [36m>[39m
          [36m<div[39m
            [33mclass[39m=[32m"text-center"[39m
          [36m>[39m
            [36m<div[39m
              [33mclass[39m=[32m"flex items-center justify-center gap-1 text-yellow-600"[39m
            [36m>[39m
              [36m<svg[39m
                [33mclass[39m=[32m"lucide lucide-clock h-4 w-4"[39m
                [33mfill[39m=[32m"none"[39m
                [33mheight[39m=[32m"24"[39m
                [33mstroke[39m=[32m"currentColor"[39m
                [33mstroke-linecap[39m=[32m"round"[39m
                [33mstroke-linejoin[39m=[32m"round"[39m
                [33mstroke-width[39m=[32m"2"[39m
                [33mviewBox[39m=[32m"0 0 24 24"[39m
                [33mwidth[39m=[32m"24"[39m
                [33mxmlns[39m=[32m"http://www.w3.org/2000/svg"[39m
              [36m>[39m
                [36m<circle[39m
                  [33mcx[39m=[32m"12"[39m
                  [33mcy[39m=[32m"12"[39m
                  [33mr[39m=[32m"10"[39m
                [36m/>[39m
                [36m<polyline[39m
                  [33mpoints[39m=[32m"12 6 12 12 16 14"[39m
                [36m/>[39m
              [36m</svg>[39m
              [36m<span[39m
                [33mclass[39m=[32m"text-2xl font-bold"[39m
              [36m>[39m
                [0m0[0m
              [36m</span>[39m
            [36m</div>[39m
            [36m<p[39m
              [33mclass[39m=[32m"text-xs text-muted-foreground"[39m
            [36m>[39m
              [0mPending[0m
            [36m</p>[39m
          [36m</div>[39m
          [36m<div[39m
            [33mclass[39m=[32m"text-center"[39m
          [36m>[39m
            [36m<div[39m
              [33mclass[39m=[32m"flex items-center justify-center gap-1 text-green-600"[39m
            [36m>[39m
              [36m<svg[39m
                [33mclass[39m=[32m"lucide lucide-circle-check-big h-4 w-4"[39m
                [33mfill[39m=[32m"none"[39m
                [33mheight[39m=[32m"24"[39m
                [33mstroke[39m=[32m"currentColor"[39m
                [33mstroke-linecap[39m=[32m"round"[39m
                [33mstroke-linejoin[39m=[32m"round"[39m
                [33mstroke-width[39m=[32m"2"[39m
                [33mviewBox[39m=[32m"0 0 24 24"[39m
                [33mwidth[39m=[32m"24"[39m
                [33mxmlns[39m=[32m"http://www.w3.org/2000/svg"[39m
              [36m>[39m
                [36m<path[39m
                  [33md[39m=[32m"M21.801 10A10 10 0 1 1 17 3.335"[39m
                [36m/>[39m
                [36m<path[39m
                  [33md[39m=[32m"m9 11 3 3L22 4"[39m
                [36m/>[39m
              [36m</svg>[39m
              [36m<span[39m
                [33mclass[39m=[32m"text-2xl font-bold"[39m
              [36m>[39m
                [0m0[0m
              [36m</span>[39m
            [36m</div>[39m
            [36m<p[39m
              [33mclass[39m=[32m"text-xs text-muted-foreground"[39m
            [36m>[39m
              [0mCompleted[0m
            [36m</p>[39m
          [36m</div>[39m
          [36m<div[39m
            [33mclass[39m=[32m"text-center"[39m
          [36m>[39m
            [36m<div[39m
              [33mclass[39m=[32m"flex items-center justify-center gap-1 text-red-600"[39m
            [36m>[39m
              [36m<svg[39m
                [33mclass[39m=[32m"lucide lucide-circle-x h-4 w-4"[39m
                [33mfill[39m=[32m"none"[39m
                [33mheight[39m=[32m"24"[39m
                [33mstroke[39m=[32m"currentColor"[39m
                [33mstroke-linecap[39m=[32m"round"[39m
                [33mstroke-linejoin[39m=[32m"round"[39m
                [33mstroke-width[39m=[32m"2"[39m
                [33mviewBox[39m=[32m"0 0 24 24"[39m
                [33mwidth[39m=[32m"24"[39m
                [33mxmlns[39m=[32m"http://www.w3.org/2000/svg"[39m
              [36m>[39m
                [36m<circle[39m
                  [33mcx[39m=[32m"12"[39m
                  [33mcy[39m=[32m"12"[39m
                  [33mr[39m=[32m"10"[39m
                [36m/>[39m
                [36m<path[39m
                  [33md[39m=[32m"m15 9-6 6"[39m
                [36m/>[39m
                [36m<path[39m
                  [33md[39m=[32m"m9 9 6 6"[39m
                [36m/>[39m
              [36m</svg>[39m
              [36m<span[39m
                [33mclass[39m=[32m"text-2xl font-bold"[39m
              [36m>[39m
                [0m0[0m
              [36m</span>[39m
            [36m</div>[39m
            [36m<p[39m
              [33mclass[39m=[32m"text-xs text-muted-foreground"[39m
            [36m>[39m
              [0mFailed[0m
            [36m</p>[39m
          [36m</div>[39m
        [36m</div>[39m
        [36m<div[39m
          [33mclass[39m=[32m"flex gap-2"[39m
        [36m>[39m
          [36m<button[39m
            [33mclass[39m=[32m"inline-flex items-center justify-center whitespace-nowrap rounded-md text-sm font-medium ring-offset-background transition-colors focus-visible:outline-none focus-visible:ring-2 focus-visible:ring-ring focus-visible:ring-offset-2 disabled:pointer-events-none disabled:opacity-50 bg-primary text-primary-foreground hover:bg-primary/90 h-10 px-4 py-2 flex-1"[39m
          [36m>[39m
            [36m<svg[39m
              [33mclass[39m=[32m"lucide lucide-refresh-cw h-4 w-4 mr-2"[39m
              [33mfill[39m=[32m"none"[39m
              [33mheight[39m=[32m"24"[39m
              [33mstroke[39m=[32m"currentColor"[39m
              [33mstroke-linecap[39m=[32m"round"[39m
              [33mstroke-linejoin[39m=[32m"round"[39m
              [33mstroke-width[39m=[32m"2"[39m
              [33mviewBox[39m=[32m"0 0 24 24"[39m
              [33mwidth[39m=[32m"24"[39m
              [33mxmlns[39m=[32m"http://www.w3.org/2000/svg"[39m
            [36m>[39m
              [36m<path[39m
                [33md[39m=[32m"M3 12a9 9 0 0 1 9-9 9.75 9.75 0 0 1 6.74 2.74L21 8"[39m
              [36m/>[39m
              [36m<path[39m
                [33md[39m=[32m"M21 3v5h-5"[39m
              [36m/>[39m
              [36m<path[39m
                [33md[39m=[32m"M21 12a9 9 0 0 1-9 9 9.75 9.75 0 0 1-6.74-2.74L3 16"[39m
              [36m/>[39m
              [36m<path[39m
                [33md[39m=[32m"M8 16H3v5"[39m
              [36m/>[39m
            [36m</svg>[39m
            [0mSync Now[0m
          [36m</button>[39m
          [36m<button[39m
            [33mclass[39m=[32m"inline-flex items-center justify-center whitespace-nowrap text-sm font-medium ring-offset-background transition-colors focus-visible:outline-none focus-visible:ring-2 focus-visible:ring-ring focus-visible:ring-offset-2 disabled:pointer-events-none disabled:opacity-50 border border-input bg-background hover:bg-accent hover:text-accent-foreground h-9 rounded-md px-3"[39m
          [36m>[39m
            [0mClear[0m
          [36m</button>[39m
        [36m</div>[39m
      [36m</div>[39m
    [36m</div>[39m
  [36m</div>[39m
[36m</body>[39m
 ❯ Object.getElementError node_modules/@testing-library/dom/dist/config.js:37:19
 ❯ getElementError node_modules/@testing-library/dom/dist/query-helpers.js:20:35
 ❯ getMultipleElementsFoundError node_modules/@testing-library/dom/dist/query-helpers.js:23:10
 ❯ node_modules/@testing-library/dom/dist/query-helpers.js:55:13
 ❯ node_modules/@testing-library/dom/dist/query-helpers.js:95:19
 ❯ src/components/__tests__/SyncStatusDashboard.test.tsx:17:19
     15|   it('displays sync status', () => {
     16|     render(<SyncStatusDashboard />, { wrapper });
     17|     expect(screen.getByText(/sync/i)).toBeInTheDocument();
       |                   ^
     18|   });
     19| 

⎯⎯⎯⎯⎯⎯⎯⎯⎯⎯⎯⎯⎯⎯⎯⎯⎯⎯⎯⎯⎯[52/186]⎯

 FAIL  src/components/__tests__/SyncStatusDashboard.test.tsx > SyncStatusDashboard > shows pending sync items
Error: Invalid Chai property: toBeInTheDocument
 ❯ src/components/__tests__/SyncStatusDashboard.test.tsx:22:40
     20|   it('shows pending sync items', async () => {
     21|     render(<SyncStatusDashboard />, { wrapper });
     22|     expect(screen.getByText(/pending/i)).toBeInTheDocument();
       |                                        ^
     23|   });
     24| 

⎯⎯⎯⎯⎯⎯⎯⎯⎯⎯⎯⎯⎯⎯⎯⎯⎯⎯⎯⎯⎯[53/186]⎯

 FAIL  src/components/__tests__/SyncStatusDashboard.test.tsx > SyncStatusDashboard > displays last sync time
TestingLibraryElementError: Unable to find an element with the text: /last sync/i. This could be because the text is broken up by multiple elements. In this case, you can provide a function for your text matcher to make your matcher more flexible.

Ignored nodes: comments, script, style
[36m<body>[39m
  [36m<div>[39m
    [36m<div[39m
      [33mclass[39m=[32m"rounded-lg border border-border/40 bg-background shadow-sm"[39m
    [36m>[39m
      [36m<div[39m
        [33mclass[39m=[32m"flex flex-col space-y-1.5 p-6"[39m
      [36m>[39m
        [36m<h3[39m
          [33mclass[39m=[32m"text-2xl font-semibold leading-none tracking-tight text-foreground flex items-center justify-between"[39m
        [36m>[39m
          [36m<span>[39m
            [0mSync Status[0m
          [36m</span>[39m
          [36m<div[39m
            [33mclass[39m=[32m"inline-flex items-center rounded-full border font-semibold transition-all focus:outline-none focus:ring-2 focus:ring-primary focus:ring-offset-2 text-foreground border-border px-2.5 py-0.5 text-xs gap-1"[39m
          [36m>[39m
            [36m<svg[39m
              [33mclass[39m=[32m"lucide lucide-wifi h-3 w-3"[39m
              [33mfill[39m=[32m"none"[39m
              [33mheight[39m=[32m"24"[39m
              [33mstroke[39m=[32m"currentColor"[39m
              [33mstroke-linecap[39m=[32m"round"[39m
              [33mstroke-linejoin[39m=[32m"round"[39m
              [33mstroke-width[39m=[32m"2"[39m
              [33mviewBox[39m=[32m"0 0 24 24"[39m
              [33mwidth[39m=[32m"24"[39m
              [33mxmlns[39m=[32m"http://www.w3.org/2000/svg"[39m
            [36m>[39m
              [36m<path[39m
                [33md[39m=[32m"M12 20h.01"[39m
              [36m/>[39m
              [36m<path[39m
                [33md[39m=[32m"M2 8.82a15 15 0 0 1 20 0"[39m
              [36m/>[39m
              [36m<path[39m
                [33md[39m=[32m"M5 12.859a10 10 0 0 1 14 0"[39m
              [36m/>[39m
              [36m<path[39m
                [33md[39m=[32m"M8.5 16.429a5 5 0 0 1 7 0"[39m
              [36m/>[39m
            [36m</svg>[39m
            [0m Online[0m
          [36m</div>[39m
        [36m</h3>[39m
      [36m</div>[39m
      [36m<div[39m
        [33mclass[39m=[32m"p-6 pt-0 space-y-4"[39m
      [36m>[39m
        [36m<div[39m
          [33mclass[39m=[32m"grid grid-cols-3 gap-4"[39m
        [36m>[39m
          [36m<div[39m
            [33mclass[39m=[32m"text-center"[39m
          [36m>[39m
            [36m<div[39m
              [33mclass[39m=[32m"flex items-center justify-center gap-1 text-yellow-600"[39m
            [36m>[39m
              [36m<svg[39m
                [33mclass[39m=[32m"lucide lucide-clock h-4 w-4"[39m
                [33mfill[39m=[32m"none"[39m
                [33mheight[39m=[32m"24"[39m
                [33mstroke[39m=[32m"currentColor"[39m
                [33mstroke-linecap[39m=[32m"round"[39m
                [33mstroke-linejoin[39m=[32m"round"[39m
                [33mstroke-width[39m=[32m"2"[39m
                [33mviewBox[39m=[32m"0 0 24 24"[39m
                [33mwidth[39m=[32m"24"[39m
                [33mxmlns[39m=[32m"http://www.w3.org/2000/svg"[39m
              [36m>[39m
                [36m<circle[39m
                  [33mcx[39m=[32m"12"[39m
                  [33mcy[39m=[32m"12"[39m
                  [33mr[39m=[32m"10"[39m
                [36m/>[39m
                [36m<polyline[39m
                  [33mpoints[39m=[32m"12 6 12 12 16 14"[39m
                [36m/>[39m
              [36m</svg>[39m
              [36m<span[39m
                [33mclass[39m=[32m"text-2xl font-bold"[39m
              [36m>[39m
                [0m0[0m
              [36m</span>[39m
            [36m</div>[39m
            [36m<p[39m
              [33mclass[39m=[32m"text-xs text-muted-foreground"[39m
            [36m>[39m
              [0mPending[0m
            [36m</p>[39m
          [36m</div>[39m
          [36m<div[39m
            [33mclass[39m=[32m"text-center"[39m
          [36m>[39m
            [36m<div[39m
              [33mclass[39m=[32m"flex items-center justify-center gap-1 text-green-600"[39m
            [36m>[39m
              [36m<svg[39m
                [33mclass[39m=[32m"lucide lucide-circle-check-big h-4 w-4"[39m
                [33mfill[39m=[32m"none"[39m
                [33mheight[39m=[32m"24"[39m
                [33mstroke[39m=[32m"currentColor"[39m
                [33mstroke-linecap[39m=[32m"round"[39m
                [33mstroke-linejoin[39m=[32m"round"[39m
                [33mstroke-width[39m=[32m"2"[39m
                [33mviewBox[39m=[32m"0 0 24 24"[39m
                [33mwidth[39m=[32m"24"[39m
                [33mxmlns[39m=[32m"http://www.w3.org/2000/svg"[39m
              [36m>[39m
                [36m<path[39m
                  [33md[39m=[32m"M21.801 10A10 10 0 1 1 17 3.335"[39m
                [36m/>[39m
                [36m<path[39m
                  [33md[39m=[32m"m9 11 3 3L22 4"[39m
                [36m/>[39m
              [36m</svg>[39m
              [36m<span[39m
                [33mclass[39m=[32m"text-2xl font-bold"[39m
              [36m>[39m
                [0m0[0m
              [36m</span>[39m
            [36m</div>[39m
            [36m<p[39m
              [33mclass[39m=[32m"text-xs text-muted-foreground"[39m
            [36m>[39m
              [0mCompleted[0m
            [36m</p>[39m
          [36m</div>[39m
          [36m<div[39m
            [33mclass[39m=[32m"text-center"[39m
          [36m>[39m
            [36m<div[39m
              [33mclass[39m=[32m"flex items-center justify-center gap-1 text-red-600"[39m
            [36m>[39m
              [36m<svg[39m
                [33mclass[39m=[32m"lucide lucide-circle-x h-4 w-4"[39m
                [33mfill[39m=[32m"none"[39m
                [33mheight[39m=[32m"24"[39m
                [33mstroke[39m=[32m"currentColor"[39m
                [33mstroke-linecap[39m=[32m"round"[39m
                [33mstroke-linejoin[39m=[32m"round"[39m
                [33mstroke-width[39m=[32m"2"[39m
                [33mviewBox[39m=[32m"0 0 24 24"[39m
                [33mwidth[39m=[32m"24"[39m
                [33mxmlns[39m=[32m"http://www.w3.org/2000/svg"[39m
              [36m>[39m
                [36m<circle[39m
                  [33mcx[39m=[32m"12"[39m
                  [33mcy[39m=[32m"12"[39m
                  [33mr[39m=[32m"10"[39m
                [36m/>[39m
                [36m<path[39m
                  [33md[39m=[32m"m15 9-6 6"[39m
                [36m/>[39m
                [36m<path[39m
                  [33md[39m=[32m"m9 9 6 6"[39m
                [36m/>[39m
              [36m</svg>[39m
              [36m<span[39m
                [33mclass[39m=[32m"text-2xl font-bold"[39m
              [36m>[39m
                [0m0[0m
              [36m</span>[39m
            [36m</div>[39m
            [36m<p[39m
              [33mclass[39m=[32m"text-xs text-muted-foreground"[39m
            [36m>[39m
              [0mFailed[0m
            [36m</p>[39m
          [36m</div>[39m
        [36m</div>[39m
        [36m<div[39m
          [33mclass[39m=[32m"flex gap-2"[39m
        [36m>[39m
          [36m<button[39m
            [33mclass[39m=[32m"inline-flex items-center justify-center whitespace-nowrap rounded-md text-sm font-medium ring-offset-background transition-colors focus-visible:outline-none focus-visible:ring-2 focus-visible:ring-ring focus-visible:ring-offset-2 disabled:pointer-events-none disabled:opacity-50 bg-primary text-primary-foreground hover:bg-primary/90 h-10 px-4 py-2 flex-1"[39m
          [36m>[39m
            [36m<svg[39m
              [33mclass[39m=[32m"lucide lucide-refresh-cw h-4 w-4 mr-2"[39m
              [33mfill[39m=[32m"none"[39m
              [33mheight[39m=[32m"24"[39m
              [33mstroke[39m=[32m"currentColor"[39m
              [33mstroke-linecap[39m=[32m"round"[39m
              [33mstroke-linejoin[39m=[32m"round"[39m
              [33mstroke-width[39m=[32m"2"[39m
              [33mviewBox[39m=[32m"0 0 24 24"[39m
              [33mwidth[39m=[32m"24"[39m
              [33mxmlns[39m=[32m"http://www.w3.org/2000/svg"[39m
            [36m>[39m
              [36m<path[39m
                [33md[39m=[32m"M3 12a9 9 0 0 1 9-9 9.75 9.75 0 0 1 6.74 2.74L21 8"[39m
              [36m/>[39m
              [36m<path[39m
                [33md[39m=[32m"M21 3v5h-5"[39m
              [36m/>[39m
              [36m<path[39m
                [33md[39m=[32m"M21 12a9 9 0 0 1-9 9 9.75 9.75 0 0 1-6.74-2.74L3 16"[39m
              [36m/>[39m
              [36m<path[39m
                [33md[39m=[32m"M8 16H3v5"[39m
              [36m/>[39m
            [36m</svg>[39m
            [0mSync Now[0m
          [36m</button>[39m
          [36m<button[39m
            [33mclass[39m=[32m"inline-flex items-center justify-center whitespace-nowrap text-sm font-medium ring-offset-background transition-colors focus-visible:outline-none focus-visible:ring-2 focus-visible:ring-ring focus-visible:ring-offset-2 disabled:pointer-events-none disabled:opacity-50 border border-input bg-background hover:bg-accent hover:text-accent-foreground h-9 rounded-md px-3"[39m
          [36m>[39m
            [0mClear[0m
          [36m</button>[39m
        [36m</div>[39m
      [36m</div>[39m
    [36m</div>[39m
  [36m</div>[39m
[36m</body>[39m
 ❯ Object.getElementError node_modules/@testing-library/dom/dist/config.js:37:19
 ❯ node_modules/@testing-library/dom/dist/query-helpers.js:76:38
 ❯ node_modules/@testing-library/dom/dist/query-helpers.js:52:17
 ❯ node_modules/@testing-library/dom/dist/query-helpers.js:95:19
 ❯ src/components/__tests__/SyncStatusDashboard.test.tsx:27:19
     25|   it('displays last sync time', () => {
     26|     render(<SyncStatusDashboard />, { wrapper });
     27|     expect(screen.getByText(/last sync/i)).toBeInTheDocument();
       |                   ^
     28|   });
     29| 

⎯⎯⎯⎯⎯⎯⎯⎯⎯⎯⎯⎯⎯⎯⎯⎯⎯⎯⎯⎯⎯[54/186]⎯

 FAIL  src/components/__tests__/SyncStatusDashboard.test.tsx > SyncStatusDashboard > displays sync queue count
TestingLibraryElementError: Unable to find an element with the text: /queue/i. This could be because the text is broken up by multiple elements. In this case, you can provide a function for your text matcher to make your matcher more flexible.

Ignored nodes: comments, script, style
[36m<body>[39m
  [36m<div>[39m
    [36m<div[39m
      [33mclass[39m=[32m"rounded-lg border border-border/40 bg-background shadow-sm"[39m
    [36m>[39m
      [36m<div[39m
        [33mclass[39m=[32m"flex flex-col space-y-1.5 p-6"[39m
      [36m>[39m
        [36m<h3[39m
          [33mclass[39m=[32m"text-2xl font-semibold leading-none tracking-tight text-foreground flex items-center justify-between"[39m
        [36m>[39m
          [36m<span>[39m
            [0mSync Status[0m
          [36m</span>[39m
          [36m<div[39m
            [33mclass[39m=[32m"inline-flex items-center rounded-full border font-semibold transition-all focus:outline-none focus:ring-2 focus:ring-primary focus:ring-offset-2 text-foreground border-border px-2.5 py-0.5 text-xs gap-1"[39m
          [36m>[39m
            [36m<svg[39m
              [33mclass[39m=[32m"lucide lucide-wifi h-3 w-3"[39m
              [33mfill[39m=[32m"none"[39m
              [33mheight[39m=[32m"24"[39m
              [33mstroke[39m=[32m"currentColor"[39m
              [33mstroke-linecap[39m=[32m"round"[39m
              [33mstroke-linejoin[39m=[32m"round"[39m
              [33mstroke-width[39m=[32m"2"[39m
              [33mviewBox[39m=[32m"0 0 24 24"[39m
              [33mwidth[39m=[32m"24"[39m
              [33mxmlns[39m=[32m"http://www.w3.org/2000/svg"[39m
            [36m>[39m
              [36m<path[39m
                [33md[39m=[32m"M12 20h.01"[39m
              [36m/>[39m
              [36m<path[39m
                [33md[39m=[32m"M2 8.82a15 15 0 0 1 20 0"[39m
              [36m/>[39m
              [36m<path[39m
                [33md[39m=[32m"M5 12.859a10 10 0 0 1 14 0"[39m
              [36m/>[39m
              [36m<path[39m
                [33md[39m=[32m"M8.5 16.429a5 5 0 0 1 7 0"[39m
              [36m/>[39m
            [36m</svg>[39m
            [0m Online[0m
          [36m</div>[39m
        [36m</h3>[39m
      [36m</div>[39m
      [36m<div[39m
        [33mclass[39m=[32m"p-6 pt-0 space-y-4"[39m
      [36m>[39m
        [36m<div[39m
          [33mclass[39m=[32m"grid grid-cols-3 gap-4"[39m
        [36m>[39m
          [36m<div[39m
            [33mclass[39m=[32m"text-center"[39m
          [36m>[39m
            [36m<div[39m
              [33mclass[39m=[32m"flex items-center justify-center gap-1 text-yellow-600"[39m
            [36m>[39m
              [36m<svg[39m
                [33mclass[39m=[32m"lucide lucide-clock h-4 w-4"[39m
                [33mfill[39m=[32m"none"[39m
                [33mheight[39m=[32m"24"[39m
                [33mstroke[39m=[32m"currentColor"[39m
                [33mstroke-linecap[39m=[32m"round"[39m
                [33mstroke-linejoin[39m=[32m"round"[39m
                [33mstroke-width[39m=[32m"2"[39m
                [33mviewBox[39m=[32m"0 0 24 24"[39m
                [33mwidth[39m=[32m"24"[39m
                [33mxmlns[39m=[32m"http://www.w3.org/2000/svg"[39m
              [36m>[39m
                [36m<circle[39m
                  [33mcx[39m=[32m"12"[39m
                  [33mcy[39m=[32m"12"[39m
                  [33mr[39m=[32m"10"[39m
                [36m/>[39m
                [36m<polyline[39m
                  [33mpoints[39m=[32m"12 6 12 12 16 14"[39m
                [36m/>[39m
              [36m</svg>[39m
              [36m<span[39m
                [33mclass[39m=[32m"text-2xl font-bold"[39m
              [36m>[39m
                [0m0[0m
              [36m</span>[39m
            [36m</div>[39m
            [36m<p[39m
              [33mclass[39m=[32m"text-xs text-muted-foreground"[39m
            [36m>[39m
              [0mPending[0m
            [36m</p>[39m
          [36m</div>[39m
          [36m<div[39m
            [33mclass[39m=[32m"text-center"[39m
          [36m>[39m
            [36m<div[39m
              [33mclass[39m=[32m"flex items-center justify-center gap-1 text-green-600"[39m
            [36m>[39m
              [36m<svg[39m
                [33mclass[39m=[32m"lucide lucide-circle-check-big h-4 w-4"[39m
                [33mfill[39m=[32m"none"[39m
                [33mheight[39m=[32m"24"[39m
                [33mstroke[39m=[32m"currentColor"[39m
                [33mstroke-linecap[39m=[32m"round"[39m
                [33mstroke-linejoin[39m=[32m"round"[39m
                [33mstroke-width[39m=[32m"2"[39m
                [33mviewBox[39m=[32m"0 0 24 24"[39m
                [33mwidth[39m=[32m"24"[39m
                [33mxmlns[39m=[32m"http://www.w3.org/2000/svg"[39m
              [36m>[39m
                [36m<path[39m
                  [33md[39m=[32m"M21.801 10A10 10 0 1 1 17 3.335"[39m
                [36m/>[39m
                [36m<path[39m
                  [33md[39m=[32m"m9 11 3 3L22 4"[39m
                [36m/>[39m
              [36m</svg>[39m
              [36m<span[39m
                [33mclass[39m=[32m"text-2xl font-bold"[39m
              [36m>[39m
                [0m0[0m
              [36m</span>[39m
            [36m</div>[39m
            [36m<p[39m
              [33mclass[39m=[32m"text-xs text-muted-foreground"[39m
            [36m>[39m
              [0mCompleted[0m
            [36m</p>[39m
          [36m</div>[39m
          [36m<div[39m
            [33mclass[39m=[32m"text-center"[39m
          [36m>[39m
            [36m<div[39m
              [33mclass[39m=[32m"flex items-center justify-center gap-1 text-red-600"[39m
            [36m>[39m
              [36m<svg[39m
                [33mclass[39m=[32m"lucide lucide-circle-x h-4 w-4"[39m
                [33mfill[39m=[32m"none"[39m
                [33mheight[39m=[32m"24"[39m
                [33mstroke[39m=[32m"currentColor"[39m
                [33mstroke-linecap[39m=[32m"round"[39m
                [33mstroke-linejoin[39m=[32m"round"[39m
                [33mstroke-width[39m=[32m"2"[39m
                [33mviewBox[39m=[32m"0 0 24 24"[39m
                [33mwidth[39m=[32m"24"[39m
                [33mxmlns[39m=[32m"http://www.w3.org/2000/svg"[39m
              [36m>[39m
                [36m<circle[39m
                  [33mcx[39m=[32m"12"[39m
                  [33mcy[39m=[32m"12"[39m
                  [33mr[39m=[32m"10"[39m
                [36m/>[39m
                [36m<path[39m
                  [33md[39m=[32m"m15 9-6 6"[39m
                [36m/>[39m
                [36m<path[39m
                  [33md[39m=[32m"m9 9 6 6"[39m
                [36m/>[39m
              [36m</svg>[39m
              [36m<span[39m
                [33mclass[39m=[32m"text-2xl font-bold"[39m
              [36m>[39m
                [0m0[0m
              [36m</span>[39m
            [36m</div>[39m
            [36m<p[39m
              [33mclass[39m=[32m"text-xs text-muted-foreground"[39m
            [36m>[39m
              [0mFailed[0m
            [36m</p>[39m
          [36m</div>[39m
        [36m</div>[39m
        [36m<div[39m
          [33mclass[39m=[32m"flex gap-2"[39m
        [36m>[39m
          [36m<button[39m
            [33mclass[39m=[32m"inline-flex items-center justify-center whitespace-nowrap rounded-md text-sm font-medium ring-offset-background transition-colors focus-visible:outline-none focus-visible:ring-2 focus-visible:ring-ring focus-visible:ring-offset-2 disabled:pointer-events-none disabled:opacity-50 bg-primary text-primary-foreground hover:bg-primary/90 h-10 px-4 py-2 flex-1"[39m
          [36m>[39m
            [36m<svg[39m
              [33mclass[39m=[32m"lucide lucide-refresh-cw h-4 w-4 mr-2"[39m
              [33mfill[39m=[32m"none"[39m
              [33mheight[39m=[32m"24"[39m
              [33mstroke[39m=[32m"currentColor"[39m
              [33mstroke-linecap[39m=[32m"round"[39m
              [33mstroke-linejoin[39m=[32m"round"[39m
              [33mstroke-width[39m=[32m"2"[39m
              [33mviewBox[39m=[32m"0 0 24 24"[39m
              [33mwidth[39m=[32m"24"[39m
              [33mxmlns[39m=[32m"http://www.w3.org/2000/svg"[39m
            [36m>[39m
              [36m<path[39m
                [33md[39m=[32m"M3 12a9 9 0 0 1 9-9 9.75 9.75 0 0 1 6.74 2.74L21 8"[39m
              [36m/>[39m
              [36m<path[39m
                [33md[39m=[32m"M21 3v5h-5"[39m
              [36m/>[39m
              [36m<path[39m
                [33md[39m=[32m"M21 12a9 9 0 0 1-9 9 9.75 9.75 0 0 1-6.74-2.74L3 16"[39m
              [36m/>[39m
              [36m<path[39m
                [33md[39m=[32m"M8 16H3v5"[39m
              [36m/>[39m
            [36m</svg>[39m
            [0mSync Now[0m
          [36m</button>[39m
          [36m<button[39m
            [33mclass[39m=[32m"inline-flex items-center justify-center whitespace-nowrap text-sm font-medium ring-offset-background transition-colors focus-visible:outline-none focus-visible:ring-2 focus-visible:ring-ring focus-visible:ring-offset-2 disabled:pointer-events-none disabled:opacity-50 border border-input bg-background hover:bg-accent hover:text-accent-foreground h-9 rounded-md px-3"[39m
          [36m>[39m
            [0mClear[0m
          [36m</button>[39m
        [36m</div>[39m
      [36m</div>[39m
    [36m</div>[39m
  [36m</div>[39m
[36m</body>[39m
 ❯ Object.getElementError node_modules/@testing-library/dom/dist/config.js:37:19
 ❯ node_modules/@testing-library/dom/dist/query-helpers.js:76:38
 ❯ node_modules/@testing-library/dom/dist/query-helpers.js:52:17
 ❯ node_modules/@testing-library/dom/dist/query-helpers.js:95:19
 ❯ src/components/__tests__/SyncStatusDashboard.test.tsx:37:19
     35|   it('displays sync queue count', () => {
     36|     render(<SyncStatusDashboard />, { wrapper });
     37|     expect(screen.getByText(/queue/i)).toBeInTheDocument();
       |                   ^
     38|   });
     39| });

⎯⎯⎯⎯⎯⎯⎯⎯⎯⎯⎯⎯⎯⎯⎯⎯⎯⎯⎯⎯⎯[55/186]⎯

 FAIL  src/components/__tests__/TierEnforcement.test.tsx > Tier Enforcement Tests > shows feature for premium users
 FAIL  src/components/__tests__/TierEnforcement.test.tsx > Tier Enforcement Tests > hides feature for free users
 FAIL  src/components/__tests__/TierEnforcement.test.tsx > Tier Enforcement Tests > shows upgrade prompt for restricted features
Error: useNavigate() may be used only in the context of a <Router> component.
 ❯ Object.invariant [as UNSAFE_invariant] node_modules/@remix-run/router/history.ts:494:11
 ❯ useNavigateUnstable node_modules/react-router/lib/hooks.tsx:189:3
 ❯ Proxy.useNavigate node_modules/react-router/lib/hooks.tsx:185:46
 ❯ FeatureGuard src/components/subscription/FeatureGuard.tsx:23:20
     21| }: FeatureGuardProps) {
     22|   const subscription = useSubscription();
     23|   const navigate = useNavigate();
       |                    ^
     24|   const [hasAccess, setHasAccess] = useState<boolean | null>(null);
     25| 
 ❯ renderWithHooks node_modules/react-dom/cjs/react-dom.development.js:15486:18
 ❯ mountIndeterminateComponent node_modules/react-dom/cjs/react-dom.development.js:20103:13
 ❯ beginWork node_modules/react-dom/cjs/react-dom.development.js:21626:16
 ❯ beginWork$1 node_modules/react-dom/cjs/react-dom.development.js:27465:14
 ❯ performUnitOfWork node_modules/react-dom/cjs/react-dom.development.js:26599:12
 ❯ workLoopSync node_modules/react-dom/cjs/react-dom.development.js:26505:5

⎯⎯⎯⎯⎯⎯⎯⎯⎯⎯⎯⎯⎯⎯⎯⎯⎯⎯⎯⎯⎯[56/186]⎯

 FAIL  src/hooks/__tests__/useInventoryFilters.enhanced.test.ts > useInventoryFilters - Enhanced Tests > initializes with empty filters
TypeError: Cannot destructure property 'inventory' of 'undefined' as it is undefined.
 ❯ Module.useInventoryFilters src/hooks/useInventoryFilters.ts:17:3
     15| 
     16| export function useInventoryFilters({
     17|   inventory,
       |   ^
     18|   selectedCategory,
     19|   searchQuery,
 ❯ src/hooks/__tests__/useInventoryFilters.enhanced.test.ts:8:41
 ❯ TestComponent node_modules/@testing-library/react/dist/pure.js:331:27
 ❯ renderWithHooks node_modules/react-dom/cjs/react-dom.development.js:15486:18
 ❯ mountIndeterminateComponent node_modules/react-dom/cjs/react-dom.development.js:20103:13
 ❯ beginWork node_modules/react-dom/cjs/react-dom.development.js:21626:16
 ❯ beginWork$1 node_modules/react-dom/cjs/react-dom.development.js:27465:14
 ❯ performUnitOfWork node_modules/react-dom/cjs/react-dom.development.js:26599:12
 ❯ workLoopSync node_modules/react-dom/cjs/react-dom.development.js:26505:5
 ❯ renderRootSync node_modules/react-dom/cjs/react-dom.development.js:26473:7

⎯⎯⎯⎯⎯⎯⎯⎯⎯⎯⎯⎯⎯⎯⎯⎯⎯⎯⎯⎯⎯[57/186]⎯

 FAIL  src/hooks/__tests__/useInventoryFilters.enhanced.test.ts > useInventoryFilters - Enhanced Tests > sets category filter
TypeError: Cannot destructure property 'inventory' of 'undefined' as it is undefined.
 ❯ Module.useInventoryFilters src/hooks/useInventoryFilters.ts:17:3
     15| 
     16| export function useInventoryFilters({
     17|   inventory,
       |   ^
     18|   selectedCategory,
     19|   searchQuery,
 ❯ src/hooks/__tests__/useInventoryFilters.enhanced.test.ts:13:41
 ❯ TestComponent node_modules/@testing-library/react/dist/pure.js:331:27
 ❯ renderWithHooks node_modules/react-dom/cjs/react-dom.development.js:15486:18
 ❯ mountIndeterminateComponent node_modules/react-dom/cjs/react-dom.development.js:20103:13
 ❯ beginWork node_modules/react-dom/cjs/react-dom.development.js:21626:16
 ❯ beginWork$1 node_modules/react-dom/cjs/react-dom.development.js:27465:14
 ❯ performUnitOfWork node_modules/react-dom/cjs/react-dom.development.js:26599:12
 ❯ workLoopSync node_modules/react-dom/cjs/react-dom.development.js:26505:5
 ❯ renderRootSync node_modules/react-dom/cjs/react-dom.development.js:26473:7

⎯⎯⎯⎯⎯⎯⎯⎯⎯⎯⎯⎯⎯⎯⎯⎯⎯⎯⎯⎯⎯[58/186]⎯

 FAIL  src/hooks/__tests__/useInventoryFilters.enhanced.test.ts > useInventoryFilters - Enhanced Tests > filters items by category
TypeError: Cannot destructure property 'inventory' of 'undefined' as it is undefined.
 ❯ Module.useInventoryFilters src/hooks/useInventoryFilters.ts:17:3
     15| 
     16| export function useInventoryFilters({
     17|   inventory,
       |   ^
     18|   selectedCategory,
     19|   searchQuery,
 ❯ src/hooks/__tests__/useInventoryFilters.enhanced.test.ts:24:41
 ❯ TestComponent node_modules/@testing-library/react/dist/pure.js:331:27
 ❯ renderWithHooks node_modules/react-dom/cjs/react-dom.development.js:15486:18
 ❯ mountIndeterminateComponent node_modules/react-dom/cjs/react-dom.development.js:20103:13
 ❯ beginWork node_modules/react-dom/cjs/react-dom.development.js:21626:16
 ❯ beginWork$1 node_modules/react-dom/cjs/react-dom.development.js:27465:14
 ❯ performUnitOfWork node_modules/react-dom/cjs/react-dom.development.js:26599:12
 ❯ workLoopSync node_modules/react-dom/cjs/react-dom.development.js:26505:5
 ❯ renderRootSync node_modules/react-dom/cjs/react-dom.development.js:26473:7

⎯⎯⎯⎯⎯⎯⎯⎯⎯⎯⎯⎯⎯⎯⎯⎯⎯⎯⎯⎯⎯[59/186]⎯

 FAIL  src/hooks/__tests__/useInventoryFilters.enhanced.test.ts > useInventoryFilters - Enhanced Tests > clears all filters
TypeError: Cannot destructure property 'inventory' of 'undefined' as it is undefined.
 ❯ Module.useInventoryFilters src/hooks/useInventoryFilters.ts:17:3
     15| 
     16| export function useInventoryFilters({
     17|   inventory,
       |   ^
     18|   selectedCategory,
     19|   searchQuery,
 ❯ src/hooks/__tests__/useInventoryFilters.enhanced.test.ts:41:41
 ❯ TestComponent node_modules/@testing-library/react/dist/pure.js:331:27
 ❯ renderWithHooks node_modules/react-dom/cjs/react-dom.development.js:15486:18
 ❯ mountIndeterminateComponent node_modules/react-dom/cjs/react-dom.development.js:20103:13
 ❯ beginWork node_modules/react-dom/cjs/react-dom.development.js:21626:16
 ❯ beginWork$1 node_modules/react-dom/cjs/react-dom.development.js:27465:14
 ❯ performUnitOfWork node_modules/react-dom/cjs/react-dom.development.js:26599:12
 ❯ workLoopSync node_modules/react-dom/cjs/react-dom.development.js:26505:5
 ❯ renderRootSync node_modules/react-dom/cjs/react-dom.development.js:26473:7

⎯⎯⎯⎯⎯⎯⎯⎯⎯⎯⎯⎯⎯⎯⎯⎯⎯⎯⎯⎯⎯[60/186]⎯

 FAIL  src/hooks/__tests__/useInventoryFilters.enhanced.test.ts > useInventoryFilters - Enhanced Tests > applies multiple filters simultaneously
TypeError: Cannot destructure property 'inventory' of 'undefined' as it is undefined.
 ❯ Module.useInventoryFilters src/hooks/useInventoryFilters.ts:17:3
     15| 
     16| export function useInventoryFilters({
     17|   inventory,
       |   ^
     18|   selectedCategory,
     19|   searchQuery,
 ❯ src/hooks/__tests__/useInventoryFilters.enhanced.test.ts:56:41
 ❯ TestComponent node_modules/@testing-library/react/dist/pure.js:331:27
 ❯ renderWithHooks node_modules/react-dom/cjs/react-dom.development.js:15486:18
 ❯ mountIndeterminateComponent node_modules/react-dom/cjs/react-dom.development.js:20103:13
 ❯ beginWork node_modules/react-dom/cjs/react-dom.development.js:21626:16
 ❯ beginWork$1 node_modules/react-dom/cjs/react-dom.development.js:27465:14
 ❯ performUnitOfWork node_modules/react-dom/cjs/react-dom.development.js:26599:12
 ❯ workLoopSync node_modules/react-dom/cjs/react-dom.development.js:26505:5
 ❯ renderRootSync node_modules/react-dom/cjs/react-dom.development.js:26473:7

⎯⎯⎯⎯⎯⎯⎯⎯⎯⎯⎯⎯⎯⎯⎯⎯⎯⎯⎯⎯⎯[61/186]⎯

 FAIL  src/hooks/__tests__/useInventoryFilters.test.ts > useInventoryFilters > should initialize with default filters
TypeError: Cannot destructure property 'inventory' of 'undefined' as it is undefined.
 ❯ Module.useInventoryFilters src/hooks/useInventoryFilters.ts:17:3
     15| 
     16| export function useInventoryFilters({
     17|   inventory,
       |   ^
     18|   selectedCategory,
     19|   searchQuery,
 ❯ src/hooks/__tests__/useInventoryFilters.test.ts:7:41
 ❯ TestComponent node_modules/@testing-library/react/dist/pure.js:331:27
 ❯ renderWithHooks node_modules/react-dom/cjs/react-dom.development.js:15486:18
 ❯ mountIndeterminateComponent node_modules/react-dom/cjs/react-dom.development.js:20103:13
 ❯ beginWork node_modules/react-dom/cjs/react-dom.development.js:21626:16
 ❯ beginWork$1 node_modules/react-dom/cjs/react-dom.development.js:27465:14
 ❯ performUnitOfWork node_modules/react-dom/cjs/react-dom.development.js:26599:12
 ❯ workLoopSync node_modules/react-dom/cjs/react-dom.development.js:26505:5
 ❯ renderRootSync node_modules/react-dom/cjs/react-dom.development.js:26473:7

⎯⎯⎯⎯⎯⎯⎯⎯⎯⎯⎯⎯⎯⎯⎯⎯⎯⎯⎯⎯⎯[62/186]⎯

 FAIL  src/hooks/__tests__/useInventoryFilters.test.ts > useInventoryFilters > should update search filter
TypeError: Cannot destructure property 'inventory' of 'undefined' as it is undefined.
 ❯ Module.useInventoryFilters src/hooks/useInventoryFilters.ts:17:3
     15| 
     16| export function useInventoryFilters({
     17|   inventory,
       |   ^
     18|   selectedCategory,
     19|   searchQuery,
 ❯ src/hooks/__tests__/useInventoryFilters.test.ts:19:41
 ❯ TestComponent node_modules/@testing-library/react/dist/pure.js:331:27
 ❯ renderWithHooks node_modules/react-dom/cjs/react-dom.development.js:15486:18
 ❯ mountIndeterminateComponent node_modules/react-dom/cjs/react-dom.development.js:20103:13
 ❯ beginWork node_modules/react-dom/cjs/react-dom.development.js:21626:16
 ❯ beginWork$1 node_modules/react-dom/cjs/react-dom.development.js:27465:14
 ❯ performUnitOfWork node_modules/react-dom/cjs/react-dom.development.js:26599:12
 ❯ workLoopSync node_modules/react-dom/cjs/react-dom.development.js:26505:5
 ❯ renderRootSync node_modules/react-dom/cjs/react-dom.development.js:26473:7

⎯⎯⎯⎯⎯⎯⎯⎯⎯⎯⎯⎯⎯⎯⎯⎯⎯⎯⎯⎯⎯[63/186]⎯

 FAIL  src/hooks/__tests__/useInventoryFilters.test.ts > useInventoryFilters > should reset all filters
TypeError: Cannot destructure property 'inventory' of 'undefined' as it is undefined.
 ❯ Module.useInventoryFilters src/hooks/useInventoryFilters.ts:17:3
     15| 
     16| export function useInventoryFilters({
     17|   inventory,
       |   ^
     18|   selectedCategory,
     19|   searchQuery,
 ❯ src/hooks/__tests__/useInventoryFilters.test.ts:29:41
 ❯ TestComponent node_modules/@testing-library/react/dist/pure.js:331:27
 ❯ renderWithHooks node_modules/react-dom/cjs/react-dom.development.js:15486:18
 ❯ mountIndeterminateComponent node_modules/react-dom/cjs/react-dom.development.js:20103:13
 ❯ beginWork node_modules/react-dom/cjs/react-dom.development.js:21626:16
 ❯ beginWork$1 node_modules/react-dom/cjs/react-dom.development.js:27465:14
 ❯ performUnitOfWork node_modules/react-dom/cjs/react-dom.development.js:26599:12
 ❯ workLoopSync node_modules/react-dom/cjs/react-dom.development.js:26505:5
 ❯ renderRootSync node_modules/react-dom/cjs/react-dom.development.js:26473:7

⎯⎯⎯⎯⎯⎯⎯⎯⎯⎯⎯⎯⎯⎯⎯⎯⎯⎯⎯⎯⎯[64/186]⎯

 FAIL  src/hooks/__tests__/useOfflineSync.test.ts > useOfflineSync Hook Tests > queues operations when offline
ReferenceError: IDBRequest is not defined
 ❯ wrap node_modules/idb/build/index.js:143:26
    141|     // We sometimes generate multiple promises from a single IDBReques…
    142|     // IDB is weird and a single IDBRequest can yield many responses, …
    143|     if (value instanceof IDBRequest)
       |                          ^
    144|         return promisifyRequest(value);
    145|     // If we've already transformed this value before, reuse the trans…
 ❯ Module.openDB node_modules/idb/build/index.js:169:25
 ❯ EnhancedOfflineQueue.init src/lib/enhancedOfflineQueue.ts:32:21
 ❯ EnhancedOfflineQueue.enqueue src/lib/enhancedOfflineQueue.ts:42:30
 ❯ Object.queueOperation src/hooks/useOfflineSync.ts:69:37
 ❯ src/hooks/__tests__/useOfflineSync.test.ts:36:28
 ❯ node_modules/@testing-library/react/dist/act-compat.js:48:24
 ❯ act node_modules/react/cjs/react.development.js:2512:16
 ❯ Proxy.<anonymous> node_modules/@testing-library/react/dist/act-compat.js:47:25
 ❯ src/hooks/__tests__/useOfflineSync.test.ts:35:11

⎯⎯⎯⎯⎯⎯⎯⎯⎯⎯⎯⎯⎯⎯⎯⎯⎯⎯⎯⎯⎯[65/186]⎯

 FAIL  src/hooks/__tests__/useOfflineSync.test.ts > useOfflineSync Hook Tests > syncs queue when back online
ReferenceError: IDBRequest is not defined
 ❯ wrap node_modules/idb/build/index.js:143:26
    141|     // We sometimes generate multiple promises from a single IDBReques…
    142|     // IDB is weird and a single IDBRequest can yield many responses, …
    143|     if (value instanceof IDBRequest)
       |                          ^
    144|         return promisifyRequest(value);
    145|     // If we've already transformed this value before, reuse the trans…
 ❯ Module.openDB node_modules/idb/build/index.js:169:25
 ❯ EnhancedOfflineQueue.init src/lib/enhancedOfflineQueue.ts:32:21
 ❯ EnhancedOfflineQueue.enqueue src/lib/enhancedOfflineQueue.ts:42:30
 ❯ Object.queueOperation src/hooks/useOfflineSync.ts:69:37
 ❯ src/hooks/__tests__/useOfflineSync.test.ts:51:28
 ❯ node_modules/@testing-library/react/dist/act-compat.js:48:24
 ❯ act node_modules/react/cjs/react.development.js:2512:16
 ❯ Proxy.<anonymous> node_modules/@testing-library/react/dist/act-compat.js:47:25
 ❯ src/hooks/__tests__/useOfflineSync.test.ts:50:11

⎯⎯⎯⎯⎯⎯⎯⎯⎯⎯⎯⎯⎯⎯⎯⎯⎯⎯⎯⎯⎯[66/186]⎯

 FAIL  src/hooks/__tests__/useOfflineSync.test.ts > useOfflineSync Hook Tests > handles sync errors
ReferenceError: IDBRequest is not defined
 ❯ wrap node_modules/idb/build/index.js:143:26
    141|     // We sometimes generate multiple promises from a single IDBReques…
    142|     // IDB is weird and a single IDBRequest can yield many responses, …
    143|     if (value instanceof IDBRequest)
       |                          ^
    144|         return promisifyRequest(value);
    145|     // If we've already transformed this value before, reuse the trans…
 ❯ Module.openDB node_modules/idb/build/index.js:169:25
 ❯ EnhancedOfflineQueue.init src/lib/enhancedOfflineQueue.ts:32:21
 ❯ EnhancedOfflineQueue.enqueue src/lib/enhancedOfflineQueue.ts:42:30
 ❯ Object.queueOperation src/hooks/useOfflineSync.ts:69:37
 ❯ src/hooks/__tests__/useOfflineSync.test.ts:68:28
 ❯ node_modules/@testing-library/react/dist/act-compat.js:48:24
 ❯ act node_modules/react/cjs/react.development.js:2512:16
 ❯ Proxy.<anonymous> node_modules/@testing-library/react/dist/act-compat.js:47:25
 ❯ src/hooks/__tests__/useOfflineSync.test.ts:67:11

⎯⎯⎯⎯⎯⎯⎯⎯⎯⎯⎯⎯⎯⎯⎯⎯⎯⎯⎯⎯⎯[67/186]⎯

 FAIL  src/hooks/__tests__/usePullToRefresh.test.ts > usePullToRefresh Hook Tests > triggers refresh on pull gesture
TypeError: result.current.handleTouchStart is not a function
 ❯ src/hooks/__tests__/usePullToRefresh.test.ts:19:22
     17|     // Simulate pull gesture
     18|     act(() => {
     19|       result.current.handleTouchStart({ touches: [{ clientY: 0 }] } as…
       |                      ^
     20|       result.current.handleTouchMove({ touches: [{ clientY: 100 }] } a…
     21|       result.current.handleTouchEnd();
 ❯ node_modules/@testing-library/react/dist/act-compat.js:48:24
 ❯ act node_modules/react/cjs/react.development.js:2512:16
 ❯ Proxy.<anonymous> node_modules/@testing-library/react/dist/act-compat.js:47:25
 ❯ src/hooks/__tests__/usePullToRefresh.test.ts:18:5

⎯⎯⎯⎯⎯⎯⎯⎯⎯⎯⎯⎯⎯⎯⎯⎯⎯⎯⎯⎯⎯[68/186]⎯

 FAIL  src/hooks/__tests__/usePullToRefresh.test.ts > usePullToRefresh Hook Tests > shows loading state during refresh
TypeError: result.current.handleTouchStart is not a function
 ❯ src/hooks/__tests__/usePullToRefresh.test.ts:32:22
     30|     
     31|     act(() => {
     32|       result.current.handleTouchStart({ touches: [{ clientY: 0 }] } as…
       |                      ^
     33|       result.current.handleTouchMove({ touches: [{ clientY: 100 }] } a…
     34|       result.current.handleTouchEnd();
 ❯ node_modules/@testing-library/react/dist/act-compat.js:48:24
 ❯ act node_modules/react/cjs/react.development.js:2512:16
 ❯ Proxy.<anonymous> node_modules/@testing-library/react/dist/act-compat.js:47:25
 ❯ src/hooks/__tests__/usePullToRefresh.test.ts:31:5

⎯⎯⎯⎯⎯⎯⎯⎯⎯⎯⎯⎯⎯⎯⎯⎯⎯⎯⎯⎯⎯[69/186]⎯

 FAIL  src/hooks/__tests__/useSwipeGesture.test.ts > useSwipeGesture Hook Tests > detects swipe left
TypeError: result.current.handleTouchStart is not a function
 ❯ src/hooks/__tests__/useSwipeGesture.test.ts:13:22
     11|     
     12|     act(() => {
     13|       result.current.handleTouchStart({ touches: [{ clientX: 100 }] } …
       |                      ^
     14|       result.current.handleTouchMove({ touches: [{ clientX: 0 }] } as …
     15|       result.current.handleTouchEnd();
 ❯ node_modules/@testing-library/react/dist/act-compat.js:48:24
 ❯ act node_modules/react/cjs/react.development.js:2512:16
 ❯ Proxy.<anonymous> node_modules/@testing-library/react/dist/act-compat.js:47:25
 ❯ src/hooks/__tests__/useSwipeGesture.test.ts:12:5

⎯⎯⎯⎯⎯⎯⎯⎯⎯⎯⎯⎯⎯⎯⎯⎯⎯⎯⎯⎯⎯[70/186]⎯

 FAIL  src/hooks/__tests__/useSwipeGesture.test.ts > useSwipeGesture Hook Tests > detects swipe right
TypeError: result.current.handleTouchStart is not a function
 ❯ src/hooks/__tests__/useSwipeGesture.test.ts:28:22
     26|     
     27|     act(() => {
     28|       result.current.handleTouchStart({ touches: [{ clientX: 0 }] } as…
       |                      ^
     29|       result.current.handleTouchMove({ touches: [{ clientX: 100 }] } a…
     30|       result.current.handleTouchEnd();
 ❯ node_modules/@testing-library/react/dist/act-compat.js:48:24
 ❯ act node_modules/react/cjs/react.development.js:2512:16
 ❯ Proxy.<anonymous> node_modules/@testing-library/react/dist/act-compat.js:47:25
 ❯ src/hooks/__tests__/useSwipeGesture.test.ts:27:5

⎯⎯⎯⎯⎯⎯⎯⎯⎯⎯⎯⎯⎯⎯⎯⎯⎯⎯⎯⎯⎯[71/186]⎯

 FAIL  src/hooks/__tests__/useSwipeGesture.test.ts > useSwipeGesture Hook Tests > requires minimum swipe distance
TypeError: result.current.handleTouchStart is not a function
 ❯ src/hooks/__tests__/useSwipeGesture.test.ts:43:22
     41|     
     42|     act(() => {
     43|       result.current.handleTouchStart({ touches: [{ clientX: 100 }] } …
       |                      ^
     44|       result.current.handleTouchMove({ touches: [{ clientX: 75 }] } as…
     45|       result.current.handleTouchEnd();
 ❯ node_modules/@testing-library/react/dist/act-compat.js:48:24
 ❯ act node_modules/react/cjs/react.development.js:2512:16
 ❯ Proxy.<anonymous> node_modules/@testing-library/react/dist/act-compat.js:47:25
 ❯ src/hooks/__tests__/useSwipeGesture.test.ts:42:5

⎯⎯⎯⎯⎯⎯⎯⎯⎯⎯⎯⎯⎯⎯⎯⎯⎯⎯⎯⎯⎯[72/186]⎯

 FAIL  src/hooks/__tests__/useSwipeGesture.test.ts > useSwipeGesture Hook Tests > handles vertical swipes
TypeError: result.current.handleTouchStart is not a function
 ❯ src/hooks/__tests__/useSwipeGesture.test.ts:58:22
     56|     
     57|     act(() => {
     58|       result.current.handleTouchStart({ touches: [{ clientY: 100 }] } …
       |                      ^
     59|       result.current.handleTouchMove({ touches: [{ clientY: 0 }] } as …
     60|       result.current.handleTouchEnd();
 ❯ node_modules/@testing-library/react/dist/act-compat.js:48:24
 ❯ act node_modules/react/cjs/react.development.js:2512:16
 ❯ Proxy.<anonymous> node_modules/@testing-library/react/dist/act-compat.js:47:25
 ❯ src/hooks/__tests__/useSwipeGesture.test.ts:57:5

⎯⎯⎯⎯⎯⎯⎯⎯⎯⎯⎯⎯⎯⎯⎯⎯⎯⎯⎯⎯⎯[73/186]⎯

 FAIL  src/lib/__tests__/barcodeCache.test.ts > BarcodeCacheManager > initializes cache
 FAIL  src/lib/__tests__/barcodeCache.test.ts > BarcodeCacheManager > stores and retrieves barcode data
Error: Test timed out in 5000ms.
If this is a long-running test, pass a timeout value as the last argument or configure it globally with "testTimeout".
⎯⎯⎯⎯⎯⎯⎯⎯⎯⎯⎯⎯⎯⎯⎯⎯⎯⎯⎯⎯⎯[74/186]⎯

 FAIL  src/lib/__tests__/errorHandler.test.ts > ErrorHandler - Comprehensive Tests > Error Recovery > attempts recovery for network errors
TypeError: ErrorHandler is not a constructor
 ❯ src/lib/__tests__/errorHandler.test.ts:32:23
     30|     it('attempts recovery for network errors', async () => {
     31|       const networkError = new Error('Network request failed');
     32|       const handler = new ErrorHandler();
       |                       ^
     33|       const recovered = await handler.recover(networkError);
     34|       expect(recovered).toBeDefined();

⎯⎯⎯⎯⎯⎯⎯⎯⎯⎯⎯⎯⎯⎯⎯⎯⎯⎯⎯⎯⎯[75/186]⎯

 FAIL  src/lib/__tests__/errorHandler.test.ts > ErrorHandler - Comprehensive Tests > Error Recovery > provides user-friendly error messages
TypeError: ErrorHandler is not a constructor
 ❯ src/lib/__tests__/errorHandler.test.ts:38:23
     36| 
     37|     it('provides user-friendly error messages', () => {
     38|       const handler = new ErrorHandler();
       |                       ^
     39|       const message = handler.getUserMessage(new Error('Database error…
     40|       expect(message).toContain('error');

⎯⎯⎯⎯⎯⎯⎯⎯⎯⎯⎯⎯⎯⎯⎯⎯⎯⎯⎯⎯⎯[76/186]⎯

 FAIL  src/lib/__tests__/errorHandler.test.ts > ErrorHandler - Comprehensive Tests > Error Analytics > tracks error frequency
TypeError: ErrorHandler is not a constructor
 ❯ src/lib/__tests__/errorHandler.test.ts:47:23
     45|   describe('Error Analytics', () => {
     46|     it('tracks error frequency', () => {
     47|       const handler = new ErrorHandler();
       |                       ^
     48|       handler.trackError('DatabaseError');
     49|       handler.trackError('DatabaseError');

⎯⎯⎯⎯⎯⎯⎯⎯⎯⎯⎯⎯⎯⎯⎯⎯⎯⎯⎯⎯⎯[77/186]⎯

 FAIL  src/lib/__tests__/errorHandler.test.ts > ErrorHandler - Comprehensive Tests > Error Analytics > identifies error patterns
TypeError: ErrorHandler is not a constructor
 ❯ src/lib/__tests__/errorHandler.test.ts:55:23
     53| 
     54|     it('identifies error patterns', () => {
     55|       const handler = new ErrorHandler();
       |                       ^
     56|       handler.trackError('NetworkError');
     57|       handler.trackError('NetworkError');

⎯⎯⎯⎯⎯⎯⎯⎯⎯⎯⎯⎯⎯⎯⎯⎯⎯⎯⎯⎯⎯[78/186]⎯

 FAIL  src/services/__tests__/barcode.service.comprehensive.test.ts > BarcodeService - Comprehensive Tests > Barcode Validation > validates UPC-A format (12 digits)
TypeError: service.isValidUPC is not a function
 ❯ src/services/__tests__/barcode.service.comprehensive.test.ts:23:22
     21|   describe('Barcode Validation', () => {
     22|     it('validates UPC-A format (12 digits)', () => {
     23|       expect(service.isValidUPC('012345678905')).toBe(true);
       |                      ^
     24|       expect(service.isValidUPC('123456789012')).toBe(true);
     25|     });

⎯⎯⎯⎯⎯⎯⎯⎯⎯⎯⎯⎯⎯⎯⎯⎯⎯⎯⎯⎯⎯[79/186]⎯

 FAIL  src/services/__tests__/barcode.service.comprehensive.test.ts > BarcodeService - Comprehensive Tests > Barcode Validation > rejects invalid UPC formats
TypeError: service.isValidUPC is not a function
 ❯ src/services/__tests__/barcode.service.comprehensive.test.ts:28:22
     26| 
     27|     it('rejects invalid UPC formats', () => {
     28|       expect(service.isValidUPC('12345')).toBe(false);
       |                      ^
     29|       expect(service.isValidUPC('abcdefghijkl')).toBe(false);
     30|       expect(service.isValidUPC('')).toBe(false);

⎯⎯⎯⎯⎯⎯⎯⎯⎯⎯⎯⎯⎯⎯⎯⎯⎯⎯⎯⎯⎯[80/186]⎯

 FAIL  src/services/__tests__/barcode.service.comprehensive.test.ts > BarcodeService - Comprehensive Tests > Barcode Validation > validates EAN-13 format
TypeError: service.isValidEAN is not a function
 ❯ src/services/__tests__/barcode.service.comprehensive.test.ts:34:22
     32| 
     33|     it('validates EAN-13 format', () => {
     34|       expect(service.isValidEAN('5901234123457')).toBe(true);
       |                      ^
     35|     });
     36| 

⎯⎯⎯⎯⎯⎯⎯⎯⎯⎯⎯⎯⎯⎯⎯⎯⎯⎯⎯⎯⎯[81/186]⎯

 FAIL  src/services/__tests__/barcode.service.comprehensive.test.ts > BarcodeService - Comprehensive Tests > Barcode Validation > detects barcode types correctly
TypeError: service.detectBarcodeType is not a function
 ❯ src/services/__tests__/barcode.service.comprehensive.test.ts:38:22
     36| 
     37|     it('detects barcode types correctly', () => {
     38|       expect(service.detectBarcodeType('012345678905')).toBe('UPC');
       |                      ^
     39|       expect(service.detectBarcodeType('5901234123457')).toBe('EAN');
     40|       expect(service.detectBarcodeType('CODE128')).toBe('CODE128');

⎯⎯⎯⎯⎯⎯⎯⎯⎯⎯⎯⎯⎯⎯⎯⎯⎯⎯⎯⎯⎯[82/186]⎯

 FAIL  src/services/__tests__/barcode.service.comprehensive.test.ts > BarcodeService - Comprehensive Tests > Offline Mode > handles offline barcode lookup gracefully
TypeError: Cannot set properties of undefined (setting 'onerror')
 ❯ src/lib/barcodeCache.ts:30:15
     28|       const request = indexedDB.open(DB_NAME, DB_VERSION);
     29| 
     30|       request.onerror = () => reject(request.error);
       |               ^
     31|       request.onsuccess = () => {
     32|         this.db = request.result;
 ❯ BarcodeCacheManager.init src/lib/barcodeCache.ts:27:12
 ❯ BarcodeCacheManager.get src/lib/barcodeCache.ts:49:30
 ❯ BarcodeService.lookup src/services/barcode/BarcodeService.ts:39:41
 ❯ src/services/__tests__/barcode.service.comprehensive.test.ts:47:36

⎯⎯⎯⎯⎯⎯⎯⎯⎯⎯⎯⎯⎯⎯⎯⎯⎯⎯⎯⎯⎯[83/186]⎯

 FAIL  src/services/__tests__/barcode.service.test.ts > BarcodeService > should validate UPC format
TypeError: barcodeService.isValidUPC is not a function
 ❯ src/services/__tests__/barcode.service.test.ts:13:27
     11| 
     12|   it('should validate UPC format', () => {
     13|     expect(barcodeService.isValidUPC('012345678905')).toBe(true);
       |                           ^
     14|     expect(barcodeService.isValidUPC('invalid')).toBe(false);
     15|   });

⎯⎯⎯⎯⎯⎯⎯⎯⎯⎯⎯⎯⎯⎯⎯⎯⎯⎯⎯⎯⎯[84/186]⎯

 FAIL  src/services/__tests__/barcode.service.test.ts > BarcodeService > should validate EAN format
TypeError: barcodeService.isValidEAN is not a function
 ❯ src/services/__tests__/barcode.service.test.ts:18:27
     16| 
     17|   it('should validate EAN format', () => {
     18|     expect(barcodeService.isValidEAN('5901234123457')).toBe(true);
       |                           ^
     19|     expect(barcodeService.isValidEAN('123')).toBe(false);
     20|   });

⎯⎯⎯⎯⎯⎯⎯⎯⎯⎯⎯⎯⎯⎯⎯⎯⎯⎯⎯⎯⎯[85/186]⎯

 FAIL  src/services/__tests__/barcode.service.test.ts > BarcodeService > should detect barcode type
TypeError: barcodeService.detectBarcodeType is not a function
 ❯ src/services/__tests__/barcode.service.test.ts:23:27
     21| 
     22|   it('should detect barcode type', () => {
     23|     expect(barcodeService.detectBarcodeType('012345678905')).toBe('UPC…
       |                           ^
     24|     expect(barcodeService.detectBarcodeType('5901234123457')).toBe('EA…
     25|   });

⎯⎯⎯⎯⎯⎯⎯⎯⎯⎯⎯⎯⎯⎯⎯⎯⎯⎯⎯⎯⎯[86/186]⎯

 FAIL  src/services/__tests__/categoryServices.comprehensive.test.ts > Category Services - Comprehensive Tests > FirearmsService > should update firearm
TypeError: Cannot read properties of null (reading 'name')
 ❯ src/services/__tests__/categoryServices.comprehensive.test.ts:59:21
     57|     it('should update firearm', async () => {
     58|       const result = await firearmsService.update('123', { name: 'Upda…
     59|       expect(result.name).toBe('Updated');
       |                     ^
     60|     });
     61| 

⎯⎯⎯⎯⎯⎯⎯⎯⎯⎯⎯⎯⎯⎯⎯⎯⎯⎯⎯⎯⎯[87/186]⎯

 FAIL  src/services/__tests__/categoryServices.test.ts > FirearmsService > should validate required fields
AssertionError: promise resolved "{ id: '123', name: 'Test Item' }" instead of rejecting

- Expected
+ Received

- [Error: rejected promise]
+ Object {
+   "id": "123",
+   "name": "Test Item",
+ }

 ❯ src/services/__tests__/categoryServices.test.ts:73:5
     71|     await expect(
     72|       firearmsService.create(invalidData as any, 'user123')
     73|     ).rejects.toThrow();
       |     ^
     74|   });
     75| });

⎯⎯⎯⎯⎯⎯⎯⎯⎯⎯⎯⎯⎯⎯⎯⎯⎯⎯⎯⎯⎯[88/186]⎯

 FAIL  src/services/__tests__/inventory.service.enhanced.test.ts > InventoryService - Enhanced Tests > CRUD Operations > creates new inventory item
TypeError: service.create is not a function
 ❯ src/services/__tests__/inventory.service.enhanced.test.ts:25:36
     23|       } as any);
     24| 
     25|       const result = await service.create(mockFirearm);
       |                                    ^
     26|       expect(result).toEqual(mockFirearm);
     27|       expect(mockInsert).toHaveBeenCalledWith(mockFirearm);

⎯⎯⎯⎯⎯⎯⎯⎯⎯⎯⎯⎯⎯⎯⎯⎯⎯⎯⎯⎯⎯[89/186]⎯

 FAIL  src/services/__tests__/inventory.service.enhanced.test.ts > InventoryService - Enhanced Tests > CRUD Operations > retrieves inventory item by id
TypeError: service.getById is not a function
 ❯ src/services/__tests__/inventory.service.enhanced.test.ts:41:36
     39|       } as any);
     40| 
     41|       const result = await service.getById('firearm-1');
       |                                    ^
     42|       expect(result).toEqual(mockFirearm);
     43|     });

⎯⎯⎯⎯⎯⎯⎯⎯⎯⎯⎯⎯⎯⎯⎯⎯⎯⎯⎯⎯⎯[90/186]⎯

 FAIL  src/services/__tests__/inventory.service.enhanced.test.ts > InventoryService - Enhanced Tests > CRUD Operations > updates inventory item
TypeError: service.update is not a function
 ❯ src/services/__tests__/inventory.service.enhanced.test.ts:55:36
     53|       } as any);
     54| 
     55|       const result = await service.update('firearm-1', updates);
       |                                    ^
     56|       expect(result.name).toBe('Updated Name');
     57|     });

⎯⎯⎯⎯⎯⎯⎯⎯⎯⎯⎯⎯⎯⎯⎯⎯⎯⎯⎯⎯⎯[91/186]⎯

 FAIL  src/services/__tests__/inventory.service.enhanced.test.ts > InventoryService - Enhanced Tests > CRUD Operations > deletes inventory item
TypeError: service.delete is not a function
 ❯ src/services/__tests__/inventory.service.enhanced.test.ts:68:28
     66|       } as any);
     67| 
     68|       await expect(service.delete('firearm-1')).resolves.not.toThrow();
       |                            ^
     69|     });
     70|   });

⎯⎯⎯⎯⎯⎯⎯⎯⎯⎯⎯⎯⎯⎯⎯⎯⎯⎯⎯⎯⎯[92/186]⎯

 FAIL  src/services/__tests__/inventory.service.enhanced.test.ts > InventoryService - Enhanced Tests > Querying > filters by category
TypeError: service.getByCategory is not a function
 ❯ src/services/__tests__/inventory.service.enhanced.test.ts:80:36
     78|       } as any);
     79| 
     80|       const result = await service.getByCategory('firearms');
       |                                    ^
     81|       expect(result).toEqual(mockData);
     82|     });

⎯⎯⎯⎯⎯⎯⎯⎯⎯⎯⎯⎯⎯⎯⎯⎯⎯⎯⎯⎯⎯[93/186]⎯

 FAIL  src/services/__tests__/inventory.service.test.ts > InventoryService > should save firearm item
TypeError: Cannot destructure property 'data' of '(intermediate value)' as it is undefined.
 ❯ InventoryService.getCategoryId src/services/inventory.service.ts:223:13
    221|   private async getCategoryId(name: string): Promise<string | null> {
    222|     if (!name) return null;
    223|     const { data } = await supabase.from('categories').select('id').il…
       |             ^
    224|     return data?.id || null;
    225|   }
 ❯ InventoryService.saveItem src/services/inventory.service.ts:8:26
 ❯ src/services/__tests__/inventory.service.test.ts:48:5

⎯⎯⎯⎯⎯⎯⎯⎯⎯⎯⎯⎯⎯⎯⎯⎯⎯⎯⎯⎯⎯[94/186]⎯

 FAIL  src/services/__tests__/reports.service.test.ts > ReportService - Comprehensive Tests > PDF Generation > generates inventory PDF report
TypeError: reportService.generatePDF is not a function
 ❯ src/services/__tests__/reports.service.test.ts:29:39
     27|       ];
     28|       
     29|       const pdf = await reportService.generatePDF(items);
       |                                       ^
     30|       expect(pdf).toBeDefined();
     31|       expect(jsPDF).toHaveBeenCalled();

⎯⎯⎯⎯⎯⎯⎯⎯⎯⎯⎯⎯⎯⎯⎯⎯⎯⎯⎯⎯⎯[95/186]⎯

 FAIL  src/services/__tests__/reports.service.test.ts > ReportService - Comprehensive Tests > PDF Generation > includes images in PDF
TypeError: reportService.generatePDF is not a function
 ❯ src/services/__tests__/reports.service.test.ts:39:39
     37|       ];
     38|       
     39|       const pdf = await reportService.generatePDF(items, { includeImag…
       |                                       ^
     40|       expect(pdf).toBeDefined();
     41|     });

⎯⎯⎯⎯⎯⎯⎯⎯⎯⎯⎯⎯⎯⎯⎯⎯⎯⎯⎯⎯⎯[96/186]⎯

 FAIL  src/services/__tests__/reports.service.test.ts > ReportService - Comprehensive Tests > PDF Generation > handles large datasets
TypeError: reportService.generatePDF is not a function
 ❯ src/services/__tests__/reports.service.test.ts:50:34
     48|       }));
     49|       
     50|       await expect(reportService.generatePDF(items)).resolves.not.toTh…
       |                                  ^
     51|     });
     52|   });

⎯⎯⎯⎯⎯⎯⎯⎯⎯⎯⎯⎯⎯⎯⎯⎯⎯⎯⎯⎯⎯[97/186]⎯

 FAIL  src/services/__tests__/reports.service.test.ts > ReportService - Comprehensive Tests > CSV Export > exports inventory to CSV
TypeError: reportService.exportCSV is not a function
 ❯ src/services/__tests__/reports.service.test.ts:61:39
     59|       ];
     60|       
     61|       const csv = await reportService.exportCSV(items);
       |                                       ^
     62|       expect(csv).toContain('name');
     63|       expect(csv).toContain('Item 1');

⎯⎯⎯⎯⎯⎯⎯⎯⎯⎯⎯⎯⎯⎯⎯⎯⎯⎯⎯⎯⎯[98/186]⎯

 FAIL  src/services/__tests__/reports.service.test.ts > ReportService - Comprehensive Tests > CSV Export > handles special characters in CSV
TypeError: reportService.exportCSV is not a function
 ❯ src/services/__tests__/reports.service.test.ts:68:39
     66|     it('handles special characters in CSV', async () => {
     67|       const items = [{ id: '1', name: 'Item, with "quotes"', category:…
     68|       const csv = await reportService.exportCSV(items);
       |                                       ^
     69|       expect(csv).toContain('"Item, with ""quotes"""');
     70|     });

⎯⎯⎯⎯⎯⎯⎯⎯⎯⎯⎯⎯⎯⎯⎯⎯⎯⎯⎯⎯⎯[99/186]⎯

 FAIL  src/services/__tests__/sync.service.test.ts > SyncService - Comprehensive Tests > Queue Management > adds items to sync queue
TypeError: syncService.addToQueue is not a function
 ❯ src/services/__tests__/sync.service.test.ts:18:25
     16|     it('adds items to sync queue', async () => {
     17|       const item = { id: '1', name: 'Test Item', category: 'firearms' …
     18|       await syncService.addToQueue('create', item);
       |                         ^
     19|       const queue = await syncService.getQueue();
     20|       expect(queue).toHaveLength(1);

⎯⎯⎯⎯⎯⎯⎯⎯⎯⎯⎯⎯⎯⎯⎯⎯⎯⎯⎯⎯[100/186]⎯

 FAIL  src/services/__tests__/sync.service.test.ts > SyncService - Comprehensive Tests > Queue Management > processes queue in order
TypeError: syncService.addToQueue is not a function
 ❯ src/services/__tests__/sync.service.test.ts:24:25
     22| 
     23|     it('processes queue in order', async () => {
     24|       await syncService.addToQueue('create', { id: '1' });
       |                         ^
     25|       await syncService.addToQueue('update', { id: '2' });
     26|       await syncService.processQueue();

⎯⎯⎯⎯⎯⎯⎯⎯⎯⎯⎯⎯⎯⎯⎯⎯⎯⎯⎯⎯[101/186]⎯

 FAIL  src/services/__tests__/sync.service.test.ts > SyncService - Comprehensive Tests > Queue Management > retries failed operations
TypeError: syncService.addToQueue is not a function
 ❯ src/services/__tests__/sync.service.test.ts:33:25
     31|     it('retries failed operations', async () => {
     32|       const failingOp = { id: '1', shouldFail: true };
     33|       await syncService.addToQueue('create', failingOp);
       |                         ^
     34|       await syncService.processQueue();
     35|       const queue = await syncService.getQueue();

⎯⎯⎯⎯⎯⎯⎯⎯⎯⎯⎯⎯⎯⎯⎯⎯⎯⎯⎯⎯[102/186]⎯

 FAIL  src/services/__tests__/sync.service.test.ts > SyncService - Comprehensive Tests > Conflict Resolution > resolves conflicts using last-write-wins
AssertionError: expected undefined to be 'B' // Object.is equality

- Expected: 
"B"

+ Received: 
undefined

 ❯ src/services/__tests__/sync.service.test.ts:52:30
     50|       const remote = { id: '1', updated_at: '2024-01-02', value: 'B' };
     51|       const resolved = conflictResolver.resolve(local, remote, 'last-w…
     52|       expect(resolved.value).toBe('B');
       |                              ^
     53|     });
     54|   });

⎯⎯⎯⎯⎯⎯⎯⎯⎯⎯⎯⎯⎯⎯⎯⎯⎯⎯⎯⎯[103/186]⎯

 FAIL  src/services/__tests__/team.service.test.ts > Team Collaboration Tests > Team Invitations > creates team invitation
TypeError: invitationService.createInvitation is not a function
 ❯ src/services/__tests__/team.service.test.ts:34:50
     32|   describe('Team Invitations', () => {
     33|     it('creates team invitation', async () => {
     34|       const invitation = await invitationService.createInvitation({
       |                                                  ^
     35|         email: 'test@example.com',
     36|         role: 'member',

⎯⎯⎯⎯⎯⎯⎯⎯⎯⎯⎯⎯⎯⎯⎯⎯⎯⎯⎯⎯[104/186]⎯

 FAIL  src/services/__tests__/team.service.test.ts > Team Collaboration Tests > Team Invitations > validates invitation token
TypeError: invitationService.validateToken is not a function
 ❯ src/services/__tests__/team.service.test.ts:43:47
     41| 
     42|     it('validates invitation token', async () => {
     43|       const isValid = await invitationService.validateToken('token-123…
       |                                               ^
     44|       expect(typeof isValid).toBe('boolean');
     45|     });

⎯⎯⎯⎯⎯⎯⎯⎯⎯⎯⎯⎯⎯⎯⎯⎯⎯⎯⎯⎯[105/186]⎯

 FAIL  src/services/__tests__/team.service.test.ts > Team Collaboration Tests > Team Invitations > accepts invitation
TypeError: invitationService.acceptInvitation is not a function
 ❯ src/services/__tests__/team.service.test.ts:49:27
     47|     it('accepts invitation', async () => {
     48|       await expect(
     49|         invitationService.acceptInvitation('token-123')
       |                           ^
     50|       ).resolves.not.toThrow();
     51|     });

⎯⎯⎯⎯⎯⎯⎯⎯⎯⎯⎯⎯⎯⎯⎯⎯⎯⎯⎯⎯[106/186]⎯

 FAIL  src/services/__tests__/team.service.test.ts > Team Collaboration Tests > Permissions > checks user permissions
TypeError: teamService.hasPermission is not a function
 ❯ src/services/__tests__/team.service.test.ts:56:47
     54|   describe('Permissions', () => {
     55|     it('checks user permissions', async () => {
     56|       const hasPermission = await teamService.hasPermission('user-1', …
       |                                               ^
     57|       expect(typeof hasPermission).toBe('boolean');
     58|     });

⎯⎯⎯⎯⎯⎯⎯⎯⎯⎯⎯⎯⎯⎯⎯⎯⎯⎯⎯⎯[107/186]⎯

 FAIL  src/services/__tests__/team.service.test.ts > Team Collaboration Tests > Permissions > grants permissions to team member
TypeError: teamService.grantPermission is not a function
 ❯ src/services/__tests__/team.service.test.ts:61:25
     59| 
     60|     it('grants permissions to team member', async () => {
     61|       await teamService.grantPermission('user-1', 'admin');
       |                         ^
     62|       expect(supabase.from).toHaveBeenCalled();
     63|     });

⎯⎯⎯⎯⎯⎯⎯⎯⎯⎯⎯⎯⎯⎯⎯⎯⎯⎯⎯⎯[108/186]⎯

 FAIL  src/test/integration/api.test.ts > API Integration Tests > REST API Endpoints > fetches inventory items via API
TypeError: apiService.getAll is not a function
 ❯ src/test/integration/api.test.ts:26:39
     24|       } as any);
     25| 
     26|       const result = await apiService.getAll();
       |                                       ^
     27|       expect(result).toEqual(mockData);
     28|     });

⎯⎯⎯⎯⎯⎯⎯⎯⎯⎯⎯⎯⎯⎯⎯⎯⎯⎯⎯⎯[109/186]⎯

 FAIL  src/test/integration/api.test.ts > API Integration Tests > REST API Endpoints > creates item via API
AssertionError: expected { success: false, …(1) } to deeply equal { name: 'New Item', …(1) }

- Expected
+ Received

  Object {
-   "category": "firearms",
-   "name": "New Item",
+   "error": "Failed to create inventory item: Cannot read properties of undefined (reading 'insert')",
+   "success": false,
  }

 ❯ src/test/integration/api.test.ts:40:22
     38| 
     39|       const result = await apiService.create(newItem);
     40|       expect(result).toEqual(newItem);
       |                      ^
     41|     });
     42| 

⎯⎯⎯⎯⎯⎯⎯⎯⎯⎯⎯⎯⎯⎯⎯⎯⎯⎯⎯⎯[110/186]⎯

 FAIL  src/test/integration/api.test.ts > API Integration Tests > REST API Endpoints > handles API errors gracefully
TypeError: apiService.getAll is not a function
 ❯ src/test/integration/api.test.ts:51:31
     49|       } as any);
     50| 
     51|       await expect(apiService.getAll()).rejects.toThrow();
       |                               ^
     52|     });
     53|   });

⎯⎯⎯⎯⎯⎯⎯⎯⎯⎯⎯⎯⎯⎯⎯⎯⎯⎯⎯⎯[111/186]⎯

 FAIL  src/test/integration/api.test.ts > API Integration Tests > Real-time Subscriptions > subscribes to inventory changes
TypeError: Cannot read properties of undefined (reading 'mockReturnValue')
 ❯ src/test/integration/api.test.ts:66:33
     64|       };
     65| 
     66|       vi.mocked(supabase.channel).mockReturnValue(mockSubscription as …
       |                                 ^
     67| 
     68|       await apiService.subscribeToChanges(callback);

⎯⎯⎯⎯⎯⎯⎯⎯⎯⎯⎯⎯⎯⎯⎯⎯⎯⎯⎯⎯[112/186]⎯

 FAIL  src/test/integration/api.test.ts > API Integration Tests > Batch Operations > performs batch insert
TypeError: apiService.batchCreate is not a function
 ❯ src/test/integration/api.test.ts:84:39
     82|       } as any);
     83| 
     84|       const result = await apiService.batchCreate(items);
       |                                       ^
     85|       expect(result).toHaveLength(2);
     86|     });

⎯⎯⎯⎯⎯⎯⎯⎯⎯⎯⎯⎯⎯⎯⎯⎯⎯⎯⎯⎯[113/186]⎯

 FAIL  src/test/integration/comprehensive-categories.test.ts > Comprehensive Category Integration Tests > Firearms Service Integration > creates firearm with all fields
Error: Failed to create inventory item: Cannot read properties of undefined (reading 'insert')
 ❯ FirearmsService.create src/services/base/BaseCategoryServiceEnhanced.ts:37:13
     35| 
     36|     if (!invResult.success) {
     37|       throw new Error(`Failed to create inventory item: ${invResult.us…
       |             ^
     38|     }
     39| 
 ❯ src/test/integration/comprehensive-categories.test.ts:37:22

⎯⎯⎯⎯⎯⎯⎯⎯⎯⎯⎯⎯⎯⎯⎯⎯⎯⎯⎯⎯[114/186]⎯

 FAIL  src/test/integration/comprehensive-categories.test.ts > Comprehensive Category Integration Tests > Ammunition Service Integration > creates ammunition with specifications
Error: Failed to create inventory item: Cannot read properties of undefined (reading 'insert')
 ❯ AmmunitionService.create src/services/base/BaseCategoryServiceEnhanced.ts:37:13
     35| 
     36|     if (!invResult.success) {
     37|       throw new Error(`Failed to create inventory item: ${invResult.us…
       |             ^
     38|     }
     39| 
 ❯ src/test/integration/comprehensive-categories.test.ts:61:22

⎯⎯⎯⎯⎯⎯⎯⎯⎯⎯⎯⎯⎯⎯⎯⎯⎯⎯⎯⎯[115/186]⎯

 FAIL  src/utils/__tests__/barcodeUtils.test.ts > Barcode Utilities Tests > UPC Validation > validates correct UPC-A
TypeError: validateUPC is not a function
 ❯ src/utils/__tests__/barcodeUtils.test.ts:12:14
     10|   describe('UPC Validation', () => {
     11|     it('validates correct UPC-A', () => {
     12|       expect(validateUPC('012345678905')).toBe(true);
       |              ^
     13|     });
     14| 

⎯⎯⎯⎯⎯⎯⎯⎯⎯⎯⎯⎯⎯⎯⎯⎯⎯⎯⎯⎯[116/186]⎯

 FAIL  src/utils/__tests__/barcodeUtils.test.ts > Barcode Utilities Tests > UPC Validation > rejects invalid UPC length
TypeError: validateUPC is not a function
 ❯ src/utils/__tests__/barcodeUtils.test.ts:16:14
     14| 
     15|     it('rejects invalid UPC length', () => {
     16|       expect(validateUPC('12345')).toBe(false);
       |              ^
     17|     });
     18| 

⎯⎯⎯⎯⎯⎯⎯⎯⎯⎯⎯⎯⎯⎯⎯⎯⎯⎯⎯⎯[117/186]⎯

 FAIL  src/utils/__tests__/barcodeUtils.test.ts > Barcode Utilities Tests > UPC Validation > rejects non-numeric UPC
TypeError: validateUPC is not a function
 ❯ src/utils/__tests__/barcodeUtils.test.ts:20:14
     18| 
     19|     it('rejects non-numeric UPC', () => {
     20|       expect(validateUPC('abcdefghijkl')).toBe(false);
       |              ^
     21|     });
     22| 

⎯⎯⎯⎯⎯⎯⎯⎯⎯⎯⎯⎯⎯⎯⎯⎯⎯⎯⎯⎯[118/186]⎯

 FAIL  src/utils/__tests__/barcodeUtils.test.ts > Barcode Utilities Tests > UPC Validation > validates UPC check digit
TypeError: validateUPC is not a function
 ❯ src/utils/__tests__/barcodeUtils.test.ts:24:14
     22| 
     23|     it('validates UPC check digit', () => {
     24|       expect(validateUPC('012345678905')).toBe(true);
       |              ^
     25|       expect(validateUPC('012345678904')).toBe(false);
     26|     });

⎯⎯⎯⎯⎯⎯⎯⎯⎯⎯⎯⎯⎯⎯⎯⎯⎯⎯⎯⎯[119/186]⎯

 FAIL  src/utils/__tests__/barcodeUtils.test.ts > Barcode Utilities Tests > EAN Validation > validates correct EAN-13
TypeError: validateEAN is not a function
 ❯ src/utils/__tests__/barcodeUtils.test.ts:31:14
     29|   describe('EAN Validation', () => {
     30|     it('validates correct EAN-13', () => {
     31|       expect(validateEAN('5901234123457')).toBe(true);
       |              ^
     32|     });
     33| 

⎯⎯⎯⎯⎯⎯⎯⎯⎯⎯⎯⎯⎯⎯⎯⎯⎯⎯⎯⎯[120/186]⎯

 FAIL  src/utils/__tests__/barcodeUtils.test.ts > Barcode Utilities Tests > EAN Validation > rejects invalid EAN length
TypeError: validateEAN is not a function
 ❯ src/utils/__tests__/barcodeUtils.test.ts:35:14
     33| 
     34|     it('rejects invalid EAN length', () => {
     35|       expect(validateEAN('123456')).toBe(false);
       |              ^
     36|     });
     37|   });

⎯⎯⎯⎯⎯⎯⎯⎯⎯⎯⎯⎯⎯⎯⎯⎯⎯⎯⎯⎯[121/186]⎯

 FAIL  src/utils/__tests__/barcodeUtils.test.ts > Barcode Utilities Tests > Check Digit Calculation > calculates UPC check digit
TypeError: calculateCheckDigit is not a function
 ❯ src/utils/__tests__/barcodeUtils.test.ts:41:14
     39|   describe('Check Digit Calculation', () => {
     40|     it('calculates UPC check digit', () => {
     41|       expect(calculateCheckDigit('01234567890')).toBe('5');
       |              ^
     42|     });
     43| 

⎯⎯⎯⎯⎯⎯⎯⎯⎯⎯⎯⎯⎯⎯⎯⎯⎯⎯⎯⎯[122/186]⎯

 FAIL  src/utils/__tests__/barcodeUtils.test.ts > Barcode Utilities Tests > Check Digit Calculation > calculates EAN check digit
TypeError: calculateCheckDigit is not a function
 ❯ src/utils/__tests__/barcodeUtils.test.ts:45:14
     43| 
     44|     it('calculates EAN check digit', () => {
     45|       expect(calculateCheckDigit('590123412345')).toBe('7');
       |              ^
     46|     });
     47|   });

⎯⎯⎯⎯⎯⎯⎯⎯⎯⎯⎯⎯⎯⎯⎯⎯⎯⎯⎯⎯[123/186]⎯

 FAIL  src/utils/__tests__/barcodeUtils.test.ts > Barcode Utilities Tests > Barcode Formatting > formats UPC with spaces
AssertionError: expected '0-12345-67890-5' to be '0 12345 67890 5' // Object.is equality

Expected: "0 12345 67890 5"
Received: "0-12345-67890-5"

 ❯ src/utils/__tests__/barcodeUtils.test.ts:51:52
     49|   describe('Barcode Formatting', () => {
     50|     it('formats UPC with spaces', () => {
     51|       expect(formatBarcode('012345678905', 'UPC')).toBe('0 12345 67890…
       |                                                    ^
     52|     });
     53| 

⎯⎯⎯⎯⎯⎯⎯⎯⎯⎯⎯⎯⎯⎯⎯⎯⎯⎯⎯⎯[124/186]⎯

 FAIL  src/utils/__tests__/barcodeUtils.test.ts > Barcode Utilities Tests > Barcode Formatting > formats EAN with dashes
AssertionError: expected '590-1-23412-3457' to be '590-1234-12345-7' // Object.is equality

Expected: "590-1234-12345-7"
Received: "590-1-23412-3457"

 ❯ src/utils/__tests__/barcodeUtils.test.ts:55:53
     53| 
     54|     it('formats EAN with dashes', () => {
     55|       expect(formatBarcode('5901234123457', 'EAN')).toBe('590-1234-123…
       |                                                     ^
     56|     });
     57|   });

⎯⎯⎯⎯⎯⎯⎯⎯⎯⎯⎯⎯⎯⎯⎯⎯⎯⎯⎯⎯[125/186]⎯

 FAIL  src/utils/__tests__/csvParser.test.ts > CSV Parser Tests > CSV Parsing > handles quoted fields
AssertionError: expected 'Description with quotes' to be 'Description with "quotes"' // Object.is equality

Expected: "Description with "quotes""
Received: "Description with quotes"

 ❯ src/utils/__tests__/csvParser.test.ts:20:37
     18|       
     19|       expect(result[0].name).toBe('Item, with comma');
     20|       expect(result[0].description).toBe('Description with "quotes"');
       |                                     ^
     21|     });
     22| 

⎯⎯⎯⎯⎯⎯⎯⎯⎯⎯⎯⎯⎯⎯⎯⎯⎯⎯⎯⎯[126/186]⎯

 FAIL  src/utils/__tests__/csvParser.test.ts > CSV Parser Tests > CSV Parsing > handles line breaks in quoted fields
AssertionError: expected 'Line 1' to contain '\n'

- Expected
+ Received

-
-
+ Line 1

 ❯ src/utils/__tests__/csvParser.test.ts:35:37
     33|       const result = parseCSV(csv);
     34|       
     35|       expect(result[0].description).toContain('\n');
       |                                     ^
     36|     });
     37|   });

⎯⎯⎯⎯⎯⎯⎯⎯⎯⎯⎯⎯⎯⎯⎯⎯⎯⎯⎯⎯[127/186]⎯

 FAIL  src/utils/__tests__/csvParser.test.ts > CSV Parser Tests > CSV Header Validation > validates required headers
TypeError: validateCSVHeaders is not a function
 ❯ src/utils/__tests__/csvParser.test.ts:44:14
     42|       const required = ['name', 'category'];
     43|       
     44|       expect(validateCSVHeaders(headers, required)).toBe(true);
       |              ^
     45|     });
     46| 

⎯⎯⎯⎯⎯⎯⎯⎯⎯⎯⎯⎯⎯⎯⎯⎯⎯⎯⎯⎯[128/186]⎯

 FAIL  src/utils/__tests__/csvParser.test.ts > CSV Parser Tests > CSV Header Validation > rejects missing headers
TypeError: validateCSVHeaders is not a function
 ❯ src/utils/__tests__/csvParser.test.ts:51:14
     49|       const required = ['name', 'category'];
     50|       
     51|       expect(validateCSVHeaders(headers, required)).toBe(false);
       |              ^
     52|     });
     53|   });

⎯⎯⎯⎯⎯⎯⎯⎯⎯⎯⎯⎯⎯⎯⎯⎯⎯⎯⎯⎯[129/186]⎯

 FAIL  src/utils/__tests__/csvParser.test.ts > CSV Parser Tests > CSV Generation > converts objects to CSV
TypeError: convertToCSV is not a function
 ❯ src/utils/__tests__/csvParser.test.ts:62:19
     60|       ];
     61|       
     62|       const csv = convertToCSV(data);
       |                   ^
     63|       expect(csv).toContain('name,category');
     64|       expect(csv).toContain('Item 1,firearms');

⎯⎯⎯⎯⎯⎯⎯⎯⎯⎯⎯⎯⎯⎯⎯⎯⎯⎯⎯⎯[130/186]⎯

 FAIL  src/utils/__tests__/csvParser.test.ts > CSV Parser Tests > CSV Generation > escapes special characters
TypeError: convertToCSV is not a function
 ❯ src/utils/__tests__/csvParser.test.ts:69:19
     67|     it('escapes special characters', () => {
     68|       const data = [{ name: 'Item, with comma', notes: 'Has "quotes"' …
     69|       const csv = convertToCSV(data);
       |                   ^
     70|       
     71|       expect(csv).toContain('"Item, with comma"');

⎯⎯⎯⎯⎯⎯⎯⎯⎯⎯⎯⎯⎯⎯⎯⎯⎯⎯⎯⎯[131/186]⎯

 FAIL  src/utils/__tests__/csvValidator.test.ts > CSV Validator Tests > Row Validation > validates complete row
TypeError: Cannot convert undefined or null to object
 ❯ src/utils/csvValidator.ts:20:29
     18|   // Check required fields
     19|   requiredFields.forEach(field => {
     20|     const csvField = Object.keys(fieldMapping).find(k => fieldMapping[…
       |                             ^
     21|     if (!csvField || !row[csvField]?.trim()) {
     22|       warnings.push({
 ❯ Module.validateCSVRow src/utils/csvValidator.ts:19:18
 ❯ src/utils/__tests__/csvValidator.test.ts:19:22

⎯⎯⎯⎯⎯⎯⎯⎯⎯⎯⎯⎯⎯⎯⎯⎯⎯⎯⎯⎯[132/186]⎯

 FAIL  src/utils/__tests__/csvValidator.test.ts > CSV Validator Tests > Row Validation > detects missing required fields
TypeError: Cannot convert undefined or null to object
 ❯ src/utils/csvValidator.ts:20:29
     18|   // Check required fields
     19|   requiredFields.forEach(field => {
     20|     const csvField = Object.keys(fieldMapping).find(k => fieldMapping[…
       |                             ^
     21|     if (!csvField || !row[csvField]?.trim()) {
     22|       warnings.push({
 ❯ Module.validateCSVRow src/utils/csvValidator.ts:19:18
 ❯ src/utils/__tests__/csvValidator.test.ts:29:22

⎯⎯⎯⎯⎯⎯⎯⎯⎯⎯⎯⎯⎯⎯⎯⎯⎯⎯⎯⎯[133/186]⎯

 FAIL  src/utils/__tests__/csvValidator.test.ts > CSV Validator Tests > Row Validation > validates field types
TypeError: Cannot convert undefined or null to object
 ❯ src/utils/csvValidator.ts:20:29
     18|   // Check required fields
     19|   requiredFields.forEach(field => {
     20|     const csvField = Object.keys(fieldMapping).find(k => fieldMapping[…
       |                             ^
     21|     if (!csvField || !row[csvField]?.trim()) {
     22|       warnings.push({
 ❯ Module.validateCSVRow src/utils/csvValidator.ts:19:18
 ❯ src/utils/__tests__/csvValidator.test.ts:41:22

⎯⎯⎯⎯⎯⎯⎯⎯⎯⎯⎯⎯⎯⎯⎯⎯⎯⎯⎯⎯[134/186]⎯

 FAIL  src/utils/__tests__/csvValidator.test.ts > CSV Validator Tests > Category Validation > accepts valid categories
TypeError: validateCategory is not a function
 ❯ src/utils/__tests__/csvValidator.test.ts:49:14
     47|   describe('Category Validation', () => {
     48|     it('accepts valid categories', () => {
     49|       expect(validateCategory('firearms')).toBe(true);
       |              ^
     50|       expect(validateCategory('ammunition')).toBe(true);
     51|       expect(validateCategory('optics')).toBe(true);

⎯⎯⎯⎯⎯⎯⎯⎯⎯⎯⎯⎯⎯⎯⎯⎯⎯⎯⎯⎯[135/186]⎯

 FAIL  src/utils/__tests__/csvValidator.test.ts > CSV Validator Tests > Category Validation > rejects invalid categories
TypeError: validateCategory is not a function
 ❯ src/utils/__tests__/csvValidator.test.ts:55:14
     53| 
     54|     it('rejects invalid categories', () => {
     55|       expect(validateCategory('invalid')).toBe(false);
       |              ^
     56|       expect(validateCategory('')).toBe(false);
     57|     });

⎯⎯⎯⎯⎯⎯⎯⎯⎯⎯⎯⎯⎯⎯⎯⎯⎯⎯⎯⎯[136/186]⎯

 FAIL  src/utils/__tests__/csvValidator.test.ts > CSV Validator Tests > Numeric Field Validation > validates numeric values
TypeError: validateNumericField is not a function
 ❯ src/utils/__tests__/csvValidator.test.ts:62:14
     60|   describe('Numeric Field Validation', () => {
     61|     it('validates numeric values', () => {
     62|       expect(validateNumericField('100')).toBe(true);
       |              ^
     63|       expect(validateNumericField('100.50')).toBe(true);
     64|     });

⎯⎯⎯⎯⎯⎯⎯⎯⎯⎯⎯⎯⎯⎯⎯⎯⎯⎯⎯⎯[137/186]⎯

 FAIL  src/utils/__tests__/csvValidator.test.ts > CSV Validator Tests > Numeric Field Validation > rejects non-numeric values
TypeError: validateNumericField is not a function
 ❯ src/utils/__tests__/csvValidator.test.ts:67:14
     65| 
     66|     it('rejects non-numeric values', () => {
     67|       expect(validateNumericField('abc')).toBe(false);
       |              ^
     68|       expect(validateNumericField('$100')).toBe(false);
     69|     });

⎯⎯⎯⎯⎯⎯⎯⎯⎯⎯⎯⎯⎯⎯⎯⎯⎯⎯⎯⎯[138/186]⎯

 FAIL  src/utils/__tests__/csvValidator.test.ts > CSV Validator Tests > Date Field Validation > validates ISO date format
TypeError: validateDateField is not a function
 ❯ src/utils/__tests__/csvValidator.test.ts:74:14
     72|   describe('Date Field Validation', () => {
     73|     it('validates ISO date format', () => {
     74|       expect(validateDateField('2024-01-01')).toBe(true);
       |              ^
     75|     });
     76| 

⎯⎯⎯⎯⎯⎯⎯⎯⎯⎯⎯⎯⎯⎯⎯⎯⎯⎯⎯⎯[139/186]⎯

 FAIL  src/utils/__tests__/csvValidator.test.ts > CSV Validator Tests > Date Field Validation > rejects invalid dates
TypeError: validateDateField is not a function
 ❯ src/utils/__tests__/csvValidator.test.ts:78:14
     76| 
     77|     it('rejects invalid dates', () => {
     78|       expect(validateDateField('invalid')).toBe(false);
       |              ^
     79|       expect(validateDateField('13/32/2024')).toBe(false);
     80|     });

⎯⎯⎯⎯⎯⎯⎯⎯⎯⎯⎯⎯⎯⎯⎯⎯⎯⎯⎯⎯[140/186]⎯

 FAIL  src/services/api/__tests__/InventoryAPIService.test.ts > InventoryAPIService > list > should return success response with items
AssertionError: expected false to be true // Object.is equality

- Expected
+ Received

- true
+ false

 ❯ src/services/api/__tests__/InventoryAPIService.test.ts:33:32
     31|       const response = await inventoryAPIService.list('firearms', user…
     32| 
     33|       expect(response.success).toBe(true);
       |                                ^
     34|       expect(response.data).toEqual(mockItems);
     35|     });

⎯⎯⎯⎯⎯⎯⎯⎯⎯⎯⎯⎯⎯⎯⎯⎯⎯⎯⎯⎯[141/186]⎯

 FAIL  src/services/api/__tests__/InventoryAPIService.test.ts > InventoryAPIService > list > should handle errors gracefully
AssertionError: expected '[vitest] No "ammunitionService" expor…' to be 'Database error' // Object.is equality

- Expected
+ Received

- Database error
+ [vitest] No "ammunitionService" export is defined on the "../../category" mock. Did you forget to return it from "vi.mock"?
+ If you need to partially mock a module, you can use "importOriginal" helper inside:
+

 ❯ src/services/api/__tests__/InventoryAPIService.test.ts:45:30
     43| 
     44|       expect(response.success).toBe(false);
     45|       expect(response.error).toBe('Database error');
       |                              ^
     46|     });
     47|   });

⎯⎯⎯⎯⎯⎯⎯⎯⎯⎯⎯⎯⎯⎯⎯⎯⎯⎯⎯⎯[142/186]⎯

 FAIL  src/services/api/__tests__/InventoryAPIService.test.ts > InventoryAPIService > create > should create item and return success
AssertionError: expected false to be true // Object.is equality

- Expected
+ Received

- true
+ false

 ❯ src/services/api/__tests__/InventoryAPIService.test.ts:58:32
     56|       const response = await inventoryAPIService.create('firearms', it…
     57| 
     58|       expect(response.success).toBe(true);
       |                                ^
     59|       expect(response.data).toEqual(createdItem);
     60|       expect(response.message).toBe('Item created successfully');

⎯⎯⎯⎯⎯⎯⎯⎯⎯⎯⎯⎯⎯⎯⎯⎯⎯⎯⎯⎯[143/186]⎯

 FAIL  src/services/api/__tests__/InventoryAPIService.test.ts > InventoryAPIService > delete > should delete item and return success
AssertionError: expected false to be true // Object.is equality

- Expected
+ Received

- true
+ false

 ❯ src/services/api/__tests__/InventoryAPIService.test.ts:70:32
     68|       const response = await inventoryAPIService.delete('firearms', '1…
     69| 
     70|       expect(response.success).toBe(true);
       |                                ^
     71|       expect(response.message).toBe('Item deleted successfully');
     72|     });

⎯⎯⎯⎯⎯⎯⎯⎯⎯⎯⎯⎯⎯⎯⎯⎯⎯⎯⎯⎯[144/186]⎯

 FAIL  src/services/category/__tests__/AllCategories.test.ts > All Category Services > FirearmsService > should create item with inventory + detail tables
 FAIL  src/services/category/__tests__/AllCategories.test.ts > All Category Services > OpticsService > should create item with inventory + detail tables
 FAIL  src/services/category/__tests__/AllCategories.test.ts > All Category Services > SuppressorsService > should create item with inventory + detail tables
 FAIL  src/services/category/__tests__/AllCategories.test.ts > All Category Services > MagazinesService > should create item with inventory + detail tables
 FAIL  src/services/category/__tests__/AllCategories.test.ts > All Category Services > AccessoriesService > should create item with inventory + detail tables
 FAIL  src/services/category/__tests__/AllCategories.test.ts > All Category Services > AmmunitionService > should create item with inventory + detail tables
 FAIL  src/services/category/__tests__/AllCategories.test.ts > All Category Services > CasesService > should create item with inventory + detail tables
 FAIL  src/services/category/__tests__/AllCategories.test.ts > All Category Services > PowderService > should create item with inventory + detail tables
 FAIL  src/services/category/__tests__/AllCategories.test.ts > All Category Services > PrimersService > should create item with inventory + detail tables
 FAIL  src/services/category/__tests__/AllCategories.test.ts > All Category Services > ReloadingService > should create item with inventory + detail tables
AssertionError: promise rejected "Error: Failed to create inventory item: _…" instead of resolving
 ❯ src/services/category/__tests__/AllCategories.test.ts:52:50
     50|         };
     51| 
     52|         await expect(service.create(item, userId)).resolves.not.toThro…
       |                                                  ^
     53|       });
     54| 

Caused by: Error: Failed to create inventory item: supabase.from(...).insert(...).select(...).single is not a function
 ❯ FirearmsService.create src/services/base/BaseCategoryServiceEnhanced.ts:37:13
 ❯ src/services/category/__tests__/AllCategories.test.ts:52:9

⎯⎯⎯⎯⎯⎯⎯⎯⎯⎯⎯⎯⎯⎯⎯⎯⎯⎯⎯⎯[145/186]⎯

 FAIL  src/services/category/__tests__/AllCategories.test.ts > All Category Services > FirearmsService > should get items by user
 FAIL  src/services/category/__tests__/AllCategories.test.ts > All Category Services > OpticsService > should get items by user
 FAIL  src/services/category/__tests__/AllCategories.test.ts > All Category Services > SuppressorsService > should get items by user
 FAIL  src/services/category/__tests__/AllCategories.test.ts > All Category Services > MagazinesService > should get items by user
 FAIL  src/services/category/__tests__/AllCategories.test.ts > All Category Services > AccessoriesService > should get items by user
 FAIL  src/services/category/__tests__/AllCategories.test.ts > All Category Services > AmmunitionService > should get items by user
 FAIL  src/services/category/__tests__/AllCategories.test.ts > All Category Services > CasesService > should get items by user
 FAIL  src/services/category/__tests__/AllCategories.test.ts > All Category Services > PowderService > should get items by user
 FAIL  src/services/category/__tests__/AllCategories.test.ts > All Category Services > PrimersService > should get items by user
 FAIL  src/services/category/__tests__/AllCategories.test.ts > All Category Services > ReloadingService > should get items by user
TypeError: service.getByUser is not a function
 ❯ src/services/category/__tests__/AllCategories.test.ts:56:37
     54| 
     55|       it('should get items by user', async () => {
     56|         const items = await service.getByUser(userId);
       |                                     ^
     57|         expect(Array.isArray(items)).toBe(true);
     58|       });

⎯⎯⎯⎯⎯⎯⎯⎯⎯⎯⎯⎯⎯⎯⎯⎯⎯⎯⎯⎯[146/186]⎯

⎯⎯⎯⎯⎯⎯ Unhandled Errors ⎯⎯⎯⎯⎯⎯

Vitest caught 13 unhandled errors during the test run.
This might cause false positive tests. Resolve unhandled errors to make sure your tests are not affected.

⎯⎯⎯⎯ Unhandled Rejection ⎯⎯⎯⎯⎯
TypeError: supabase.from(...).select(...).order is not a function
 ❯ loadCategories src/components/inventory/FilterPanel.tsx:37:68
     35| 
     36|   const loadCategories = async () => {
     37|     const { data } = await supabase.from('categories').select('*').ord…
       |                                                                    ^
     38|     if (data) setCategories(data);
     39|   };
 ❯ src/components/inventory/FilterPanel.tsx:33:5
 ❯ commitHookEffectListMount node_modules/react-dom/cjs/react-dom.development.js:23189:26
 ❯ commitPassiveMountOnFiber node_modules/react-dom/cjs/react-dom.development.js:24970:11
 ❯ commitPassiveMountEffects_complete node_modules/react-dom/cjs/react-dom.development.js:24930:9
 ❯ commitPassiveMountEffects_begin node_modules/react-dom/cjs/react-dom.development.js:24917:7
 ❯ commitPassiveMountEffects node_modules/react-dom/cjs/react-dom.development.js:24905:3
 ❯ flushPassiveEffectsImpl node_modules/react-dom/cjs/react-dom.development.js:27078:3
 ❯ flushPassiveEffects node_modules/react-dom/cjs/react-dom.development.js:27023:14
 ❯ performSyncWorkOnRoot node_modules/react-dom/cjs/react-dom.development.js:26115:3

This error originated in "src/components/__tests__/FilterPanel.test.tsx" test file. It doesn't mean the error was thrown inside the file itself, but while it was running.
The latest test that might've caused the error is "src/components/__tests__/FilterPanel.test.tsx". It might mean one of the following:
- The error was thrown, while Vitest was running this test.
- If the error occurred after the test had been completed, this was the last documented test before it was thrown.

⎯⎯⎯⎯ Unhandled Rejection ⎯⎯⎯⎯⎯
TypeError: supabase.from(...).select(...).order is not a function
 ❯ loadCategories src/components/inventory/FilterPanel.tsx:37:68
     35| 
     36|   const loadCategories = async () => {
     37|     const { data } = await supabase.from('categories').select('*').ord…
       |                                                                    ^
     38|     if (data) setCategories(data);
     39|   };
 ❯ src/components/inventory/FilterPanel.tsx:33:5
 ❯ commitHookEffectListMount node_modules/react-dom/cjs/react-dom.development.js:23189:26
 ❯ commitPassiveMountOnFiber node_modules/react-dom/cjs/react-dom.development.js:24970:11
 ❯ commitPassiveMountEffects_complete node_modules/react-dom/cjs/react-dom.development.js:24930:9
 ❯ commitPassiveMountEffects_begin node_modules/react-dom/cjs/react-dom.development.js:24917:7
 ❯ commitPassiveMountEffects node_modules/react-dom/cjs/react-dom.development.js:24905:3
 ❯ flushPassiveEffectsImpl node_modules/react-dom/cjs/react-dom.development.js:27078:3
 ❯ flushPassiveEffects node_modules/react-dom/cjs/react-dom.development.js:27023:14
 ❯ performSyncWorkOnRoot node_modules/react-dom/cjs/react-dom.development.js:26115:3

This error originated in "src/components/__tests__/FilterPanel.test.tsx" test file. It doesn't mean the error was thrown inside the file itself, but while it was running.
The latest test that might've caused the error is "src/components/__tests__/FilterPanel.test.tsx". It might mean one of the following:
- The error was thrown, while Vitest was running this test.
- If the error occurred after the test had been completed, this was the last documented test before it was thrown.

⎯⎯⎯⎯ Unhandled Rejection ⎯⎯⎯⎯⎯
TypeError: supabase.from(...).select(...).order is not a function
 ❯ loadCategories src/components/inventory/FilterPanel.tsx:37:68
     35| 
     36|   const loadCategories = async () => {
     37|     const { data } = await supabase.from('categories').select('*').ord…
       |                                                                    ^
     38|     if (data) setCategories(data);
     39|   };
 ❯ src/components/inventory/FilterPanel.tsx:33:5
 ❯ commitHookEffectListMount node_modules/react-dom/cjs/react-dom.development.js:23189:26
 ❯ commitPassiveMountOnFiber node_modules/react-dom/cjs/react-dom.development.js:24970:11
 ❯ commitPassiveMountEffects_complete node_modules/react-dom/cjs/react-dom.development.js:24930:9
 ❯ commitPassiveMountEffects_begin node_modules/react-dom/cjs/react-dom.development.js:24917:7
 ❯ commitPassiveMountEffects node_modules/react-dom/cjs/react-dom.development.js:24905:3
 ❯ flushPassiveEffectsImpl node_modules/react-dom/cjs/react-dom.development.js:27078:3
 ❯ flushPassiveEffects node_modules/react-dom/cjs/react-dom.development.js:27023:14
 ❯ performSyncWorkOnRoot node_modules/react-dom/cjs/react-dom.development.js:26115:3

This error originated in "src/components/__tests__/FilterPanel.test.tsx" test file. It doesn't mean the error was thrown inside the file itself, but while it was running.
The latest test that might've caused the error is "src/components/__tests__/FilterPanel.test.tsx". It might mean one of the following:
- The error was thrown, while Vitest was running this test.
- If the error occurred after the test had been completed, this was the last documented test before it was thrown.

⎯⎯⎯⎯⎯ Uncaught Exception ⎯⎯⎯⎯⎯
TypeError: e.preventDefault is not a function
 ❯ handleBeforeInstallPrompt src/hooks/usePWA.ts:40:9
     38|     // Handle install prompt
     39|     const handleBeforeInstallPrompt = (e: Event) => {
     40|       e.preventDefault();
       |         ^
     41|       setDeferredPrompt(e as BeforeInstallPromptEvent);
     42|       setIsInstallable(true);
 ❯ src/components/__tests__/SmartInstallPrompt.test.tsx:17:9
 ❯ mockCall node_modules/@vitest/spy/dist/index.js:61:17
 ❯ spy node_modules/tinyspy/dist/index.js:45:80
 ❯ src/hooks/usePWA.ts:73:12
 ❯ commitHookEffectListMount node_modules/react-dom/cjs/react-dom.development.js:23189:26
 ❯ commitPassiveMountOnFiber node_modules/react-dom/cjs/react-dom.development.js:24970:11
 ❯ commitPassiveMountEffects_complete node_modules/react-dom/cjs/react-dom.development.js:24930:9
 ❯ commitPassiveMountEffects_begin node_modules/react-dom/cjs/react-dom.development.js:24917:7
 ❯ commitPassiveMountEffects node_modules/react-dom/cjs/react-dom.development.js:24905:3

This error originated in "src/components/__tests__/SmartInstallPrompt.test.tsx" test file. It doesn't mean the error was thrown inside the file itself, but while it was running.
The latest test that might've caused the error is "renders install prompt when available". It might mean one of the following:
- The error was thrown, while Vitest was running this test.
- If the error occurred after the test had been completed, this was the last documented test before it was thrown.

⎯⎯⎯⎯⎯ Uncaught Exception ⎯⎯⎯⎯⎯
TypeError: e.preventDefault is not a function
 ❯ handleBeforeInstallPrompt src/hooks/usePWA.ts:40:9
     38|     // Handle install prompt
     39|     const handleBeforeInstallPrompt = (e: Event) => {
     40|       e.preventDefault();
       |         ^
     41|       setDeferredPrompt(e as BeforeInstallPromptEvent);
     42|       setIsInstallable(true);
 ❯ src/components/__tests__/SmartInstallPrompt.test.tsx:17:9
 ❯ mockCall node_modules/@vitest/spy/dist/index.js:61:17
 ❯ spy node_modules/tinyspy/dist/index.js:45:80
 ❯ src/hooks/usePWA.ts:73:12
 ❯ commitHookEffectListMount node_modules/react-dom/cjs/react-dom.development.js:23189:26
 ❯ commitPassiveMountOnFiber node_modules/react-dom/cjs/react-dom.development.js:24970:11
 ❯ commitPassiveMountEffects_complete node_modules/react-dom/cjs/react-dom.development.js:24930:9
 ❯ commitPassiveMountEffects_begin node_modules/react-dom/cjs/react-dom.development.js:24917:7
 ❯ commitPassiveMountEffects node_modules/react-dom/cjs/react-dom.development.js:24905:3

This error originated in "src/components/__tests__/SmartInstallPrompt.test.tsx" test file. It doesn't mean the error was thrown inside the file itself, but while it was running.
The latest test that might've caused the error is "shows prompt after user engagement". It might mean one of the following:
- The error was thrown, while Vitest was running this test.
- If the error occurred after the test had been completed, this was the last documented test before it was thrown.

⎯⎯⎯⎯⎯ Uncaught Exception ⎯⎯⎯⎯⎯
TypeError: e.preventDefault is not a function
 ❯ handleBeforeInstallPrompt src/hooks/usePWA.ts:40:9
     38|     // Handle install prompt
     39|     const handleBeforeInstallPrompt = (e: Event) => {
     40|       e.preventDefault();
       |         ^
     41|       setDeferredPrompt(e as BeforeInstallPromptEvent);
     42|       setIsInstallable(true);
 ❯ src/components/__tests__/SmartInstallPrompt.test.tsx:17:9
 ❯ mockCall node_modules/@vitest/spy/dist/index.js:61:17
 ❯ spy node_modules/tinyspy/dist/index.js:45:80
 ❯ src/hooks/usePWA.ts:73:12
 ❯ commitHookEffectListMount node_modules/react-dom/cjs/react-dom.development.js:23189:26
 ❯ commitPassiveMountOnFiber node_modules/react-dom/cjs/react-dom.development.js:24970:11
 ❯ commitPassiveMountEffects_complete node_modules/react-dom/cjs/react-dom.development.js:24930:9
 ❯ commitPassiveMountEffects_begin node_modules/react-dom/cjs/react-dom.development.js:24917:7
 ❯ commitPassiveMountEffects node_modules/react-dom/cjs/react-dom.development.js:24905:3

This error originated in "src/components/__tests__/SmartInstallPrompt.test.tsx" test file. It doesn't mean the error was thrown inside the file itself, but while it was running.
The latest test that might've caused the error is "handles install acceptance". It might mean one of the following:
- The error was thrown, while Vitest was running this test.
- If the error occurred after the test had been completed, this was the last documented test before it was thrown.

⎯⎯⎯⎯⎯ Uncaught Exception ⎯⎯⎯⎯⎯
TypeError: e.preventDefault is not a function
 ❯ handleBeforeInstallPrompt src/hooks/usePWA.ts:40:9
     38|     // Handle install prompt
     39|     const handleBeforeInstallPrompt = (e: Event) => {
     40|       e.preventDefault();
       |         ^
     41|       setDeferredPrompt(e as BeforeInstallPromptEvent);
     42|       setIsInstallable(true);
 ❯ src/components/__tests__/SmartInstallPrompt.test.tsx:17:9
 ❯ mockCall node_modules/@vitest/spy/dist/index.js:61:17
 ❯ spy node_modules/tinyspy/dist/index.js:45:80
 ❯ src/hooks/usePWA.ts:73:12
 ❯ commitHookEffectListMount node_modules/react-dom/cjs/react-dom.development.js:23189:26
 ❯ commitPassiveMountOnFiber node_modules/react-dom/cjs/react-dom.development.js:24970:11
 ❯ commitPassiveMountEffects_complete node_modules/react-dom/cjs/react-dom.development.js:24930:9
 ❯ commitPassiveMountEffects_begin node_modules/react-dom/cjs/react-dom.development.js:24917:7
 ❯ commitPassiveMountEffects node_modules/react-dom/cjs/react-dom.development.js:24905:3

This error originated in "src/components/__tests__/SmartInstallPrompt.test.tsx" test file. It doesn't mean the error was thrown inside the file itself, but while it was running.
The latest test that might've caused the error is "dismisses prompt". It might mean one of the following:
- The error was thrown, while Vitest was running this test.
- If the error occurred after the test had been completed, this was the last documented test before it was thrown.

⎯⎯⎯⎯⎯ Uncaught Exception ⎯⎯⎯⎯⎯
TypeError: e.preventDefault is not a function
 ❯ handleBeforeInstallPrompt src/hooks/usePWA.ts:40:9
     38|     // Handle install prompt
     39|     const handleBeforeInstallPrompt = (e: Event) => {
     40|       e.preventDefault();
       |         ^
     41|       setDeferredPrompt(e as BeforeInstallPromptEvent);
     42|       setIsInstallable(true);
 ❯ src/components/__tests__/SmartInstallPrompt.test.tsx:17:9
 ❯ mockCall node_modules/@vitest/spy/dist/index.js:61:17
 ❯ spy node_modules/tinyspy/dist/index.js:45:80
 ❯ src/hooks/usePWA.ts:73:12
 ❯ commitHookEffectListMount node_modules/react-dom/cjs/react-dom.development.js:23189:26
 ❯ commitPassiveMountOnFiber node_modules/react-dom/cjs/react-dom.development.js:24970:11
 ❯ commitPassiveMountEffects_complete node_modules/react-dom/cjs/react-dom.development.js:24930:9
 ❯ commitPassiveMountEffects_begin node_modules/react-dom/cjs/react-dom.development.js:24917:7
 ❯ commitPassiveMountEffects node_modules/react-dom/cjs/react-dom.development.js:24905:3

This error originated in "src/components/__tests__/SmartInstallPrompt.test.tsx" test file. It doesn't mean the error was thrown inside the file itself, but while it was running.
The latest test that might've caused the error is "tracks install metrics". It might mean one of the following:
- The error was thrown, while Vitest was running this test.
- If the error occurred after the test had been completed, this was the last documented test before it was thrown.

⎯⎯⎯⎯ Unhandled Rejection ⎯⎯⎯⎯⎯
ReferenceError: IDBRequest is not defined
 ❯ wrap node_modules/idb/build/index.js:143:26
    141|     // We sometimes generate multiple promises from a single IDBReques…
    142|     // IDB is weird and a single IDBRequest can yield many responses, …
    143|     if (value instanceof IDBRequest)
       |                          ^
    144|         return promisifyRequest(value);
    145|     // If we've already transformed this value before, reuse the trans…
 ❯ Module.openDB node_modules/idb/build/index.js:169:25
 ❯ EnhancedOfflineQueue.init src/lib/enhancedOfflineQueue.ts:32:21
 ❯ EnhancedOfflineQueue.getAll src/lib/enhancedOfflineQueue.ts:62:30
 ❯ loadOperations src/components/sync/SyncStatusDashboard.tsx:34:36
 ❯ src/components/sync/SyncStatusDashboard.tsx:18:5
 ❯ commitHookEffectListMount node_modules/react-dom/cjs/react-dom.development.js:23189:26
 ❯ commitPassiveMountOnFiber node_modules/react-dom/cjs/react-dom.development.js:24970:11
 ❯ commitPassiveMountEffects_complete node_modules/react-dom/cjs/react-dom.development.js:24930:9
 ❯ commitPassiveMountEffects_begin node_modules/react-dom/cjs/react-dom.development.js:24917:7

This error originated in "src/components/__tests__/SyncStatusDashboard.test.tsx" test file. It doesn't mean the error was thrown inside the file itself, but while it was running.
The latest test that might've caused the error is "src/components/__tests__/SyncStatusDashboard.test.tsx". It might mean one of the following:
- The error was thrown, while Vitest was running this test.
- If the error occurred after the test had been completed, this was the last documented test before it was thrown.

⎯⎯⎯⎯ Unhandled Rejection ⎯⎯⎯⎯⎯
ReferenceError: IDBRequest is not defined
 ❯ wrap node_modules/idb/build/index.js:143:26
    141|     // We sometimes generate multiple promises from a single IDBReques…
    142|     // IDB is weird and a single IDBRequest can yield many responses, …
    143|     if (value instanceof IDBRequest)
       |                          ^
    144|         return promisifyRequest(value);
    145|     // If we've already transformed this value before, reuse the trans…
 ❯ Module.openDB node_modules/idb/build/index.js:169:25
 ❯ EnhancedOfflineQueue.init src/lib/enhancedOfflineQueue.ts:32:21
 ❯ EnhancedOfflineQueue.getAll src/lib/enhancedOfflineQueue.ts:62:30
 ❯ loadOperations src/components/sync/SyncStatusDashboard.tsx:34:36
 ❯ src/components/sync/SyncStatusDashboard.tsx:18:5
 ❯ commitHookEffectListMount node_modules/react-dom/cjs/react-dom.development.js:23189:26
 ❯ commitPassiveMountOnFiber node_modules/react-dom/cjs/react-dom.development.js:24970:11
 ❯ commitPassiveMountEffects_complete node_modules/react-dom/cjs/react-dom.development.js:24930:9
 ❯ commitPassiveMountEffects_begin node_modules/react-dom/cjs/react-dom.development.js:24917:7

This error originated in "src/components/__tests__/SyncStatusDashboard.test.tsx" test file. It doesn't mean the error was thrown inside the file itself, but while it was running.
The latest test that might've caused the error is "src/components/__tests__/SyncStatusDashboard.test.tsx". It might mean one of the following:
- The error was thrown, while Vitest was running this test.
- If the error occurred after the test had been completed, this was the last documented test before it was thrown.

⎯⎯⎯⎯ Unhandled Rejection ⎯⎯⎯⎯⎯
ReferenceError: IDBRequest is not defined
 ❯ wrap node_modules/idb/build/index.js:143:26
    141|     // We sometimes generate multiple promises from a single IDBReques…
    142|     // IDB is weird and a single IDBRequest can yield many responses, …
    143|     if (value instanceof IDBRequest)
       |                          ^
    144|         return promisifyRequest(value);
    145|     // If we've already transformed this value before, reuse the trans…
 ❯ Module.openDB node_modules/idb/build/index.js:169:25
 ❯ EnhancedOfflineQueue.init src/lib/enhancedOfflineQueue.ts:32:21
 ❯ EnhancedOfflineQueue.getAll src/lib/enhancedOfflineQueue.ts:62:30
 ❯ loadOperations src/components/sync/SyncStatusDashboard.tsx:34:36
 ❯ src/components/sync/SyncStatusDashboard.tsx:18:5
 ❯ commitHookEffectListMount node_modules/react-dom/cjs/react-dom.development.js:23189:26
 ❯ commitPassiveMountOnFiber node_modules/react-dom/cjs/react-dom.development.js:24970:11
 ❯ commitPassiveMountEffects_complete node_modules/react-dom/cjs/react-dom.development.js:24930:9
 ❯ commitPassiveMountEffects_begin node_modules/react-dom/cjs/react-dom.development.js:24917:7

This error originated in "src/components/__tests__/SyncStatusDashboard.test.tsx" test file. It doesn't mean the error was thrown inside the file itself, but while it was running.
The latest test that might've caused the error is "src/components/__tests__/SyncStatusDashboard.test.tsx". It might mean one of the following:
- The error was thrown, while Vitest was running this test.
- If the error occurred after the test had been completed, this was the last documented test before it was thrown.

⎯⎯⎯⎯ Unhandled Rejection ⎯⎯⎯⎯⎯
ReferenceError: IDBRequest is not defined
 ❯ wrap node_modules/idb/build/index.js:143:26
    141|     // We sometimes generate multiple promises from a single IDBReques…
    142|     // IDB is weird and a single IDBRequest can yield many responses, …
    143|     if (value instanceof IDBRequest)
       |                          ^
    144|         return promisifyRequest(value);
    145|     // If we've already transformed this value before, reuse the trans…
 ❯ Module.openDB node_modules/idb/build/index.js:169:25
 ❯ EnhancedOfflineQueue.init src/lib/enhancedOfflineQueue.ts:32:21
 ❯ EnhancedOfflineQueue.getAll src/lib/enhancedOfflineQueue.ts:62:30
 ❯ loadOperations src/components/sync/SyncStatusDashboard.tsx:34:36
 ❯ src/components/sync/SyncStatusDashboard.tsx:18:5
 ❯ commitHookEffectListMount node_modules/react-dom/cjs/react-dom.development.js:23189:26
 ❯ commitPassiveMountOnFiber node_modules/react-dom/cjs/react-dom.development.js:24970:11
 ❯ commitPassiveMountEffects_complete node_modules/react-dom/cjs/react-dom.development.js:24930:9
 ❯ commitPassiveMountEffects_begin node_modules/react-dom/cjs/react-dom.development.js:24917:7

This error originated in "src/components/__tests__/SyncStatusDashboard.test.tsx" test file. It doesn't mean the error was thrown inside the file itself, but while it was running.
The latest test that might've caused the error is "src/components/__tests__/SyncStatusDashboard.test.tsx". It might mean one of the following:
- The error was thrown, while Vitest was running this test.
- If the error occurred after the test had been completed, this was the last documented test before it was thrown.

⎯⎯⎯⎯ Unhandled Rejection ⎯⎯⎯⎯⎯
ReferenceError: IDBRequest is not defined
 ❯ wrap node_modules/idb/build/index.js:143:26
    141|     // We sometimes generate multiple promises from a single IDBReques…
    142|     // IDB is weird and a single IDBRequest can yield many responses, …
    143|     if (value instanceof IDBRequest)
       |                          ^
    144|         return promisifyRequest(value);
    145|     // If we've already transformed this value before, reuse the trans…
 ❯ Module.openDB node_modules/idb/build/index.js:169:25
 ❯ EnhancedOfflineQueue.init src/lib/enhancedOfflineQueue.ts:32:21
 ❯ EnhancedOfflineQueue.getAll src/lib/enhancedOfflineQueue.ts:62:30
 ❯ loadOperations src/components/sync/SyncStatusDashboard.tsx:34:36
 ❯ src/components/sync/SyncStatusDashboard.tsx:18:5
 ❯ commitHookEffectListMount node_modules/react-dom/cjs/react-dom.development.js:23189:26
 ❯ commitPassiveMountOnFiber node_modules/react-dom/cjs/react-dom.development.js:24970:11
 ❯ commitPassiveMountEffects_complete node_modules/react-dom/cjs/react-dom.development.js:24930:9
 ❯ commitPassiveMountEffects_begin node_modules/react-dom/cjs/react-dom.development.js:24917:7

This error originated in "src/components/__tests__/SyncStatusDashboard.test.tsx" test file. It doesn't mean the error was thrown inside the file itself, but while it was running.
The latest test that might've caused the error is "src/components/__tests__/SyncStatusDashboard.test.tsx". It might mean one of the following:
- The error was thrown, while Vitest was running this test.
- If the error occurred after the test had been completed, this was the last documented test before it was thrown.
⎯⎯⎯⎯⎯⎯⎯⎯⎯⎯⎯⎯⎯⎯⎯⎯⎯⎯⎯⎯⎯⎯⎯⎯⎯⎯⎯⎯⎯⎯

 Test Files  62 failed | 3 passed (65)
      Tests  161 failed | 63 passed | 7 skipped (231)
     Errors  13 errors
   Start at  16:00:35
   Duration  15.71s (transform 1.13s, setup 644ms, collect 8.01s, tests 12.80s, environment 51.61s, prepare 5.54s)

